02-09 04:09:39.289  7124  7124 V RCActivity: launchActivity is of class class org.firstinspires.ftc.robotcontroller.internal.PermissionValidatorWrapper
02-09 04:09:39.289  7124  7124 F Assert  : assertion failed
02-09 04:09:39.299  7124  7124 E Assert  : java.lang.RuntimeException: assertion failed
02-09 04:09:39.299  7124  7124 E Assert  : 	at org.firstinspires.ftc.robotcore.internal.system.Assert.assertFailed(Assert.java:127)
02-09 04:09:39.299  7124  7124 E Assert  : 	at org.firstinspires.ftc.robotcore.internal.system.Assert.assertTrue(Assert.java:52)
02-09 04:09:39.299  7124  7124 E Assert  : 	at org.firstinspires.ftc.robotcontroller.internal.FtcRobotControllerActivity.onCreate(FtcRobotControllerActivity.java:283)
02-09 04:09:39.299  7124  7124 E Assert  : 	at android.app.Activity.performCreate(Activity.java:6876)
02-09 04:09:39.299  7124  7124 E Assert  : 	at android.app.Instrumentation.callActivityOnCreate(Instrumentation.java:1135)
02-09 04:09:39.299  7124  7124 E Assert  : 	at android.app.ActivityThread.performLaunchActivity(ActivityThread.java:3206)
02-09 04:09:39.299  7124  7124 E Assert  : 	at android.app.ActivityThread.handleLaunchActivity(ActivityThread.java:3349)
02-09 04:09:39.299  7124  7124 E Assert  : 	at android.app.ActivityThread.access$1100(ActivityThread.java:221)
02-09 04:09:39.299  7124  7124 E Assert  : 	at android.app.ActivityThread$H.handleMessage(ActivityThread.java:1794)
02-09 04:09:39.299  7124  7124 E Assert  : 	at android.os.Handler.dispatchMessage(Handler.java:102)
02-09 04:09:39.299  7124  7124 E Assert  : 	at android.os.Looper.loop(Looper.java:158)
02-09 04:09:39.299  7124  7124 E Assert  : 	at android.app.ActivityThread.main(ActivityThread.java:7224)
02-09 04:09:39.299  7124  7124 E Assert  : 	at java.lang.reflect.Method.invoke(Native Method)
02-09 04:09:39.299  7124  7124 E Assert  : 	at com.android.internal.os.ZygoteInit$MethodAndArgsCaller.run(ZygoteInit.java:1230)
02-09 04:09:39.299  7124  7124 E Assert  : 	at com.android.internal.os.ZygoteInit.main(ZygoteInit.java:1120)
02-09 04:09:39.309  7124  7164 V CallbackLooper: thread=5121
02-09 04:09:39.309  7124  7124 V NetDiscover_wifiDirectAgent: doStart()...
02-09 04:09:39.319  7124  7164 V NetDiscover_wifiDirectAgent_bcast: wifiP2pEnabled=true
02-09 04:09:39.319  7124  7124 V NetDiscover_wifiDirectAgent: ...doStart()
02-09 04:09:39.319  7124  7124 V NetDiscover_name: doStart()...
02-09 04:09:39.319  7124  7124 V NetDiscover_name: ...doStart()
02-09 04:09:39.319  7124  7124 V NetDiscover_prefremrc: ----- all preferences -----
02-09 04:09:39.319  7124  7124 V NetDiscover_prefremrc: name='pref_app_version' value=unavailable
02-09 04:09:39.319  7124  7124 V NetDiscover_prefremrc: name='pref_network_protocol_version' value=unavailable
02-09 04:09:39.319  7124  7124 V NetDiscover_prefremrc: name='pref_has_independent_phone_battery' value=true
02-09 04:09:39.319  7124  7124 V NetDiscover_prefremrc: name='android.permission.CAMERA' value=false
02-09 04:09:39.319  7124  7124 V NetDiscover_prefremrc: name='pref_wifip2p_remote_channel_change_works' value=true
02-09 04:09:39.319  7124  7124 V NetDiscover_prefremrc: name='pref_hardware_config_filename' value={"isDirty":false,"location":"LOCAL_STORAGE","name":"Master_Config","resourceId":0}
02-09 04:09:39.319  7124  7124 V NetDiscover_prefremrc: name='pref_device_name_old' value=[Phone] SAMSUNG-SM-G900A
02-09 04:09:39.319  7124  7124 V NetDiscover_prefremrc: name='pref_build_time' value=unavailable
02-09 04:09:39.319  7124  7124 V NetDiscover_prefremrc: name='pref_sound_on_off' value=false
02-09 04:09:39.319  7124  7124 V NetDiscover_prefremrc: name='pref_wifip2p_groupowner_connectedto' value=[Phone] SAMSUNG-SM-G900A
02-09 04:09:39.319  7124  7124 V NetDiscover_prefremrc: name='App Restrictions' value=AAAAAA==
02-09 04:09:39.319  7124  7124 V NetDiscover_prefremrc:     
02-09 04:09:39.319  7124  7124 V NetDiscover_prefremrc: name='pref_has_speaker' value=true
02-09 04:09:39.319  7124  7124 V NetDiscover_prefremrc: name='android.permission.ACCESS_COARSE_LOCATION' value=false
02-09 04:09:39.319  7124  7124 V NetDiscover_prefremrc: name='android.permission.WRITE_EXTERNAL_STORAGE' value=false
02-09 04:09:39.319  7124  7124 V NetDiscover_prefremrc: name='pref_pairing_kind' value=WIFIDIRECT
02-09 04:09:39.319  7124  7124 V NetDiscover_prefremrc: name='pref_app_theme' value=red
02-09 04:09:39.319  7124  7124 V NetDiscover_prefremrc: name='pref_network_connection_info' value=unavailable
02-09 04:09:39.319  7124  7124 V NetDiscover_prefremrc: name='pref_device_name' value=[Phone] SAMSUNG-SM-G900A
02-09 04:09:39.319  7124  7124 V NetDiscover_prefremrc: name='pref_device_name_tracking' value=WIFIDIRECT
02-09 04:09:39.319  7124  7124 V NetDiscover_prefremrc: name='android.permission.READ_EXTERNAL_STORAGE' value=false
02-09 04:09:39.319  7124  7124 V NetDiscover_prefremrc: name='pref_wifip2p_channel' value=0
02-09 04:09:39.319  7124  7124 V NetDiscover_prefremrc: name='pref_lib_version' value=unavailable
02-09 04:09:39.319  7124  7124 V NetDiscover_prefremrc: name='pref_rc_connected' value=true
02-09 04:09:39.319  7124  7124 V NetDiscover_prefremrc: doStart()...
02-09 04:09:39.319  7124  7124 V NetDiscover_prefremrc: ...doStart()
02-09 04:09:39.319  7124  7164 D NetDiscover_wifiDirectAgent_bcast: connection changed: networkInfo.state=CONNECTED
02-09 04:09:39.319  7124  7164 V NetDiscover_wifiDirectAgent_bcast: NetworkInfo: [type: WIFI_P2P[] - WIFI_P2P, state: CONNECTED/CONNECTED, reason: (unspecified), extra: (none), roaming: false, failover: false, isAvailable: true]
02-09 04:09:39.319  7124  7164 V NetDiscover_wifiDirectAgent_bcast: WifiP2pInfo: groupFormed: true isGroupOwner: true groupOwnerAddress: /192.168.49.1
02-09 04:09:39.319  7124  7164 V NetDiscover_wifiDirectAgent_bcast: WifiP2pGroup: network: DIRECT-H1-SAMSUNG-SM-G900A, isGO: true, GO: Device: [Phone] SAMSUNG-SM-G900A, deviceAddress: 92:b6:86:ce:38:b9, primary type: 10-0050F204-5, secondary type: null, wps: 0, grpcapab: 0, devcapab: 0, status: 3, wfdInfo: null, groupownerAddress: null, GOdeviceName: null, interfaceAddress: , SConnectInfo : null, contactInfoHash : null, ssDevInfo : 0, iconIdx : 0, Client: Device: 11212-B-DS, deviceAddress: d2:5b:a8:5c:30:43, primary type: 10-0050F204-5, secondary type: null, wps: 392, grpcapab: 0, devcapab: 37, status: 0, wfdInfo: null, groupownerAddress: null, GOdeviceName: null, interfaceAddress: , SConnectInfo : null, contactInfoHash : null, ssDevInfo : 0, iconIdx : 0, interface: p2p-wlan0-0, frequency: 2437, networkId: -1
02-09 04:09:39.319  7124  7164 V NetDiscover_wifiDirectAgent_bcast: this device changed: Device=[Phone] SAMSUNG-SM-G900A deviceAddress=92:b6:86:ce:38:b9 primary type=10-0050F204-5 secondary type=null wps=0 grpcapab=0 devcapab=0 status=0 wfdInfo=null groupownerAddress=null GOdeviceName=null interfaceAddress= SConnectInfo =null contactInfoHash =null ssDevInfo =0 iconIdx =0
02-09 04:09:39.319  7124  7164 V NetDiscover_name: remembering wifiDirectName: [Phone] SAMSUNG-SM-G900A...
02-09 04:09:39.319  7124  7164 V NetDiscover_name: wifiDirectName=[Phone] SAMSUNG-SM-G900A
02-09 04:09:39.319  7124  7164 V NetDiscover_name: ...remembering wifiDirectName
02-09 04:09:39.319  7124  7164 V NetDiscover_wifiDirectAgent_bcast: p2p discoverPeers()=true
02-09 04:09:39.319  7124  7164 V NetDiscover_wifiDirectAgent_bcast: wifi direct remembered groups cleared
02-09 04:09:39.329  7124  7164 V Robocol : SendOnceRunnable created
02-09 04:09:39.329  7124  7164 V NetDiscover_wifiDirectAgent_bcast: wifiState=ENABLED
02-09 04:09:39.339  7124  7124 I WebViewFactory: Loading com.google.android.webview version 79.0.3945.136 (code 394513605)
02-09 04:09:39.379  7124  7124 W ResourcesManager: getTopLevelResources: /data/app/com.google.android.webview-2/base.apk / 1.0 running in com.qualcomm.ftcrobotcontroller rsrc of package null
02-09 04:09:39.409  7124  7124 I cr_LibraryLoader: Time to load native libraries: 1 ms
02-09 04:09:39.439  7124  7124 I chromium: [INFO:library_loader_hooks.cc(51)] Chromium logging enabled: level = 0, default verbosity = 0
02-09 04:09:39.439  7124  7124 I cr_LibraryLoader: Expected native library version number "79.0.3945.136", actual native library version number "79.0.3945.136"
02-09 04:09:39.459  7124  7124 I cr_BrowserStartup: Initializing chromium process, singleProcess=true
02-09 04:09:39.509  7124  7124 D SecWifiDisplayUtil: Metadata value : none
02-09 04:09:39.549  7124  7124 D ConnectivityManager: requestNetwork; getAppId(CallingUid) : 10198, CallingPid : 7124
02-09 04:09:39.689  7124  7124 V OnBotJava: getCurrentOutputJarDir() unavailable
02-09 04:09:39.689  7124  7124 V OnBotJava: getCurrentOutputJarDir() unavailable
02-09 04:09:40.259  7124  7124 W ClassManager: kotlin.streams.jdk8.StreamsKt$asStream$1 java.lang.ClassNotFoundException: kotlin.streams.jdk8.StreamsKt$asStream$1
02-09 04:09:40.259  7124  7124 E ClassManager: java.lang.ClassNotFoundException: kotlin.streams.jdk8.StreamsKt$asStream$1
02-09 04:09:40.259  7124  7124 E ClassManager: 	at java.lang.Class.classForName(Native Method)
02-09 04:09:40.259  7124  7124 E ClassManager: 	at java.lang.Class.forName(Class.java:324)
02-09 04:09:40.259  7124  7124 E ClassManager: 	at org.firstinspires.ftc.robotcore.internal.opmode.ClassManager.classNamesToClasses(ClassManager.java:206)
02-09 04:09:40.259  7124  7124 E ClassManager: 	at org.firstinspires.ftc.robotcore.internal.opmode.ClassManager.processAllClasses(ClassManager.java:255)
02-09 04:09:40.259  7124  7124 E ClassManager: 	at com.qualcomm.ftccommon.ClassManagerFactory.processAllClasses(ClassManagerFactory.java:90)
02-09 04:09:40.259  7124  7124 E ClassManager: 	at org.firstinspires.ftc.robotcontroller.internal.FtcRobotControllerActivity.onCreate(FtcRobotControllerActivity.java:347)
02-09 04:09:40.259  7124  7124 E ClassManager: 	at android.app.Activity.performCreate(Activity.java:6876)
02-09 04:09:40.259  7124  7124 E ClassManager: 	at android.app.Instrumentation.callActivityOnCreate(Instrumentation.java:1135)
02-09 04:09:40.259  7124  7124 E ClassManager: 	at android.app.ActivityThread.performLaunchActivity(ActivityThread.java:3206)
02-09 04:09:40.259  7124  7124 E ClassManager: 	at android.app.ActivityThread.handleLaunchActivity(ActivityThread.java:3349)
02-09 04:09:40.259  7124  7124 E ClassManager: 	at android.app.ActivityThread.access$1100(ActivityThread.java:221)
02-09 04:09:40.259  7124  7124 E ClassManager: 	at android.app.ActivityThread$H.handleMessage(ActivityThread.java:1794)
02-09 04:09:40.259  7124  7124 E ClassManager: 	at android.os.Handler.dispatchMessage(Handler.java:102)
02-09 04:09:40.259  7124  7124 E ClassManager: 	at android.os.Looper.loop(Looper.java:158)
02-09 04:09:40.259  7124  7124 E ClassManager: 	at android.app.ActivityThread.main(ActivityThread.java:7224)
02-09 04:09:40.269  7124  7124 E ClassManager: 	at java.lang.reflect.Method.invoke(Native Method)
02-09 04:09:40.269  7124  7124 E ClassManager: 	at com.android.internal.os.ZygoteInit$MethodAndArgsCaller.run(ZygoteInit.java:1230)
02-09 04:09:40.269  7124  7124 E ClassManager: 	at com.android.internal.os.ZygoteInit.main(ZygoteInit.java:1120)
02-09 04:09:40.269  7124  7124 E ClassManager: Caused by: java.lang.ClassNotFoundException: kotlin.streams.jdk8.StreamsKt$asStream$1
02-09 04:09:40.269  7124  7124 E ClassManager: 	at org.firstinspires.ftc.onbotjava.OnBotJavaClassLoader.findClass(OnBotJavaClassLoader.java:211)
02-09 04:09:40.269  7124  7124 E ClassManager: 	at java.lang.ClassLoader.loadClass(ClassLoader.java:511)
02-09 04:09:40.269  7124  7124 E ClassManager: 	at org.firstinspires.ftc.onbotjava.OnBotJavaClassLoader.loadClass(OnBotJavaClassLoader.java:201)
02-09 04:09:40.269  7124  7124 E ClassManager: 	at java.lang.ClassLoader.loadClass(ClassLoader.java:469)
02-09 04:09:40.269  7124  7124 E ClassManager: 	... 18 more
02-09 04:09:40.269  7124  7124 E ClassManager: 	Suppressed: java.lang.ClassNotFoundException: Didn't find class "kotlin.streams.jdk8.StreamsKt$asStream$1" on path: DexPathList[[zip file "/data/app/com.qualcomm.ftcrobotcontroller-1/base.apk"],nativeLibraryDirectories=[/data/app/com.qualcomm.ftcrobotcontroller-1/lib/arm, /data/app/com.qualcomm.ftcrobotcontroller-1/base.apk!/lib/armeabi-v7a, /vendor/lib, /system/lib]]
02-09 04:09:40.269  7124  7124 E ClassManager: 		at dalvik.system.BaseDexClassLoader.findClass(BaseDexClassLoader.java:56)
02-09 04:09:40.269  7124  7124 E ClassManager: 		at java.lang.ClassLoader.loadClass(ClassLoader.java:511)
02-09 04:09:40.269  7124  7124 E ClassManager: 		at java.lang.ClassLoader.loadClass(ClassLoader.java:504)
02-09 04:09:40.269  7124  7124 E ClassManager: 		... 20 more
02-09 04:09:40.269  7124  7124 E ClassManager: 		Suppressed: java.lang.NoClassDefFoundError: kotlin.streams.jdk8.StreamsKt$asStream$1
02-09 04:09:40.269  7124  7124 E ClassManager: 			at dalvik.system.DexFile.defineClassNative(Native Method)
02-09 04:09:40.269  7124  7124 E ClassManager: 			at dalvik.system.DexFile.defineClass(DexFile.java:226)
02-09 04:09:40.269  7124  7124 E ClassManager: 			at dalvik.system.DexFile.loadClassBinaryName(DexFile.java:219)
02-09 04:09:40.269  7124  7124 E ClassManager: 			at dalvik.system.DexPathList.findClass(DexPathList.java:338)
02-09 04:09:40.269  7124  7124 E ClassManager: 			at dalvik.system.BaseDexClassLoader.findClass(BaseDexClassLoader.java:54)
02-09 04:09:40.269  7124  7124 E ClassManager: 			... 22 more
02-09 04:09:40.269  7124  7124 E ClassManager: 		Suppressed: java.lang.ClassNotFoundException: kotlin.streams.jdk8.StreamsKt$asStream$1
02-09 04:09:40.269  7124  7124 E ClassManager: 			at java.lang.Class.classForName(Native Method)
02-09 04:09:40.269  7124  7124 E ClassManager: 			at java.lang.BootClassLoader.findClass(ClassLoader.java:781)
02-09 04:09:40.269  7124  7124 E ClassManager: 			at java.lang.BootClassLoader.loadClass(ClassLoader.java:841)
02-09 04:09:40.269  7124  7124 E ClassManager: 			at java.lang.ClassLoader.loadClass(ClassLoader.java:504)
02-09 04:09:40.269  7124  7124 E ClassManager: 			... 21 more
02-09 04:09:40.269  7124  7124 E ClassManager: 		Caused by: java.lang.NoClassDefFoundError: Class not found using the boot class loader; no stack trace available
02-09 04:09:44.259  7124  7124 V OnBotJavaDeterminer: isOnBotJava: class=AdafruitBNO055IMU loader=PathClassLoader: false
02-09 04:09:44.289  7124  7124 V OnBotJavaDeterminer: isOnBotJava: class=NavxMicroNavigationSensor loader=PathClassLoader: false
02-09 04:09:44.299  7124  7124 V OnBotJavaDeterminer: isOnBotJava: class=LynxEmbeddedIMU loader=PathClassLoader: false
02-09 04:09:44.349  7124  7124 V OnBotJavaDeterminer: isOnBotJava: class=ModernRoboticsAnalogOpticalDistanceSensor loader=PathClassLoader: false
02-09 04:09:44.349  7124  7124 V OnBotJavaDeterminer: isOnBotJava: class=ModernRoboticsI2cCompassSensor loader=PathClassLoader: false
02-09 04:09:44.359  7124  7124 V OnBotJavaDeterminer: isOnBotJava: class=ModernRoboticsI2cRangeSensor loader=PathClassLoader: false
02-09 04:09:44.369  7124  7124 V OnBotJavaDeterminer: isOnBotJava: class=ModernRoboticsTouchSensor loader=PathClassLoader: false
02-09 04:09:44.379  7124  7124 V OnBotJavaDeterminer: isOnBotJava: class=GoBILDA5201Series loader=PathClassLoader: false
02-09 04:09:44.389  7124  7124 V OnBotJavaDeterminer: isOnBotJava: class=GoBILDA5202Series loader=PathClassLoader: false
02-09 04:09:44.399  7124  7124 V OnBotJavaDeterminer: isOnBotJava: class=Matrix12vMotor loader=PathClassLoader: false
02-09 04:09:44.409  7124  7124 V OnBotJavaDeterminer: isOnBotJava: class=MatrixLegacyMotor loader=PathClassLoader: false
02-09 04:09:44.419  7124  7124 V OnBotJavaDeterminer: isOnBotJava: class=NeveRest20Gearmotor loader=PathClassLoader: false
02-09 04:09:44.429  7124  7124 V OnBotJavaDeterminer: isOnBotJava: class=NeveRest3_7GearmotorV1 loader=PathClassLoader: false
02-09 04:09:44.429  7124  7124 V OnBotJavaDeterminer: isOnBotJava: class=NeveRest40Gearmotor loader=PathClassLoader: false
02-09 04:09:44.439  7124  7124 V OnBotJavaDeterminer: isOnBotJava: class=NeveRest60Gearmotor loader=PathClassLoader: false
02-09 04:09:44.449  7124  7124 V OnBotJavaDeterminer: isOnBotJava: class=RevRobotics20HdHexMotor loader=PathClassLoader: false
02-09 04:09:44.459  7124  7124 V OnBotJavaDeterminer: isOnBotJava: class=RevRobotics40HdHexMotor loader=PathClassLoader: false
02-09 04:09:44.469  7124  7124 V OnBotJavaDeterminer: isOnBotJava: class=RevRoboticsCoreHexMotor loader=PathClassLoader: false
02-09 04:09:44.469  7124  7124 V OnBotJavaDeterminer: isOnBotJava: class=TetrixMotor loader=PathClassLoader: false
02-09 04:09:44.479  7124  7124 V OnBotJavaDeterminer: isOnBotJava: class=Rev2mDistanceSensor loader=PathClassLoader: false
02-09 04:09:44.489  7124  7124 V OnBotJavaDeterminer: isOnBotJava: class=RevBlinkinLedDriver loader=PathClassLoader: false
02-09 04:09:44.499  7124  7124 V OnBotJavaDeterminer: isOnBotJava: class=RevColorSensorV3 loader=PathClassLoader: false
02-09 04:09:44.499  7124  7124 V OnBotJavaDeterminer: isOnBotJava: class=RevSPARKMini loader=PathClassLoader: false
02-09 04:09:44.509  7124  7124 V OnBotJavaDeterminer: isOnBotJava: class=RevTouchSensor loader=PathClassLoader: false
02-09 04:09:44.529  7124  7124 V OnBotJavaDeterminer: isOnBotJava: class=AnalogInput loader=PathClassLoader: false
02-09 04:09:44.539  7124  7124 V OnBotJavaDeterminer: isOnBotJava: class=CRServo loader=PathClassLoader: false
02-09 04:09:44.549  7124  7124 V OnBotJavaDeterminer: isOnBotJava: class=DigitalChannelImpl loader=PathClassLoader: false
02-09 04:09:44.569  7124  7124 V OnBotJavaDeterminer: isOnBotJava: class=LED loader=PathClassLoader: false
02-09 04:09:44.579  7124  7124 V OnBotJavaDeterminer: isOnBotJava: class=Servo loader=PathClassLoader: false
02-09 04:09:44.599  7124  7124 V OnBotJavaDeterminer: isOnBotJava: class=UnspecifiedMotor loader=PathClassLoader: false
02-09 04:09:46.479  7124  7124 V OnBotJavaDeterminer: isOnBotJava: class=VexMC29 loader=PathClassLoader: false
02-09 04:09:46.549  7124  7124 V UpdateUI: Network: inactive, disconnected
02-09 04:09:46.549  7124  7124 V ServiceStarter: attempting to start service FtcRobotControllerWatchdogService
02-09 04:09:46.559  7124  7124 V ServiceStarter: started service FtcRobotControllerWatchdogService
02-09 04:09:46.569  7124  7124 V RobotCore: BuildConfig: versionCode=35 versionName=5.3 module=com.qualcomm.ftcrobotcontroller
02-09 04:09:46.569  7124  7124 V RobotCore: BuildConfig: versionCode=67 versionName=11.9 module=com.qualcomm.robotcore
02-09 04:09:46.569  7124  7124 V RobotCore: BuildConfig: versionCode=67 versionName=11.9 module=com.qualcomm.hardware
02-09 04:09:46.569  7124  7124 V RobotCore: BuildConfig: versionCode=67 versionName=11.9 module=com.qualcomm.ftccommon
02-09 04:09:46.569  7124  7124 V RobotCore: BuildConfig: versionCode=67 versionName=11.9 module=com.google.blocks
02-09 04:09:46.569  7124  7124 V RobotCore: BuildConfig: versionCode=67 versionName=11.9 module=org.firstinspires.inspection
02-09 04:09:46.569  7124  7124 I RCActivity: Android device serial number: fa5e95d9
02-09 04:09:46.569  7124  7124 I RobotCore: Android Device: maker=samsung model=SAMSUNG-SM-G900A sdk=23
02-09 04:09:47.399  7124  7124 I ReflectionConfig: Config class: org.firstinspires.ftc.teamcode.PID.DriveConstantsPID
02-09 04:09:47.409  7124  7124 I ReflectionConfig: Config class: org.firstinspires.ftc.teamcode.PID.Test.TestMotionplanning
02-09 04:09:47.409  7124  7124 I ReflectionConfig: Config class: org.firstinspires.ftc.teamcode.PID.Test.TestOdometry
02-09 04:09:47.409  7124  7124 I ReflectionConfig: Config class: org.firstinspires.ftc.teamcode.PID.calibration.DiagonalTest
02-09 04:09:47.409  7124  7124 I ReflectionConfig: Config class: org.firstinspires.ftc.teamcode.PID.calibration.DriveVelocityPIDTuner
02-09 04:09:47.419  7124  7124 I ReflectionConfig: Config class: org.firstinspires.ftc.teamcode.PID.calibration.FollowerPIDTuner
02-09 04:09:47.419  7124  7124 I ReflectionConfig: Config class: org.firstinspires.ftc.teamcode.PID.calibration.FollowerPIDTunerStrafe
02-09 04:09:47.419  7124  7124 I ReflectionConfig: Config class: org.firstinspires.ftc.teamcode.PID.calibration.FollowerPIDTunerStraight
02-09 04:09:47.419  7124  7124 I ReflectionConfig: Config class: org.firstinspires.ftc.teamcode.PID.calibration.GyroAccelerometerTest
02-09 04:09:47.419  7124  7124 I ReflectionConfig: Config class: org.firstinspires.ftc.teamcode.PID.calibration.ManualStrafeTest
02-09 04:09:47.419  7124  7124 I ReflectionConfig: Config class: org.firstinspires.ftc.teamcode.PID.calibration.PathTest
02-09 04:09:47.419  7124  7124 I ReflectionConfig: Config class: org.firstinspires.ftc.teamcode.PID.calibration.PhoneIMUTest
02-09 04:09:47.419  7124  7124 I ReflectionConfig: Config class: org.firstinspires.ftc.teamcode.PID.calibration.StrafeTest
02-09 04:09:47.419  7124  7124 I ReflectionConfig: Config class: org.firstinspires.ftc.teamcode.PID.calibration.StraightTestV0
02-09 04:09:47.419  7124  7124 I ReflectionConfig: Config class: org.firstinspires.ftc.teamcode.PID.calibration.TurnTest0
02-09 04:09:47.419  7124  7124 I ReflectionConfig: Config class: org.firstinspires.ftc.teamcode.PID.calibration.TurnTest
02-09 04:09:47.419  7124  7124 I ReflectionConfig: Config class: org.firstinspires.ftc.teamcode.PID.calibration.VuforiaTest
02-09 04:09:47.419  7124  7124 I ReflectionConfig: Config class: org.firstinspires.ftc.teamcode.PID.localizer.StandardTrackingWheelLocalizer
02-09 04:09:47.419  7124  7124 I ReflectionConfig: Config class: org.firstinspires.ftc.teamcode.PID.mecanum.SampleMecanumDriveBase
02-09 04:09:47.519  7124  7124 V RCActivity: onStart()
02-09 04:09:47.519  7124  7124 V RCActivity: pref_wifip2p_channel: Found existing preferred channel (0).
02-09 04:09:47.519  7124  7124 V RCActivity: pref_wifip2p_channel: attempting to set preferred channel...
02-09 04:09:47.519  7124  7124 V WifiDirectChannelChanger: changeToChannel() channel=0
02-09 04:09:47.519  7124  7124 V WifiDirectChannelChanger: startChannelChange() channel=0
02-09 04:09:47.519  7124  7124 V RCActivity: onResume()
02-09 04:09:47.519  7124  7164 V WifiDirectChannelChanger: callSetWifiP2pChannels() success
02-09 04:09:47.519  7124  7164 V WifiDirectChannelChanger: Channel 0 saved as preference "pref_wifip2p_channel".
02-09 04:09:47.519  7124  7164 V WifiDirectChannelChanger: finishChannelChange() channel=0 success=true
02-09 04:09:47.529  7124  7124 D ViewRootImpl: #1 mView = com.android.internal.policy.PhoneWindow$DecorView{3099df5 I.E...... R.....ID 0,0-0,0}
02-09 04:09:47.529  7124  7124 D SecWifiDisplayUtil: Metadata value : none
02-09 04:09:47.539  7124  7229 D OpenGLRenderer: Use EGL_SWAP_BEHAVIOR_PRESERVED: true
02-09 04:09:47.589  7124  7124 D ConnectivityManager: requestNetwork; getAppId(CallingUid) : 10198, CallingPid : 7124
02-09 04:09:47.619  7124  7124 V FtcRobotControllerWatchdogService: onCreate()
02-09 04:09:47.619  7124  7124 V FtcRobotControllerWatchdogService: onStartCommand() intent=Intent { cmp=com.qualcomm.ftcrobotcontroller/org.firstinspires.ftc.ftccommon.internal.FtcRobotControllerWatchdogService } flags=0x0 startId=1
02-09 04:09:47.619  7124  7124 V FtcRobotControllerWatchdogService: shouldAutoLauchRobotController() result=false
02-09 04:09:47.619  7124  7124 V FTCService: onCreate()
02-09 04:09:47.619  7124  7124 V FTCService: onBind()
02-09 04:09:47.629  7124  7124 V CoreRobotWebServer: creating NanoHTTPD(8080)
02-09 04:09:47.639  7124  7124 V WebSocketManager: Registered broadcast-only namespace ControlHubUpdater
02-09 04:09:47.639  7124  7124 V RobotCore: Getting network assistant of type: WIFIDIRECT
02-09 04:09:47.639  7124  7124 V NetDiscover_prefremrc: onSharedPreferenceChanged(name=pref_wifip2p_groupowner_connectedto, value=null)
02-09 04:09:47.649  7124  7124 V WifiDirect: There are 1 Wifi Direct Assistant Clients (+)
02-09 04:09:47.649  7124  7124 V WifiDirect: Enabling Wifi Direct Assistant
02-09 04:09:47.649  7124  7124 V WifiDirectInviteMonitor: startMonitoring()
02-09 04:09:47.649  7124  7164 V NetDiscover_wifiDirectAgent_bcast: wifiP2pEnabled=true
02-09 04:09:47.659  7124  7164 D NetDiscover_wifiDirectAgent_bcast: connection changed: networkInfo.state=CONNECTED
02-09 04:09:47.659  7124  7164 V NetDiscover_wifiDirectAgent_bcast: NetworkInfo: [type: WIFI_P2P[] - WIFI_P2P, state: CONNECTED/CONNECTED, reason: (unspecified), extra: (none), roaming: false, failover: false, isAvailable: true]
02-09 04:09:47.659  7124  7164 V NetDiscover_wifiDirectAgent_bcast: WifiP2pInfo: groupFormed: true isGroupOwner: true groupOwnerAddress: /192.168.49.1
02-09 04:09:47.659  7124  7164 V NetDiscover_wifiDirectAgent_bcast: WifiP2pGroup: network: DIRECT-H1-SAMSUNG-SM-G900A, isGO: true, GO: Device: [Phone] SAMSUNG-SM-G900A, deviceAddress: 92:b6:86:ce:38:b9, primary type: 10-0050F204-5, secondary type: null, wps: 0, grpcapab: 0, devcapab: 0, status: 3, wfdInfo: null, groupownerAddress: null, GOdeviceName: null, interfaceAddress: , SConnectInfo : null, contactInfoHash : null, ssDevInfo : 0, iconIdx : 0, Client: Device: 11212-B-DS, deviceAddress: d2:5b:a8:5c:30:43, primary type: 10-0050F204-5, secondary type: null, wps: 392, grpcapab: 0, devcapab: 37, status: 0, wfdInfo: null, groupownerAddress: null, GOdeviceName: null, interfaceAddress: , SConnectInfo : null, contactInfoHash : null, ssDevInfo : 0, iconIdx : 0, interface: p2p-wlan0-0, frequency: 2437, networkId: -1
02-09 04:09:47.659  7124  7164 V NetDiscover_wifiDirectAgent_bcast: this device changed: Device=[Phone] SAMSUNG-SM-G900A deviceAddress=92:b6:86:ce:38:b9 primary type=10-0050F204-5 secondary type=null wps=0 grpcapab=0 devcapab=0 status=0 wfdInfo=null groupownerAddress=null GOdeviceName=null interfaceAddress= SConnectInfo =null contactInfoHash =null ssDevInfo =0 iconIdx =0
02-09 04:09:47.659  7124  7164 V NetDiscover_name: remembering wifiDirectName: [Phone] SAMSUNG-SM-G900A...
02-09 04:09:47.659  7124  7164 V NetDiscover_name: ...remembering wifiDirectName
02-09 04:09:47.659  7124  7164 V NetDiscover_wifiDirectAgent_bcast: p2p discoverPeers()=true
02-09 04:09:47.659  7124  7164 V NetDiscover_wifiDirectAgent_bcast: wifi direct remembered groups cleared
02-09 04:09:47.659  7124  7164 V NetDiscover_wifiDirectAgent_bcast: wifiState=ENABLED
02-09 04:09:47.729  7124  7229 I Adreno-EGL: <qeglDrvAPI_eglInitialize:379>: EGL 1.4 QUALCOMM build:  (Ia10634f51b)
02-09 04:09:47.729  7124  7229 I Adreno-EGL: OpenGL ES Shader Compiler Version: E031.29.00.00
02-09 04:09:47.729  7124  7229 I Adreno-EGL: Build Date: 01/28/16 Thu
02-09 04:09:47.729  7124  7229 I Adreno-EGL: Local Branch: ss
02-09 04:09:47.729  7124  7229 I Adreno-EGL: Remote Branch: 
02-09 04:09:47.729  7124  7229 I Adreno-EGL: Local Patches: 
02-09 04:09:47.729  7124  7229 I Adreno-EGL: Reconstruct Branch: 
02-09 04:09:47.739  7124  7229 D libEGL  : eglInitialize EGLDisplay = 0x9529b7c4
02-09 04:09:47.739  7124  7229 I OpenGLRenderer: Initialized EGL, version 1.4
02-09 04:09:47.809  7124  7124 D WifiDirect: broadcast: state - enabled: true
02-09 04:09:47.809  7124  7124 D WifiDirect: broadcast: connection changed: connectStatus=NOT_CONNECTED networkInfo.state=CONNECTED
02-09 04:09:47.809  7124  7124 V WifiDirect: writing pref name=pref_wifip2p_groupowner_connectedto value=[Phone] SAMSUNG-SM-G900A
02-09 04:09:47.809  7124  7124 V NetDiscover_prefremrc: onSharedPreferenceChanged(name=pref_wifip2p_groupowner_connectedto, value=[Phone] SAMSUNG-SM-G900A)
02-09 04:09:47.819  7124  7124 D WifiDirect: broadcast: this device changed
02-09 04:09:47.819  7124  7124 V WifiDirect: device information: [Phone] SAMSUNG-SM-G900A 92:b6:86:ce:38:b9
02-09 04:09:47.819  7124  7124 D WifiDirect: cannot create group, does group already exist?
02-09 04:09:47.819  7124  7124 V FTCService: RCActivity.controllerService=bound
02-09 04:09:47.819  7124  7124 V UpdateUI: Network: unknown, disconnected
02-09 04:09:47.819  7124  7124 V RobotCore: Robot Status: stopped
02-09 04:09:47.819  7124  7184 W System.err: mkdir failed: EEXIST (File exists) : /data/user/0/com.qualcomm.ftcrobotcontroller/cache/WebView/Crash Reports
02-09 04:09:47.829  7124  7247 V RobotCore: thread: 'RobotSetupRunnable.run()' starting...
02-09 04:09:47.829  7124  7247 V FTCService: Processing robot setup
02-09 04:09:47.829  7124  7247 V RobotCore: Robot Status: stopped, scanning for USB devices
02-09 04:09:47.839  7124  7124 V WebSocketManager: Registered handler for namespace ONBOTJAVA
02-09 04:09:50.529  7124  7124 D ViewRootImpl: #1 mView = android.widget.LinearLayout{5613ad5 V.E...... ......I. 0,0-0,0 #10203a7 android:id/toast_layout_root}
02-09 04:09:50.539  7124  7124 I Choreographer: Skipped 169 frames!  The application may be doing too much work on its main thread.
02-09 04:09:50.609  7124  7124 D ViewRootImpl: MSG_RESIZED_REPORT: ci=Rect(0, 0 - 0, 0) vi=Rect(0, 0 - 0, 0) or=1
02-09 04:09:50.609  7124  7124 D WifiDirect: group owners address: /192.168.49.1
02-09 04:09:50.609  7124  7124 D WifiDirect: group formed, this device is the group owner (GO)
02-09 04:09:50.609  7124  7124 I FTCService: onNetworkConnectionEvent: CONNECTED_AS_GROUP_OWNER
02-09 04:09:50.609  7124  7124 I FTCService: Wifi Direct - connected as group owner
02-09 04:09:50.619  7124  7124 V UpdateUI: Network: enabled, disconnected
02-09 04:09:50.619  7124  7124 V AppUtil : rootActivity=FtcRobotControllerActivity destroyed
02-09 04:09:50.619  7124  7124 V AppUtil : rootActivity=FtcRobotControllerActivity
02-09 04:09:50.619  7124  7124 V RCActivity: onDestroy()
02-09 04:09:50.619  7124  7124 V ServiceStarter: attempting to stop service FtcRobotControllerWatchdogService
02-09 04:09:51.119  7124  7124 V RobotCore: Waiting for the logcat process to die.
02-09 04:09:51.119  7124  7150 I RobotCore: Done running exec logcat -f /storage/emulated/0/robotControllerLog.txt -r4096 -n4 -v threadtime UsbRequestJNI:S UsbRequest:S art:W ThreadPool:W System:W ExtendedExtractor:W OMXClient:W MediaPlayer:W dalvikvm:W  *:V
02-09 04:09:51.129  7124  7150 E RobotCore: java.io.IOException: read failed: EBADF (Bad file descriptor)
02-09 04:09:51.139  7124  7150 E RobotCore: 	at libcore.io.IoBridge.read(IoBridge.java:478)
02-09 04:09:51.139  7124  7150 E RobotCore: 	at java.io.FileInputStream.read(FileInputStream.java:177)
02-09 04:09:51.139  7124  7150 E RobotCore: 	at java.io.InputStream.read(InputStream.java:162)
02-09 04:09:51.139  7124  7150 E RobotCore: 	at com.qualcomm.robotcore.util.RunShellCommand.runCommand(RunShellCommand.java:104)
02-09 04:09:51.139  7124  7150 E RobotCore: 	at com.qualcomm.robotcore.util.RunShellCommand.run(RunShellCommand.java:71)
02-09 04:09:51.139  7124  7150 E RobotCore: 	at com.qualcomm.robotcore.util.RobotLog$LoggingThread.run(RobotLog.java:72)
02-09 04:09:51.139  7124  7150 E RobotCore: 	at com.qualcomm.robotcore.util.RobotLog$1.run(RobotLog.java:578)
02-09 04:09:51.139  7124  7150 E RobotCore: Caused by: android.system.ErrnoException: read failed: EBADF (Bad file descriptor)
02-09 04:09:51.139  7124  7150 E RobotCore: 	at libcore.io.Posix.readBytes(Native Method)
02-09 04:09:51.139  7124  7150 E RobotCore: 	at libcore.io.Posix.read(Posix.java:169)
02-09 04:09:51.139  7124  7150 E RobotCore: 	at libcore.io.BlockGuardOs.read(BlockGuardOs.java:230)
02-09 04:09:51.139  7124  7150 E RobotCore: 	at libcore.io.IoBridge.read(IoBridge.java:468)
02-09 04:09:51.139  7124  7150 E RobotCore: 	... 6 more
02-09 04:09:51.149  7124  7124 D ViewRootImpl: MSG_RESIZED_REPORT: ci=Rect(0, 0 - 0, 0) vi=Rect(0, 0 - 0, 0) or=1
02-09 04:09:51.149  7124  7124 I Choreographer: Skipped 32 frames!  The application may be doing too much work on its main thread.
02-09 04:09:51.179  7124  7124 V WifiDirect: connection information available
02-09 04:09:51.179  7124  7124 V WifiDirect: connection information - groupOwnerName = [Phone] SAMSUNG-SM-G900A
02-09 04:09:51.179  7124  7124 V WifiDirect: connection information - groupOwnerMacAddress = 92:b6:86:ce:38:b9
02-09 04:09:51.179  7124  7124 V WifiDirect: connection information - groupInterface = p2p-wlan0-0
02-09 04:09:51.179  7124  7124 V WifiDirect: connection information - groupNetworkName = DIRECT-H1-SAMSUNG-SM-G900A
02-09 04:09:51.179  7124  7124 I FTCService: onNetworkConnectionEvent: CONNECTION_INFO_AVAILABLE
02-09 04:09:51.179  7124  7124 I FTCService: Network Connection Passphrase: K7dh1j5d
02-09 04:09:51.179  7124  7124 V CoreRobotWebServer: starting port=8080
02-09 04:09:51.189  7124  7124 V RobotCore: Getting network assistant of type: WIFIDIRECT
02-09 04:09:51.189  7124  7124 V WifiDirect: There are 2 Wifi Direct Assistant Clients (+)
02-09 04:09:51.189  7124  7124 V CoreRobotWebServer: started port=8080
02-09 04:09:51.189  7124  7124 V UpdateUI: Network: active, disconnected
02-09 04:09:51.189  7124  7124 V FtcRobotControllerWatchdogService: onDestroy()
02-09 04:09:51.189  7124  7164 V NetDiscover_wifiDirectAgent_bcast: wifiP2pEnabled=true
02-09 04:09:51.199  7124  7164 D NetDiscover_wifiDirectAgent_bcast: connection changed: networkInfo.state=CONNECTED
02-09 04:09:51.199  7124  7164 V NetDiscover_wifiDirectAgent_bcast: NetworkInfo: [type: WIFI_P2P[] - WIFI_P2P, state: CONNECTED/CONNECTED, reason: (unspecified), extra: (none), roaming: false, failover: false, isAvailable: true]
02-09 04:09:51.199  7124  7164 V NetDiscover_wifiDirectAgent_bcast: WifiP2pInfo: groupFormed: true isGroupOwner: true groupOwnerAddress: /192.168.49.1
02-09 04:09:51.199  7124  7164 V NetDiscover_wifiDirectAgent_bcast: WifiP2pGroup: network: DIRECT-H1-SAMSUNG-SM-G900A, isGO: true, GO: Device: [Phone] SAMSUNG-SM-G900A, deviceAddress: 92:b6:86:ce:38:b9, primary type: 10-0050F204-5, secondary type: null, wps: 0, grpcapab: 0, devcapab: 0, status: 3, wfdInfo: null, groupownerAddress: null, GOdeviceName: null, interfaceAddress: , SConnectInfo : null, contactInfoHash : null, ssDevInfo : 0, iconIdx : 0, Client: Device: 11212-B-DS, deviceAddress: d2:5b:a8:5c:30:43, primary type: 10-0050F204-5, secondary type: null, wps: 392, grpcapab: 0, devcapab: 37, status: 0, wfdInfo: null, groupownerAddress: null, GOdeviceName: null, interfaceAddress: , SConnectInfo : null, contactInfoHash : null, ssDevInfo : 0, iconIdx : 0, interface: p2p-wlan0-0, frequency: 2437, networkId: -1
02-09 04:09:51.199  7124  7164 V NetDiscover_wifiDirectAgent_bcast: this device changed: Device=[Phone] SAMSUNG-SM-G900A deviceAddress=92:b6:86:ce:38:b9 primary type=10-0050F204-5 secondary type=null wps=0 grpcapab=0 devcapab=0 status=0 wfdInfo=null groupownerAddress=null GOdeviceName=null interfaceAddress= SConnectInfo =null contactInfoHash =null ssDevInfo =0 iconIdx =0
02-09 04:09:51.199  7124  7164 V NetDiscover_name: remembering wifiDirectName: [Phone] SAMSUNG-SM-G900A...
02-09 04:09:51.199  7124  7164 V NetDiscover_name: ...remembering wifiDirectName
02-09 04:09:51.199  7124  7164 V NetDiscover_wifiDirectAgent_bcast: p2p discoverPeers()=true
02-09 04:09:51.199  7124  7164 V NetDiscover_wifiDirectAgent_bcast: wifi direct remembered groups cleared
02-09 04:09:51.199  7124  7164 V NetDiscover_wifiDirectAgent_bcast: wifiState=ENABLED
02-09 04:09:51.199  7124  7264 W         : Unable to open '/system/framework/com.qti.location.sdk.jar': No such file or directory
02-09 04:09:51.199  7124  7264 W art     : Failed to open zip archive '/system/framework/com.qti.location.sdk.jar': I/O Error
02-09 04:09:51.209  7124  7124 E libEGL  : validate_display:255 error 3008 (EGL_BAD_DISPLAY)
02-09 04:09:51.209  7124  7124 D libEGL  : eglInitialize EGLDisplay = 0xbeda9324
02-09 04:09:51.219  7124  7264 V TooTallWebSocketServer: Started WebSocket server on port 8081
02-09 04:09:51.249  7124  7124 D ViewRootImpl: #3 mView = null
02-09 04:09:51.259  7124  7124 I Timeline: Timeline: Activity_idle id: android.os.BinderProxy@7a416df time:8888394
02-09 04:09:52.829  7124  7247 V RobotCore: EventLoopManager state is NOT_STARTED
02-09 04:09:52.829  7124  7247 V RobotCore: Robot Status: stopped, waiting for Wifi to enable
02-09 04:09:52.829  7124  7247 I RobotCore: state = 3
02-09 04:09:52.829  7124  7247 V RobotCore: Robot Status: stopped, waiting for Wifi Direct to enable
02-09 04:09:52.829  7124  7247 V FTCService: Waiting for a connection to a wifi service
02-09 04:09:52.829  7124  7247 V RobotCore: Robot Status: stopped, waiting for network to become active
02-09 04:09:52.829  7124  7247 V CoreRobotWebServer: Asked an already running WebServer to start
02-09 04:09:52.829  7124  7247 V RobotCore: Robot Status: stopped, starting robot
02-09 04:09:52.829  7124  7247 V Robocol : EventLoopManager.start()
02-09 04:09:52.829  7124  7247 V RobotCore: Getting network assistant of type: WIFIDIRECT
02-09 04:09:52.829  7124  7247 V Robocol : Spoofing a Network Connection event...
02-09 04:09:52.829  7124  7247 I EventLoopManager: onNetworkConnectionEvent: CONNECTION_INFO_AVAILABLE
02-09 04:09:52.829  7124  7247 I Robocol : Received network connection event
02-09 04:09:52.829  7124  7247 I NetworkConnectionHandler: Handling new network connection infomation, connected: true setup needed: true
02-09 04:09:52.829  7124  7247 V RobotCore: EventLoopManager state is STOPPED
02-09 04:09:52.829  7124  7247 V Robocol : eventLoop=FtcEventLoop
02-09 04:09:52.829  7124  7247 V RobotCore: EventLoopManager state is INIT
02-09 04:09:52.829  7124  7247 V RobotCore: Robot Status: initializing, starting robot
02-09 04:09:52.829  7124  7335 V RobotCore: thread: 'SetupRunnable.run()' starting...
02-09 04:09:52.839  7124  7247 I FtcEventLoop: ======= INIT START =======
02-09 04:09:52.839  7124  7247 V OpmodeRegistration: registered {DefaultOpMode} as {$Stop$Robot$}
02-09 04:09:52.839  7124  7247 V FileBasedLock: locked /storage/emulated/0/FIRST/blocks/projectslock/lock.dat
02-09 04:09:52.849  7124  7247 V FileBasedLock: unlocking /storage/emulated/0/FIRST/blocks/projectslock/lock.dat
02-09 04:09:52.859  7124  7124 D WifiDirect: cannot create group, does group already exist?
02-09 04:09:52.859  7124  7247 V OpmodeRegistration: registered {TestOdometry} as {StraightLineOdometryTest}
02-09 04:09:52.859  7124  7247 V OpmodeRegistration: registered {Teleop} as {TeleOp}
02-09 04:09:52.859  7124  7247 V OpmodeRegistration: registered {PhoneIMUTest} as {PhoneIMUTest}
02-09 04:09:52.859  7124  7247 V OpmodeRegistration: registered {LocalizationTest} as {LocalizationTest}
02-09 04:09:52.859  7124  7247 V OpmodeRegistration: registered {FollowerPIDTuner} as {FollowerPIDTuner}
02-09 04:09:52.869  7124  7247 V OpmodeRegistration: registered {FollowerPIDTunerStrafe} as {FollowerPIDTunerStrafe}
02-09 04:09:52.869  7124  7247 V OpmodeRegistration: registered {MainAutonomous} as {Autonomous}
02-09 04:09:52.869  7124  7247 V OpmodeRegistration: registered {ManualStrafeTest} as {ManualStrafeTest}
02-09 04:09:52.869  7124  7247 V OpmodeRegistration: registered {StraightTestV0} as {StraightTestV0}
02-09 04:09:52.869  7124  7247 V OpmodeRegistration: registered {StrafeTest} as {StrafeTest}
02-09 04:09:52.879  7124  7247 V OpmodeRegistration: registered {GyroAccelerometerTest} as {GyroAccelerometerTest}
02-09 04:09:52.879  7124  7247 V OpmodeRegistration: registered {LimitSwitchTest} as {Limit Switch Tester}
02-09 04:09:52.879  7124  7247 V OpmodeRegistration: registered {SplineTest} as {SplineTest}
02-09 04:09:52.879  7124  7247 V OpmodeRegistration: registered {TurnTest} as {TurnTest}
02-09 04:09:52.879  7124  7247 V OpmodeRegistration: registered {PathTest} as {PathTest}
02-09 04:09:52.879  7124  7247 V OpmodeRegistration: registered {ServoTester} as {Servo Tester}
02-09 04:09:52.879  7124  7247 V OpmodeRegistration: registered {VuforiaTest} as {VuforiaTest}
02-09 04:09:52.879  7124  7335 D Robocol : RobocolDatagramSocket listening addr=/192.168.49.1:20884 cbRec=65520 cbSend=163840 msRecTO=300
02-09 04:09:52.879  7124  7335 V Robocol : RecvLoopRunnable created
02-09 04:09:52.879  7124  7247 V OpmodeRegistration: registered {TurnTest0} as {TurnTest0}
02-09 04:09:52.879  7124  7247 V OpmodeRegistration: registered {DriveVelocityPIDTuner} as {DriveVelocityPIDTuner}
02-09 04:09:52.879  7124  7335 V PeerDiscovery: Starting peer discovery remote: /192.168.49.1 local: /192.168.49.1
02-09 04:09:52.879  7124  7335 V PeerDiscovery: No need for peer discovery, we are the peer discovery device
02-09 04:09:52.879  7124  7335 V RobotCore: Setup complete
02-09 04:09:52.879  7124  7335 V RobotCore: thread: ...terminating 'SetupRunnable.run()'
02-09 04:09:52.879  7124  7247 V OpmodeRegistration: registered {FollowerPIDTunerStraight} as {FollowerPIDTunerStraight}
02-09 04:09:52.879  7124  7247 V OpmodeRegistration: registered {DiagonalTest} as {DiagonalTest}
02-09 04:09:52.889  7124  7247 V OpmodeRegistration: registered {TestMotionplanning} as {MotionPlanningTest}
02-09 04:09:52.899  7124  7343 V RobotCore: thread: 'RecvLoopRunnable.run()' starting...
02-09 04:09:52.959  7124  7124 I BatteryChecker: percent remaining: 15 is charging: true
02-09 04:09:52.959  7124  7247 V HardwareFactory: createHardwareMap()
02-09 04:09:52.959  7124  7247 V WifiDirectInviteMonitor: clearUILynxModule()
02-09 04:09:52.979  7124  7247 V RobotCore: Creating Webcam [3F2DF43F]
02-09 04:09:52.979  7124  7247 V CameraManager: construct(hash=0x0007efc6|inst#=0)
02-09 04:09:52.979  7124  7247 D libusb  : [ 0.000093] [00001c4f] libusb: debug [op_init] sysfs(/sys/bus/usb/devices) available
02-09 04:09:52.979  7124  7247 D libusb  : [ 0.000138] [00001c4f] libusb: debug [op_init] sysfs can relate devices
02-09 04:09:52.979  7124  7247 D libusb  : [ 0.000157] [00001c4f] libusb: debug [op_init] sysfs has complete descriptors
02-09 04:09:52.979  7124  7247 D libusb  : [ 0.000170] [00001c4f] libusb: debug [op_init] sysfs has serial numbers
02-09 04:09:52.979  7124  7247 V UvcContext: construct(pointer=0xabd31840|inst#=0)
02-09 04:09:52.979  7124  7247 W RobotCore: Unable to find webcam with serial number 3F2DF43F
02-09 04:09:52.979  7124  7247 E WebcamNameImpl: exception RobotCoreException(Unable to find webcam with serial number 3F2DF43F): exception arming 3F2DF43F [com.qualcomm.robotcore.util.RobotLog.logAndThrow(RobotLog.java:307)]
02-09 04:09:52.989  7124  7247 V RobotCore: Creating REV Robotics USB Expansion Hub Portal [DQ167WIO]
02-09 04:09:52.989  7124  7247 V LynxUsb : creating new [DQ167WIO]: 0x04a68ab4
02-09 04:09:52.989  7124  7247 V FtDeviceManager: createDeviceInfoList(): 0 USB devices
02-09 04:09:52.989  7124  7247 W System.err: unable to open lynx USB device DQ167WIO: FTDI driver failed to open USB device with serial number DQ167WIO (returned null device)
02-09 04:09:52.989  7124  7247 E LynxUsb : exception RobotCoreException(unable to open lynx USB device DQ167WIO: FTDI driver failed to open USB device with serial number DQ167WIO (returned null device)): exception arming DQ167WIO [com.qualcomm.hardware.lynx.LynxUsbUtil.logMessageAndThrow(LynxUsbUtil.java:92)]
02-09 04:09:52.989  7124  7247 V LynxUsb : doPretend() serial=DQ167WIO
02-09 04:09:52.989  7124  7247 V LynxUsb : 0x046416dd on 0x04a68ab4: new delegate to [DQ167WIO]
02-09 04:09:52.989  7124  7247 V RobotCore: Creating Lynx Module - mod=2 parent=false
02-09 04:09:52.999  7124  7247 V RobotCore: Creating Lynx Module - mod=3 parent=true
02-09 04:09:52.999  7124  7247 V LynxUsb : addConfiguredModule() module#=3
02-09 04:09:52.999  7124  7247 V LynxModule: pingAndQueryKnownInterfaces mod=3
02-09 04:09:53.009  7124  7247 V LynxModule: mod#=3 queryInterface(DEKA)=0 commands starting at 0
02-09 04:09:53.009  7124  7247 V LynxModule: mod#=3 intf=DEKA: expected 54 commands; found 0
02-09 04:09:53.009  7124  7247 V LynxModule: sendLEDPatternSteps(): #steps=8
02-09 04:09:53.009  7124  7247 V LynxUsb : addConfiguredModule() module#=2
02-09 04:09:53.009  7124  7247 V LynxModule: pingAndQueryKnownInterfaces mod=2
02-09 04:09:53.009  7124  7247 V LynxModule: mod#=2 queryInterface(DEKA)=0 commands starting at 0
02-09 04:09:53.009  7124  7247 V LynxModule: mod#=2 intf=DEKA: expected 54 commands; found 0
02-09 04:09:53.009  7124  7247 V LynxModule: sendLEDPatternSteps(): #steps=6
02-09 04:09:53.009  7124  7247 V LynxMotor: initializeHardware() mod#=2
02-09 04:09:53.009  7124  7247 V RobotCore: DcMotorImpl(type=goBILDA5202SeriesMotor)
02-09 04:09:53.009  7124  7247 W LynxMotor: not supported: setPIDFCoefficients(0, RUN_USING_ENCODER, PIDFCoefficients(p=2.000000 i=0.500000 d=0.000000 f=11.100000 alg=PIDF))
02-09 04:09:53.009  7124  7247 W LynxMotor: not supported: setPIDFCoefficients(0, RUN_TO_POSITION, PIDFCoefficients(p=5.000000 i=0.000000 d=0.000000 f=0.000000 alg=PIDF))
02-09 04:09:53.009  7124  7247 V RobotCore: DcMotorImpl(type=goBILDA5202SeriesMotor)
02-09 04:09:53.009  7124  7247 W LynxMotor: not supported: setPIDFCoefficients(1, RUN_USING_ENCODER, PIDFCoefficients(p=2.000000 i=0.500000 d=0.000000 f=11.100000 alg=PIDF))
02-09 04:09:53.009  7124  7247 W LynxMotor: not supported: setPIDFCoefficients(1, RUN_TO_POSITION, PIDFCoefficients(p=5.000000 i=0.000000 d=0.000000 f=0.000000 alg=PIDF))
02-09 04:09:53.009  7124  7247 V RobotCore: DcMotorImpl(type=goBILDA5202SeriesMotor)
02-09 04:09:53.009  7124  7247 W LynxMotor: not supported: setPIDFCoefficients(2, RUN_USING_ENCODER, PIDFCoefficients(p=2.000000 i=0.500000 d=0.000000 f=11.100000 alg=PIDF))
02-09 04:09:53.009  7124  7247 W LynxMotor: not supported: setPIDFCoefficients(2, RUN_TO_POSITION, PIDFCoefficients(p=5.000000 i=0.000000 d=0.000000 f=0.000000 alg=PIDF))
02-09 04:09:53.009  7124  7247 V RobotCore: DcMotorImpl(type=Matrix12vMotor)
02-09 04:09:53.009  7124  7247 V LynxServoController: initializeHardware() mod#=2
02-09 04:09:53.019  7124  7247 V LynxVoltageSensor: initializeHardware() mod#=2
02-09 04:09:53.019  7124  7247 V LynxAnalogInputController: initializeHardware() mod#=2
02-09 04:09:53.019  7124  7247 V LynxDigitalChannelController: initializeHardware() mod#=2
02-09 04:09:53.019  7124  7247 V RobotCore: Creating Digital Channel Device - Type: Digital Device - Port: 3
02-09 04:09:53.019  7124  7247 V RobotCore: Creating user sensor REV Expansion Hub IMU - on Lynx module=2 bus=0
02-09 04:09:53.019  7124  7247 V RobotCore: Creating I2cDeviceSynch (Lynx) - mod=2 bus=0
02-09 04:09:53.019  7124  7247 I RobotCore: LynxFirmwareVersionManager: LynxI2cDeviceSynchV1
02-09 04:09:53.019  7124  7247 V LynxI2cDeviceSynch: initializeHardware() mod#=2
02-09 04:09:53.019  7124  7247 V LynxMotor: initializeHardware() mod#=3
02-09 04:09:53.019  7124  7247 V RobotCore: DcMotorImpl(type=Matrix12vMotor)
02-09 04:09:53.019  7124  7247 V RobotCore: DcMotorImpl(type=goBILDA5202SeriesMotor)
02-09 04:09:53.019  7124  7247 W LynxMotor: not supported: setPIDFCoefficients(1, RUN_USING_ENCODER, PIDFCoefficients(p=2.000000 i=0.500000 d=0.000000 f=11.100000 alg=PIDF))
02-09 04:09:53.019  7124  7247 W LynxMotor: not supported: setPIDFCoefficients(1, RUN_TO_POSITION, PIDFCoefficients(p=5.000000 i=0.000000 d=0.000000 f=0.000000 alg=PIDF))
02-09 04:09:53.019  7124  7247 V RobotCore: DcMotorImpl(type=Matrix12vMotor)
02-09 04:09:53.019  7124  7247 V RobotCore: DcMotorImpl(type=Matrix12vMotor)
02-09 04:09:53.019  7124  7247 V LynxServoController: initializeHardware() mod#=3
02-09 04:09:53.019  7124  7247 V LynxVoltageSensor: initializeHardware() mod#=3
02-09 04:09:53.019  7124  7247 V LynxAnalogInputController: initializeHardware() mod#=3
02-09 04:09:53.019  7124  7247 V LynxDigitalChannelController: initializeHardware() mod#=3
02-09 04:09:53.019  7124  7247 V RobotCore: Creating Digital Channel Device - Type: Digital Device - Port: 0
02-09 04:09:53.019  7124  7247 V RobotCore: Creating Digital Channel Device - Type: Digital Device - Port: 1
02-09 04:09:53.019  7124  7247 V RobotCore: Creating user sensor REV Expansion Hub IMU - on Lynx module=3 bus=0
02-09 04:09:53.019  7124  7247 V RobotCore: Creating I2cDeviceSynch (Lynx) - mod=3 bus=0
02-09 04:09:53.019  7124  7247 I RobotCore: LynxFirmwareVersionManager: LynxI2cDeviceSynchV1
02-09 04:09:53.029  7124  7247 V LynxI2cDeviceSynch: initializeHardware() mod#=3
02-09 04:09:53.029  7124  7247 I RobotCore: ========= Device Information ===================================================
02-09 04:09:53.029  7124  7247 I RobotCore: Type                                               Name                           Connection
02-09 04:09:53.029  7124  7247 I RobotCore: Motor                                              frontLeft                      USB DQ167WIO; module 2; port 0
02-09 04:09:53.029  7124  7247 I RobotCore: Motor                                              backLeft                       USB DQ167WIO; module 2; port 1
02-09 04:09:53.029  7124  7247 I RobotCore: Expansion Hub DC Motor Controller                  ExpansionHub2                  USB DQ167WIO; module 2
02-09 04:09:53.029  7124  7247 I RobotCore: Expansion Hub Servo Controller                     ExpansionHub2                  USB DQ167WIO; module 2
02-09 04:09:53.029  7124  7247 I RobotCore: Expansion Hub Voltage Sensor                       ExpansionHub2                  USB DQ167WIO; module 2
02-09 04:09:53.029  7124  7247 I RobotCore: Expansion Hub Analog Input Controller              ExpansionHub2                  USB DQ167WIO; module 2
02-09 04:09:53.029  7124  7247 I RobotCore: Expansion Hub Digital Channel Controller           ExpansionHub2                  USB DQ167WIO; module 2
02-09 04:09:53.029  7124  7247 I RobotCore: Expansion Hub (firmware version unavailable)       ExpansionHub2                  USB DQ167WIO; module 2
02-09 04:09:53.029  7124  7247 I RobotCore: Servo                                              transferLock                   USB DQ167WIO; module 2; port 2
02-09 04:09:53.029  7124  7247 I RobotCore: Servo                                              clawInit                       USB DQ167WIO; module 3; port 4
02-09 04:09:53.029  7124  7247 I RobotCore: Digital Device                                     foundationDetectRight          USB DQ167WIO; module 2; digital port 3
