02-09 04:11:25.439  7938  8555 I RobotCore: Expansion Hub DC Motor Controller                  ExpansionHub3                  USB DQ167WIO; module 3
02-09 04:11:25.439  7938  8555 I RobotCore: Expansion Hub Servo Controller                     ExpansionHub3                  USB DQ167WIO; module 3
02-09 04:11:25.439  7938  8555 I RobotCore: Expansion Hub Voltage Sensor                       ExpansionHub3                  USB DQ167WIO; module 3
02-09 04:11:25.439  7938  8555 I RobotCore: Expansion Hub Analog Input Controller              ExpansionHub3                  USB DQ167WIO; module 3
02-09 04:11:25.439  7938  8555 I RobotCore: Expansion Hub Digital Channel Controller           ExpansionHub3                  USB DQ167WIO; module 3
02-09 04:11:25.439  7938  8555 I RobotCore: Expansion Hub (HW: 20, Maj: 1, Min: 8, Eng: 2)     ExpansionHub3                  USB DQ167WIO; module 3
02-09 04:11:25.439  7938  8555 I RobotCore: Servo                                              redAutoClawJoint1              USB DQ167WIO; module 2; port 3
02-09 04:11:25.439  7938  8555 I RobotCore: REV Expansion Hub IMU                              imu                            USB DQ167WIO; module 2; bus 0; addr7=0x00
02-09 04:11:25.439  7938  8555 I RobotCore: Motor                                              frontRight                     USB DQ167WIO; module 2; port 2
02-09 04:11:25.439  7938  8555 I RobotCore: Motor                                              leftIntake                     USB DQ167WIO; module 3; port 0
02-09 04:11:25.449  7938  8555 I RobotCore: Logitech HD Pro Webcam C920                        WebcamFront                    USB (3F2DF43F)
02-09 04:11:25.449  7938  8555 I RobotCore: Servo                                              intakeInit                     USB DQ167WIO; module 2; port 1
02-09 04:11:25.449  7938  8555 I RobotCore: REV Robotics USB Expansion Hub Portal              Expansion Hub Portal 1         USB DQ167WIO
02-09 04:11:25.449  7938  8555 I RobotCore: Digital Device                                     foundationDetectLeft           USB DQ167WIO; module 3; digital port 0
02-09 04:11:25.459  7938  8555 I FtcEventLoop: ======= INIT FINISH =======
02-09 04:11:25.459  7938  8555 V RobotCore: EventLoopManager state is RUNNING
02-09 04:11:25.459  7938  8779 V MediaPlayer-JNI: reset
02-09 04:11:25.459  7938  8555 V RobotCore: Robot Status: running, starting robot
02-09 04:11:25.459  7938  8555 V RobotCore: Robot Status: running
02-09 04:11:25.459  7938  8555 D FTCService: Detecting WiFi reset
02-09 04:11:25.459  7938  8555 V RobotCore: thread: ...terminating 'RobotSetupRunnable.run()'
02-09 04:11:25.459  7938  8807 V RobotCore: thread: 'opmode loop()' starting...
02-09 04:11:25.469  7938  8737 I BatteryChecker: percent remaining: 14 is charging: false
02-09 04:11:25.479  7938  8765 V Robocol : sending CMD_NOTIFY_ROBOT_STATE(54), attempt: 0
02-09 04:11:25.479  7938  8779 V MediaPlayer-JNI: setDataSourceFD: fd 97
02-09 04:11:25.499  7938  8737 I BatteryChecker: percent remaining: 14 is charging: false
02-09 04:11:25.499  7938  7966 W MediaPlayer: info/warning (10973, 0)
02-09 04:11:25.509  7938  8779 V MediaPlayer-JNI: getDuration: 4506 (msec)
02-09 04:11:25.509  7938  8779 V SoundInfo: construct(0x0daea182)
02-09 04:11:25.519  7938  8765 V Robocol : sending CMD_NOTIFY_ACTIVE_CONFIGURATION(57), attempt: 0
02-09 04:11:25.519  7938  8765 V Robocol : sending CMD_NOTIFY_USER_DEVICE_LIST(58), attempt: 0
02-09 04:11:25.519  7938  8765 V Robocol : sending CMD_NOTIFY_OP_MODE_LIST(59), attempt: 0
02-09 04:11:25.519  7938  8765 V Robocol : sending CMD_NOTIFY_ACTIVE_CONFIGURATION(63), attempt: 0
02-09 04:11:25.559  7938  8765 V Robocol : sending CMD_NOTIFY_USER_DEVICE_LIST(64), attempt: 0
02-09 04:11:25.559  7938  8765 V Robocol : sending CMD_NOTIFY_OP_MODE_LIST(65), attempt: 0
02-09 04:11:25.569  7938  8002 D SoundPlayer: onLoadComplete(samp=2|ms=4506, samp=2)=0
02-09 04:11:25.939  7938  8814 D SoundPlayer: playing volume=0.000000 samp=2|ms=4506
02-09 04:11:25.959  7938  8765 V Robocol : sending CMD_PLAY_SOUND(78), attempt: 0
02-09 04:11:25.969  7938  8807 V FtcEventLoop: processedRecentlyAttachedUsbDevices(): 0:0 not in hwmap; ignoring
02-09 04:11:25.969  7938  8807 V FtcEventLoop: processedRecentlyAttachedUsbDevices(): 3F2DF43F not in hwmap; ignoring
02-09 04:11:25.969  7938  8807 V FtcEventLoop: processedRecentlyAttachedUsbDevices(): DQ167WIO not in hwmap; ignoring
02-09 04:11:25.969  7938  8807 I RobotCore: Attempting to switch to op mode $Stop$Robot$
02-09 04:11:26.039  7938  8765 V Robocol : sending CMD_NOTIFY_INIT_OP_MODE(82), attempt: 0
02-09 04:11:26.259  7938  8738 V EventLoopManager: synthetic gamepad received: id=-2 user=ONE atRest=true 
02-09 04:11:27.609  7938  8738 V Robocol : received command: CMD_INIT_OP_MODE(10068) $Stop$Robot$
02-09 04:11:27.619  7938  8737 I BatteryChecker: percent remaining: 14 is charging: false
02-09 04:11:27.619  7938  8807 I RobotCore: Attempting to switch to op mode $Stop$Robot$
02-09 04:11:27.679  7938  8765 V Robocol : sending CMD_NOTIFY_INIT_OP_MODE(112), attempt: 0
02-09 04:11:29.619  7938  7938 I BatteryChecker: percent remaining: 14 is charging: false
02-09 04:11:29.929  7938  8738 V Robocol : received command: CMD_SET_MATCH_NUMBER(10102) 0
02-09 04:11:29.929  7938  8738 V Robocol : received command: CMD_INIT_OP_MODE(10103) PathTest
02-09 04:11:29.929  7938  8737 I BatteryChecker: percent remaining: 14 is charging: false
02-09 04:11:29.939  7938  8737 I BatteryChecker: percent remaining: 14 is charging: false
02-09 04:11:29.939  7938  8737 I RobotCore: ******************** START - OPMODE PathTest ********************
02-09 04:11:29.939  7938  8807 I RobotCore: Attempting to switch to op mode PathTest
02-09 04:11:30.239  7938  8807 D RevExtensions2: Hotswapping hardware map
02-09 04:11:30.239  7938  8807 V RobotCore: DcMotorImpl(type=goBILDA5202SeriesMotor)
02-09 04:11:30.239  7938  8807 V RobotCore: DcMotorImpl(type=goBILDA5202SeriesMotor)
02-09 04:11:30.249  7938  8807 V RobotCore: DcMotorImpl(type=goBILDA5202SeriesMotor)
02-09 04:11:30.259  7938  8807 V RobotCore: DcMotorImpl(type=Matrix12vMotor)
02-09 04:11:30.259  7938  8807 V RobotCore: DcMotorImpl(type=goBILDA5202SeriesMotor)
02-09 04:11:30.269  7938  8807 V RobotCore: DcMotorImpl(type=Matrix12vMotor)
02-09 04:11:30.269  7938  8807 V RobotCore: DcMotorImpl(type=Matrix12vMotor)
02-09 04:11:30.269  7938  8807 V RobotCore: DcMotorImpl(type=Matrix12vMotor)
02-09 04:11:30.269  7938  9020 V RobotCore: thread: 'LinearOpMode main' starting...
02-09 04:11:30.269  7938  9020 D DriveConstants: configured to NOT using property values
02-09 04:11:30.269  7938  9020 D DriveConstants: Velocity PID    kP: 1.72, kI: 0.172, kD: 0.0
02-09 04:11:30.269  7938  9020 D DriveConstants: (non-strafe) maxVel: 75.000000, maxAccel: 35.000000
02-09 04:11:30.269  7938  9020 D DriveConstants: (strafe) maxVel: 30.000000, maxAccel: 10.000000
02-09 04:11:30.269  7938  9020 D DriveConstants: xTransitional PID   txP: 5.0 txI: 0.5 txD: 0.0
02-09 04:11:30.269  7938  9020 D DriveConstants: yTransitional PID   tyP: 5.0 tyI: 10.0 tyD: 1.0E-5
02-09 04:11:30.269  7938  9020 D DriveConstants: Heading PID   hP: 10.0 hI: 0.5 hD: 1.0E-5
02-09 04:11:30.269  7938  9020 D DriveConstants: test distance: 48.0  24.0
02-09 04:11:30.269  7938  9020 D DriveConstants: test skystone position (no detection): 3.0
02-09 04:11:30.269  7938  9020 D DriveConstants: pause time between move: 1.0
02-09 04:11:30.269  7938  9020 D DriveConstants: using IMU in localizer? : 1
02-09 04:11:30.269  7938  9020 D DriveConstants: enable ARM actions (disable for path test)? : 1
02-09 04:11:30.269  7938  9020 D DriveConstants: IMU polling interval? : 10.0
02-09 04:11:30.269  7938  9020 D DriveConstants: correcting drv in automonous? : 0
02-09 04:11:30.269  7938  9020 D DriveConstants: using STRAFE in diagonal move? : 1
02-09 04:11:30.269  7938  9020 D DriveConstants: reset follower? : 1
02-09 04:11:30.269  7938  9020 D DriveConstants: using Vuforia in localizer (override IMU and odom)? : 0
02-09 04:11:30.269  7938  9020 D DriveConstants: Driving wheel width? : 14.2
02-09 04:11:30.269  7938  9020 D DriveConstants: using Odometry? : 0
02-09 04:11:30.269  7938  9020 D DriveConstants: using Bulk read? : 1
02-09 04:11:30.269  7938  9020 D DriveConstants: recreate drive? : 0
02-09 04:11:30.279  7938  9020 D DriveConstants: Odometry wheel width? : 14.8
02-09 04:11:30.279  7938  9020 D DriveConstants: Odometry forward offset? -5.5
02-09 04:11:30.279  7938  9020 D DriveConstants: Odometry EncoderTicksPerRev? 1565.0
02-09 04:11:30.279  7938  9020 D DriveConstants: Strafing paramters: 
02-09 04:11:30.279  7938  9020 D DriveConstants: xTransitional PID   txP: 20.0 txI: 1.0 txD: 0.75
02-09 04:11:30.279  7938  9020 D DriveConstants: yTransitional PID   tyP: 15.0 tyI: 0.5 tyD: 1.0
02-09 04:11:30.279  7938  9020 D DriveConstants: Heading PID   hP: 6.0 hI: 2.0 hD: 0.4
02-09 04:11:30.279  7938  9020 D DriveConstants: strafeTimeDistanceRat: 0.093
02-09 04:11:30.279  7938  9020 D DriveConstants: strafeMotorPower:  0.19
02-09 04:11:30.279  7938  9020 D DriveConstants: rear_ratio:  1.105
02-09 04:11:30.279  7938  9020 D DriveConstants: enabling Logging? : 0
02-09 04:11:30.279  7938  8765 V Robocol : sending CMD_NOTIFY_INIT_OP_MODE(158), attempt: 0
02-09 04:11:30.299  7938  9020 W System.err: java.lang.NumberFormatException: Invalid double: "8.5.0"
02-09 04:11:30.299  7938  9020 W System.err: 	at java.lang.StringToReal.invalidReal(StringToReal.java:63)
02-09 04:11:30.299  7938  9020 W System.err: 	at java.lang.StringToReal.initialParse(StringToReal.java:160)
02-09 04:11:30.299  7938  9020 W System.err: 	at java.lang.StringToReal.parseDouble(StringToReal.java:282)
02-09 04:11:30.299  7938  9020 W System.err: 	at java.lang.Double.parseDouble(Double.java:301)
02-09 04:11:30.299  7938  9020 W System.err: 	at java.lang.Double.<init>(Double.java:136)
02-09 04:11:30.299  7938  9020 W System.err: 	at org.firstinspires.ftc.teamcode.PID.DriveConstantsPID.parsePathXY(DriveConstantsPID.java:619)
02-09 04:11:30.299  7938  9020 W System.err: 	at org.firstinspires.ftc.teamcode.PID.calibration.PathTest.runOpMode(PathTest.java:57)
02-09 04:11:30.299  7938  9020 W System.err: 	at com.qualcomm.robotcore.eventloop.opmode.LinearOpMode$LinearOpModeHelper$1.run(LinearOpMode.java:305)
02-09 04:11:30.299  7938  9020 W System.err: 	at com.qualcomm.robotcore.util.ThreadPool.logThreadLifeCycle(ThreadPool.java:737)
02-09 04:11:30.299  7938  9020 W System.err: 	at com.qualcomm.robotcore.eventloop.opmode.LinearOpMode$LinearOpModeHelper.run(LinearOpMode.java:300)
02-09 04:11:30.299  7938  9020 W System.err: 	at java.util.concurrent.ThreadPoolExecutor.runWorker(ThreadPoolExecutor.java:1113)
02-09 04:11:30.299  7938  9020 W System.err: 	at java.util.concurrent.ThreadPoolExecutor$Worker.run(ThreadPoolExecutor.java:588)
02-09 04:11:30.299  7938  9020 W System.err: 	at com.qualcomm.robotcore.util.ThreadPool$ThreadFactoryImpl$1.run(ThreadPool.java:793)
02-09 04:11:30.299  7938  9020 W System.err: 	at java.lang.Thread.run(Thread.java:818)
02-09 04:11:30.439  7938  9020 D DriveConstants: MOTOR_CONFIG.getAchieveableMaxRPMFraction(): 0.85
02-09 04:11:30.439  7938  9020 D DriveConstants: MOTOR_CONFIG.getMaxRPM(): 60.0
02-09 04:11:30.439  7938  9020 D DriveConstants: getMaxRpm: hardcoded to: 297.105 from: 435.0
02-09 04:11:30.439  7938  9020 D DriveConstants: getTicksPerSec 1899.4913000000004
02-09 04:11:30.439  7938  9020 D DriveConstants: getTicksPerSec 1899.4913000000004
02-09 04:11:30.439  7938  9020 D DriveConstants: MOTOR_CONFIG.getAchieveableMaxRPMFraction(): 0.85
02-09 04:11:30.439  7938  9020 D DriveConstants: MOTOR_CONFIG.getMaxRPM(): 60.0
02-09 04:11:30.439  7938  9020 D DriveConstants: getMaxRpm: hardcoded to: 297.105 from: 435.0
02-09 04:11:30.439  7938  9020 D DriveConstants: getTicksPerSec 1899.4913000000004
02-09 04:11:30.559  7938  9020 V RobotCore: addr=false data=true arb=false clock=false
02-09 04:11:30.559  7938  9020 E LynxI2cDeviceSynch: readStatusQuery: cbExpected=1 cbRead=0
02-09 04:11:30.559  7938  9020 E LynxI2cDeviceSynch: placeholder: readStatusQuery
02-09 04:11:30.629  7938  9020 V RobotCore: addr=false data=true arb=false clock=false
02-09 04:11:30.629  7938  9020 E LynxI2cDeviceSynch: readStatusQuery: cbExpected=1 cbRead=0
02-09 04:11:30.699  7938  9020 V RobotCore: addr=false data=true arb=false clock=false
02-09 04:11:30.699  7938  9020 E LynxI2cDeviceSynch: readStatusQuery: cbExpected=1 cbRead=0
02-09 04:11:30.769  7938  9020 V RobotCore: addr=false data=true arb=false clock=false
02-09 04:11:30.769  7938  9020 E LynxI2cDeviceSynch: readStatusQuery: cbExpected=1 cbRead=0
02-09 04:11:30.839  7938  9020 V RobotCore: addr=false data=true arb=false clock=false
02-09 04:11:30.839  7938  9020 E LynxI2cDeviceSynch: readStatusQuery: cbExpected=1 cbRead=0
02-09 04:11:31.259  7938  8738 V Robocol : received command: CMD_RUN_OP_MODE(10125) PathTest
02-09 04:11:31.259  7938  8737 I BatteryChecker: percent remaining: 14 is charging: false
02-09 04:11:31.279  7938  8765 V Robocol : sending CMD_NOTIFY_RUN_OP_MODE(173), attempt: 0
02-09 04:11:32.049  7938  9020 W System.err: java.lang.NumberFormatException: Invalid double: "8.5.0"
02-09 04:11:32.049  7938  9020 W System.err: 	at java.lang.StringToReal.invalidReal(StringToReal.java:63)
02-09 04:11:32.049  7938  9020 W System.err: 	at java.lang.StringToReal.initialParse(StringToReal.java:160)
02-09 04:11:32.049  7938  9020 W System.err: 	at java.lang.StringToReal.parseDouble(StringToReal.java:282)
02-09 04:11:32.049  7938  9020 W System.err: 	at java.lang.Double.parseDouble(Double.java:301)
02-09 04:11:32.049  7938  9020 W System.err: 	at java.lang.Double.<init>(Double.java:136)
02-09 04:11:32.049  7938  9020 W System.err: 	at org.firstinspires.ftc.teamcode.PID.DriveConstantsPID.parsePathXY(DriveConstantsPID.java:619)
02-09 04:11:32.049  7938  9020 W System.err: 	at org.firstinspires.ftc.teamcode.Autonomous.Path.RedQuary(Path.java:503)
02-09 04:11:32.049  7938  9020 W System.err: 	at org.firstinspires.ftc.teamcode.PID.calibration.PathTest.runOpMode(PathTest.java:80)
02-09 04:11:32.049  7938  9020 W System.err: 	at com.qualcomm.robotcore.eventloop.opmode.LinearOpMode$LinearOpModeHelper$1.run(LinearOpMode.java:305)
02-09 04:11:32.049  7938  9020 W System.err: 	at com.qualcomm.robotcore.util.ThreadPool.logThreadLifeCycle(ThreadPool.java:737)
02-09 04:11:32.049  7938  9020 W System.err: 	at com.qualcomm.robotcore.eventloop.opmode.LinearOpMode$LinearOpModeHelper.run(LinearOpMode.java:300)
02-09 04:11:32.049  7938  9020 W System.err: 	at java.util.concurrent.ThreadPoolExecutor.runWorker(ThreadPoolExecutor.java:1113)
02-09 04:11:32.049  7938  9020 W System.err: 	at java.util.concurrent.ThreadPoolExecutor$Worker.run(ThreadPoolExecutor.java:588)
02-09 04:11:32.049  7938  9020 W System.err: 	at com.qualcomm.robotcore.util.ThreadPool$ThreadFactoryImpl$1.run(ThreadPool.java:793)
02-09 04:11:32.049  7938  9020 W System.err: 	at java.lang.Thread.run(Thread.java:818)
02-09 04:11:32.769  7938  9020 D AutonomousPath: start new step: step1(-52.000, -29.000, 0.000), after prepare, start, count[1], currentPos (-34.752, -63.936, 0.000), errorPos (0.000, 0.000, 0.000)
02-09 04:11:32.789  7938  9020 D AutonomousPath: drive and builder created, initialized with pose: (-34.752, -63.936, 0.000)
02-09 04:11:36.799  7938  9020 D AutonomousPath: step1.5, after strafe, to grab
02-09 04:11:38.029  7938  9020 D AutonomousPath: start new step: step2(44.000, -29.000, 0.000), after grab , to go straight, count[2], currentPos (-52.090, -29.366, 0.246), errorPos (0.029, 0.393, -0.246)
02-09 04:11:38.049  7938  9020 D AutonomousPath: drive and builder created, initialized with pose: (-52.090, -29.366, 0.246)
02-09 04:11:41.449  7938  9020 D AutonomousPath: step2.5, after straight
02-09 04:11:43.289  7938  9020 D AutonomousPath: start new step: step3(-33.000, -29.000, 0.000), after drop 1st stone, to straight move back, count[3], currentPos (43.177, -29.132, 359.928), errorPos (0.807, 0.132, 0.227)
02-09 04:11:43.309  7938  9020 D AutonomousPath: drive and builder created, initialized with pose: (43.177, -29.132, 359.928)
02-09 04:11:46.119  7938  7938 I BatteryChecker: percent remaining: 14 is charging: false
02-09 04:11:48.269  7938  9020 D AutonomousPath: start new step: step4(38.000, -29.000, 0.000)after straight move, grabbed 2nd, to straight move, count[4], currentPos (-32.686, -28.873, 359.864), errorPos (-0.301, -0.128, 0.037)
02-09 04:11:48.299  7938  9020 D AutonomousPath: drive and builder created, initialized with pose: (-32.686, -28.873, 359.864)
02-09 04:11:51.189  7938  9020 D AutonomousPath: step4.5, after straight move, to drop
02-09 04:11:53.039  7938  9020 D AutonomousPath: start new step: step5(31.000, -28.000, 0.000), after drop 2nd stone, to strafe, count[5], currentPos (38.255, -28.954, 358.909), errorPos (-0.270, -0.051, 0.988)
02-09 04:11:53.049  7938  9020 D AutonomousPath: drive and builder created, initialized with pose: (38.255, -28.954, 358.909)
02-09 04:11:55.409  7938  9020 V RobotCore: thread: ...terminating 'LinearOpMode main'
02-09 04:11:55.409  7938  8807 E EventLoopManager: Event loop threw an exception
02-09 04:11:55.409  7938  8807 E EventLoopManager: java.lang.NullPointerException: Attempt to invoke virtual method 'java.lang.String com.acmerobotics.roadrunner.geometry.Pose2d.toString()' on a null object reference
02-09 04:11:55.409  7938  8807 E EventLoopManager: 	at org.firstinspires.ftc.teamcode.Autonomous.Path.FollowPathFromXMLFile(Path.java:406)
02-09 04:11:55.409  7938  8807 E EventLoopManager: 	at org.firstinspires.ftc.teamcode.Autonomous.Path.RedQuary(Path.java:504)
02-09 04:11:55.409  7938  8807 E EventLoopManager: 	at org.firstinspires.ftc.teamcode.PID.calibration.PathTest.runOpMode(PathTest.java:80)
02-09 04:11:55.409  7938  8807 E EventLoopManager: 	at com.qualcomm.robotcore.eventloop.opmode.LinearOpMode$LinearOpModeHelper$1.run(LinearOpMode.java:305)
02-09 04:11:55.419  7938  8807 E EventLoopManager: 	at com.qualcomm.robotcore.util.ThreadPool.logThreadLifeCycle(ThreadPool.java:737)
02-09 04:11:55.419  7938  8807 E EventLoopManager: 	at com.qualcomm.robotcore.eventloop.opmode.LinearOpMode$LinearOpModeHelper.run(LinearOpMode.java:300)
02-09 04:11:55.419  7938  8807 E EventLoopManager: 	at java.util.concurrent.ThreadPoolExecutor.runWorker(ThreadPoolExecutor.java:1113)
02-09 04:11:55.419  7938  8807 E EventLoopManager: 	at java.util.concurrent.ThreadPoolExecutor$Worker.run(ThreadPoolExecutor.java:588)
02-09 04:11:55.419  7938  8807 E EventLoopManager: 	at com.qualcomm.robotcore.util.ThreadPool$ThreadFactoryImpl$1.run(ThreadPool.java:793)
02-09 04:11:55.419  7938  8807 E EventLoopManager: 	at java.lang.Thread.run(Thread.java:818)
02-09 04:11:55.419  7938  8807 V RobotCore: RobotCoreException in EventLoopManager: EventLoop Exception in loop(): NullPointerException - Attempt to invoke virtual method 'java.lang.String com.acmerobotics.roadrunner.geometry.Pose2d.toString()' on a null object reference
02-09 04:11:55.419  7938  8807 V RobotCore: EventLoopManager state is EMERGENCY_STOP
02-09 04:11:55.419  7938  8807 V RobotCore: Robot Status: EMERGENCY STOP
02-09 04:11:55.429  7938  8807 D RobotCore: system telemetry: key=$System$Error$ msg="User code threw an uncaught exception: NullPointerException - Attempt to invoke virtual method 'java.lang.String com.acmerobotics.roadrunner.geometry.Pose2d.toString()' on a null object reference"
02-09 04:11:55.429  7938  8807 I FtcEventLoop: ======= TEARDOWN =======
02-09 04:11:55.439  7938  8807 D RevExtensions2: Deswapping hardware map
02-09 04:11:55.439  7938  8807 V RobotCore: DcMotorImpl(type=goBILDA5202SeriesMotor)
02-09 04:11:55.439  7938  8765 V Robocol : sending CMD_NOTIFY_ROBOT_STATE(404), attempt: 0
02-09 04:11:55.439  7938  8779 V MediaPlayer-JNI: reset
02-09 04:11:55.449  7938  8807 V RobotCore: DcMotorImpl(type=goBILDA5202SeriesMotor)
02-09 04:11:55.449  7938  8779 V MediaPlayer-JNI: setDataSourceFD: fd 101
02-09 04:11:55.459  7938  8807 V RobotCore: DcMotorImpl(type=goBILDA5202SeriesMotor)
02-09 04:11:55.469  7938  8807 V RobotCore: DcMotorImpl(type=Matrix12vMotor)
02-09 04:11:55.469  7938  8807 V RobotCore: DcMotorImpl(type=Matrix12vMotor)
02-09 04:11:55.469  7938  8807 V RobotCore: DcMotorImpl(type=Matrix12vMotor)
02-09 04:11:55.469  7938  8807 V RobotCore: DcMotorImpl(type=Matrix12vMotor)
02-09 04:11:55.469  7938  8807 V RobotCore: DcMotorImpl(type=goBILDA5202SeriesMotor)
02-09 04:11:55.479  7938  8807 I RobotCore: ******************** STOP - OPMODE /storage/emulated/0/FIRST/matchlogs/Match-0-PathTest.txt ********************
02-09 04:11:55.499  7938  8807 I RobotCore: Pruning old logs deleting Match-0-PathTest.txt
02-09 04:11:55.509  7938  9222 I RobotCore: saving match logcat to /storage/emulated/0/FIRST/matchlogs/Match-0-PathTest.txt
02-09 04:11:55.509  7938  9222 I RobotCore: logging command line: exec logcat -d -T '2-9 4:11:29.000' -f /storage/emulated/0/FIRST/matchlogs/Match-0-PathTest.txt -n4 -v threadtime UsbRequestJNI:S UsbRequest:S art:W ThreadPool:W System:W ExtendedExtractor:W OMXClient:W MediaPlayer:W dalvikvm:W  *:V
02-09 04:11:55.519  7938  7966 W MediaPlayer: info/warning (10973, 0)
02-09 04:11:55.549  7938  8779 V MediaPlayer-JNI: getDuration: 4580 (msec)
02-09 04:11:55.549  7938  8779 V SoundInfo: construct(0x0b388d19)
02-09 04:11:55.639  7938  8002 D SoundPlayer: onLoadComplete(samp=3|ms=4580, samp=3)=0
02-09 04:11:55.659  7938  8779 D SoundPlayer: playing volume=0.000000 samp=3|ms=4580
02-09 04:11:55.679  7938  8765 V Robocol : sending CMD_PLAY_SOUND(410), attempt: 0
02-09 04:11:55.699  7938  8807 V LynxUsb : 0x08846923 on 0x01021608: releasing delegate to [DQ167WIO]
02-09 04:11:55.709  7938  8807 V LynxModule: close(#2)
02-09 04:11:55.709  7938  8807 V LynxModule: sending LynxFtdiResetControlCommand(false) wasInterrupted=false
02-09 04:11:55.719  7938  8807 V LynxModule: close(#3)
02-09 04:11:55.719  7938  8807 V LynxModule: sending LynxFtdiResetControlCommand(false) wasInterrupted=false
02-09 04:11:55.719  7938  8807 V LynxUsb : disarmDevice() serial=DQ167WIO...
02-09 04:11:55.719  7938  8807 V LynxUsb : shutting down incoming datagrams
02-09 04:11:55.719  7938  8763 V RobotCore: thread: ...terminating 'lynx incoming datagrams'
02-09 04:11:55.719  7938  8807 V RobotUsbDeviceFtdi: closing DQ167WIO
02-09 04:11:55.719  7938  8807 V FtDevice: vv********************DQ167WIO closing********************vv 0x07939b87
02-09 04:11:55.719  7938  8807 V FtDevice: DQ167WIO stopping thread readBufferManager
02-09 04:11:55.719  7938  8743 V FtDevice: DQ167WIO thread readBufferManager is stopped
02-09 04:11:55.719  7938  8807 V FtDevice: DQ167WIO stopping thread bulkPacketInWorker
02-09 04:11:55.729  7938  8742 V FtDevice: DQ167WIO thread bulkPacketInWorker is stopped
02-09 04:11:55.729  7938  8807 V MonitoredUsbDeviceConnection: closing UsbDeviceConnection(DQ167WIO)
02-09 04:11:55.729  7938  8807 D UsbDeviceConnectionJNI: close
02-09 04:11:55.729  7938  8807 V FtDevice: ^^********************DQ167WIO closed ********************^^
02-09 04:11:55.729  7938  8807 V LynxUsb : ...done disarmDevice()
02-09 04:11:55.729  7938  8807 I FtcEventLoop: ======= TEARDOWN COMPLETE =======
02-09 04:11:55.729  7938  8807 V RobotCore: thread: ...terminating 'opmode loop()'
02-09 04:11:55.729  7938  8807 V EventLoopManager: switching to idleEventLoop
02-09 04:11:55.729  7938  8807 I FtcEventLoopIdle: ------- idle init --------
02-09 04:11:55.729  7938  8807 V RobotCore: thread: 'opmode loop()' starting...
02-09 04:11:55.879  7938  9222 I RobotCore: Done running exec logcat -d -T '2-9 4:11:29.000' -f /storage/emulated/0/FIRST/matchlogs/Match-0-PathTest.txt -n4 -v threadtime UsbRequestJNI:S UsbRequest:S art:W ThreadPool:W System:W ExtendedExtractor:W OMXClient:W MediaPlayer:W dalvikvm:W  *:V
02-09 04:11:55.879  7938  9222 I RobotCore: exiting match logcat for /storage/emulated/0/FIRST/matchlogs/Match-0-PathTest.txt
02-09 04:12:10.409  9282  9282 W SELinux : Function: selinux_compare_spd_ram, index[1], priority [2], priority version is VE=SEPF_SECMOBILE_6.0.1_0029
02-09 04:12:10.409  9282  9282 W SELinux : SELinux: seapp_context_lookup: seinfo=default, level=s0:c512,c768, pkgname=com.qualcomm.ftcrobotcontroller 
02-09 04:12:10.489  9283  9283 W SELinux : Function: selinux_compare_spd_ram, index[1], priority [2], priority version is VE=SEPF_SECMOBILE_6.0.1_0029
02-09 04:12:10.499  9283  9283 W SELinux : SELinux: seapp_context_lookup: seinfo=default, level=s0:c512,c768, pkgname=com.qualcomm.ftcrobotcontroller 
02-09 04:12:10.639  9287  9287 W SELinux : Function: selinux_compare_spd_ram, index[1], priority [2], priority version is VE=SEPF_SECMOBILE_6.0.1_0029
02-09 04:12:10.639  9287  9287 W SELinux : SELinux: seapp_context_lookup: seinfo=default, level=s0:c512,c768, pkgname=com.qualcomm.ftcrobotcontroller 
02-09 04:12:10.689  9288  9288 W SELinux : Function: selinux_compare_spd_ram, index[1], priority [2], priority version is VE=SEPF_SECMOBILE_6.0.1_0029
02-09 04:12:10.689  9288  9288 W SELinux : SELinux: seapp_context_lookup: seinfo=default, level=s0:c512,c768, pkgname=com.qualcomm.ftcrobotcontroller 
02-09 04:12:10.729  9289  9289 W SELinux : Function: selinux_compare_spd_ram, index[1], priority [2], priority version is VE=SEPF_SECMOBILE_6.0.1_0029
02-09 04:12:10.729  9289  9289 W SELinux : SELinux: seapp_context_lookup: seinfo=default, level=s0:c512,c768, pkgname=com.qualcomm.ftcrobotcontroller 
02-09 04:13:11.199  7938  8738 V Robocol : received command: CMD_RESTART_ROBOT(10985) 
02-09 04:13:11.199  7938  8737 D FtcEventLoopHandler: restarting robot...
02-09 04:13:11.209  7938  7938 V Robocol : EventLoopManager.shutdown()
02-09 04:13:11.209  7938  8807 V RobotCore: EventLoopRunnable interrupted
02-09 04:13:11.209  7938  8807 V RobotCore: EventLoopManager state is STOPPED
02-09 04:13:11.209  7938  8807 V RobotCore: Robot Status: stopped
02-09 04:13:11.209  7938  8807 I FtcEventLoopIdle: ------- idle teardown ----
02-09 04:13:11.209  7938  8807 V RobotCore: thread: ...terminating 'opmode loop()'
02-09 04:13:11.209  7938  7938 V RobotCore: EventLoopManager state is STOPPED
02-09 04:13:11.209  7938  8738 D RobotCore: system telemetry: key=$System$None$ msg=""
02-09 04:13:11.219  7938  9412 V RobotCore: thread: 'RobotSetupRunnable.run()' starting...
02-09 04:13:11.219  7938  9412 V FTCService: Processing robot setup
02-09 04:13:11.219  7938  9412 V RobotCore: Robot Status: stopped, scanning for USB devices
02-09 04:13:11.239  7938  8765 V Robocol : sending CMD_SHOW_TOAST(1131), attempt: 0
02-09 04:13:11.239  7938  8765 V Robocol : sending CMD_NOTIFY_ROBOT_STATE(1132), attempt: 0
02-09 04:13:11.239  7938  8765 V Robocol : sending CMD_NOTIFY_ROBOT_STATE(1133), attempt: 0
02-09 04:13:11.249  7938  7938 D ViewRootImpl: #1 mView = android.widget.LinearLayout{5b43f78 V.E...... ......I. 0,0-0,0 #10203a7 android:id/toast_layout_root}
02-09 04:13:11.289  7938  7938 D ViewRootImpl: MSG_RESIZED_REPORT: ci=Rect(0, 0 - 0, 0) vi=Rect(0, 0 - 0, 0) or=1
02-09 04:13:13.259  7938  7938 D ViewRootImpl: #3 mView = null
02-09 04:13:16.219  7938  9412 V RobotCore: Robot Status: stopped, waiting for Wifi to enable
02-09 04:13:16.219  7938  9412 I RobotCore: state = 3
02-09 04:13:16.219  7938  9412 V RobotCore: Robot Status: stopped, waiting for Wifi Direct to enable
02-09 04:13:16.229  7938  9412 V FTCService: Waiting for a connection to a wifi service
02-09 04:13:16.229  7938  9412 V RobotCore: Robot Status: stopped, waiting for network to become active
02-09 04:13:16.229  7938  9412 V CoreRobotWebServer: Asked an already running WebServer to start
02-09 04:13:16.229  7938  9412 V RobotCore: Robot Status: stopped, starting robot
02-09 04:13:16.229  7938  9412 D FTCService: Sending user device types and preferences to driver station
02-09 04:13:16.259  7938  7938 D WifiDirect: cannot create group, does group already exist?
02-09 04:13:16.269  7938  9412 V NetDiscover_prefremrc: sendAllPreferences()
02-09 04:13:16.269  7938  9412 V NetDiscover_prefremrc: sending RC pref name=pref_wifip2p_remote_channel_change_works value=true
02-09 04:13:16.269  7938  9412 V NetDiscover_prefremrc: sending RC pref name=pref_device_name value=[Phone] SAMSUNG-SM-G900A
02-09 04:13:16.269  7938  9412 V NetDiscover_prefremrc: sending RC pref name=pref_has_independent_phone_battery value=true
02-09 04:13:16.269  7938  9412 V NetDiscover_prefremrc: sending RC pref name=pref_has_speaker value=true
02-09 04:13:16.269  7938  9412 V NetDiscover_prefremrc: sending RC pref name=pref_app_theme value=red
02-09 04:13:16.269  7938  9412 V NetDiscover_prefremrc: sending RC pref name=pref_wifip2p_channel value=0
02-09 04:13:16.269  7938  9412 V NetDiscover_prefremrc: sending RC pref name=pref_sound_on_off value=false
02-09 04:13:16.269  7938  9412 V Robocol : EventLoopManager.start()
02-09 04:13:16.269  7938  9412 V Robocol : Spoofing a Network Connection event...
02-09 04:13:16.269  7938  9412 I EventLoopManager: onNetworkConnectionEvent: CONNECTION_INFO_AVAILABLE
02-09 04:13:16.269  7938  9412 I Robocol : Received network connection event
02-09 04:13:16.269  7938  9412 I NetworkConnectionHandler: Handling new network connection infomation, connected: true setup needed: false
02-09 04:13:16.269  7938  9412 V RobotCore: EventLoopManager state is STOPPED
02-09 04:13:16.279  7938  8765 V Robocol : sending CMD_NOTIFY_USER_DEVICE_LIST(1187), attempt: 0
02-09 04:13:16.279  7938  8765 V Robocol : sending CMD_ROBOT_CONTROLLER_PREFERENCE(1188), attempt: 0
02-09 04:13:16.279  7938  8765 V Robocol : sending CMD_ROBOT_CONTROLLER_PREFERENCE(1189), attempt: 0
02-09 04:13:16.279  7938  8765 V Robocol : sending CMD_ROBOT_CONTROLLER_PREFERENCE(1190), attempt: 0
02-09 04:13:16.289  7938  8765 V Robocol : sending CMD_ROBOT_CONTROLLER_PREFERENCE(1191), attempt: 0
02-09 04:13:16.289  7938  8765 V Robocol : sending CMD_ROBOT_CONTROLLER_PREFERENCE(1192), attempt: 0
02-09 04:13:16.289  7938  8765 V Robocol : sending CMD_ROBOT_CONTROLLER_PREFERENCE(1193), attempt: 0
02-09 04:13:16.289  7938  8765 V Robocol : sending CMD_ROBOT_CONTROLLER_PREFERENCE(1194), attempt: 0
02-09 04:13:16.299  7938  9412 V Robocol : eventLoop=FtcEventLoop
02-09 04:13:16.299  7938  9412 V RobotCore: EventLoopManager state is INIT
02-09 04:13:16.299  7938  9412 V RobotCore: Robot Status: initializing, starting robot
02-09 04:13:16.299  7938  9412 I FtcEventLoop: ======= INIT START =======
02-09 04:13:16.299  7938  9412 V OpmodeRegistration: registered {DefaultOpMode} as {$Stop$Robot$}
02-09 04:13:16.309  7938  9412 V FileBasedLock: locked /storage/emulated/0/FIRST/blocks/projectslock/lock.dat
02-09 04:13:16.309  7938  9412 V FileBasedLock: unlocking /storage/emulated/0/FIRST/blocks/projectslock/lock.dat
02-09 04:13:16.319  7938  8765 V Robocol : sending CMD_NOTIFY_ROBOT_STATE(1195), attempt: 0
02-09 04:13:16.319  7938  8765 V Robocol : sending CMD_NOTIFY_ROBOT_STATE(1196), attempt: 0
02-09 04:13:16.339  7938  9412 V OpmodeRegistration: registered {TestOdometry} as {StraightLineOdometryTest}
02-09 04:13:16.339  7938  9412 V OpmodeRegistration: registered {Teleop} as {TeleOp}
02-09 04:13:16.339  7938  9412 V OpmodeRegistration: registered {PhoneIMUTest} as {PhoneIMUTest}
02-09 04:13:16.339  7938  9412 V OpmodeRegistration: registered {LocalizationTest} as {LocalizationTest}
02-09 04:13:16.339  7938  9412 V OpmodeRegistration: registered {FollowerPIDTuner} as {FollowerPIDTuner}
02-09 04:13:16.339  7938  9412 V OpmodeRegistration: registered {FollowerPIDTunerStrafe} as {FollowerPIDTunerStrafe}
02-09 04:13:16.339  7938  9412 V OpmodeRegistration: registered {MainAutonomous} as {Autonomous}
02-09 04:13:16.339  7938  9412 V OpmodeRegistration: registered {ManualStrafeTest} as {ManualStrafeTest}
02-09 04:13:16.349  7938  9412 V OpmodeRegistration: registered {StraightTestV0} as {StraightTestV0}
02-09 04:13:16.349  7938  9412 V OpmodeRegistration: registered {StrafeTest} as {StrafeTest}
02-09 04:13:16.349  7938  9412 V OpmodeRegistration: registered {GyroAccelerometerTest} as {GyroAccelerometerTest}
02-09 04:13:16.349  7938  9412 V OpmodeRegistration: registered {LimitSwitchTest} as {Limit Switch Tester}
02-09 04:13:16.349  7938  9412 V OpmodeRegistration: registered {SplineTest} as {SplineTest}
02-09 04:13:16.349  7938  9412 V OpmodeRegistration: registered {TurnTest} as {TurnTest}
02-09 04:13:16.349  7938  9412 V OpmodeRegistration: registered {PathTest} as {PathTest}
02-09 04:13:16.349  7938  9412 V OpmodeRegistration: registered {ServoTester} as {Servo Tester}
02-09 04:13:16.359  7938  9412 V OpmodeRegistration: registered {VuforiaTest} as {VuforiaTest}
02-09 04:13:16.359  7938  9412 V OpmodeRegistration: registered {TurnTest0} as {TurnTest0}
02-09 04:13:16.359  7938  9412 V OpmodeRegistration: registered {DriveVelocityPIDTuner} as {DriveVelocityPIDTuner}
02-09 04:13:16.359  7938  9412 V OpmodeRegistration: registered {FollowerPIDTunerStraight} as {FollowerPIDTunerStraight}
02-09 04:13:16.359  7938  9412 V OpmodeRegistration: registered {DiagonalTest} as {DiagonalTest}
02-09 04:13:16.359  7938  9412 V OpmodeRegistration: registered {TestMotionplanning} as {MotionPlanningTest}
02-09 04:13:16.379  7938  9412 V HardwareFactory: createHardwareMap()
02-09 04:13:16.379  7938  9412 V WifiDirectInviteMonitor: clearUILynxModule()
02-09 04:13:16.379  7938  7938 I BatteryChecker: percent remaining: 14 is charging: false
02-09 04:13:16.389  7938  9412 V RobotCore: Creating Webcam [3F2DF43F]
02-09 04:13:16.389  7938  9412 V RobotCore: Creating REV Robotics USB Expansion Hub Portal [DQ167WIO]
02-09 04:13:16.389  7938  9412 V LynxUsb : creating new [DQ167WIO]: 0x0fa9db24
02-09 04:13:16.389  7938  9412 V FtDeviceManager: createDeviceInfoList(): 1 USB devices
02-09 04:13:16.399  7938  8765 V Robocol : sending CMD_NOTIFY_ACTIVE_CONFIGURATION(1197), attempt: 0
02-09 04:13:16.399  7938  8765 V Robocol : sending CMD_NOTIFY_USER_DEVICE_LIST(1198), attempt: 0
02-09 04:13:16.399  7938  9412 V FtDevice: vv********************DQ167WIO opening********************vv 0x07939b87
02-09 04:13:16.399  7938  9412 V FtDevice: ^^********************DQ167WIO opened ********************^^
02-09 04:13:16.399  7938  9412 V FtDevice: resetting DQ167WIO
02-09 04:13:16.399  7938  8765 V Robocol : sending CMD_NOTIFY_OP_MODE_LIST(1199), attempt: 0
02-09 04:13:16.409  7938  9412 V LynxUsb : armDevice() serial=DQ167WIO...
02-09 04:13:16.409  7938  9412 V LynxModule: resetDevice() serial=DQ167WIO
02-09 04:13:16.759  7938  9412 V LynxUsb : ...done armDevice()
02-09 04:13:16.759  7938  9412 V LynxUsb : 0x0c69ee89 on 0x0fa9db24: new delegate to [DQ167WIO]
02-09 04:13:16.759  7938  9412 V RobotCore: Creating Lynx Module - mod=2 parent=false
02-09 04:13:16.759  7938  9412 V RobotCore: Creating Lynx Module - mod=3 parent=true
02-09 04:13:16.769  7938  9412 V LynxUsb : addConfiguredModule() module#=3
02-09 04:13:16.769  7938  9412 V LynxModule: pingAndQueryKnownInterfaces mod=3
02-09 04:13:16.769  7938  9438 V RobotCore: thread: 'lynx incoming datagrams' starting...
02-09 04:13:16.769  7938  9438 V LynxUsb : synchronization gained: serial=DQ167WIO
02-09 04:13:16.769  7938  9412 V LynxModule: mod#=3 queryInterface(DEKA)=54 commands starting at 4096
02-09 04:13:16.779  7938  9412 V LynxModule: sending LynxFtdiResetControlCommand(true) wasInterrupted=false
02-09 04:13:16.789  7938  9440 V LynxModule: received status: LynxGetModuleStatusResponse(status=0x02 alerts=0x00: Reset)
02-09 04:13:16.789  7938  9412 V LynxModule: sendLEDPatternSteps(): #steps=8
02-09 04:13:16.799  7938  9412 V LynxUsb : addConfiguredModule() module#=2
02-09 04:13:16.799  7938  9412 V LynxModule: pingAndQueryKnownInterfaces mod=2
02-09 04:13:16.799  7938  9412 V LynxModule: mod#=2 queryInterface(DEKA)=54 commands starting at 4096
02-09 04:13:16.809  7938  9412 V LynxModule: sending LynxFtdiResetControlCommand(true) wasInterrupted=false
02-09 04:13:16.819  7938  9441 V LynxModule: received status: LynxGetModuleStatusResponse(status=0x05 alerts=0x00: KeepAliveTimeout|FailSafe)
02-09 04:13:16.819  7938  9441 V LynxModule: resendCurrentPattern()
02-09 04:13:16.819  7938  9441 V LynxModule: sendLEDPatternSteps(): #steps=0
02-09 04:13:16.819  7938  9412 V LynxModule: sendLEDPatternSteps(): #steps=6
02-09 04:13:16.839  7938  9412 V LynxMotor: initializeHardware() mod#=2
02-09 04:13:16.929  7938  9412 V RobotCore: DcMotorImpl(type=goBILDA5202SeriesMotor)
02-09 04:13:16.949  7938  9412 V RobotCore: DcMotorImpl(type=goBILDA5202SeriesMotor)
02-09 04:13:16.969  7938  9412 V RobotCore: DcMotorImpl(type=goBILDA5202SeriesMotor)
02-09 04:13:16.989  7938  9412 V RobotCore: DcMotorImpl(type=Matrix12vMotor)
02-09 04:13:16.989  7938  9412 V LynxServoController: initializeHardware() mod#=2
02-09 04:13:17.029  7938  9412 V LynxVoltageSensor: initializeHardware() mod#=2
02-09 04:13:17.029  7938  9412 V LynxAnalogInputController: initializeHardware() mod#=2
02-09 04:13:17.029  7938  9412 V LynxDigitalChannelController: initializeHardware() mod#=2
02-09 04:13:17.059  7938  9412 V RobotCore: Creating Digital Channel Device - Type: Digital Device - Port: 3
02-09 04:13:17.059  7938  9412 V RobotCore: Creating user sensor REV Expansion Hub IMU - on Lynx module=2 bus=0
02-09 04:13:17.059  7938  9412 V RobotCore: Creating I2cDeviceSynch (Lynx) - mod=2 bus=0
02-09 04:13:17.059  7938  9412 I RobotCore: LynxFirmwareVersionManager: LynxI2cDeviceSynchV2
02-09 04:13:17.059  7938  9412 V LynxI2cDeviceSynch: initializeHardware() mod#=2
02-09 04:13:17.059  7938  9412 V LynxMotor: initializeHardware() mod#=3
02-09 04:13:17.109  7938  9412 V RobotCore: DcMotorImpl(type=Matrix12vMotor)
02-09 04:13:17.109  7938  9412 V RobotCore: DcMotorImpl(type=goBILDA5202SeriesMotor)
02-09 04:13:17.129  7938  9412 V RobotCore: DcMotorImpl(type=Matrix12vMotor)
02-09 04:13:17.129  7938  9412 V RobotCore: DcMotorImpl(type=Matrix12vMotor)
02-09 04:13:17.129  7938  9412 V LynxServoController: initializeHardware() mod#=3
02-09 04:13:17.169  7938  9412 V LynxVoltageSensor: initializeHardware() mod#=3
02-09 04:13:17.169  7938  9412 V LynxAnalogInputController: initializeHardware() mod#=3
02-09 04:13:17.169  7938  9412 V LynxDigitalChannelController: initializeHardware() mod#=3
02-09 04:13:17.189  7938  9412 V RobotCore: Creating Digital Channel Device - Type: Digital Device - Port: 0
02-09 04:13:17.189  7938  9412 V RobotCore: Creating Digital Channel Device - Type: Digital Device - Port: 1
02-09 04:13:17.189  7938  9412 V RobotCore: Creating user sensor REV Expansion Hub IMU - on Lynx module=3 bus=0
02-09 04:13:17.189  7938  9412 V RobotCore: Creating I2cDeviceSynch (Lynx) - mod=3 bus=0
02-09 04:13:17.189  7938  9412 I RobotCore: LynxFirmwareVersionManager: LynxI2cDeviceSynchV2
02-09 04:13:17.189  7938  9412 V LynxI2cDeviceSynch: initializeHardware() mod#=3
02-09 04:13:17.189  7938  9412 I RobotCore: ========= Device Information ===================================================
02-09 04:13:17.189  7938  9412 I RobotCore: Type                                               Name                           Connection
02-09 04:13:17.189  7938  9412 I RobotCore: Motor                                              frontLeft                      USB DQ167WIO; module 2; port 0
02-09 04:13:17.189  7938  9412 I RobotCore: Motor                                              backLeft                       USB DQ167WIO; module 2; port 1
02-09 04:13:17.189  7938  9412 I RobotCore: Expansion Hub DC Motor Controller                  ExpansionHub2                  USB DQ167WIO; module 2
02-09 04:13:17.189  7938  9412 I RobotCore: Expansion Hub Servo Controller                     ExpansionHub2                  USB DQ167WIO; module 2
02-09 04:13:17.189  7938  9412 I RobotCore: Expansion Hub Voltage Sensor                       ExpansionHub2                  USB DQ167WIO; module 2
02-09 04:13:17.189  7938  9412 I RobotCore: Expansion Hub Analog Input Controller              ExpansionHub2                  USB DQ167WIO; module 2
02-09 04:13:17.189  7938  9412 I RobotCore: Expansion Hub Digital Channel Controller           ExpansionHub2                  USB DQ167WIO; module 2
02-09 04:13:17.199  7938  9412 I RobotCore: Expansion Hub (HW: 20, Maj: 1, Min: 8, Eng: 2)     ExpansionHub2                  USB DQ167WIO; module 2
02-09 04:13:17.199  7938  9412 I RobotCore: Servo                                              transferLock                   USB DQ167WIO; module 2; port 2
02-09 04:13:17.199  7938  9412 I RobotCore: Servo                                              clawInit                       USB DQ167WIO; module 3; port 4
02-09 04:13:17.199  7938  9412 I RobotCore: Digital Device                                     foundationDetectRight          USB DQ167WIO; module 2; digital port 3
02-09 04:13:17.199  7938  9412 I RobotCore: Motor                                              liftTwo                        USB DQ167WIO; module 3; port 3
02-09 04:13:17.199  7938  9412 I RobotCore: Motor                                              backRight                      USB DQ167WIO; module 3; port 1
02-09 04:13:17.199  7938  9412 I RobotCore: Servo                                              redAutoClawJoint2              USB DQ167WIO; module 2; port 4
02-09 04:13:17.199  7938  9412 I RobotCore: Motor                                              rightIntake                    USB DQ167WIO; module 3; port 2
02-09 04:13:17.199  7938  9412 I RobotCore: Servo                                              transferHorn                   USB DQ167WIO; module 2; port 0
02-09 04:13:17.199  7938  9412 I RobotCore: Servo                                              clawServo1                     USB DQ167WIO; module 3; port 2
02-09 04:13:17.199  7938  9412 I RobotCore: Digital Device                                     liftReset                      USB DQ167WIO; module 3; digital port 1
02-09 04:13:17.199  7938  9412 I RobotCore: Servo                                              foundationLock                 USB DQ167WIO; module 3; port 1
02-09 04:13:17.199  7938  9412 I RobotCore: REV Expansion Hub IMU                              imu 1                          USB DQ167WIO; module 3; bus 0; addr7=0x00
02-09 04:13:17.199  7938  9412 I RobotCore: Servo                                              liftOdometry                   USB DQ167WIO; module 3; port 0
02-09 04:13:17.199  7938  9412 I RobotCore: Servo                                              redAutoClawJoint3              USB DQ167WIO; module 2; port 5
02-09 04:13:17.199  7938  9412 I RobotCore: Servo                                              innerTransfer                  USB DQ167WIO; module 3; port 5
02-09 04:13:17.199  7938  9412 I RobotCore: Servo                                              clawServo2                     USB DQ167WIO; module 3; port 3
02-09 04:13:17.199  7938  9412 I RobotCore: Motor                                              liftOne                        USB DQ167WIO; module 2; port 3
02-09 04:13:17.209  7938  9412 I RobotCore: Expansion Hub DC Motor Controller                  ExpansionHub3                  USB DQ167WIO; module 3
02-09 04:13:17.209  7938  9412 I RobotCore: Expansion Hub Servo Controller                     ExpansionHub3                  USB DQ167WIO; module 3
02-09 04:13:17.209  7938  9412 I RobotCore: Expansion Hub Voltage Sensor                       ExpansionHub3                  USB DQ167WIO; module 3
02-09 04:13:17.209  7938  9412 I RobotCore: Expansion Hub Analog Input Controller              ExpansionHub3                  USB DQ167WIO; module 3
02-09 04:13:17.209  7938  9412 I RobotCore: Expansion Hub Digital Channel Controller           ExpansionHub3                  USB DQ167WIO; module 3
02-09 04:13:17.209  7938  9412 I RobotCore: Expansion Hub (HW: 20, Maj: 1, Min: 8, Eng: 2)     ExpansionHub3                  USB DQ167WIO; module 3
02-09 04:13:17.209  7938  9412 I RobotCore: Servo                                              redAutoClawJoint1              USB DQ167WIO; module 2; port 3
02-09 04:13:17.209  7938  9412 I RobotCore: REV Expansion Hub IMU                              imu                            USB DQ167WIO; module 2; bus 0; addr7=0x00
02-09 04:13:17.209  7938  9412 I RobotCore: Motor                                              frontRight                     USB DQ167WIO; module 2; port 2
02-09 04:13:17.209  7938  9412 I RobotCore: Motor                                              leftIntake                     USB DQ167WIO; module 3; port 0
02-09 04:13:17.219  7938  9412 I RobotCore: Logitech HD Pro Webcam C920                        WebcamFront                    USB (3F2DF43F)
02-09 04:13:17.219  7938  9412 I RobotCore: Servo                                              intakeInit                     USB DQ167WIO; module 2; port 1
02-09 04:13:17.219  7938  9412 I RobotCore: REV Robotics USB Expansion Hub Portal              Expansion Hub Portal 1         USB DQ167WIO
02-09 04:13:17.219  7938  9412 I RobotCore: Digital Device                                     foundationDetectLeft           USB DQ167WIO; module 3; digital port 0
02-09 04:13:17.229  7938  9412 I FtcEventLoop: ======= INIT FINISH =======
02-09 04:13:17.229  7938  9412 V RobotCore: EventLoopManager state is RUNNING
02-09 04:13:17.229  7938  9412 V RobotCore: Robot Status: running, starting robot
02-09 04:13:17.229  7938  9412 V RobotCore: Robot Status: running
02-09 04:13:17.239  7938  9412 V RobotCore: thread: ...terminating 'RobotSetupRunnable.run()'
02-09 04:13:17.239  7938  8765 V Robocol : sending CMD_NOTIFY_ROBOT_STATE(1222), attempt: 0
02-09 04:13:17.239  7938  8765 V Robocol : sending CMD_SHOW_TOAST(1223), attempt: 0
02-09 04:13:17.249  7938  9443 V RobotCore: thread: 'opmode loop()' starting...
02-09 04:13:17.259  7938  9443 I RobotCore: Attempting to switch to op mode $Stop$Robot$
02-09 04:13:17.259  7938  8779 D SoundPlayer: playing volume=0.000000 samp=2|ms=4506
02-09 04:13:17.279  7938  8765 V Robocol : sending CMD_PLAY_SOUND(1229), attempt: 0
02-09 04:13:17.279  7938  7938 D ViewRootImpl: #1 mView = android.widget.LinearLayout{c4d7ad9 V.E...... ......I. 0,0-0,0 #10203a7 android:id/toast_layout_root}
02-09 04:13:17.319  7938  8765 V Robocol : sending CMD_NOTIFY_INIT_OP_MODE(1230), attempt: 0
02-09 04:13:17.329  7938  7938 D ViewRootImpl: MSG_RESIZED_REPORT: ci=Rect(0, 0 - 0, 0) vi=Rect(0, 0 - 0, 0) or=1
02-09 04:13:17.449  7938  8738 V Robocol : received command: CMD_RUN_OP_MODE(11062) $Stop$Robot$
02-09 04:13:17.449  7938  8737 I BatteryChecker: percent remaining: 14 is charging: false
02-09 04:13:17.479  7938  8765 V Robocol : sending CMD_NOTIFY_RUN_OP_MODE(1238), attempt: 0
02-09 04:13:19.309  7938  7938 D ViewRootImpl: #3 mView = null
02-09 04:13:21.379  7938  7938 I BatteryChecker: percent remaining: 14 is charging: false
02-09 04:13:33.219  7938  8738 V Robocol : received command: CMD_SET_MATCH_NUMBER(11265) 0
02-09 04:13:33.219  7938  8738 V Robocol : received command: CMD_INIT_OP_MODE(11266) PathTest
02-09 04:13:33.229  7938  8737 I BatteryChecker: percent remaining: 14 is charging: false
02-09 04:13:33.229  7938  8737 I BatteryChecker: percent remaining: 14 is charging: false
02-09 04:13:33.239  7938  8737 I RobotCore: ******************** START - OPMODE PathTest ********************
02-09 04:13:33.249  7938  9443 I RobotCore: Attempting to switch to op mode PathTest
02-09 04:13:33.579  7938  9443 D RevExtensions2: Hotswapping hardware map
02-09 04:13:33.579  7938  9443 V RobotCore: DcMotorImpl(type=goBILDA5202SeriesMotor)
02-09 04:13:33.589  7938  9443 V RobotCore: DcMotorImpl(type=Matrix12vMotor)
02-09 04:13:33.589  7938  9443 V RobotCore: DcMotorImpl(type=Matrix12vMotor)
02-09 04:13:33.589  7938  9443 V RobotCore: DcMotorImpl(type=goBILDA5202SeriesMotor)
02-09 04:13:33.599  7938  9443 V RobotCore: DcMotorImpl(type=goBILDA5202SeriesMotor)
02-09 04:13:33.609  7938  9443 V RobotCore: DcMotorImpl(type=Matrix12vMotor)
02-09 04:13:33.609  7938  9443 V RobotCore: DcMotorImpl(type=goBILDA5202SeriesMotor)
02-09 04:13:33.609  7938  9443 V RobotCore: DcMotorImpl(type=Matrix12vMotor)
02-09 04:13:33.619  7938  9516 V RobotCore: thread: 'LinearOpMode main' starting...
02-09 04:13:33.619  7938  9516 D DriveConstants: configured to NOT using property values
02-09 04:13:33.619  7938  9516 D DriveConstants: Velocity PID    kP: 1.72, kI: 0.172, kD: 0.0
02-09 04:13:33.629  7938  9516 D DriveConstants: (non-strafe) maxVel: 75.000000, maxAccel: 35.000000
02-09 04:13:33.629  7938  9516 D DriveConstants: (strafe) maxVel: 30.000000, maxAccel: 10.000000
02-09 04:13:33.629  7938  9516 D DriveConstants: xTransitional PID   txP: 5.0 txI: 0.5 txD: 0.0
02-09 04:13:33.629  7938  9516 D DriveConstants: yTransitional PID   tyP: 5.0 tyI: 10.0 tyD: 1.0E-5
02-09 04:13:33.629  7938  9516 D DriveConstants: Heading PID   hP: 10.0 hI: 0.5 hD: 1.0E-5
02-09 04:13:33.629  7938  9516 D DriveConstants: test distance: 48.0  24.0
02-09 04:13:33.629  7938  9516 D DriveConstants: test skystone position (no detection): 3.0
02-09 04:13:33.629  7938  9516 D DriveConstants: pause time between move: 1.0
02-09 04:13:33.629  7938  9516 D DriveConstants: using IMU in localizer? : 1
02-09 04:13:33.629  7938  9516 D DriveConstants: enable ARM actions (disable for path test)? : 1
02-09 04:13:33.629  7938  9516 D DriveConstants: IMU polling interval? : 10.0
02-09 04:13:33.629  7938  9516 D DriveConstants: correcting drv in automonous? : 0
02-09 04:13:33.629  7938  9516 D DriveConstants: using STRAFE in diagonal move? : 1
02-09 04:13:33.629  7938  9516 D DriveConstants: reset follower? : 1
02-09 04:13:33.629  7938  9516 D DriveConstants: using Vuforia in localizer (override IMU and odom)? : 0
02-09 04:13:33.629  7938  9516 D DriveConstants: Driving wheel width? : 14.2
02-09 04:13:33.629  7938  9516 D DriveConstants: using Odometry? : 0
