02-09 04:13:40.779  7938  9448 E RobotCore:     at android.os.Looper.loop(Looper.java:143)
02-09 04:13:40.779  7938  9448 E RobotCore:     at android.app.ActivityThread.main(ActivityThread.java:7224)
02-09 04:13:40.779  7938  9448 E RobotCore:     at java.lang.reflect.Method.invoke(Native Method)
02-09 04:13:40.779  7938  9448 E RobotCore:     at com.android.internal.os.ZygoteInit$MethodAndArgsCaller.run(ZygoteInit.java:1230)
02-09 04:13:40.779  7938  9448 E RobotCore:     at com.android.internal.os.ZygoteInit.main(ZygoteInit.java:1120)
02-09 04:13:40.779  7938  9448 E RobotCore: thread id=5146 tid=0 name="Binder_2"
02-09 04:13:40.779  7938  9448 E RobotCore: thread id=5214 tid=0 name="readBufferManager"
02-09 04:13:40.779  7938  9448 E RobotCore:     at java.lang.Object.wait(Native Method)
02-09 04:13:40.779  7938  9448 E RobotCore:     at org.firstinspires.ftc.robotcore.internal.ftdi.ReadBufferManager.acquireReadableInputBuffer(ReadBufferManager.java:242)
02-09 04:13:40.779  7938  9448 E RobotCore:     at org.firstinspires.ftc.robotcore.internal.ftdi.ReadBufferWorker.run(ReadBufferWorker.java:61)
02-09 04:13:40.779  7938  9448 E RobotCore:     at org.firstinspires.ftc.robotcore.internal.ftdi.FtDevice$ThreadHelper$1.run(FtDevice.java:1450)
02-09 04:13:40.779  7938  9448 E RobotCore:     at java.lang.Thread.run(Thread.java:818)
02-09 04:13:40.779  7938  9448 E RobotCore: thread id=5147 tid=0 name="Logging Thread"
02-09 04:13:40.779  7938  9448 E RobotCore:     at java.lang.Object.wait(Native Method)
02-09 04:13:40.779  7938  9448 E RobotCore:     at java.lang.ProcessManager$ProcessImpl.waitFor(ProcessManager.java:296)
02-09 04:13:40.779  7938  9448 E RobotCore:     at com.qualcomm.robotcore.util.RunShellCommand.runCommand(RunShellCommand.java:99)
02-09 04:13:40.779  7938  9448 E RobotCore:     at com.qualcomm.robotcore.util.RunShellCommand.run(RunShellCommand.java:71)
02-09 04:13:40.779  7938  9448 E RobotCore:     at com.qualcomm.robotcore.util.RobotLog$LoggingThread.run(RobotLog.java:72)
02-09 04:13:40.779  7938  9448 E RobotCore:     at com.qualcomm.robotcore.util.RobotLog$1.run(RobotLog.java:578)
02-09 04:13:40.779  7938  9448 E RobotCore: thread id=5149 tid=0 name="Binder_3"
02-09 04:13:40.779  7938  9448 E RobotCore: thread id=5213 tid=0 name="bulkPacketInWorker"
02-09 04:13:40.779  7938  9448 E RobotCore:     at android.hardware.usb.UsbDeviceConnection.native_bulk_request(Native Method)
02-09 04:13:40.779  7938  9448 E RobotCore:     at android.hardware.usb.UsbDeviceConnection.bulkTransfer(UsbDeviceConnection.java:259)
02-09 04:13:40.779  7938  9448 E RobotCore:     at org.firstinspires.ftc.robotcore.internal.ftdi.MonitoredUsbDeviceConnection.bulkTransfer(MonitoredUsbDeviceConnection.java:294)
02-09 04:13:40.779  7938  9448 E RobotCore:     at org.firstinspires.ftc.robotcore.internal.ftdi.BulkPacketInWorker.run(BulkPacketInWorker.java:108)
02-09 04:13:40.779  7938  9448 E RobotCore:     at org.firstinspires.ftc.robotcore.internal.ftdi.FtDevice$ThreadHelper$1.run(FtDevice.java:1450)
02-09 04:13:40.779  7938  9448 E RobotCore:     at java.lang.Thread.run(Thread.java:818)
02-09 04:13:40.779  7938  9448 E RobotCore: thread id=5172 tid=0 name="WebSocketWorker-5172"
02-09 04:13:40.779  7938  9448 E RobotCore:     at java.lang.Object.wait(Native Method)
02-09 04:13:40.779  7938  9448 E RobotCore:     at java.lang.Thread.parkFor$(Thread.java:1220)
02-09 04:13:40.779  7938  9448 E RobotCore:     at sun.misc.Unsafe.park(Unsafe.java:299)
02-09 04:13:40.779  7938  9448 E RobotCore:     at java.util.concurrent.locks.LockSupport.park(LockSupport.java:158)
02-09 04:13:40.779  7938  9448 E RobotCore:     at java.util.concurrent.locks.AbstractQueuedSynchronizer$ConditionObject.await(AbstractQueuedSynchronizer.java:2013)
02-09 04:13:40.779  7938  9448 E RobotCore:     at java.util.concurrent.LinkedBlockingQueue.take(LinkedBlockingQueue.java:410)
02-09 04:13:40.779  7938  9448 E RobotCore:     at org.java_websocket.server.WebSocketServer$WebSocketWorker.run(WebSocketServer.java:990)
02-09 04:13:40.779  7938  9448 E RobotCore: thread id=5145 tid=0 name="Binder_1"
02-09 04:13:40.779  7938  9448 E RobotCore: thread id=5163 tid=0 name="WifiManager"
02-09 04:13:40.779  7938  9448 E RobotCore:     at android.os.MessageQueue.nativePollOnce(Native Method)
02-09 04:13:40.779  7938  9448 E RobotCore:     at android.os.MessageQueue.next(MessageQueue.java:323)
02-09 04:13:40.789  7938  9448 E RobotCore:     at android.os.Looper.loop(Looper.java:143)
02-09 04:13:40.789  7938  9448 E RobotCore:     at android.os.HandlerThread.run(HandlerThread.java:61)
02-09 04:13:40.789  7938  9448 E RobotCore: thread id=5210 tid=9412 name="RobotSetupRunnable.run()"
02-09 04:13:40.789  7938  9448 E RobotCore:     at java.lang.Object.wait(Native Method)
02-09 04:13:40.789  7938  9448 E RobotCore:     at java.lang.Thread.parkFor$(Thread.java:1220)
02-09 04:13:40.789  7938  9448 E RobotCore:     at sun.misc.Unsafe.park(Unsafe.java:299)
02-09 04:13:40.789  7938  9448 E RobotCore:     at java.util.concurrent.locks.LockSupport.parkNanos(LockSupport.java:198)
02-09 04:13:40.789  7938  9448 E RobotCore:     at java.util.concurrent.SynchronousQueue$TransferStack.awaitFulfill(SynchronousQueue.java:430)
02-09 04:13:40.789  7938  9448 E RobotCore:     at java.util.concurrent.SynchronousQueue$TransferStack.transfer(SynchronousQueue.java:332)
02-09 04:13:40.789  7938  9448 E RobotCore:     at java.util.concurrent.SynchronousQueue.poll(SynchronousQueue.java:911)
02-09 04:13:40.789  7938  9448 E RobotCore:     at java.util.concurrent.ThreadPoolExecutor.getTask(ThreadPoolExecutor.java:1036)
02-09 04:13:40.789  7938  9448 E RobotCore:     at java.util.concurrent.ThreadPoolExecutor.runWorker(ThreadPoolExecutor.java:1098)
02-09 04:13:40.789  7938  9448 E RobotCore:     at java.util.concurrent.ThreadPoolExecutor$Worker.run(ThreadPoolExecutor.java:588)
02-09 04:13:40.789  7938  9448 E RobotCore:     at com.qualcomm.robotcore.util.ThreadPool$ThreadFactoryImpl$1.run(ThreadPool.java:793)
02-09 04:13:40.789  7938  9448 E RobotCore:     at java.lang.Thread.run(Thread.java:818)
02-09 04:13:40.789  7938  9448 E RobotCore: thread id=5148 tid=0 name="java.lang.ProcessManager"
02-09 04:13:40.789  7938  9448 E RobotCore:     at libcore.io.Posix.waitpid(Native Method)
02-09 04:13:40.789  7938  9448 E RobotCore:     at libcore.io.ForwardingOs.waitpid(ForwardingOs.java:173)
02-09 04:13:40.789  7938  9448 E RobotCore:     at java.lang.ProcessManager.watchChildren(ProcessManager.java:86)
02-09 04:13:40.789  7938  9448 E RobotCore:     at java.lang.ProcessManager.access$000(ProcessManager.java:40)
02-09 04:13:40.789  7938  9448 E RobotCore:     at java.lang.ProcessManager$1.run(ProcessManager.java:58)
02-09 04:13:40.789  7938  9448 E RobotCore: thread id=5197 tid=8814 name="SoundPlayerScheduler-#0"
02-09 04:13:40.789  7938  9448 E RobotCore:     at java.lang.Object.wait(Native Method)
02-09 04:13:40.789  7938  9448 E RobotCore:     at java.lang.Thread.parkFor$(Thread.java:1220)
02-09 04:13:40.789  7938  9448 E RobotCore:     at sun.misc.Unsafe.park(Unsafe.java:299)
02-09 04:13:40.789  7938  9448 E RobotCore:     at java.util.concurrent.locks.LockSupport.park(LockSupport.java:158)
02-09 04:13:40.789  7938  9448 E RobotCore:     at java.util.concurrent.locks.AbstractQueuedSynchronizer$ConditionObject.await(AbstractQueuedSynchronizer.java:2013)
02-09 04:13:40.789  7938  9448 E RobotCore:     at java.util.concurrent.ScheduledThreadPoolExecutor$DelayedWorkQueue.take(ScheduledThreadPoolExecutor.java:1078)
02-09 04:13:40.789  7938  9448 E RobotCore:     at java.util.concurrent.ScheduledThreadPoolExecutor$DelayedWorkQueue.take(ScheduledThreadPoolExecutor.java:806)
02-09 04:13:40.789  7938  9448 E RobotCore:     at java.util.concurrent.ThreadPoolExecutor.getTask(ThreadPoolExecutor.java:1036)
02-09 04:13:40.789  7938  9448 E RobotCore:     at java.util.concurrent.ThreadPoolExecutor.runWorker(ThreadPoolExecutor.java:1098)
02-09 04:13:40.789  7938  9448 E RobotCore:     at java.util.concurrent.ThreadPoolExecutor$Worker.run(ThreadPoolExecutor.java:588)
02-09 04:13:40.789  7938  9448 E RobotCore:     at com.qualcomm.robotcore.util.ThreadPool$ThreadFactoryImpl$1.run(ThreadPool.java:793)
02-09 04:13:40.789  7938  9448 E RobotCore:     at java.lang.Thread.run(Thread.java:818)
02-09 04:13:40.789  7938  9448 E RobotCore: thread id=5217 tid=9440 name="lynx module executor-#0"
02-09 04:13:40.789  7938  9448 E RobotCore:     at java.lang.Object.wait(Native Method)
02-09 04:13:40.789  7938  9448 E RobotCore:     at java.lang.Thread.parkFor$(Thread.java:1220)
02-09 04:13:40.789  7938  9448 E RobotCore:     at sun.misc.Unsafe.park(Unsafe.java:299)
02-09 04:13:40.789  7938  9448 E RobotCore:     at java.util.concurrent.locks.LockSupport.park(LockSupport.java:158)
02-09 04:13:40.789  7938  9448 E RobotCore:     at java.util.concurrent.locks.AbstractQueuedSynchronizer.parkAndCheckInterrupt(AbstractQueuedSynchronizer.java:810)
02-09 04:13:40.789  7938  9448 E RobotCore:     at java.util.concurrent.locks.AbstractQueuedSynchronizer.acquireQueued(AbstractQueuedSynchronizer.java:843)
02-09 04:13:40.789  7938  9448 E RobotCore:     at java.util.concurrent.locks.AbstractQueuedSynchronizer.acquire(AbstractQueuedSynchronizer.java:1172)
02-09 04:13:40.789  7938  9448 E RobotCore:     at java.util.concurrent.locks.ReentrantLock$FairSync.lock(ReentrantLock.java:196)
02-09 04:13:40.789  7938  9448 E RobotCore:     at java.util.concurrent.locks.ReentrantLock.lock(ReentrantLock.java:257)
02-09 04:13:40.789  7938  9448 E RobotCore:     at com.qualcomm.hardware.lynx.MessageKeyedLock.acquire(MessageKeyedLock.java:146)
02-09 04:13:40.789  7938  9448 E RobotCore:     at com.qualcomm.hardware.lynx.LynxUsbDeviceImpl.acquireNetworkTransmissionLock(LynxUsbDeviceImpl.java:713)
02-09 04:13:40.789  7938  9448 E RobotCore:     at com.qualcomm.hardware.lynx.LynxUsbDeviceDelegate.acquireNetworkTransmissionLock(LynxUsbDeviceDelegate.java:186)
02-09 04:13:40.789  7938  9448 E RobotCore:     at com.qualcomm.hardware.lynx.LynxModule.acquireNetworkTransmissionLock(LynxModule.java:1355)
02-09 04:13:40.789  7938  9448 E RobotCore:     at com.qualcomm.hardware.lynx.commands.LynxMessage.acquireNetworkLock(LynxMessage.java:130)
02-09 04:13:40.789  7938  9448 E RobotCore:     at com.qualcomm.hardware.lynx.commands.LynxRespondable.sendReceive(LynxRespondable.java:249)
02-09 04:13:40.789  7938  9448 E RobotCore:     at com.qualcomm.hardware.lynx.LynxModule.sendGetModuleStatusAndProcessResponse(LynxModule.java:451)
02-09 04:13:40.789  7938  9448 E RobotCore:     at com.qualcomm.hardware.lynx.LynxModule$2.run(LynxModule.java:423)
02-09 04:13:40.789  7938  9448 E RobotCore:     at java.util.concurrent.Executors$RunnableAdapter.call(Executors.java:423)
02-09 04:13:40.789  7938  9448 E RobotCore:     at java.util.concurrent.FutureTask.run(FutureTask.java:237)
02-09 04:13:40.789  7938  9448 E RobotCore:     at java.util.concurrent.ScheduledThreadPoolExecutor$ScheduledFutureTask.access$201(ScheduledThreadPoolExecutor.java:154)
02-09 04:13:40.789  7938  9448 E RobotCore:     at java.util.concurrent.ScheduledThreadPoolExecutor$ScheduledFutureTask.run(ScheduledThreadPoolExecutor.java:269)
02-09 04:13:40.789  7938  9448 E RobotCore:     at java.util.concurrent.ThreadPoolExecutor.runWorker(ThreadPoolExecutor.java:1113)
02-09 04:13:40.789  7938  9448 E RobotCore:     at java.util.concurrent.ThreadPoolExecutor$Worker.run(ThreadPoolExecutor.java:588)
02-09 04:13:40.789  7938  9448 E RobotCore:     at com.qualcomm.robotcore.util.ThreadPool$ThreadFactoryImpl$1.run(ThreadPool.java:793)
02-09 04:13:40.789  7938  9448 E RobotCore:     at java.lang.Thread.run(Thread.java:818)
02-09 04:13:40.789  7938  9448 E RobotCore: thread id=5183 tid=8737 name="ReceiveLoopService-#0"
02-09 04:13:40.789  7938  9448 E RobotCore:     at java.lang.Object.wait(Native Method)
02-09 04:13:40.789  7938  9448 E RobotCore:     at java.lang.Thread.parkFor$(Thread.java:1220)
02-09 04:13:40.789  7938  9448 E RobotCore:     at sun.misc.Unsafe.park(Unsafe.java:299)
02-09 04:13:40.789  7938  9448 E RobotCore:     at java.util.concurrent.locks.LockSupport.park(LockSupport.java:158)
02-09 04:13:40.789  7938  9448 E RobotCore:     at java.util.concurrent.locks.AbstractQueuedSynchronizer$ConditionObject.await(AbstractQueuedSynchronizer.java:2013)
02-09 04:13:40.789  7938  9448 E RobotCore:     at java.util.concurrent.LinkedBlockingDeque.takeFirst(LinkedBlockingDeque.java:460)
02-09 04:13:40.789  7938  9448 E RobotCore:     at org.firstinspires.ftc.robotcore.internal.network.RecvLoopRunnable$CommandProcessor.run(RecvLoopRunnable.java:102)
02-09 04:13:40.789  7938  9448 E RobotCore:     at java.util.concurrent.ThreadPoolExecutor.runWorker(ThreadPoolExecutor.java:1113)
02-09 04:13:40.789  7938  9448 E RobotCore:     at java.util.concurrent.ThreadPoolExecutor$Worker.run(ThreadPoolExecutor.java:588)
02-09 04:13:40.789  7938  9448 E RobotCore:     at com.qualcomm.robotcore.util.ThreadPool$ThreadFactoryImpl$1.run(ThreadPool.java:793)
02-09 04:13:40.789  7938  9448 E RobotCore:     at java.lang.Thread.run(Thread.java:818)
02-09 04:13:40.789  7938  9448 E RobotCore: thread id=5139 tid=0 name="Signal Catcher"
02-09 04:13:40.789  7938  9448 E RobotCore: thread id=5159 tid=0 name="GoogleApiHandler"
02-09 04:13:40.789  7938  9448 E RobotCore:     at android.os.MessageQueue.nativePollOnce(Native Method)
02-09 04:13:40.789  7938  9448 E RobotCore:     at android.os.MessageQueue.next(MessageQueue.java:323)
02-09 04:13:40.799  7938  9448 E RobotCore:     at android.os.Looper.loop(Looper.java:143)
02-09 04:13:40.799  7938  9448 E RobotCore:     at android.os.HandlerThread.run(HandlerThread.java:61)
02-09 04:13:40.799  7938  9448 E RobotCore: thread id=5161 tid=0 name="ThreadPoolForeg"
02-09 04:13:40.799  7938  9448 E RobotCore: thread id=5164 tid=0 name="PlatformServiceBridgeHandlerThread"
02-09 04:13:40.799  7938  9448 E RobotCore:     at android.os.MessageQueue.nativePollOnce(Native Method)
02-09 04:13:40.799  7938  9448 E RobotCore:     at android.os.MessageQueue.next(MessageQueue.java:323)
02-09 04:13:40.799  7938  9448 E RobotCore:     at android.os.Looper.loop(Looper.java:143)
02-09 04:13:40.799  7938  9448 E RobotCore:     at android.os.HandlerThread.run(HandlerThread.java:61)
02-09 04:13:40.799  7938  9448 E RobotCore: thread id=5180 tid=0 name="connectionLostChecker-1"
02-09 04:13:40.799  7938  9448 E RobotCore:     at java.lang.Object.wait(Native Method)
02-09 04:13:40.799  7938  9448 E RobotCore:     at java.lang.Thread.parkFor$(Thread.java:1220)
02-09 04:13:40.799  7938  9448 E RobotCore:     at sun.misc.Unsafe.park(Unsafe.java:299)
02-09 04:13:40.799  7938  9448 E RobotCore:     at java.util.concurrent.locks.LockSupport.parkNanos(LockSupport.java:198)
02-09 04:13:40.799  7938  9448 E RobotCore:     at java.util.concurrent.locks.AbstractQueuedSynchronizer$ConditionObject.awaitNanos(AbstractQueuedSynchronizer.java:2053)
02-09 04:13:40.799  7938  9448 E RobotCore:     at java.util.concurrent.ScheduledThreadPoolExecutor$DelayedWorkQueue.take(ScheduledThreadPoolExecutor.java:1090)
02-09 04:13:40.799  7938  9448 E RobotCore:     at java.util.concurrent.ScheduledThreadPoolExecutor$DelayedWorkQueue.take(ScheduledThreadPoolExecutor.java:806)
02-09 04:13:40.799  7938  9448 E RobotCore:     at java.util.concurrent.ThreadPoolExecutor.getTask(ThreadPoolExecutor.java:1036)
02-09 04:13:40.799  7938  9448 E RobotCore:     at java.util.concurrent.ThreadPoolExecutor.runWorker(ThreadPoolExecutor.java:1098)
02-09 04:13:40.799  7938  9448 E RobotCore:     at java.util.concurrent.ThreadPoolExecutor$Worker.run(ThreadPoolExecutor.java:588)
02-09 04:13:40.799  7938  9448 E RobotCore:     at java.lang.Thread.run(Thread.java:818)
02-09 04:13:40.799  7938  9448 E RobotCore: thread id=5190 tid=0 name="pool-16-thread-1"
02-09 04:13:40.799  7938  9448 E RobotCore:     at java.lang.Object.wait(Native Method)
02-09 04:13:40.799  7938  9448 E RobotCore:     at java.lang.Thread.parkFor$(Thread.java:1220)
02-09 04:13:40.799  7938  9448 E RobotCore:     at sun.misc.Unsafe.park(Unsafe.java:299)
02-09 04:13:40.799  7938  9448 E RobotCore:     at java.util.concurrent.locks.LockSupport.parkNanos(LockSupport.java:198)
02-09 04:13:40.799  7938  9448 E RobotCore:     at java.util.concurrent.locks.AbstractQueuedSynchronizer$ConditionObject.awaitNanos(AbstractQueuedSynchronizer.java:2053)
02-09 04:13:40.799  7938  9448 E RobotCore:     at java.util.concurrent.ScheduledThreadPoolExecutor$DelayedWorkQueue.take(ScheduledThreadPoolExecutor.java:1090)
02-09 04:13:40.799  7938  9448 E RobotCore:     at java.util.concurrent.ScheduledThreadPoolExecutor$DelayedWorkQueue.take(ScheduledThreadPoolExecutor.java:806)
02-09 04:13:40.799  7938  9448 E RobotCore:     at java.util.concurrent.ThreadPoolExecutor.getTask(ThreadPoolExecutor.java:1036)
02-09 04:13:40.799  7938  9448 E RobotCore:     at java.util.concurrent.ThreadPoolExecutor.runWorker(ThreadPoolExecutor.java:1098)
02-09 04:13:40.799  7938  9448 E RobotCore:     at java.util.concurrent.ThreadPoolExecutor$Worker.run(ThreadPoolExecutor.java:588)
02-09 04:13:40.799  7938  9448 E RobotCore:     at java.lang.Thread.run(Thread.java:818)
02-09 04:13:40.799  7938  9448 E RobotCore: thread id=5144 tid=0 name="HeapTaskDaemon"
02-09 04:13:40.799  7938  9448 E RobotCore:     at dalvik.system.VMRuntime.runHeapTasks(Native Method)
02-09 04:13:40.799  7938  9448 E RobotCore:     at java.lang.Daemons$HeapTaskDaemon.run(Daemons.java:370)
02-09 04:13:40.799  7938  9448 E RobotCore:     at java.lang.Thread.run(Thread.java:818)
02-09 04:13:40.799  7938  8779 D SoundPlayer: playing volume=0.000000 samp=3|ms=4580
02-09 04:13:40.799  7938  9448 E RobotCore: thread id=5140 tid=0 name="JDWP"
02-09 04:13:40.799  7938  9448 E RobotCore: thread id=5162 tid=0 name="NetworkService"
02-09 04:13:40.799  7938  9448 E RobotCore: thread id=5194 tid=8779 name="SoundPlayer-#0"
02-09 04:13:40.799  7938  9448 E RobotCore:     at java.lang.Object.wait(Native Method)
02-09 04:13:40.799  7938  9448 E RobotCore:     at java.lang.Thread.parkFor$(Thread.java:1220)
02-09 04:13:40.799  7938  9448 E RobotCore:     at sun.misc.Unsafe.park(Unsafe.java:299)
02-09 04:13:40.799  7938  9448 E RobotCore:     at java.util.concurrent.locks.LockSupport.park(LockSupport.java:158)
02-09 04:13:40.799  7938  9448 E RobotCore:     at java.util.concurrent.locks.AbstractQueuedSynchronizer$ConditionObject.await(AbstractQueuedSynchronizer.java:2013)
02-09 04:13:40.799  7938  9448 E RobotCore:     at java.util.concurrent.LinkedBlockingQueue.take(LinkedBlockingQueue.java:410)
02-09 04:13:40.799  7938  9448 E RobotCore:     at java.util.concurrent.ThreadPoolExecutor.getTask(ThreadPoolExecutor.java:1036)
02-09 04:13:40.799  7938  9448 E RobotCore:     at java.util.concurrent.ThreadPoolExecutor.runWorker(ThreadPoolExecutor.java:1098)
02-09 04:13:40.799  7938  9448 E RobotCore:     at java.util.concurrent.ThreadPoolExecutor$Worker.run(ThreadPoolExecutor.java:588)
02-09 04:13:40.799  7938  9448 E RobotCore:     at com.qualcomm.robotcore.util.ThreadPool$ThreadFactoryImpl$1.run(ThreadPool.java:793)
02-09 04:13:40.799  7938  9448 E RobotCore:     at java.lang.Thread.run(Thread.java:818)
02-09 04:13:40.799  7938  9448 E RobotCore: thread id=5166 tid=0 name="ThreadPoolForeg"
02-09 04:13:40.799  7938  9448 E RobotCore: thread id=5212 tid=9415 name="default threadpool-#3"
02-09 04:13:40.799  7938  9448 E RobotCore:     at java.lang.Object.wait(Native Method)
02-09 04:13:40.799  7938  9448 E RobotCore:     at java.lang.Thread.parkFor$(Thread.java:1220)
02-09 04:13:40.799  7938  9448 E RobotCore:     at sun.misc.Unsafe.park(Unsafe.java:299)
02-09 04:13:40.799  7938  9448 E RobotCore:     at java.util.concurrent.locks.LockSupport.parkNanos(LockSupport.java:198)
02-09 04:13:40.799  7938  9448 E RobotCore:     at java.util.concurrent.SynchronousQueue$TransferStack.awaitFulfill(SynchronousQueue.java:430)
02-09 04:13:40.799  7938  9448 E RobotCore:     at java.util.concurrent.SynchronousQueue$TransferStack.transfer(SynchronousQueue.java:332)
02-09 04:13:40.799  7938  9448 E RobotCore:     at java.util.concurrent.SynchronousQueue.poll(SynchronousQueue.java:911)
02-09 04:13:40.799  7938  9448 E RobotCore:     at java.util.concurrent.ThreadPoolExecutor.getTask(ThreadPoolExecutor.java:1036)
02-09 04:13:40.799  7938  9448 E RobotCore:     at java.util.concurrent.ThreadPoolExecutor.runWorker(ThreadPoolExecutor.java:1098)
02-09 04:13:40.799  7938  9448 E RobotCore:     at java.util.concurrent.ThreadPoolExecutor$Worker.run(ThreadPoolExecutor.java:588)
02-09 04:13:40.799  7938  9448 E RobotCore:     at com.qualcomm.robotcore.util.ThreadPool$ThreadFactoryImpl$1.run(ThreadPool.java:793)
02-09 04:13:40.799  7938  9448 E RobotCore:     at java.lang.Thread.run(Thread.java:818)
02-09 04:13:40.799  7938  9448 E RobotCore: thread id=5192 tid=0 name="SoundPool"
02-09 04:13:40.809  7938  9516 V RobotCore: timeout: abandoning waiting 250ms for ack: cmd=LynxI2cWriteReadMultipleBytesCommand mod=2 msg#=0
02-09 04:13:40.809  7938  9516 V RobotCore: nack rec'd mod=2 msg#=0 ref#=0 reason=ABANDONED_WAITING_FOR_ACK:257
02-09 04:13:40.809  7938  9516 F Assert  : assertion failed: 0x08846923 on 0x01021608: closed
02-09 04:13:40.809  7938  9516 E Assert  : java.lang.RuntimeException: assertion failed: 0x08846923 on 0x01021608: closed
02-09 04:13:40.809  7938  9516 E Assert  : 	at org.firstinspires.ftc.robotcore.internal.system.Assert.assertFailed(Assert.java:140)
02-09 04:13:40.819  7938  9516 E Assert  : 	at org.firstinspires.ftc.robotcore.internal.system.Assert.assertTrue(Assert.java:94)
02-09 04:13:40.819  7938  9516 E Assert  : 	at com.qualcomm.hardware.lynx.LynxUsbDeviceDelegate.assertOpen(LynxUsbDeviceDelegate.java:102)
02-09 04:13:40.819  7938  9516 E Assert  : 	at com.qualcomm.hardware.lynx.LynxUsbDeviceDelegate.getSerialNumber(LynxUsbDeviceDelegate.java:255)
02-09 04:13:40.819  7938  9516 E Assert  : 	at com.qualcomm.hardware.lynx.LynxModule.getSerialNumber(LynxModule.java:605)
02-09 04:13:40.819  7938  9516 E Assert  : 	at com.qualcomm.hardware.lynx.LynxController$PretendLynxModule.getSerialNumber(LynxController.java:434)
02-09 04:13:40.819  7938  9516 E Assert  : 	at com.qualcomm.hardware.lynx.LynxNackException.<init>(LynxNackException.java:58)
02-09 04:13:40.819  7938  9516 E Assert  : 	at com.qualcomm.hardware.lynx.commands.LynxRespondable.throwIfNack(LynxRespondable.java:325)
02-09 04:13:40.819  7938  9516 E Assert  : 	at com.qualcomm.hardware.lynx.commands.LynxRespondable.send(LynxRespondable.java:239)
02-09 04:13:40.819  7938  9516 E Assert  : 	at com.qualcomm.hardware.lynx.LynxI2cDeviceSynchV2$1.get(LynxI2cDeviceSynchV2.java:66)
02-09 04:13:40.819  7938  9516 E Assert  : 	at com.qualcomm.hardware.lynx.LynxI2cDeviceSynchV2$1.get(LynxI2cDeviceSynchV2.java:62)
02-09 04:13:40.819  7938  9516 E Assert  : 	at com.qualcomm.hardware.lynx.LynxController$PretendLynxModule.acquireI2cLockWhile(LynxController.java:440)
02-09 04:13:40.819  7938  9516 E Assert  : 	at com.qualcomm.hardware.lynx.LynxI2cDeviceSynch.acquireI2cLockWhile(LynxI2cDeviceSynch.java:371)
02-09 04:13:40.819  7938  9516 E Assert  : 	at com.qualcomm.hardware.lynx.LynxI2cDeviceSynchV2.readTimeStamped(LynxI2cDeviceSynchV2.java:61)
02-09 04:13:40.819  7938  9516 E Assert  : 	at com.qualcomm.robotcore.hardware.I2cDeviceSynchImplOnSimple.readTimeStamped(I2cDeviceSynchImplOnSimple.java:490)
02-09 04:13:40.819  7938  9516 E Assert  : 	at com.qualcomm.hardware.bosch.BNO055IMUImpl.getVector(BNO055IMUImpl.java:740)
02-09 04:13:40.819  7938  9516 E Assert  : 	at com.qualcomm.hardware.bosch.BNO055IMUImpl.getAngularOrientation(BNO055IMUImpl.java:666)
02-09 04:13:40.819  7938  9516 E Assert  : 	at org.firstinspires.ftc.teamcode.PID.localizer.IMUBufferReader.getLatestIMUData(IMUBufferReader.java:103)
02-09 04:13:40.819  7938  9516 E Assert  : 	at org.firstinspires.ftc.teamcode.PID.mecanum.SampleMecanumDriveREVOptimized.getRawExternalHeading(SampleMecanumDriveREVOptimized.java:225)
02-09 04:13:40.819  7938  9516 E Assert  : 	at com.acmerobotics.roadrunner.drive.Drive.setExternalHeading(Drive.kt:31)
02-09 04:13:40.819  7938  9516 E Assert  : 	at com.acmerobotics.roadrunner.drive.MecanumDrive$MecanumLocalizer.setPoseEstimate(MecanumDrive.kt:42)
02-09 04:13:40.819  7938  9516 E Assert  : 	at org.firstinspires.ftc.teamcode.Autonomous.Path.DriveBuilderReset(Path.java:199)
02-09 04:13:40.819  7938  9516 E Assert  : 	at org.firstinspires.ftc.teamcode.Autonomous.Path.FollowPathFromXMLFile(Path.java:277)
02-09 04:13:40.829  7938  9516 E Assert  : 	at org.firstinspires.ftc.teamcode.Autonomous.Path.RedQuary(Path.java:504)
02-09 04:13:40.829  7938  9516 E Assert  : 	at org.firstinspires.ftc.teamcode.PID.calibration.PathTest.runOpMode(PathTest.java:80)
02-09 04:13:40.829  7938  9516 E Assert  : 	at com.qualcomm.robotcore.eventloop.opmode.LinearOpMode$LinearOpModeHelper$1.run(LinearOpMode.java:305)
02-09 04:13:40.829  7938  9516 E Assert  : 	at com.qualcomm.robotcore.util.ThreadPool.logThreadLifeCycle(ThreadPool.java:737)
02-09 04:13:40.829  7938  9516 E Assert  : 	at com.qualcomm.robotcore.eventloop.opmode.LinearOpMode$LinearOpModeHelper.run(LinearOpMode.java:300)
02-09 04:13:40.829  7938  9516 E Assert  : 	at java.util.concurrent.ThreadPoolExecutor.runWorker(ThreadPoolExecutor.java:1113)
02-09 04:13:40.829  7938  9516 E Assert  : 	at java.util.concurrent.ThreadPoolExecutor$Worker.run(ThreadPoolExecutor.java:588)
02-09 04:13:40.829  7938  9516 E Assert  : 	at com.qualcomm.robotcore.util.ThreadPool$ThreadFactoryImpl$1.run(ThreadPool.java:793)
02-09 04:13:40.829  7938  9516 E Assert  : 	at java.lang.Thread.run(Thread.java:818)
02-09 04:13:40.829  7938  9516 W LynxI2cDeviceSynch: LynxI2cWriteReadMultipleBytesCommand was abandoned waiting for ack
02-09 04:13:40.839  7938  7938 D ViewRootImpl: #1 mView = android.widget.LinearLayout{3cfe779 V.E...... ......I. 0,0-0,0 #10203a7 android:id/toast_layout_root}
02-09 04:13:40.839  7938  8765 V Robocol : sending CMD_PLAY_SOUND(1546), attempt: 0
02-09 04:13:40.839  7938  8765 V Robocol : sending CMD_SHOW_TOAST(1547), attempt: 0
02-09 04:13:40.889  7938  7938 D ViewRootImpl: MSG_RESIZED_REPORT: ci=Rect(0, 0 - 0, 0) vi=Rect(0, 0 - 0, 0) or=1
02-09 04:13:41.809  7938  9448 V AppUtil : restarting app
02-09 04:13:41.829  7938  9448 I AndroidRuntime: VM exiting with result code -1, cleanup skipped.
02-09 04:13:43.349  9688  9688 W SELinux : SELinux: seapp_context_lookup: seinfo=default, level=s0:c512,c768, pkgname=com.qualcomm.ftcrobotcontroller 
02-09 04:13:43.399  9688  9688 D TimaKeyStoreProvider: TimaSignature is unavailable
02-09 04:13:43.399  9688  9688 D ActivityThread: Added TimaKeyStore provider
02-09 04:13:43.449  9688  9688 W ResourcesManager: getTopLevelResources: /data/app/com.qualcomm.ftcrobotcontroller-2/base.apk / 1.0 running in com.qualcomm.ftcrobotcontroller rsrc of package null
02-09 04:13:43.489  9688  9688 D Uvc     : [jni.cpp:72] JNI_OnLoad()...
02-09 04:13:43.489  9688  9688 D Uvc     : [JniEnv.h:32] ScopedJniEnv::onJniLoad()...
02-09 04:13:43.489  9688  9688 D Uvc     : [JniEnv.h:32] ...ScopedJniEnv::onJniLoad()
02-09 04:13:43.489  9688  9688 D Uvc     : [jni.cpp:72] ...JNI_OnLoad()
02-09 04:13:43.499  9688  9688 V AppUtil : initializing: getExternalStorageDirectory()=/storage/emulated/0
02-09 04:13:43.499  9688  9688 I AppUtil : found usbFileSystemRoot: /dev/bus/usb
02-09 04:13:43.509  9688  9702 V RobotCore: saving logcat to /storage/emulated/0/robotControllerLog.txt
02-09 04:13:43.509  9688  9702 V RobotCore: logging command line: exec logcat -f /storage/emulated/0/robotControllerLog.txt -r4096 -n4 -v threadtime UsbRequestJNI:S UsbRequest:S art:W ThreadPool:W System:W ExtendedExtractor:W OMXClient:W MediaPlayer:W dalvikvm:W  *:V
02-09 04:13:43.509  9688  9688 W ResourcesManager: getTopLevelResources: /data/app/com.qualcomm.ftcrobotcontroller-2/base.apk / 1.0 running in com.qualcomm.ftcrobotcontroller rsrc of package null
02-09 04:13:43.519  9688  9688 W ResourcesManager: getTopLevelResources: /data/app/com.qualcomm.ftcrobotcontroller-2/base.apk / 1.0 running in com.qualcomm.ftcrobotcontroller rsrc of package null
02-09 04:13:43.529  9688  9688 V AppUtil : rootActivity=FtcRobotControllerActivity
02-09 04:13:43.529  9688  9688 V RCActivity: Redirecting to permission validator
02-09 04:13:43.539  9688  9688 I Timeline: Timeline: Activity_launch_request id:com.qualcomm.ftcrobotcontroller time:9120670
02-09 04:13:43.589  9688  9688 W ResourcesManager: getTopLevelResources: /data/app/com.qualcomm.ftcrobotcontroller-2/base.apk / 1.0 running in com.qualcomm.ftcrobotcontroller rsrc of package null
02-09 04:13:43.599  9688  9688 I PermissionValidatorActivity: onCreate
02-09 04:13:43.769  9688  9702 I RobotCore: Done running ps
02-09 04:13:43.879  9688  9688 I PermissionValidatorActivity: onStart
02-09 04:13:43.879  9688  9688 I PermissionValidator: Checking permission for android.permission.WRITE_EXTERNAL_STORAGE
02-09 04:13:43.879  9688  9688 I PermissionValidator:     Granted: android.permission.WRITE_EXTERNAL_STORAGE
02-09 04:13:43.879  9688  9688 I PermissionValidator: Checking permission for android.permission.READ_EXTERNAL_STORAGE
02-09 04:13:43.879  9688  9688 I PermissionValidator:     Granted: android.permission.READ_EXTERNAL_STORAGE
02-09 04:13:43.879  9688  9688 I PermissionValidator: Checking permission for android.permission.CAMERA
02-09 04:13:43.879  9688  9688 I PermissionValidator:     Granted: android.permission.CAMERA
02-09 04:13:43.879  9688  9688 I PermissionValidator: Checking permission for android.permission.ACCESS_COARSE_LOCATION
02-09 04:13:43.879  9688  9688 I PermissionValidator:     Granted: android.permission.ACCESS_COARSE_LOCATION
02-09 04:13:43.889  9688  9688 V ServiceStarter: attempting to start service MediaTransferProtocolMonitorService
02-09 04:13:43.889  9688  9688 V ServiceStarter: started service MediaTransferProtocolMonitorService
02-09 04:13:43.889  9688  9688 V ServiceStarter: attempting to start service OnBotJavaService
02-09 04:13:43.889  9688  9688 V ServiceStarter: started service OnBotJavaService
02-09 04:13:43.889  9688  9688 I PermissionValidatorActivity: All permissions validated.  Starting RobotController
02-09 04:13:43.889  9688  9688 I Timeline: Timeline: Activity_launch_request id:com.qualcomm.ftcrobotcontroller time:9121027
02-09 04:13:43.909  9688  9688 V MTPMonitorService: onCreate()
02-09 04:13:43.909  9688  9688 V MTPMonitorService: onStartCommand() intent=Intent { cmp=com.qualcomm.ftcrobotcontroller/org.firstinspires.ftc.robotcore.internal.files.MediaTransferProtocolMonitorService } flags=0x0 startId=1
02-09 04:13:43.909  9688  9688 V MTPMonitor: observing: /storage/emulated/0
02-09 04:13:43.979  9688  9688 V OnBotJavaService: onCreate()
02-09 04:13:43.979  9688  9688 V OnBotJavaService: onStartCommand() intent=Intent { cmp=com.qualcomm.ftcrobotcontroller/org.firstinspires.ftc.onbotjava.OnBotJavaService } flags=0x0 startId=1
02-09 04:13:43.979  9688  9688 V OnBotJava: OnBotJavaManager::static
02-09 04:13:43.979  9688  9688 W System.err: stat failed: ENOENT (No such file or directory) : java/android.jar
02-09 04:13:44.059  9688  9688 W System.err: stat failed: ENOENT (No such file or directory) : java/onbotjava-classes.jar
02-09 04:13:44.139  9688  9688 V OnBotJava: ctor()...
02-09 04:13:44.139  9688  9688 V OnBotJava: ...ctor()
02-09 04:13:44.149  9688  9688 W ResourcesManager: getTopLevelResources: /data/app/com.qualcomm.ftcrobotcontroller-2/base.apk / 1.0 running in com.qualcomm.ftcrobotcontroller rsrc of package null
02-09 04:13:44.159  9688  9688 V RCActivity: Permissions validated already
02-09 04:13:44.159  9688  9688 V RCActivity: onCreate()
02-09 04:13:44.159  9688  9688 V RCActivity: rootActivity is of class FtcRobotControllerActivity
02-09 04:13:44.159  9688  9688 V RCActivity: launchActivity is of class class org.firstinspires.ftc.robotcontroller.internal.PermissionValidatorWrapper
02-09 04:13:44.159  9688  9688 F Assert  : assertion failed
02-09 04:13:44.159  9688  9688 E Assert  : java.lang.RuntimeException: assertion failed
02-09 04:13:44.159  9688  9688 E Assert  : 	at org.firstinspires.ftc.robotcore.internal.system.Assert.assertFailed(Assert.java:127)
02-09 04:13:44.159  9688  9688 E Assert  : 	at org.firstinspires.ftc.robotcore.internal.system.Assert.assertTrue(Assert.java:52)
02-09 04:13:44.159  9688  9688 E Assert  : 	at org.firstinspires.ftc.robotcontroller.internal.FtcRobotControllerActivity.onCreate(FtcRobotControllerActivity.java:283)
02-09 04:13:44.169  9688  9688 E Assert  : 	at android.app.Activity.performCreate(Activity.java:6876)
02-09 04:13:44.169  9688  9688 E Assert  : 	at android.app.Instrumentation.callActivityOnCreate(Instrumentation.java:1135)
02-09 04:13:44.169  9688  9688 E Assert  : 	at android.app.ActivityThread.performLaunchActivity(ActivityThread.java:3206)
02-09 04:13:44.169  9688  9688 E Assert  : 	at android.app.ActivityThread.handleLaunchActivity(ActivityThread.java:3349)
02-09 04:13:44.169  9688  9688 E Assert  : 	at android.app.ActivityThread.access$1100(ActivityThread.java:221)
02-09 04:13:44.169  9688  9688 E Assert  : 	at android.app.ActivityThread$H.handleMessage(ActivityThread.java:1794)
02-09 04:13:44.169  9688  9688 E Assert  : 	at android.os.Handler.dispatchMessage(Handler.java:102)
02-09 04:13:44.169  9688  9688 E Assert  : 	at android.os.Looper.loop(Looper.java:158)
02-09 04:13:44.169  9688  9688 E Assert  : 	at android.app.ActivityThread.main(ActivityThread.java:7224)
02-09 04:13:44.169  9688  9688 E Assert  : 	at java.lang.reflect.Method.invoke(Native Method)
02-09 04:13:44.169  9688  9688 E Assert  : 	at com.android.internal.os.ZygoteInit$MethodAndArgsCaller.run(ZygoteInit.java:1230)
02-09 04:13:44.169  9688  9688 E Assert  : 	at com.android.internal.os.ZygoteInit.main(ZygoteInit.java:1120)
02-09 04:13:44.179  9688  9723 V CallbackLooper: thread=5364
02-09 04:13:44.179  9688  9688 V NetDiscover_wifiDirectAgent: doStart()...
02-09 04:13:44.179  9688  9688 V NetDiscover_wifiDirectAgent: ...doStart()
02-09 04:13:44.179  9688  9723 V NetDiscover_wifiDirectAgent_bcast: wifiP2pEnabled=true
02-09 04:13:44.189  9688  9688 V NetDiscover_name: doStart()...
02-09 04:13:44.189  9688  9688 V NetDiscover_name: ...doStart()
02-09 04:13:44.189  9688  9688 V NetDiscover_prefremrc: ----- all preferences -----
02-09 04:13:44.189  9688  9688 V NetDiscover_prefremrc: name='pref_app_version' value=unavailable
02-09 04:13:44.189  9688  9688 V NetDiscover_prefremrc: name='pref_network_protocol_version' value=unavailable
02-09 04:13:44.189  9688  9688 V NetDiscover_prefremrc: name='pref_has_independent_phone_battery' value=true
02-09 04:13:44.189  9688  9688 V NetDiscover_prefremrc: name='android.permission.CAMERA' value=false
02-09 04:13:44.189  9688  9688 V NetDiscover_prefremrc: name='pref_wifip2p_remote_channel_change_works' value=true
02-09 04:13:44.189  9688  9688 V NetDiscover_prefremrc: name='pref_hardware_config_filename' value={"isDirty":false,"location":"LOCAL_STORAGE","name":"Master_Config","resourceId":0}
02-09 04:13:44.189  9688  9688 V NetDiscover_prefremrc: name='pref_device_name_old' value=[Phone] SAMSUNG-SM-G900A
02-09 04:13:44.189  9688  9688 V NetDiscover_prefremrc: name='pref_build_time' value=unavailable
02-09 04:13:44.189  9688  9688 V NetDiscover_prefremrc: name='pref_sound_on_off' value=false
02-09 04:13:44.189  9688  9688 V NetDiscover_prefremrc: name='pref_wifip2p_groupowner_connectedto' value=[Phone] SAMSUNG-SM-G900A
02-09 04:13:44.189  9688  9688 V NetDiscover_prefremrc: name='App Restrictions' value=AAAAAA==
02-09 04:13:44.189  9688  9688 V NetDiscover_prefremrc:     
02-09 04:13:44.189  9688  9688 V NetDiscover_prefremrc: name='pref_has_speaker' value=true
02-09 04:13:44.189  9688  9688 V NetDiscover_prefremrc: name='android.permission.ACCESS_COARSE_LOCATION' value=false
02-09 04:13:44.189  9688  9688 V NetDiscover_prefremrc: name='android.permission.WRITE_EXTERNAL_STORAGE' value=false
02-09 04:13:44.189  9688  9688 V NetDiscover_prefremrc: name='pref_pairing_kind' value=WIFIDIRECT
02-09 04:13:44.189  9688  9688 V NetDiscover_prefremrc: name='pref_app_theme' value=red
02-09 04:13:44.189  9688  9688 V NetDiscover_prefremrc: name='pref_network_connection_info' value=unavailable
02-09 04:13:44.189  9688  9688 V NetDiscover_prefremrc: name='pref_device_name' value=[Phone] SAMSUNG-SM-G900A
02-09 04:13:44.189  9688  9688 V NetDiscover_prefremrc: name='pref_device_name_tracking' value=WIFIDIRECT
02-09 04:13:44.189  9688  9688 V NetDiscover_prefremrc: name='android.permission.READ_EXTERNAL_STORAGE' value=false
02-09 04:13:44.189  9688  9688 V NetDiscover_prefremrc: name='pref_wifip2p_channel' value=0
02-09 04:13:44.189  9688  9688 V NetDiscover_prefremrc: name='pref_lib_version' value=unavailable
02-09 04:13:44.189  9688  9688 V NetDiscover_prefremrc: name='pref_rc_connected' value=true
02-09 04:13:44.189  9688  9688 V NetDiscover_prefremrc: doStart()...
02-09 04:13:44.189  9688  9688 V NetDiscover_prefremrc: ...doStart()
02-09 04:13:44.189  9688  9723 D NetDiscover_wifiDirectAgent_bcast: connection changed: networkInfo.state=CONNECTED
02-09 04:13:44.189  9688  9723 V NetDiscover_wifiDirectAgent_bcast: NetworkInfo: [type: WIFI_P2P[] - WIFI_P2P, state: CONNECTED/CONNECTED, reason: (unspecified), extra: (none), roaming: false, failover: false, isAvailable: true]
02-09 04:13:44.189  9688  9723 V NetDiscover_wifiDirectAgent_bcast: WifiP2pInfo: groupFormed: true isGroupOwner: true groupOwnerAddress: /192.168.49.1
02-09 04:13:44.189  9688  9723 V NetDiscover_wifiDirectAgent_bcast: WifiP2pGroup: network: DIRECT-H1-SAMSUNG-SM-G900A, isGO: true, GO: Device: [Phone] SAMSUNG-SM-G900A, deviceAddress: 92:b6:86:ce:38:b9, primary type: 10-0050F204-5, secondary type: null, wps: 0, grpcapab: 0, devcapab: 0, status: 3, wfdInfo: null, groupownerAddress: null, GOdeviceName: null, interfaceAddress: , SConnectInfo : null, contactInfoHash : null, ssDevInfo : 0, iconIdx : 0, Client: Device: 11212-B-DS, deviceAddress: d2:5b:a8:5c:30:43, primary type: 10-0050F204-5, secondary type: null, wps: 392, grpcapab: 0, devcapab: 37, status: 0, wfdInfo: null, groupownerAddress: null, GOdeviceName: null, interfaceAddress: , SConnectInfo : null, contactInfoHash : null, ssDevInfo : 0, iconIdx : 0, interface: p2p-wlan0-0, frequency: 2437, networkId: -1
02-09 04:13:44.189  9688  9723 V NetDiscover_wifiDirectAgent_bcast: this device changed: Device=[Phone] SAMSUNG-SM-G900A deviceAddress=92:b6:86:ce:38:b9 primary type=10-0050F204-5 secondary type=null wps=0 grpcapab=0 devcapab=0 status=0 wfdInfo=null groupownerAddress=null GOdeviceName=null interfaceAddress= SConnectInfo =null contactInfoHash =null ssDevInfo =0 iconIdx =0
02-09 04:13:44.189  9688  9723 V NetDiscover_name: remembering wifiDirectName: [Phone] SAMSUNG-SM-G900A...
02-09 04:13:44.189  9688  9723 V NetDiscover_name: wifiDirectName=[Phone] SAMSUNG-SM-G900A
02-09 04:13:44.189  9688  9723 V NetDiscover_name: ...remembering wifiDirectName
02-09 04:13:44.189  9688  9723 V NetDiscover_wifiDirectAgent_bcast: p2p discoverPeers()=true
02-09 04:13:44.189  9688  9723 V NetDiscover_wifiDirectAgent_bcast: wifi direct remembered groups cleared
02-09 04:13:44.199  9688  9723 V Robocol : SendOnceRunnable created
02-09 04:13:44.209  9688  9723 V NetDiscover_wifiDirectAgent_bcast: wifiState=ENABLED
02-09 04:13:44.209  9688  9688 I WebViewFactory: Loading com.google.android.webview version 79.0.3945.136 (code 394513605)
02-09 04:13:44.239  9688  9688 W ResourcesManager: getTopLevelResources: /data/app/com.google.android.webview-2/base.apk / 1.0 running in com.qualcomm.ftcrobotcontroller rsrc of package null
02-09 04:13:44.259  9688  9688 I cr_LibraryLoader: Time to load native libraries: 1 ms
02-09 04:13:44.289  9688  9688 I chromium: [INFO:library_loader_hooks.cc(51)] Chromium logging enabled: level = 0, default verbosity = 0
02-09 04:13:44.289  9688  9688 I cr_LibraryLoader: Expected native library version number "79.0.3945.136", actual native library version number "79.0.3945.136"
02-09 04:13:44.309  9688  9688 I cr_BrowserStartup: Initializing chromium process, singleProcess=true
02-09 04:13:44.359  9688  9688 D SecWifiDisplayUtil: Metadata value : none
02-09 04:13:44.409  9688  9688 D ConnectivityManager: requestNetwork; getAppId(CallingUid) : 10198, CallingPid : 9688
02-09 04:13:44.539  9688  9688 V OnBotJava: getCurrentOutputJarDir() unavailable
02-09 04:13:44.539  9688  9688 V OnBotJava: getCurrentOutputJarDir() unavailable
02-09 04:13:45.109  9688  9688 W ClassManager: kotlin.streams.jdk8.StreamsKt$asStream$1 java.lang.ClassNotFoundException: kotlin.streams.jdk8.StreamsKt$asStream$1
02-09 04:13:45.119  9688  9688 E ClassManager: java.lang.ClassNotFoundException: kotlin.streams.jdk8.StreamsKt$asStream$1
02-09 04:13:45.119  9688  9688 E ClassManager: 	at java.lang.Class.classForName(Native Method)
02-09 04:13:45.119  9688  9688 E ClassManager: 	at java.lang.Class.forName(Class.java:324)
02-09 04:13:45.119  9688  9688 E ClassManager: 	at org.firstinspires.ftc.robotcore.internal.opmode.ClassManager.classNamesToClasses(ClassManager.java:206)
02-09 04:13:45.119  9688  9688 E ClassManager: 	at org.firstinspires.ftc.robotcore.internal.opmode.ClassManager.processAllClasses(ClassManager.java:255)
02-09 04:13:45.119  9688  9688 E ClassManager: 	at com.qualcomm.ftccommon.ClassManagerFactory.processAllClasses(ClassManagerFactory.java:90)
02-09 04:13:45.119  9688  9688 E ClassManager: 	at org.firstinspires.ftc.robotcontroller.internal.FtcRobotControllerActivity.onCreate(FtcRobotControllerActivity.java:347)
02-09 04:13:45.119  9688  9688 E ClassManager: 	at android.app.Activity.performCreate(Activity.java:6876)
02-09 04:13:45.119  9688  9688 E ClassManager: 	at android.app.Instrumentation.callActivityOnCreate(Instrumentation.java:1135)
02-09 04:13:45.119  9688  9688 E ClassManager: 	at android.app.ActivityThread.performLaunchActivity(ActivityThread.java:3206)
02-09 04:13:45.119  9688  9688 E ClassManager: 	at android.app.ActivityThread.handleLaunchActivity(ActivityThread.java:3349)
02-09 04:13:45.119  9688  9688 E ClassManager: 	at android.app.ActivityThread.access$1100(ActivityThread.java:221)
02-09 04:13:45.119  9688  9688 E ClassManager: 	at android.app.ActivityThread$H.handleMessage(ActivityThread.java:1794)
02-09 04:13:45.119  9688  9688 E ClassManager: 	at android.os.Handler.dispatchMessage(Handler.java:102)
02-09 04:13:45.119  9688  9688 E ClassManager: 	at android.os.Looper.loop(Looper.java:158)
02-09 04:13:45.119  9688  9688 E ClassManager: 	at android.app.ActivityThread.main(ActivityThread.java:7224)
02-09 04:13:45.119  9688  9688 E ClassManager: 	at java.lang.reflect.Method.invoke(Native Method)
02-09 04:13:45.119  9688  9688 E ClassManager: 	at com.android.internal.os.ZygoteInit$MethodAndArgsCaller.run(ZygoteInit.java:1230)
02-09 04:13:45.119  9688  9688 E ClassManager: 	at com.android.internal.os.ZygoteInit.main(ZygoteInit.java:1120)
02-09 04:13:45.119  9688  9688 E ClassManager: Caused by: java.lang.ClassNotFoundException: kotlin.streams.jdk8.StreamsKt$asStream$1
02-09 04:13:45.119  9688  9688 E ClassManager: 	at org.firstinspires.ftc.onbotjava.OnBotJavaClassLoader.findClass(OnBotJavaClassLoader.java:211)
02-09 04:13:45.119  9688  9688 E ClassManager: 	at java.lang.ClassLoader.loadClass(ClassLoader.java:511)
02-09 04:13:45.119  9688  9688 E ClassManager: 	at org.firstinspires.ftc.onbotjava.OnBotJavaClassLoader.loadClass(OnBotJavaClassLoader.java:201)
02-09 04:13:45.119  9688  9688 E ClassManager: 	at java.lang.ClassLoader.loadClass(ClassLoader.java:469)
02-09 04:13:45.119  9688  9688 E ClassManager: 	... 18 more
02-09 04:13:45.119  9688  9688 E ClassManager: 	Suppressed: java.lang.ClassNotFoundException: Didn't find class "kotlin.streams.jdk8.StreamsKt$asStream$1" on path: DexPathList[[zip file "/data/app/com.qualcomm.ftcrobotcontroller-2/base.apk"],nativeLibraryDirectories=[/data/app/com.qualcomm.ftcrobotcontroller-2/lib/arm, /data/app/com.qualcomm.ftcrobotcontroller-2/base.apk!/lib/armeabi-v7a, /vendor/lib, /system/lib]]
02-09 04:13:45.119  9688  9688 E ClassManager: 		at dalvik.system.BaseDexClassLoader.findClass(BaseDexClassLoader.java:56)
02-09 04:13:45.119  9688  9688 E ClassManager: 		at java.lang.ClassLoader.loadClass(ClassLoader.java:511)
02-09 04:13:45.119  9688  9688 E ClassManager: 		at java.lang.ClassLoader.loadClass(ClassLoader.java:504)
02-09 04:13:45.119  9688  9688 E ClassManager: 		... 20 more
02-09 04:13:45.119  9688  9688 E ClassManager: 		Suppressed: java.lang.NoClassDefFoundError: kotlin.streams.jdk8.StreamsKt$asStream$1
02-09 04:13:45.129  9688  9688 E ClassManager: 			at dalvik.system.DexFile.defineClassNative(Native Method)
02-09 04:13:45.129  9688  9688 E ClassManager: 			at dalvik.system.DexFile.defineClass(DexFile.java:226)
02-09 04:13:45.129  9688  9688 E ClassManager: 			at dalvik.system.DexFile.loadClassBinaryName(DexFile.java:219)
02-09 04:13:45.129  9688  9688 E ClassManager: 			at dalvik.system.DexPathList.findClass(DexPathList.java:338)
02-09 04:13:45.129  9688  9688 E ClassManager: 			at dalvik.system.BaseDexClassLoader.findClass(BaseDexClassLoader.java:54)
02-09 04:13:45.129  9688  9688 E ClassManager: 			... 22 more
02-09 04:13:45.129  9688  9688 E ClassManager: 		Suppressed: java.lang.ClassNotFoundException: kotlin.streams.jdk8.StreamsKt$asStream$1
02-09 04:13:45.129  9688  9688 E ClassManager: 			at java.lang.Class.classForName(Native Method)
02-09 04:13:45.129  9688  9688 E ClassManager: 			at java.lang.BootClassLoader.findClass(ClassLoader.java:781)
02-09 04:13:45.129  9688  9688 E ClassManager: 			at java.lang.BootClassLoader.loadClass(ClassLoader.java:841)
02-09 04:13:45.129  9688  9688 E ClassManager: 			at java.lang.ClassLoader.loadClass(ClassLoader.java:504)
02-09 04:13:45.129  9688  9688 E ClassManager: 			... 21 more
02-09 04:13:45.129  9688  9688 E ClassManager: 		Caused by: java.lang.NoClassDefFoundError: Class not found using the boot class loader; no stack trace available
02-09 04:13:49.059  9688  9688 V OnBotJavaDeterminer: isOnBotJava: class=AdafruitBNO055IMU loader=PathClassLoader: false
02-09 04:13:49.089  9688  9688 V OnBotJavaDeterminer: isOnBotJava: class=NavxMicroNavigationSensor loader=PathClassLoader: false
02-09 04:13:49.099  9688  9688 V OnBotJavaDeterminer: isOnBotJava: class=LynxEmbeddedIMU loader=PathClassLoader: false
02-09 04:13:49.149  9688  9688 V OnBotJavaDeterminer: isOnBotJava: class=ModernRoboticsAnalogOpticalDistanceSensor loader=PathClassLoader: false
02-09 04:13:49.149  9688  9688 V OnBotJavaDeterminer: isOnBotJava: class=ModernRoboticsI2cCompassSensor loader=PathClassLoader: false
02-09 04:13:49.159  9688  9688 V OnBotJavaDeterminer: isOnBotJava: class=ModernRoboticsI2cRangeSensor loader=PathClassLoader: false
02-09 04:13:49.169  9688  9688 V OnBotJavaDeterminer: isOnBotJava: class=ModernRoboticsTouchSensor loader=PathClassLoader: false
02-09 04:13:49.189  9688  9688 V OnBotJavaDeterminer: isOnBotJava: class=GoBILDA5201Series loader=PathClassLoader: false
02-09 04:13:49.199  9688  9688 V OnBotJavaDeterminer: isOnBotJava: class=GoBILDA5202Series loader=PathClassLoader: false
02-09 04:13:49.199  9688  9688 V OnBotJavaDeterminer: isOnBotJava: class=Matrix12vMotor loader=PathClassLoader: false
02-09 04:13:49.209  9688  9688 V OnBotJavaDeterminer: isOnBotJava: class=MatrixLegacyMotor loader=PathClassLoader: false
02-09 04:13:49.219  9688  9688 V OnBotJavaDeterminer: isOnBotJava: class=NeveRest20Gearmotor loader=PathClassLoader: false
02-09 04:13:49.229  9688  9688 V OnBotJavaDeterminer: isOnBotJava: class=NeveRest3_7GearmotorV1 loader=PathClassLoader: false
02-09 04:13:49.229  9688  9688 V OnBotJavaDeterminer: isOnBotJava: class=NeveRest40Gearmotor loader=PathClassLoader: false
02-09 04:13:49.239  9688  9688 V OnBotJavaDeterminer: isOnBotJava: class=NeveRest60Gearmotor loader=PathClassLoader: false
02-09 04:13:49.249  9688  9688 V OnBotJavaDeterminer: isOnBotJava: class=RevRobotics20HdHexMotor loader=PathClassLoader: false
02-09 04:13:49.259  9688  9688 V OnBotJavaDeterminer: isOnBotJava: class=RevRobotics40HdHexMotor loader=PathClassLoader: false
02-09 04:13:49.269  9688  9688 V OnBotJavaDeterminer: isOnBotJava: class=RevRoboticsCoreHexMotor loader=PathClassLoader: false
02-09 04:13:49.279  9688  9688 V OnBotJavaDeterminer: isOnBotJava: class=TetrixMotor loader=PathClassLoader: false
02-09 04:13:49.289  9688  9688 V OnBotJavaDeterminer: isOnBotJava: class=Rev2mDistanceSensor loader=PathClassLoader: false
02-09 04:13:49.289  9688  9688 V OnBotJavaDeterminer: isOnBotJava: class=RevBlinkinLedDriver loader=PathClassLoader: false
02-09 04:13:49.299  9688  9688 V OnBotJavaDeterminer: isOnBotJava: class=RevColorSensorV3 loader=PathClassLoader: false
02-09 04:13:49.309  9688  9688 V OnBotJavaDeterminer: isOnBotJava: class=RevSPARKMini loader=PathClassLoader: false
02-09 04:13:49.309  9688  9688 V OnBotJavaDeterminer: isOnBotJava: class=RevTouchSensor loader=PathClassLoader: false
02-09 04:13:49.329  9688  9688 V OnBotJavaDeterminer: isOnBotJava: class=AnalogInput loader=PathClassLoader: false
02-09 04:13:49.339  9688  9688 V OnBotJavaDeterminer: isOnBotJava: class=CRServo loader=PathClassLoader: false
02-09 04:13:49.349  9688  9688 V OnBotJavaDeterminer: isOnBotJava: class=DigitalChannelImpl loader=PathClassLoader: false
02-09 04:13:49.369  9688  9688 V OnBotJavaDeterminer: isOnBotJava: class=LED loader=PathClassLoader: false
02-09 04:13:49.379  9688  9688 V OnBotJavaDeterminer: isOnBotJava: class=Servo loader=PathClassLoader: false
02-09 04:13:49.399  9688  9688 V OnBotJavaDeterminer: isOnBotJava: class=UnspecifiedMotor loader=PathClassLoader: false
02-09 04:13:49.589  9762  9762 W SELinux : Function: selinux_compare_spd_ram, index[1], priority [2], priority version is VE=SEPF_SECMOBILE_6.0.1_0029
