--------- beginning of main
02-09 04:02:33.539   915   915 I BatteryChecker: percent remaining: 18 is charging: true
02-09 04:02:43.579   915   915 I BatteryChecker: percent remaining: 18 is charging: true
02-09 04:02:58.199  4302  4302 W SELinux : SELinux: seapp_context_lookup: seinfo=default, level=s0:c512,c768, pkgname=com.qualcomm.ftcrobotcontroller 
02-09 04:02:58.259  4302  4302 D TimaKeyStoreProvider: TimaSignature is unavailable
02-09 04:02:58.259  4302  4302 D ActivityThread: Added TimaKeyStore provider
02-09 04:02:58.379  4302  4302 D Uvc     : [jni.cpp:72] JNI_OnLoad()...
02-09 04:02:58.379  4302  4302 D Uvc     : [JniEnv.h:32] ScopedJniEnv::onJniLoad()...
02-09 04:02:58.379  4302  4302 D Uvc     : [JniEnv.h:32] ...ScopedJniEnv::onJniLoad()
02-09 04:02:58.379  4302  4302 D Uvc     : [jni.cpp:72] ...JNI_OnLoad()
02-09 04:02:58.379  4302  4302 V AppUtil : initializing: getExternalStorageDirectory()=/storage/emulated/0
02-09 04:02:58.389  4302  4316 V RobotCore: saving logcat to /storage/emulated/0/robotControllerLog.txt
02-09 04:02:58.389  4302  4316 V RobotCore: logging command line: exec logcat -f /storage/emulated/0/robotControllerLog.txt -r4096 -n4 -v threadtime UsbRequestJNI:S UsbRequest:S art:W ThreadPool:W System:W ExtendedExtractor:W OMXClient:W MediaPlayer:W dalvikvm:W  *:V
02-09 04:02:58.469  4302  4302 V AppUtil : rootActivity=PermissionValidatorWrapper
02-09 04:02:58.469  4302  4302 I PermissionValidatorActivity: onCreate
02-09 04:02:58.469  4321  4321 W SELinux : Function: selinux_compare_spd_ram, index[1], priority [2], priority version is VE=SEPF_SECMOBILE_6.0.1_0029
02-09 04:02:58.469  4321  4321 W SELinux : SELinux: seapp_context_lookup: seinfo=default, level=s0:c512,c768, pkgname=com.qualcomm.ftcrobotcontroller 
02-09 04:02:58.499  4322  4322 W SELinux : Function: selinux_compare_spd_ram, index[1], priority [2], priority version is VE=SEPF_SECMOBILE_6.0.1_0029
02-09 04:02:58.499  4322  4322 W SELinux : SELinux: seapp_context_lookup: seinfo=default, level=s0:c512,c768, pkgname=com.qualcomm.ftcrobotcontroller 
02-09 04:02:58.619  4302  4316 I RobotCore: Done running ps
02-09 04:02:58.639  4328  4328 W SELinux : Function: selinux_compare_spd_ram, index[1], priority [2], priority version is VE=SEPF_SECMOBILE_6.0.1_0029
02-09 04:02:58.639  4328  4328 W SELinux : SELinux: seapp_context_lookup: seinfo=default, level=s0:c512,c768, pkgname=com.qualcomm.ftcrobotcontroller 
02-09 04:02:58.669  4329  4329 W SELinux : Function: selinux_compare_spd_ram, index[1], priority [2], priority version is VE=SEPF_SECMOBILE_6.0.1_0029
02-09 04:02:58.669  4329  4329 W SELinux : SELinux: seapp_context_lookup: seinfo=default, level=s0:c512,c768, pkgname=com.qualcomm.ftcrobotcontroller 
02-09 04:02:58.699  4330  4330 W SELinux : Function: selinux_compare_spd_ram, index[1], priority [2], priority version is VE=SEPF_SECMOBILE_6.0.1_0029
02-09 04:02:58.699  4330  4330 W SELinux : SELinux: seapp_context_lookup: seinfo=default, level=s0:c512,c768, pkgname=com.qualcomm.ftcrobotcontroller 
02-09 04:02:58.809  4302  4302 I PermissionValidatorActivity: onStart
02-09 04:02:58.809  4302  4302 I PermissionValidator: Checking permission for android.permission.WRITE_EXTERNAL_STORAGE
02-09 04:02:58.819  4302  4302 I PermissionValidator:     Granted: android.permission.WRITE_EXTERNAL_STORAGE
02-09 04:02:58.819  4302  4302 I PermissionValidator: Checking permission for android.permission.READ_EXTERNAL_STORAGE
02-09 04:02:58.819  4302  4302 I PermissionValidator:     Granted: android.permission.READ_EXTERNAL_STORAGE
02-09 04:02:58.819  4302  4302 I PermissionValidator: Checking permission for android.permission.CAMERA
02-09 04:02:58.819  4302  4302 I PermissionValidator:     Granted: android.permission.CAMERA
02-09 04:02:58.819  4302  4302 I PermissionValidator: Checking permission for android.permission.ACCESS_COARSE_LOCATION
02-09 04:02:58.819  4302  4302 I PermissionValidator:     Granted: android.permission.ACCESS_COARSE_LOCATION
02-09 04:02:58.819  4302  4302 V ServiceStarter: attempting to start service MediaTransferProtocolMonitorService
02-09 04:02:58.839  4302  4302 V ServiceStarter: started service MediaTransferProtocolMonitorService
02-09 04:02:58.839  4302  4302 V ServiceStarter: attempting to start service OnBotJavaService
02-09 04:02:58.839  4302  4302 V ServiceStarter: started service OnBotJavaService
02-09 04:02:58.839  4302  4302 I PermissionValidatorActivity: All permissions validated.  Starting RobotController
02-09 04:02:58.839  4302  4302 I Timeline: Timeline: Activity_launch_request id:com.qualcomm.ftcrobotcontroller time:8475976
02-09 04:02:58.879  4302  4302 V MTPMonitorService: onCreate()
02-09 04:02:58.879  4302  4302 V MTPMonitorService: onStartCommand() intent=Intent { cmp=com.qualcomm.ftcrobotcontroller/org.firstinspires.ftc.robotcore.internal.files.MediaTransferProtocolMonitorService } flags=0x0 startId=1
02-09 04:02:58.889  4302  4302 V MTPMonitor: observing: /storage/emulated/0
02-09 04:02:58.949  4302  4302 V OnBotJavaService: onCreate()
02-09 04:02:58.949  4302  4302 V OnBotJavaService: onStartCommand() intent=Intent { cmp=com.qualcomm.ftcrobotcontroller/org.firstinspires.ftc.onbotjava.OnBotJavaService } flags=0x0 startId=1
02-09 04:02:58.949  4302  4302 V OnBotJava: OnBotJavaManager::static
02-09 04:02:58.949  4302  4302 W System.err: stat failed: ENOENT (No such file or directory) : java/android.jar
02-09 04:02:59.039  4302  4302 W System.err: stat failed: ENOENT (No such file or directory) : java/onbotjava-classes.jar
02-09 04:02:59.109  4302  4302 V OnBotJava: ctor()...
02-09 04:02:59.119  4302  4302 V OnBotJava: ...ctor()
02-09 04:02:59.149  4302  4302 V RCActivity: Permissions validated already
02-09 04:02:59.149  4302  4302 V RCActivity: onCreate()
02-09 04:02:59.149  4302  4302 V RCActivity: rootActivity is of class PermissionValidatorWrapper
02-09 04:02:59.149  4302  4302 V RCActivity: launchActivity is of class class org.firstinspires.ftc.robotcontroller.internal.PermissionValidatorWrapper
02-09 04:02:59.159  4302  4346 V CallbackLooper: thread=4888
02-09 04:02:59.159  4302  4302 V NetDiscover_wifiDirectAgent: doStart()...
02-09 04:02:59.169  4302  4346 V NetDiscover_wifiDirectAgent_bcast: wifiP2pEnabled=true
02-09 04:02:59.169  4302  4302 V NetDiscover_wifiDirectAgent: ...doStart()
02-09 04:02:59.169  4302  4302 V NetDiscover_name: doStart()...
02-09 04:02:59.169  4302  4302 V NetDiscover_name: ...doStart()
02-09 04:02:59.169  4302  4302 V NetDiscover_prefremrc: ----- all preferences -----
02-09 04:02:59.169  4302  4302 V NetDiscover_prefremrc: name='pref_app_version' value=unavailable
02-09 04:02:59.169  4302  4302 V NetDiscover_prefremrc: name='pref_network_protocol_version' value=unavailable
02-09 04:02:59.169  4302  4302 V NetDiscover_prefremrc: name='pref_has_independent_phone_battery' value=true
02-09 04:02:59.169  4302  4302 V NetDiscover_prefremrc: name='android.permission.CAMERA' value=false
02-09 04:02:59.169  4302  4302 V NetDiscover_prefremrc: name='pref_wifip2p_remote_channel_change_works' value=true
02-09 04:02:59.169  4302  4302 V NetDiscover_prefremrc: name='pref_hardware_config_filename' value={"isDirty":false,"location":"LOCAL_STORAGE","name":"Master_Config","resourceId":0}
02-09 04:02:59.169  4302  4302 V NetDiscover_prefremrc: name='pref_device_name_old' value=[Phone] SAMSUNG-SM-G900A
02-09 04:02:59.169  4302  4302 V NetDiscover_prefremrc: name='pref_build_time' value=unavailable
02-09 04:02:59.169  4302  4302 V NetDiscover_prefremrc: name='pref_sound_on_off' value=false
02-09 04:02:59.169  4302  4302 V NetDiscover_prefremrc: name='pref_wifip2p_groupowner_connectedto' value=[Phone] SAMSUNG-SM-G900A
02-09 04:02:59.169  4302  4302 V NetDiscover_prefremrc: name='App Restrictions' value=AAAAAA==
02-09 04:02:59.169  4302  4302 V NetDiscover_prefremrc:     
02-09 04:02:59.169  4302  4302 V NetDiscover_prefremrc: name='android.permission.ACCESS_COARSE_LOCATION' value=false
02-09 04:02:59.169  4302  4302 V NetDiscover_prefremrc: name='pref_has_speaker' value=true
02-09 04:02:59.169  4302  4302 V NetDiscover_prefremrc: name='android.permission.WRITE_EXTERNAL_STORAGE' value=false
02-09 04:02:59.169  4302  4302 V NetDiscover_prefremrc: name='pref_pairing_kind' value=WIFIDIRECT
02-09 04:02:59.169  4302  4302 V NetDiscover_prefremrc: name='pref_app_theme' value=red
02-09 04:02:59.169  4302  4302 V NetDiscover_prefremrc: name='pref_device_name' value=[Phone] SAMSUNG-SM-G900A
02-09 04:02:59.169  4302  4302 V NetDiscover_prefremrc: name='pref_network_connection_info' value=unavailable
02-09 04:02:59.169  4302  4302 V NetDiscover_prefremrc: name='android.permission.READ_EXTERNAL_STORAGE' value=false
02-09 04:02:59.169  4302  4302 V NetDiscover_prefremrc: name='pref_device_name_tracking' value=WIFIDIRECT
02-09 04:02:59.169  4302  4302 V NetDiscover_prefremrc: name='pref_wifip2p_channel' value=0
02-09 04:02:59.169  4302  4302 V NetDiscover_prefremrc: name='pref_rc_connected' value=true
02-09 04:02:59.169  4302  4302 V NetDiscover_prefremrc: name='pref_lib_version' value=unavailable
02-09 04:02:59.169  4302  4302 V NetDiscover_prefremrc: doStart()...
02-09 04:02:59.169  4302  4302 V NetDiscover_prefremrc: ...doStart()
02-09 04:02:59.169  4302  4346 D NetDiscover_wifiDirectAgent_bcast: connection changed: networkInfo.state=CONNECTED
02-09 04:02:59.169  4302  4346 V NetDiscover_wifiDirectAgent_bcast: NetworkInfo: [type: WIFI_P2P[] - WIFI_P2P, state: CONNECTED/CONNECTED, reason: (unspecified), extra: (none), roaming: false, failover: false, isAvailable: true]
02-09 04:02:59.169  4302  4346 V NetDiscover_wifiDirectAgent_bcast: WifiP2pInfo: groupFormed: true isGroupOwner: true groupOwnerAddress: /192.168.49.1
02-09 04:02:59.169  4302  4346 V NetDiscover_wifiDirectAgent_bcast: WifiP2pGroup: network: DIRECT-H1-SAMSUNG-SM-G900A, isGO: true, GO: Device: [Phone] SAMSUNG-SM-G900A, deviceAddress: 92:b6:86:ce:38:b9, primary type: 10-0050F204-5, secondary type: null, wps: 0, grpcapab: 0, devcapab: 0, status: 3, wfdInfo: null, groupownerAddress: null, GOdeviceName: null, interfaceAddress: , SConnectInfo : null, contactInfoHash : null, ssDevInfo : 0, iconIdx : 0, Client: Device: 11212-B-DS, deviceAddress: d2:5b:a8:5c:30:43, primary type: 10-0050F204-5, secondary type: null, wps: 392, grpcapab: 0, devcapab: 37, status: 0, wfdInfo: null, groupownerAddress: null, GOdeviceName: null, interfaceAddress: , SConnectInfo : null, contactInfoHash : null, ssDevInfo : 0, iconIdx : 0, interface: p2p-wlan0-0, frequency: 2437, networkId: -1
02-09 04:02:59.179  4302  4346 V NetDiscover_wifiDirectAgent_bcast: this device changed: Device=[Phone] SAMSUNG-SM-G900A deviceAddress=92:b6:86:ce:38:b9 primary type=10-0050F204-5 secondary type=null wps=0 grpcapab=0 devcapab=0 status=0 wfdInfo=null groupownerAddress=null GOdeviceName=null interfaceAddress= SConnectInfo =null contactInfoHash =null ssDevInfo =0 iconIdx =0
02-09 04:02:59.179  4302  4346 V NetDiscover_name: remembering wifiDirectName: [Phone] SAMSUNG-SM-G900A...
02-09 04:02:59.179  4302  4346 V NetDiscover_name: wifiDirectName=[Phone] SAMSUNG-SM-G900A
02-09 04:02:59.179  4302  4346 V NetDiscover_name: ...remembering wifiDirectName
02-09 04:02:59.179  4302  4346 V NetDiscover_wifiDirectAgent_bcast: p2p discoverPeers()=true
02-09 04:02:59.179  4302  4346 V NetDiscover_wifiDirectAgent_bcast: wifi direct remembered groups cleared
02-09 04:02:59.189  4302  4346 V Robocol : SendOnceRunnable created
02-09 04:02:59.189  4302  4346 V NetDiscover_wifiDirectAgent_bcast: wifiState=ENABLED
02-09 04:02:59.199  4302  4302 I WebViewFactory: Loading com.google.android.webview version 79.0.3945.136 (code 394513605)
02-09 04:02:59.319  4302  4302 I cr_LibraryLoader: Time to load native libraries: 1 ms
02-09 04:02:59.399  4302  4302 I chromium: [INFO:library_loader_hooks.cc(51)] Chromium logging enabled: level = 0, default verbosity = 0
02-09 04:02:59.399  4302  4302 I cr_LibraryLoader: Expected native library version number "79.0.3945.136", actual native library version number "79.0.3945.136"
02-09 04:02:59.439  4302  4302 I cr_BrowserStartup: Initializing chromium process, singleProcess=true
02-09 04:02:59.589  4302  4302 D ConnectivityManager: requestNetwork; getAppId(CallingUid) : 10198, CallingPid : 4302
02-09 04:02:59.769  4302  4302 V OnBotJava: getCurrentOutputJarDir() unavailable
02-09 04:02:59.779  4302  4302 V OnBotJava: getCurrentOutputJarDir() unavailable
02-09 04:03:00.429  4302  4302 W ClassManager: kotlin.streams.jdk8.StreamsKt$asStream$1 java.lang.ClassNotFoundException: kotlin.streams.jdk8.StreamsKt$asStream$1
02-09 04:03:00.429  4302  4302 E ClassManager: java.lang.ClassNotFoundException: kotlin.streams.jdk8.StreamsKt$asStream$1
02-09 04:03:00.429  4302  4302 E ClassManager: 	at java.lang.Class.classForName(Native Method)
02-09 04:03:00.429  4302  4302 E ClassManager: 	at java.lang.Class.forName(Class.java:324)
02-09 04:03:00.429  4302  4302 E ClassManager: 	at org.firstinspires.ftc.robotcore.internal.opmode.ClassManager.classNamesToClasses(ClassManager.java:206)
02-09 04:03:00.429  4302  4302 E ClassManager: 	at org.firstinspires.ftc.robotcore.internal.opmode.ClassManager.processAllClasses(ClassManager.java:255)
02-09 04:03:00.429  4302  4302 E ClassManager: 	at com.qualcomm.ftccommon.ClassManagerFactory.processAllClasses(ClassManagerFactory.java:90)
02-09 04:03:00.439  4302  4302 E ClassManager: 	at org.firstinspires.ftc.robotcontroller.internal.FtcRobotControllerActivity.onCreate(FtcRobotControllerActivity.java:347)
02-09 04:03:00.439  4302  4302 E ClassManager: 	at android.app.Activity.performCreate(Activity.java:6876)
02-09 04:03:00.439  4302  4302 E ClassManager: 	at android.app.Instrumentation.callActivityOnCreate(Instrumentation.java:1135)
02-09 04:03:00.439  4302  4302 E ClassManager: 	at android.app.ActivityThread.performLaunchActivity(ActivityThread.java:3206)
02-09 04:03:00.439  4302  4302 E ClassManager: 	at android.app.ActivityThread.handleLaunchActivity(ActivityThread.java:3349)
02-09 04:03:00.439  4302  4302 E ClassManager: 	at android.app.ActivityThread.access$1100(ActivityThread.java:221)
02-09 04:03:00.439  4302  4302 E ClassManager: 	at android.app.ActivityThread$H.handleMessage(ActivityThread.java:1794)
02-09 04:03:00.439  4302  4302 E ClassManager: 	at android.os.Handler.dispatchMessage(Handler.java:102)
02-09 04:03:00.439  4302  4302 E ClassManager: 	at android.os.Looper.loop(Looper.java:158)
02-09 04:03:00.439  4302  4302 E ClassManager: 	at android.app.ActivityThread.main(ActivityThread.java:7224)
02-09 04:03:00.439  4302  4302 E ClassManager: 	at java.lang.reflect.Method.invoke(Native Method)
02-09 04:03:00.439  4302  4302 E ClassManager: 	at com.android.internal.os.ZygoteInit$MethodAndArgsCaller.run(ZygoteInit.java:1230)
02-09 04:03:00.439  4302  4302 E ClassManager: 	at com.android.internal.os.ZygoteInit.main(ZygoteInit.java:1120)
02-09 04:03:00.439  4302  4302 E ClassManager: Caused by: java.lang.ClassNotFoundException: kotlin.streams.jdk8.StreamsKt$asStream$1
02-09 04:03:00.439  4302  4302 E ClassManager: 	at org.firstinspires.ftc.onbotjava.OnBotJavaClassLoader.findClass(OnBotJavaClassLoader.java:211)
02-09 04:03:00.439  4302  4302 E ClassManager: 	at java.lang.ClassLoader.loadClass(ClassLoader.java:511)
02-09 04:03:00.439  4302  4302 E ClassManager: 	at org.firstinspires.ftc.onbotjava.OnBotJavaClassLoader.loadClass(OnBotJavaClassLoader.java:201)
02-09 04:03:00.439  4302  4302 E ClassManager: 	at java.lang.ClassLoader.loadClass(ClassLoader.java:469)
02-09 04:03:00.439  4302  4302 E ClassManager: 	... 18 more
02-09 04:03:00.449  4302  4302 E ClassManager: 	Suppressed: java.lang.ClassNotFoundException: Didn't find class "kotlin.streams.jdk8.StreamsKt$asStream$1" on path: DexPathList[[zip file "/data/app/com.qualcomm.ftcrobotcontroller-1/base.apk"],nativeLibraryDirectories=[/data/app/com.qualcomm.ftcrobotcontroller-1/lib/arm, /data/app/com.qualcomm.ftcrobotcontroller-1/base.apk!/lib/armeabi-v7a, /vendor/lib, /system/lib]]
02-09 04:03:00.449  4302  4302 E ClassManager: 		at dalvik.system.BaseDexClassLoader.findClass(BaseDexClassLoader.java:56)
02-09 04:03:00.449  4302  4302 E ClassManager: 		at java.lang.ClassLoader.loadClass(ClassLoader.java:511)
02-09 04:03:00.449  4302  4302 E ClassManager: 		at java.lang.ClassLoader.loadClass(ClassLoader.java:504)
02-09 04:03:00.449  4302  4302 E ClassManager: 		... 20 more
02-09 04:03:00.449  4302  4302 E ClassManager: 		Suppressed: java.lang.NoClassDefFoundError: kotlin.streams.jdk8.StreamsKt$asStream$1
02-09 04:03:00.449  4302  4302 E ClassManager: 			at dalvik.system.DexFile.defineClassNative(Native Method)
02-09 04:03:00.449  4302  4302 E ClassManager: 			at dalvik.system.DexFile.defineClass(DexFile.java:226)
02-09 04:03:00.449  4302  4302 E ClassManager: 			at dalvik.system.DexFile.loadClassBinaryName(DexFile.java:219)
02-09 04:03:00.449  4302  4302 E ClassManager: 			at dalvik.system.DexPathList.findClass(DexPathList.java:338)
02-09 04:03:00.449  4302  4302 E ClassManager: 			at dalvik.system.BaseDexClassLoader.findClass(BaseDexClassLoader.java:54)
02-09 04:03:00.449  4302  4302 E ClassManager: 			... 22 more
02-09 04:03:00.449  4302  4302 E ClassManager: 		Suppressed: java.lang.ClassNotFoundException: kotlin.streams.jdk8.StreamsKt$asStream$1
02-09 04:03:00.449  4302  4302 E ClassManager: 			at java.lang.Class.classForName(Native Method)
02-09 04:03:00.449  4302  4302 E ClassManager: 			at java.lang.BootClassLoader.findClass(ClassLoader.java:781)
02-09 04:03:00.449  4302  4302 E ClassManager: 			at java.lang.BootClassLoader.loadClass(ClassLoader.java:841)
02-09 04:03:00.449  4302  4302 E ClassManager: 			at java.lang.ClassLoader.loadClass(ClassLoader.java:504)
02-09 04:03:00.449  4302  4302 E ClassManager: 			... 21 more
02-09 04:03:00.449  4302  4302 E ClassManager: 		Caused by: java.lang.NoClassDefFoundError: Class not found using the boot class loader; no stack trace available
02-09 04:03:05.109  4701  4701 W SELinux : Function: selinux_compare_spd_ram, index[1], priority [2], priority version is VE=SEPF_SECMOBILE_6.0.1_0029
02-09 04:03:05.109  4701  4701 W SELinux : SELinux: seapp_context_lookup: seinfo=default, level=s0:c512,c768, pkgname=com.qualcomm.ftcrobotcontroller 
02-09 04:03:05.149  4702  4702 W SELinux : Function: selinux_compare_spd_ram, index[1], priority [2], priority version is VE=SEPF_SECMOBILE_6.0.1_0029
02-09 04:03:05.149  4702  4702 W SELinux : SELinux: seapp_context_lookup: seinfo=default, level=s0:c512,c768, pkgname=com.qualcomm.ftcrobotcontroller 
02-09 04:03:05.269  4706  4706 W SELinux : Function: selinux_compare_spd_ram, index[1], priority [2], priority version is VE=SEPF_SECMOBILE_6.0.1_0029
02-09 04:03:05.269  4706  4706 W SELinux : SELinux: seapp_context_lookup: seinfo=default, level=s0:c512,c768, pkgname=com.qualcomm.ftcrobotcontroller 
02-09 04:03:05.289  4302  4302 V OnBotJavaDeterminer: isOnBotJava: class=AdafruitBNO055IMU loader=PathClassLoader: false
02-09 04:03:05.319  4707  4707 W SELinux : Function: selinux_compare_spd_ram, index[1], priority [2], priority version is VE=SEPF_SECMOBILE_6.0.1_0029
02-09 04:03:05.319  4707  4707 W SELinux : SELinux: seapp_context_lookup: seinfo=default, level=s0:c512,c768, pkgname=com.qualcomm.ftcrobotcontroller 
02-09 04:03:05.329  4302  4302 V OnBotJavaDeterminer: isOnBotJava: class=NavxMicroNavigationSensor loader=PathClassLoader: false
02-09 04:03:05.349  4302  4302 V OnBotJavaDeterminer: isOnBotJava: class=LynxEmbeddedIMU loader=PathClassLoader: false
02-09 04:03:05.359  4708  4708 W SELinux : Function: selinux_compare_spd_ram, index[1], priority [2], priority version is VE=SEPF_SECMOBILE_6.0.1_0029
02-09 04:03:05.359  4708  4708 W SELinux : SELinux: seapp_context_lookup: seinfo=default, level=s0:c512,c768, pkgname=com.qualcomm.ftcrobotcontroller 
02-09 04:03:05.419  4302  4302 V OnBotJavaDeterminer: isOnBotJava: class=ModernRoboticsAnalogOpticalDistanceSensor loader=PathClassLoader: false
02-09 04:03:05.429  4302  4302 V OnBotJavaDeterminer: isOnBotJava: class=ModernRoboticsI2cCompassSensor loader=PathClassLoader: false
02-09 04:03:05.439  4302  4302 V OnBotJavaDeterminer: isOnBotJava: class=ModernRoboticsI2cRangeSensor loader=PathClassLoader: false
02-09 04:03:05.449  4302  4302 V OnBotJavaDeterminer: isOnBotJava: class=ModernRoboticsTouchSensor loader=PathClassLoader: false
02-09 04:03:05.479  4302  4302 V OnBotJavaDeterminer: isOnBotJava: class=GoBILDA5201Series loader=PathClassLoader: false
02-09 04:03:05.489  4302  4302 V OnBotJavaDeterminer: isOnBotJava: class=GoBILDA5202Series loader=PathClassLoader: false
02-09 04:03:05.499  4302  4302 V OnBotJavaDeterminer: isOnBotJava: class=Matrix12vMotor loader=PathClassLoader: false
02-09 04:03:05.509  4302  4302 V OnBotJavaDeterminer: isOnBotJava: class=MatrixLegacyMotor loader=PathClassLoader: false
02-09 04:03:05.519  4302  4302 V OnBotJavaDeterminer: isOnBotJava: class=NeveRest20Gearmotor loader=PathClassLoader: false
02-09 04:03:05.529  4302  4302 V OnBotJavaDeterminer: isOnBotJava: class=NeveRest3_7GearmotorV1 loader=PathClassLoader: false
02-09 04:03:05.539  4302  4302 V OnBotJavaDeterminer: isOnBotJava: class=NeveRest40Gearmotor loader=PathClassLoader: false
02-09 04:03:05.539  4302  4302 V OnBotJavaDeterminer: isOnBotJava: class=NeveRest60Gearmotor loader=PathClassLoader: false
02-09 04:03:05.549  4302  4302 V OnBotJavaDeterminer: isOnBotJava: class=RevRobotics20HdHexMotor loader=PathClassLoader: false
02-09 04:03:05.559  4302  4302 V OnBotJavaDeterminer: isOnBotJava: class=RevRobotics40HdHexMotor loader=PathClassLoader: false
02-09 04:03:05.569  4302  4302 V OnBotJavaDeterminer: isOnBotJava: class=RevRoboticsCoreHexMotor loader=PathClassLoader: false
02-09 04:03:05.579  4302  4302 V OnBotJavaDeterminer: isOnBotJava: class=TetrixMotor loader=PathClassLoader: false
02-09 04:03:05.589  4302  4302 V OnBotJavaDeterminer: isOnBotJava: class=Rev2mDistanceSensor loader=PathClassLoader: false
02-09 04:03:05.599  4302  4302 V OnBotJavaDeterminer: isOnBotJava: class=RevBlinkinLedDriver loader=PathClassLoader: false
02-09 04:03:05.609  4302  4302 V OnBotJavaDeterminer: isOnBotJava: class=RevColorSensorV3 loader=PathClassLoader: false
02-09 04:03:05.609  4302  4302 V OnBotJavaDeterminer: isOnBotJava: class=RevSPARKMini loader=PathClassLoader: false
02-09 04:03:05.619  4302  4302 V OnBotJavaDeterminer: isOnBotJava: class=RevTouchSensor loader=PathClassLoader: false
02-09 04:03:05.639  4302  4302 V OnBotJavaDeterminer: isOnBotJava: class=AnalogInput loader=PathClassLoader: false
02-09 04:03:05.649  4302  4302 V OnBotJavaDeterminer: isOnBotJava: class=CRServo loader=PathClassLoader: false
02-09 04:03:05.659  4302  4302 V OnBotJavaDeterminer: isOnBotJava: class=DigitalChannelImpl loader=PathClassLoader: false
02-09 04:03:05.679  4302  4302 V OnBotJavaDeterminer: isOnBotJava: class=LED loader=PathClassLoader: false
02-09 04:03:05.699  4302  4302 V OnBotJavaDeterminer: isOnBotJava: class=Servo loader=PathClassLoader: false
02-09 04:03:05.719  4302  4302 V OnBotJavaDeterminer: isOnBotJava: class=UnspecifiedMotor loader=PathClassLoader: false
02-09 04:03:07.899  4302  4302 V OnBotJavaDeterminer: isOnBotJava: class=VexMC29 loader=PathClassLoader: false
02-09 04:03:07.999  4302  4302 V UpdateUI: Network: inactive, disconnected
02-09 04:03:07.999  4302  4302 V ServiceStarter: attempting to start service FtcRobotControllerWatchdogService
02-09 04:03:08.019  4302  4302 V ServiceStarter: started service FtcRobotControllerWatchdogService
02-09 04:03:08.029  4302  4302 V RobotCore: BuildConfig: versionCode=35 versionName=5.3 module=com.qualcomm.ftcrobotcontroller
02-09 04:03:08.029  4302  4302 V RobotCore: BuildConfig: versionCode=67 versionName=11.9 module=com.qualcomm.robotcore
02-09 04:03:08.029  4302  4302 V RobotCore: BuildConfig: versionCode=67 versionName=11.9 module=com.qualcomm.hardware
02-09 04:03:08.029  4302  4302 V RobotCore: BuildConfig: versionCode=67 versionName=11.9 module=com.qualcomm.ftccommon
02-09 04:03:08.029  4302  4302 V RobotCore: BuildConfig: versionCode=67 versionName=11.9 module=com.google.blocks
02-09 04:03:08.029  4302  4302 V RobotCore: BuildConfig: versionCode=67 versionName=11.9 module=org.firstinspires.inspection
02-09 04:03:08.029  4302  4302 I RCActivity: Android device serial number: fa5e95d9
02-09 04:03:08.029  4302  4302 I RobotCore: Android Device: maker=samsung model=SAMSUNG-SM-G900A sdk=23
02-09 04:03:08.779  4302  4313 W art     : Suspending all threads took: 9.157ms
02-09 04:03:09.099  4302  4302 I ReflectionConfig: Config class: org.firstinspires.ftc.teamcode.PID.DriveConstantsPID
02-09 04:03:09.099  4302  4302 I ReflectionConfig: Config class: org.firstinspires.ftc.teamcode.PID.Test.TestMotionplanning
02-09 04:03:09.109  4302  4302 I ReflectionConfig: Config class: org.firstinspires.ftc.teamcode.PID.Test.TestOdometry
02-09 04:03:09.109  4302  4302 I ReflectionConfig: Config class: org.firstinspires.ftc.teamcode.PID.calibration.DiagonalTest
02-09 04:03:09.109  4302  4302 I ReflectionConfig: Config class: org.firstinspires.ftc.teamcode.PID.calibration.DriveVelocityPIDTuner
02-09 04:03:09.109  4302  4302 I ReflectionConfig: Config class: org.firstinspires.ftc.teamcode.PID.calibration.FollowerPIDTuner
02-09 04:03:09.109  4302  4302 I ReflectionConfig: Config class: org.firstinspires.ftc.teamcode.PID.calibration.FollowerPIDTunerStrafe
02-09 04:03:09.109  4302  4302 I ReflectionConfig: Config class: org.firstinspires.ftc.teamcode.PID.calibration.FollowerPIDTunerStraight
02-09 04:03:09.109  4302  4302 I ReflectionConfig: Config class: org.firstinspires.ftc.teamcode.PID.calibration.GyroAccelerometerTest
02-09 04:03:09.109  4302  4302 I ReflectionConfig: Config class: org.firstinspires.ftc.teamcode.PID.calibration.ManualStrafeTest
02-09 04:03:09.109  4302  4302 I ReflectionConfig: Config class: org.firstinspires.ftc.teamcode.PID.calibration.PathTest
02-09 04:03:09.109  4302  4302 I ReflectionConfig: Config class: org.firstinspires.ftc.teamcode.PID.calibration.PhoneIMUTest
02-09 04:03:09.109  4302  4302 I ReflectionConfig: Config class: org.firstinspires.ftc.teamcode.PID.calibration.StrafeTest
02-09 04:03:09.109  4302  4302 I ReflectionConfig: Config class: org.firstinspires.ftc.teamcode.PID.calibration.StraightTestV0
02-09 04:03:09.109  4302  4302 I ReflectionConfig: Config class: org.firstinspires.ftc.teamcode.PID.calibration.TurnTest0
02-09 04:03:09.119  4302  4302 I ReflectionConfig: Config class: org.firstinspires.ftc.teamcode.PID.calibration.TurnTest
02-09 04:03:09.119  4302  4302 I ReflectionConfig: Config class: org.firstinspires.ftc.teamcode.PID.calibration.VuforiaTest
02-09 04:03:09.119  4302  4302 I ReflectionConfig: Config class: org.firstinspires.ftc.teamcode.PID.localizer.StandardTrackingWheelLocalizer
02-09 04:03:09.119  4302  4302 I ReflectionConfig: Config class: org.firstinspires.ftc.teamcode.PID.mecanum.SampleMecanumDriveBase
02-09 04:03:09.199  4302  4302 V RCActivity: onStart()
02-09 04:03:09.199  4302  4302 V RCActivity: pref_wifip2p_channel: Found existing preferred channel (0).
02-09 04:03:09.199  4302  4302 V RCActivity: pref_wifip2p_channel: attempting to set preferred channel...
02-09 04:03:09.199  4302  4302 V WifiDirectChannelChanger: changeToChannel() channel=0
02-09 04:03:09.199  4302  4302 V WifiDirectChannelChanger: startChannelChange() channel=0
02-09 04:03:09.209  4302  4302 V RCActivity: onResume()
02-09 04:03:09.209  4302  4346 V WifiDirectChannelChanger: callSetWifiP2pChannels() success
02-09 04:03:09.209  4302  4346 V WifiDirectChannelChanger: Channel 0 saved as preference "pref_wifip2p_channel".
02-09 04:03:09.209  4302  4346 V WifiDirectChannelChanger: finishChannelChange() channel=0 success=true
02-09 04:03:09.209  4302  4302 D ViewRootImpl: #1 mView = com.android.internal.policy.PhoneWindow$DecorView{3099df5 I.E...... R.....ID 0,0-0,0}
02-09 04:03:09.219  4302  4911 D OpenGLRenderer: Use EGL_SWAP_BEHAVIOR_PRESERVED: true
02-09 04:03:09.229  4302  4302 D ConnectivityManager: requestNetwork; getAppId(CallingUid) : 10198, CallingPid : 4302
02-09 04:03:09.269  4302  4302 V FtcRobotControllerWatchdogService: onCreate()
02-09 04:03:09.269  4302  4302 V FtcRobotControllerWatchdogService: onStartCommand() intent=Intent { cmp=com.qualcomm.ftcrobotcontroller/org.firstinspires.ftc.ftccommon.internal.FtcRobotControllerWatchdogService } flags=0x0 startId=1
02-09 04:03:09.269  4302  4302 V FtcRobotControllerWatchdogService: shouldAutoLauchRobotController() result=false
02-09 04:03:09.269  4302  4302 V FTCService: onCreate()
02-09 04:03:09.269  4302  4302 V FTCService: onBind()
02-09 04:03:09.279  4302  4302 V CoreRobotWebServer: creating NanoHTTPD(8080)
02-09 04:03:09.319  4302  4302 V WebSocketManager: Registered broadcast-only namespace ControlHubUpdater
02-09 04:03:09.319  4302  4302 V RobotCore: Getting network assistant of type: WIFIDIRECT
02-09 04:03:09.319  4302  4302 V NetDiscover_prefremrc: onSharedPreferenceChanged(name=pref_wifip2p_groupowner_connectedto, value=null)
02-09 04:03:09.319  4302  4302 V WifiDirect: There are 1 Wifi Direct Assistant Clients (+)
02-09 04:03:09.319  4302  4302 V WifiDirect: Enabling Wifi Direct Assistant
02-09 04:03:09.329  4302  4302 V WifiDirectInviteMonitor: startMonitoring()
02-09 04:03:09.329  4302  4346 V NetDiscover_wifiDirectAgent_bcast: wifiP2pEnabled=true
02-09 04:03:09.329  4302  4346 D NetDiscover_wifiDirectAgent_bcast: connection changed: networkInfo.state=CONNECTED
02-09 04:03:09.329  4302  4346 V NetDiscover_wifiDirectAgent_bcast: NetworkInfo: [type: WIFI_P2P[] - WIFI_P2P, state: CONNECTED/CONNECTED, reason: (unspecified), extra: (none), roaming: false, failover: false, isAvailable: true]
02-09 04:03:09.329  4302  4346 V NetDiscover_wifiDirectAgent_bcast: WifiP2pInfo: groupFormed: true isGroupOwner: true groupOwnerAddress: /192.168.49.1
02-09 04:03:09.329  4302  4346 V NetDiscover_wifiDirectAgent_bcast: WifiP2pGroup: network: DIRECT-H1-SAMSUNG-SM-G900A, isGO: true, GO: Device: [Phone] SAMSUNG-SM-G900A, deviceAddress: 92:b6:86:ce:38:b9, primary type: 10-0050F204-5, secondary type: null, wps: 0, grpcapab: 0, devcapab: 0, status: 3, wfdInfo: null, groupownerAddress: null, GOdeviceName: null, interfaceAddress: , SConnectInfo : null, contactInfoHash : null, ssDevInfo : 0, iconIdx : 0, Client: Device: 11212-B-DS, deviceAddress: d2:5b:a8:5c:30:43, primary type: 10-0050F204-5, secondary type: null, wps: 392, grpcapab: 0, devcapab: 37, status: 0, wfdInfo: null, groupownerAddress: null, GOdeviceName: null, interfaceAddress: , SConnectInfo : null, contactInfoHash : null, ssDevInfo : 0, iconIdx : 0, interface: p2p-wlan0-0, frequency: 2437, networkId: -1
02-09 04:03:09.329  4302  4302 V AppUtil : rootActivity=PermissionValidatorWrapper destroyed
02-09 04:03:09.329  4302  4302 V AppUtil : rootActivity=FtcRobotControllerActivity
02-09 04:03:09.339  4302  4346 V NetDiscover_wifiDirectAgent_bcast: this device changed: Device=[Phone] SAMSUNG-SM-G900A deviceAddress=92:b6:86:ce:38:b9 primary type=10-0050F204-5 secondary type=null wps=0 grpcapab=0 devcapab=0 status=0 wfdInfo=null groupownerAddress=null GOdeviceName=null interfaceAddress= SConnectInfo =null contactInfoHash =null ssDevInfo =0 iconIdx =0
02-09 04:03:09.339  4302  4346 V NetDiscover_name: remembering wifiDirectName: [Phone] SAMSUNG-SM-G900A...
02-09 04:03:09.339  4302  4346 V NetDiscover_name: ...remembering wifiDirectName
02-09 04:03:09.339  4302  4346 V NetDiscover_wifiDirectAgent_bcast: p2p discoverPeers()=true
02-09 04:03:09.339  4302  4346 V NetDiscover_wifiDirectAgent_bcast: wifi direct remembered groups cleared
02-09 04:03:09.339  4302  4346 V NetDiscover_wifiDirectAgent_bcast: wifiState=ENABLED
02-09 04:03:09.409  4302  4911 I Adreno-EGL: <qeglDrvAPI_eglInitialize:379>: EGL 1.4 QUALCOMM build:  (Ia10634f51b)
02-09 04:03:09.409  4302  4911 I Adreno-EGL: OpenGL ES Shader Compiler Version: E031.29.00.00
02-09 04:03:09.409  4302  4911 I Adreno-EGL: Build Date: 01/28/16 Thu
02-09 04:03:09.409  4302  4911 I Adreno-EGL: Local Branch: ss
02-09 04:03:09.409  4302  4911 I Adreno-EGL: Remote Branch: 
02-09 04:03:09.409  4302  4911 I Adreno-EGL: Local Patches: 
02-09 04:03:09.409  4302  4911 I Adreno-EGL: Reconstruct Branch: 
02-09 04:03:09.429  4302  4911 D libEGL  : eglInitialize EGLDisplay = 0x952277c4
02-09 04:03:09.429  4302  4911 I OpenGLRenderer: Initialized EGL, version 1.4
02-09 04:03:09.509  4302  4302 D WifiDirect: broadcast: state - enabled: true
02-09 04:03:09.509  4302  4302 D WifiDirect: broadcast: connection changed: connectStatus=NOT_CONNECTED networkInfo.state=CONNECTED
02-09 04:03:09.509  4302  4302 V WifiDirect: writing pref name=pref_wifip2p_groupowner_connectedto value=[Phone] SAMSUNG-SM-G900A
02-09 04:03:09.509  4302  4302 V NetDiscover_prefremrc: onSharedPreferenceChanged(name=pref_wifip2p_groupowner_connectedto, value=[Phone] SAMSUNG-SM-G900A)
02-09 04:03:09.509  4302  4302 D WifiDirect: broadcast: this device changed
02-09 04:03:09.509  4302  4302 V WifiDirect: device information: [Phone] SAMSUNG-SM-G900A 92:b6:86:ce:38:b9
02-09 04:03:09.509  4302  4302 D WifiDirect: cannot create group, does group already exist?
02-09 04:03:09.509  4302  4302 V FTCService: RCActivity.controllerService=bound
02-09 04:03:09.509  4302  4302 V UpdateUI: Network: unknown, disconnected
02-09 04:03:09.509  4302  4383 W System.err: mkdir failed: EEXIST (File exists) : /data/user/0/com.qualcomm.ftcrobotcontroller/cache/WebView/Crash Reports
02-09 04:03:09.509  4302  4302 V RobotCore: Robot Status: stopped
02-09 04:03:09.519  4302  4929 V RobotCore: thread: 'RobotSetupRunnable.run()' starting...
02-09 04:03:09.519  4302  4929 V FTCService: Processing robot setup
02-09 04:03:09.519  4302  4929 V RobotCore: Robot Status: stopped, scanning for USB devices
02-09 04:03:09.529  4302  4302 V WebSocketManager: Registered handler for namespace ONBOTJAVA
02-09 04:03:12.319  4302  4302 D ViewRootImpl: #1 mView = android.widget.LinearLayout{5613ad5 V.E...... ......I. 0,0-0,0 #10203a7 android:id/toast_layout_root}
02-09 04:03:12.319  4302  4302 I Choreographer: Skipped 176 frames!  The application may be doing too much work on its main thread.
02-09 04:03:12.499  4302  4302 D ViewRootImpl: MSG_RESIZED_REPORT: ci=Rect(0, 0 - 0, 0) vi=Rect(0, 0 - 0, 0) or=1
02-09 04:03:12.509  4302  4302 D WifiDirect: group owners address: /192.168.49.1
02-09 04:03:12.509  4302  4302 D WifiDirect: group formed, this device is the group owner (GO)
02-09 04:03:12.509  4302  4302 I FTCService: onNetworkConnectionEvent: CONNECTED_AS_GROUP_OWNER
02-09 04:03:12.509  4302  4302 I FTCService: Wifi Direct - connected as group owner
02-09 04:03:12.509  4302  4302 V UpdateUI: Network: enabled, disconnected
02-09 04:03:12.519  4302  4302 D ViewRootImpl: MSG_RESIZED_REPORT: ci=Rect(0, 0 - 0, 0) vi=Rect(0, 0 - 0, 0) or=1
02-09 04:03:12.549  4302  4302 V WifiDirect: connection information available
02-09 04:03:12.549  4302  4302 V WifiDirect: connection information - groupOwnerName = [Phone] SAMSUNG-SM-G900A
02-09 04:03:12.549  4302  4302 V WifiDirect: connection information - groupOwnerMacAddress = 92:b6:86:ce:38:b9
02-09 04:03:12.549  4302  4302 V WifiDirect: connection information - groupInterface = p2p-wlan0-0
02-09 04:03:12.549  4302  4302 V WifiDirect: connection information - groupNetworkName = DIRECT-H1-SAMSUNG-SM-G900A
02-09 04:03:12.549  4302  4302 I FTCService: onNetworkConnectionEvent: CONNECTION_INFO_AVAILABLE
02-09 04:03:12.549  4302  4302 I FTCService: Network Connection Passphrase: K7dh1j5d
02-09 04:03:12.549  4302  4302 V CoreRobotWebServer: starting port=8080
02-09 04:03:12.559  4302  4302 V RobotCore: Getting network assistant of type: WIFIDIRECT
02-09 04:03:12.559  4302  4302 V WifiDirect: There are 2 Wifi Direct Assistant Clients (+)
02-09 04:03:12.559  4302  4302 V CoreRobotWebServer: started port=8080
02-09 04:03:12.559  4302  4302 V UpdateUI: Network: active, disconnected
02-09 04:03:12.559  4302  5036 W         : Unable to open '/system/framework/com.qti.location.sdk.jar': No such file or directory
02-09 04:03:12.559  4302  5036 W art     : Failed to open zip archive '/system/framework/com.qti.location.sdk.jar': I/O Error
02-09 04:03:12.569  4302  4346 V NetDiscover_wifiDirectAgent_bcast: wifiP2pEnabled=true
02-09 04:03:12.569  4302  4346 D NetDiscover_wifiDirectAgent_bcast: connection changed: networkInfo.state=CONNECTED
02-09 04:03:12.569  4302  4346 V NetDiscover_wifiDirectAgent_bcast: NetworkInfo: [type: WIFI_P2P[] - WIFI_P2P, state: CONNECTED/CONNECTED, reason: (unspecified), extra: (none), roaming: false, failover: false, isAvailable: true]
02-09 04:03:12.569  4302  4346 V NetDiscover_wifiDirectAgent_bcast: WifiP2pInfo: groupFormed: true isGroupOwner: true groupOwnerAddress: /192.168.49.1
02-09 04:03:12.569  4302  4346 V NetDiscover_wifiDirectAgent_bcast: WifiP2pGroup: network: DIRECT-H1-SAMSUNG-SM-G900A, isGO: true, GO: Device: [Phone] SAMSUNG-SM-G900A, deviceAddress: 92:b6:86:ce:38:b9, primary type: 10-0050F204-5, secondary type: null, wps: 0, grpcapab: 0, devcapab: 0, status: 3, wfdInfo: null, groupownerAddress: null, GOdeviceName: null, interfaceAddress: , SConnectInfo : null, contactInfoHash : null, ssDevInfo : 0, iconIdx : 0, Client: Device: 11212-B-DS, deviceAddress: d2:5b:a8:5c:30:43, primary type: 10-0050F204-5, secondary type: null, wps: 392, grpcapab: 0, devcapab: 37, status: 0, wfdInfo: null, groupownerAddress: null, GOdeviceName: null, interfaceAddress: , SConnectInfo : null, contactInfoHash : null, ssDevInfo : 0, iconIdx : 0, interface: p2p-wlan0-0, frequency: 2437, networkId: -1
02-09 04:03:12.569  4302  4346 V NetDiscover_wifiDirectAgent_bcast: this device changed: Device=[Phone] SAMSUNG-SM-G900A deviceAddress=92:b6:86:ce:38:b9 primary type=10-0050F204-5 secondary type=null wps=0 grpcapab=0 devcapab=0 status=0 wfdInfo=null groupownerAddress=null GOdeviceName=null interfaceAddress= SConnectInfo =null contactInfoHash =null ssDevInfo =0 iconIdx =0
02-09 04:03:12.569  4302  4346 V NetDiscover_name: remembering wifiDirectName: [Phone] SAMSUNG-SM-G900A...
02-09 04:03:12.569  4302  4346 V NetDiscover_name: ...remembering wifiDirectName
02-09 04:03:12.569  4302  4346 V NetDiscover_wifiDirectAgent_bcast: p2p discoverPeers()=true
02-09 04:03:12.569  4302  4346 V NetDiscover_wifiDirectAgent_bcast: wifi direct remembered groups cleared
02-09 04:03:12.569  4302  4346 V NetDiscover_wifiDirectAgent_bcast: wifiState=ENABLED
02-09 04:03:12.569  4302  4302 E libEGL  : validate_display:255 error 3008 (EGL_BAD_DISPLAY)
02-09 04:03:12.569  4302  4302 D libEGL  : eglInitialize EGLDisplay = 0xbeda9324
02-09 04:03:12.609  4302  5036 V TooTallWebSocketServer: Started WebSocket server on port 8081
02-09 04:03:12.609  4302  4302 I Timeline: Timeline: Activity_idle id: android.os.BinderProxy@7a416df time:8489744
02-09 04:03:12.909  4302  4302 D ViewRootImpl: #3 mView = null
02-09 04:03:14.519  4302  4929 V RobotCore: EventLoopManager state is NOT_STARTED
02-09 04:03:14.519  4302  4929 V RobotCore: Robot Status: stopped, waiting for Wifi to enable
02-09 04:03:14.529  4302  4929 I RobotCore: state = 3
02-09 04:03:14.529  4302  4929 V RobotCore: Robot Status: stopped, waiting for Wifi Direct to enable
02-09 04:03:14.529  4302  4929 V FTCService: Waiting for a connection to a wifi service
02-09 04:03:14.529  4302  4929 V RobotCore: Robot Status: stopped, waiting for network to become active
02-09 04:03:14.529  4302  4929 V CoreRobotWebServer: Asked an already running WebServer to start
02-09 04:03:14.529  4302  4929 V RobotCore: Robot Status: stopped, starting robot
02-09 04:03:14.529  4302  4929 V Robocol : EventLoopManager.start()
02-09 04:03:14.529  4302  4929 V RobotCore: Getting network assistant of type: WIFIDIRECT
02-09 04:03:14.529  4302  4929 V Robocol : Spoofing a Network Connection event...
02-09 04:03:14.529  4302  4929 I EventLoopManager: onNetworkConnectionEvent: CONNECTION_INFO_AVAILABLE
02-09 04:03:14.529  4302  4929 I Robocol : Received network connection event
02-09 04:03:14.529  4302  4929 I NetworkConnectionHandler: Handling new network connection infomation, connected: true setup needed: true
02-09 04:03:14.529  4302  4929 V RobotCore: EventLoopManager state is STOPPED
02-09 04:03:14.529  4302  5153 V RobotCore: thread: 'SetupRunnable.run()' starting...
02-09 04:03:14.529  4302  4929 V Robocol : eventLoop=FtcEventLoop
02-09 04:03:14.529  4302  4929 V RobotCore: EventLoopManager state is INIT
02-09 04:03:14.529  4302  4929 V RobotCore: Robot Status: initializing, starting robot
02-09 04:03:14.529  4302  4929 I FtcEventLoop: ======= INIT START =======
02-09 04:03:14.539  4302  4929 V OpmodeRegistration: registered {DefaultOpMode} as {$Stop$Robot$}
02-09 04:03:14.539  4302  4302 D WifiDirect: cannot create group, does group already exist?
02-09 04:03:14.539  4302  4929 V FileBasedLock: locked /storage/emulated/0/FIRST/blocks/projectslock/lock.dat
02-09 04:03:14.539  4302  4929 V FileBasedLock: unlocking /storage/emulated/0/FIRST/blocks/projectslock/lock.dat
02-09 04:03:14.549  4302  4929 V OpmodeRegistration: registered {TestMotionplanning} as {MotionPlanningTest}
02-09 04:03:14.559  4302  4929 V OpmodeRegistration: registered {StraightTestV0} as {StraightTestV0}
02-09 04:03:14.559  4302  4929 V OpmodeRegistration: registered {ServoTester} as {Servo Tester}
02-09 04:03:14.559  4302  4929 V OpmodeRegistration: registered {PathTest} as {PathTest}
02-09 04:03:14.559  4302  4929 V OpmodeRegistration: registered {GyroAccelerometerTest} as {GyroAccelerometerTest}
02-09 04:03:14.559  4302  4929 V OpmodeRegistration: registered {DiagonalTest} as {DiagonalTest}
02-09 04:03:14.559  4302  4929 V OpmodeRegistration: registered {DriveVelocityPIDTuner} as {DriveVelocityPIDTuner}
02-09 04:03:14.559  4302  4929 V OpmodeRegistration: registered {MainAutonomous} as {Autonomous}
02-09 04:03:14.559  4302  4929 V OpmodeRegistration: registered {Teleop} as {TeleOp}
02-09 04:03:14.559  4302  4929 V OpmodeRegistration: registered {FollowerPIDTuner} as {FollowerPIDTuner}
02-09 04:03:14.559  4302  4929 V OpmodeRegistration: registered {StrafeTest} as {StrafeTest}
02-09 04:03:14.559  4302  4929 V OpmodeRegistration: registered {LocalizationTest} as {LocalizationTest}
02-09 04:03:14.559  4302  4929 V OpmodeRegistration: registered {SplineTest} as {SplineTest}
02-09 04:03:14.569  4302  4929 V OpmodeRegistration: registered {FollowerPIDTunerStraight} as {FollowerPIDTunerStraight}
02-09 04:03:14.569  4302  4929 V OpmodeRegistration: registered {PhoneIMUTest} as {PhoneIMUTest}
02-09 04:03:14.569  4302  4929 V OpmodeRegistration: registered {TurnTest0} as {TurnTest0}
02-09 04:03:14.569  4302  4929 V OpmodeRegistration: registered {ManualStrafeTest} as {ManualStrafeTest}
02-09 04:03:14.569  4302  4929 V OpmodeRegistration: registered {LimitSwitchTest} as {Limit Switch Tester}
02-09 04:03:14.569  4302  4929 V OpmodeRegistration: registered {TurnTest} as {TurnTest}
02-09 04:03:14.569  4302  4929 V OpmodeRegistration: registered {VuforiaTest} as {VuforiaTest}
02-09 04:03:14.569  4302  4929 V OpmodeRegistration: registered {FollowerPIDTunerStrafe} as {FollowerPIDTunerStrafe}
02-09 04:03:14.569  4302  4929 V OpmodeRegistration: registered {TestOdometry} as {StraightLineOdometryTest}
02-09 04:03:14.599  4302  5153 D Robocol : RobocolDatagramSocket listening addr=/192.168.49.1:20884 cbRec=65520 cbSend=163840 msRecTO=300
02-09 04:03:14.599  4302  5153 V Robocol : RecvLoopRunnable created
02-09 04:03:14.599  4302  5153 V PeerDiscovery: Starting peer discovery remote: /192.168.49.1 local: /192.168.49.1
02-09 04:03:14.599  4302  5153 V PeerDiscovery: No need for peer discovery, we are the peer discovery device
02-09 04:03:14.599  4302  5153 V RobotCore: Setup complete
02-09 04:03:14.599  4302  5153 V RobotCore: thread: ...terminating 'SetupRunnable.run()'
02-09 04:03:14.599  4302  5161 V RobotCore: thread: 'RecvLoopRunnable.run()' starting...
02-09 04:03:14.679  4302  4929 V HardwareFactory: createHardwareMap()
02-09 04:03:14.679  4302  4929 V WifiDirectInviteMonitor: clearUILynxModule()
02-09 04:03:14.679  4302  4302 I BatteryChecker: percent remaining: 18 is charging: false
02-09 04:03:14.689  4302  4929 V RobotCore: Creating Webcam [3F2DF43F]
02-09 04:03:14.689  4302  4929 V CameraManager: construct(hash=0x084bafab|inst#=0)
02-09 04:03:14.689  4302  4929 D libusb  : [ 0.000360] [00001341] libusb: debug [op_init] sysfs(/sys/bus/usb/devices) available
02-09 04:03:14.689  4302  4929 D libusb  : [ 0.000422] [00001341] libusb: debug [op_init] sysfs can relate devices
02-09 04:03:14.689  4302  4929 D libusb  : [ 0.000442] [00001341] libusb: debug [op_init] sysfs has complete descriptors
02-09 04:03:14.689  4302  4929 D libusb  : [ 0.000461] [00001341] libusb: debug [op_init] sysfs has serial numbers
02-09 04:03:14.689  4302  4929 W UvcContext: creating UvcContext with null usbFileSystemRoot
02-09 04:03:14.689  4302  4929 V UvcContext: construct(pointer=0x9b8283d0|inst#=0)
02-09 04:03:14.689  4302  4929 W RobotCore: Unable to find webcam with serial number 3F2DF43F
02-09 04:03:14.699  4302  4929 E WebcamNameImpl: exception RobotCoreException(Unable to find webcam with serial number 3F2DF43F): exception arming 3F2DF43F [com.qualcomm.robotcore.util.RobotLog.logAndThrow(RobotLog.java:307)]
02-09 04:03:14.699  4302  4929 V RobotCore: Creating REV Robotics USB Expansion Hub Portal [DQ167WIO]
02-09 04:03:14.699  4302  4929 V LynxUsb : creating new [DQ167WIO]: 0x02ca01a1
02-09 04:03:14.709  4302  4929 V FtDeviceManager: createDeviceInfoList(): 0 USB devices
02-09 04:03:14.709  4302  4929 W System.err: unable to open lynx USB device DQ167WIO: FTDI driver failed to open USB device with serial number DQ167WIO (returned null device)
02-09 04:03:14.709  4302  4929 E LynxUsb : exception RobotCoreException(unable to open lynx USB device DQ167WIO: FTDI driver failed to open USB device with serial number DQ167WIO (returned null device)): exception arming DQ167WIO [com.qualcomm.hardware.lynx.LynxUsbUtil.logMessageAndThrow(LynxUsbUtil.java:92)]
02-09 04:03:14.709  4302  4929 V LynxUsb : doPretend() serial=DQ167WIO
02-09 04:03:14.709  4302  4929 V LynxUsb : 0x0007efc6 on 0x02ca01a1: new delegate to [DQ167WIO]
02-09 04:03:14.709  4302  4929 V RobotCore: Creating Lynx Module - mod=2 parent=false
02-09 04:03:14.719  4302  4929 V RobotCore: Creating Lynx Module - mod=3 parent=true
02-09 04:03:14.719  4302  4929 V LynxUsb : addConfiguredModule() module#=3
02-09 04:03:14.719  4302  4929 V LynxModule: pingAndQueryKnownInterfaces mod=3
02-09 04:03:14.729  4302  4929 V LynxModule: mod#=3 queryInterface(DEKA)=0 commands starting at 0
02-09 04:03:14.729  4302  4929 V LynxModule: mod#=3 intf=DEKA: expected 54 commands; found 0
02-09 04:03:14.729  4302  4929 V LynxModule: sendLEDPatternSteps(): #steps=8
02-09 04:03:14.729  4302  4929 V LynxUsb : addConfiguredModule() module#=2
02-09 04:03:14.729  4302  4929 V LynxModule: pingAndQueryKnownInterfaces mod=2
02-09 04:03:14.729  4302  4929 V LynxModule: mod#=2 queryInterface(DEKA)=0 commands starting at 0
02-09 04:03:14.729  4302  4929 V LynxModule: mod#=2 intf=DEKA: expected 54 commands; found 0
02-09 04:03:14.729  4302  4929 V LynxModule: sendLEDPatternSteps(): #steps=6
02-09 04:03:14.729  4302  4929 V LynxMotor: initializeHardware() mod#=2
02-09 04:03:14.739  4302  4929 V RobotCore: DcMotorImpl(type=goBILDA5202SeriesMotor)
02-09 04:03:14.739  4302  4929 W LynxMotor: not supported: setPIDFCoefficients(0, RUN_USING_ENCODER, PIDFCoefficients(p=2.000000 i=0.500000 d=0.000000 f=11.100000 alg=PIDF))
02-09 04:03:14.739  4302  4929 W LynxMotor: not supported: setPIDFCoefficients(0, RUN_TO_POSITION, PIDFCoefficients(p=5.000000 i=0.000000 d=0.000000 f=0.000000 alg=PIDF))
02-09 04:03:14.739  4302  4929 V RobotCore: DcMotorImpl(type=goBILDA5202SeriesMotor)
02-09 04:03:14.739  4302  4929 W LynxMotor: not supported: setPIDFCoefficients(1, RUN_USING_ENCODER, PIDFCoefficients(p=2.000000 i=0.500000 d=0.000000 f=11.100000 alg=PIDF))
02-09 04:03:14.739  4302  4929 W LynxMotor: not supported: setPIDFCoefficients(1, RUN_TO_POSITION, PIDFCoefficients(p=5.000000 i=0.000000 d=0.000000 f=0.000000 alg=PIDF))
02-09 04:03:14.739  4302  4929 V RobotCore: DcMotorImpl(type=goBILDA5202SeriesMotor)
02-09 04:03:14.739  4302  4929 W LynxMotor: not supported: setPIDFCoefficients(2, RUN_USING_ENCODER, PIDFCoefficients(p=2.000000 i=0.500000 d=0.000000 f=11.100000 alg=PIDF))
02-09 04:03:14.739  4302  4929 W LynxMotor: not supported: setPIDFCoefficients(2, RUN_TO_POSITION, PIDFCoefficients(p=5.000000 i=0.000000 d=0.000000 f=0.000000 alg=PIDF))
02-09 04:03:14.739  4302  4929 V RobotCore: DcMotorImpl(type=Matrix12vMotor)
02-09 04:03:14.739  4302  4929 V LynxServoController: initializeHardware() mod#=2
02-09 04:03:14.739  4302  4929 V LynxVoltageSensor: initializeHardware() mod#=2
02-09 04:03:14.739  4302  4929 V LynxAnalogInputController: initializeHardware() mod#=2
02-09 04:03:14.739  4302  4929 V LynxDigitalChannelController: initializeHardware() mod#=2
02-09 04:03:14.739  4302  4929 V RobotCore: Creating Digital Channel Device - Type: Digital Device - Port: 3
02-09 04:03:14.739  4302  4929 V RobotCore: Creating user sensor REV Expansion Hub IMU - on Lynx module=2 bus=0
02-09 04:03:14.739  4302  4929 V RobotCore: Creating I2cDeviceSynch (Lynx) - mod=2 bus=0
02-09 04:03:14.739  4302  4929 I RobotCore: LynxFirmwareVersionManager: LynxI2cDeviceSynchV1
02-09 04:03:14.739  4302  4929 V LynxI2cDeviceSynch: initializeHardware() mod#=2
02-09 04:03:14.749  4302  4929 V LynxMotor: initializeHardware() mod#=3
02-09 04:03:14.749  4302  4929 V RobotCore: DcMotorImpl(type=Matrix12vMotor)
02-09 04:03:14.749  4302  4929 V RobotCore: DcMotorImpl(type=goBILDA5202SeriesMotor)
02-09 04:03:14.749  4302  4929 W LynxMotor: not supported: setPIDFCoefficients(1, RUN_USING_ENCODER, PIDFCoefficients(p=2.000000 i=0.500000 d=0.000000 f=11.100000 alg=PIDF))
