cmd logfilename ps_name
u0_a198   4250  373   1845928 89108 sys_epoll_ 00000000 S com.qualcomm.ftcrobotcontroller
4250
03-08 16:24:25.711   928  1585 I am_proc_start: [0,4250,10198,com.qualcomm.ftcrobotcontroller,activity,com.qualcomm.ftcrobotcontroller/org.firstinspires.ftc.robotcontroller.internal.FtcRobotControllerActivity]
03-08 16:24:25.811   928  1604 I am_proc_bound: [0,4250,com.qualcomm.ftcrobotcontroller]
03-08 16:24:49.631   928  1005 I am_pss  : [4250,10198,com.qualcomm.ftcrobotcontroller,109678592,108158976]
03-08 16:24:50.371  4250  4250 I am_on_resume_called: [0,org.firstinspires.ftc.robotcontroller.internal.FtcRobotControllerActivity]
03-08 16:24:50.811  4250  4250 I am_on_paused_called: [0,org.firstinspires.ftc.robotcontroller.internal.FtcRobotControllerActivity]
03-08 16:25:20.451   928  1005 I am_pss  : [4250,10198,com.qualcomm.ftcrobotcontroller,59828224,57909248]
03-08 16:26:16.371  4250  4250 I am_on_resume_called: [0,org.firstinspires.ftc.robotcontroller.internal.FtcRobotControllerActivity]
03-08 16:26:26.391   928  1005 I am_pss  : [4250,10198,com.qualcomm.ftcrobotcontroller,57362432,55517184]
03-08 16:27:45.901  4250  4250 I am_on_paused_called: [0,org.firstinspires.ftc.robotcontroller.internal.FtcRobotControllerActivity]
03-08 16:28:10.511   928  1005 I am_pss  : [4250,10198,com.qualcomm.ftcrobotcontroller,37176320,35164160]
03-08 16:30:33.091  4250  4250 I am_on_resume_called: [0,org.firstinspires.ftc.robotcontroller.internal.FtcRobotControllerActivity]
03-08 16:30:45.071   928  1005 I am_pss  : [4250,10198,com.qualcomm.ftcrobotcontroller,63613952,61685760]
03-08 16:33:00.111   928  1005 I am_pss  : [4250,10198,com.qualcomm.ftcrobotcontroller,69243904,67211264]
03-08 16:35:00.251   928  1005 I am_pss  : [4250,10198,com.qualcomm.ftcrobotcontroller,86147072,84107264]
03-08 16:36:31.051  4250  6481 V Robocol : received command: CMD_SET_MATCH_NUMBER(14899) 0
03-08 16:36:31.051  4250  6481 V Robocol : received command: CMD_INIT_OP_MODE(14900) TeleOp
03-08 16:36:31.091  4250  6480 I RobotCore: ******************** START - OPMODE TeleOp ********************
03-08 16:36:31.091  4250 14807 I RobotCore: Attempting to switch to op mode TeleOp
03-08 16:36:31.451  4250 14807 D RevExtensions2: Hotswapping hardware map
03-08 16:36:31.451  4250 14807 V RobotCore: DcMotorImpl(type=goBILDA5202SeriesMotor)
03-08 16:36:31.461  4250 14807 V RobotCore: DcMotorImpl(type=Matrix12vMotor)
03-08 16:36:31.461  4250 14807 V RobotCore: DcMotorImpl(type=Matrix12vMotor)
03-08 16:36:31.461  4250 14807 V RobotCore: DcMotorImpl(type=Matrix12vMotor)
03-08 16:36:31.461  4250 14807 V RobotCore: DcMotorImpl(type=Matrix12vMotor)
03-08 16:36:31.461  4250 14807 V RobotCore: DcMotorImpl(type=goBILDA5202SeriesMotor)
03-08 16:36:31.471  4250 14807 V RobotCore: DcMotorImpl(type=goBILDA5202SeriesMotor)
03-08 16:36:31.481  4250 14807 V RobotCore: DcMotorImpl(type=goBILDA5202SeriesMotor)
03-08 16:36:31.491  4250 14807 V ThreadPool: container(0x0858ded0: LinearOpMode) added id=509 TID=0 count=1
03-08 16:36:31.491  4250 14994 V Robocol : sending CMD_NOTIFY_INIT_OP_MODE(6078), attempt: 0
03-08 16:36:31.501  4250 15854 V RobotCore: thread: 'LinearOpMode main' starting...
03-08 16:36:34.731  4250  6481 V Robocol : received command: CMD_RUN_OP_MODE(14942) TeleOp
03-08 16:36:34.771  4250 14994 V Robocol : sending CMD_NOTIFY_RUN_OP_MODE(6114), attempt: 0
03-08 16:36:41.071  4250 15854 D backLeftPower: : 0.15251323929767308
03-08 16:36:41.071  4250 15854 D backRightPower: : 0.15251323929767305
03-08 16:36:41.071  4250 15854 D frontLeftPower: : 0.15251323929767305
03-08 16:36:41.071  4250 15854 D frontRightPower: : 0.15251323929767308
03-08 16:36:41.071  4250 15854 D backLeftVelocity: : -0.0
03-08 16:36:41.081  4250 15854 D backRightVelocity: : 0.0
03-08 16:36:41.081  4250 15854 D frontLeftVelocity: : -0.0
03-08 16:36:41.091  4250 15854 D frontRightVelocity: : 0.0
03-08 16:36:41.131  4250 15854 D backLeftPower: : 0.7071067811865476
03-08 16:36:41.131  4250 15854 D backRightPower: : 0.7071067811865475
03-08 16:36:41.131  4250 15854 D frontLeftPower: : 0.7071067811865475
03-08 16:36:41.131  4250 15854 D frontRightPower: : 0.7071067811865476
03-08 16:36:41.131  4250 15854 D backLeftVelocity: : 60.0
03-08 16:36:41.141  4250 15854 D backRightVelocity: : 160.0
03-08 16:36:41.141  4250 15854 D frontLeftVelocity: : 220.0
03-08 16:36:41.151  4250 15854 D frontRightVelocity: : 120.0
03-08 16:36:41.171  4250 15854 D backLeftPower: : 0.7071067811865476
03-08 16:36:41.171  4250 15854 D backRightPower: : 0.7071067811865475
03-08 16:36:41.171  4250 15854 D frontLeftPower: : 0.7071067811865475
03-08 16:36:41.171  4250 15854 D frontRightPower: : 0.7071067811865476
03-08 16:36:41.181  4250 15854 D backLeftVelocity: : 200.0
03-08 16:36:41.181  4250 15854 D backRightVelocity: : 340.0
03-08 16:36:41.191  4250 15854 D frontLeftVelocity: : 380.0
03-08 16:36:41.191  4250 15854 D frontRightVelocity: : 480.0
03-08 16:36:41.221  4250 15854 D backLeftPower: : 0.7071067811865476
03-08 16:36:41.221  4250 15854 D backRightPower: : 0.7071067811865475
03-08 16:36:41.221  4250 15854 D frontLeftPower: : 0.7071067811865475
03-08 16:36:41.221  4250 15854 D frontRightPower: : 0.7071067811865476
03-08 16:36:41.231  4250 15854 D backLeftVelocity: : 280.0
03-08 16:36:41.231  4250 15854 D backRightVelocity: : 420.0
03-08 16:36:41.241  4250 15854 D frontLeftVelocity: : 1000.0
03-08 16:36:41.241  4250 15854 D frontRightVelocity: : 1220.0
03-08 16:36:41.271  4250 15854 D backLeftPower: : 0.7071067811865476
03-08 16:36:41.271  4250 15854 D backRightPower: : 0.7071067811865475
03-08 16:36:41.271  4250 15854 D frontLeftPower: : 0.7071067811865475
03-08 16:36:41.271  4250 15854 D frontRightPower: : 0.7071067811865476
03-08 16:36:41.281  4250 15854 D backLeftVelocity: : 460.0
03-08 16:36:41.281  4250 15854 D backRightVelocity: : 680.0
03-08 16:36:41.281  4250 15854 D frontLeftVelocity: : 1000.0
03-08 16:36:41.291  4250 15854 D frontRightVelocity: : 1160.0
03-08 16:36:41.321  4250 15854 D backLeftPower: : 0.7071067811865476
03-08 16:36:41.321  4250 15854 D backRightPower: : 0.7071067811865475
03-08 16:36:41.321  4250 15854 D frontLeftPower: : 0.7071067811865475
03-08 16:36:41.321  4250 15854 D frontRightPower: : 0.7071067811865476
03-08 16:36:41.331  4250 15854 D backLeftVelocity: : 620.0
03-08 16:36:41.341  4250 15854 D backRightVelocity: : 700.0
03-08 16:36:41.361  4250 15854 D frontLeftVelocity: : 1040.0
03-08 16:36:41.361  4250 15854 D frontRightVelocity: : 1140.0
03-08 16:36:41.401  4250 15854 D backLeftPower: : 0.7071067811865476
03-08 16:36:41.401  4250 15854 D backRightPower: : 0.7071067811865475
03-08 16:36:41.401  4250 15854 D frontLeftPower: : 0.7071067811865475
03-08 16:36:41.401  4250 15854 D frontRightPower: : 0.7071067811865476
03-08 16:36:41.411  4250 15854 D backLeftVelocity: : 840.0
03-08 16:36:41.421  4250 15854 D backRightVelocity: : 860.0
03-08 16:36:41.431  4250 15854 D frontLeftVelocity: : 1080.0
03-08 16:36:41.441  4250 15854 D frontRightVelocity: : 1140.0
03-08 16:36:41.471  4250 15854 D backLeftPower: : 0.7071067811865476
03-08 16:36:41.471  4250 15854 D backRightPower: : 0.7071067811865475
03-08 16:36:41.471  4250 15854 D frontLeftPower: : 0.7071067811865475
03-08 16:36:41.471  4250 15854 D frontRightPower: : 0.7071067811865476
03-08 16:36:41.481  4250 15854 D backLeftVelocity: : 980.0
03-08 16:36:41.481  4250 15854 D backRightVelocity: : 1060.0
03-08 16:36:41.481  4250 15854 D frontLeftVelocity: : 1120.0
03-08 16:36:41.491  4250 15854 D frontRightVelocity: : 1180.0
03-08 16:36:41.531  4250 15854 D backLeftPower: : 0.7071067811865476
03-08 16:36:41.531  4250 15854 D backRightPower: : 0.7071067811865475
03-08 16:36:41.531  4250 15854 D frontLeftPower: : 0.7071067811865475
03-08 16:36:41.531  4250 15854 D frontRightPower: : 0.7071067811865476
03-08 16:36:41.541  4250 15854 D backLeftVelocity: : 1100.0
03-08 16:36:41.541  4250 15854 D backRightVelocity: : 1200.0
03-08 16:36:41.551  4250 15854 D frontLeftVelocity: : 1200.0
03-08 16:36:41.561  4250 15854 D frontRightVelocity: : 1240.0
03-08 16:36:41.591  4250 15854 D backLeftPower: : 0.7071067811865476
03-08 16:36:41.591  4250 15854 D backRightPower: : 0.7071067811865475
03-08 16:36:41.591  4250 15854 D frontLeftPower: : 0.7071067811865475
03-08 16:36:41.591  4250 15854 D frontRightPower: : 0.7071067811865476
03-08 16:36:41.601  4250 15854 D backLeftVelocity: : 1240.0
03-08 16:36:41.601  4250 15854 D backRightVelocity: : 1280.0
03-08 16:36:41.611  4250 15854 D frontLeftVelocity: : 1300.0
03-08 16:36:41.621  4250 15854 D frontRightVelocity: : 1360.0
03-08 16:36:41.661  4250 15854 D backLeftPower: : 0.7071067811865476
03-08 16:36:41.661  4250 15854 D backRightPower: : 0.7071067811865475
03-08 16:36:41.661  4250 15854 D frontLeftPower: : 0.7071067811865475
03-08 16:36:41.661  4250 15854 D frontRightPower: : 0.7071067811865476
03-08 16:36:41.671  4250 15854 D backLeftVelocity: : 1400.0
03-08 16:36:41.671  4250 15854 D backRightVelocity: : 1400.0
03-08 16:36:41.671  4250 15854 D frontLeftVelocity: : 1400.0
03-08 16:36:41.681  4250 15854 D frontRightVelocity: : 1440.0
03-08 16:36:41.701  4250 15854 D backLeftPower: : 0.7071067811865476
03-08 16:36:41.701  4250 15854 D backRightPower: : 0.7071067811865475
03-08 16:36:41.701  4250 15854 D frontLeftPower: : 0.7071067811865475
03-08 16:36:41.701  4250 15854 D frontRightPower: : 0.7071067811865476
03-08 16:36:41.711  4250 15854 D backLeftVelocity: : 1440.0
03-08 16:36:41.711  4250 15854 D backRightVelocity: : 1440.0
03-08 16:36:41.721  4250 15854 D frontLeftVelocity: : 1460.0
03-08 16:36:41.721  4250 15854 D frontRightVelocity: : 1480.0
03-08 16:36:41.751  4250 15854 D backLeftPower: : 0.7071067811865476
03-08 16:36:41.751  4250 15854 D backRightPower: : 0.7071067811865475
03-08 16:36:41.751  4250 15854 D frontLeftPower: : 0.7071067811865475
03-08 16:36:41.751  4250 15854 D frontRightPower: : 0.7071067811865476
03-08 16:36:41.751  4250 15854 D backLeftVelocity: : 1480.0
03-08 16:36:41.761  4250 15854 D backRightVelocity: : 1480.0
03-08 16:36:41.761  4250 15854 D frontLeftVelocity: : 1480.0
03-08 16:36:41.771  4250 15854 D frontRightVelocity: : 1480.0
03-08 16:36:41.801  4250 15854 D backLeftPower: : 0.7071067811865476
03-08 16:36:41.801  4250 15854 D backRightPower: : 0.7071067811865475
03-08 16:36:41.801  4250 15854 D frontLeftPower: : 0.7071067811865475
03-08 16:36:41.801  4250 15854 D frontRightPower: : 0.7071067811865476
03-08 16:36:41.811  4250 15854 D backLeftVelocity: : 1500.0
03-08 16:36:41.811  4250 15854 D backRightVelocity: : 1560.0
03-08 16:36:41.821  4250 15854 D frontLeftVelocity: : 1540.0
03-08 16:36:41.821  4250 15854 D frontRightVelocity: : 1540.0
03-08 16:36:41.871  4250 15854 D backLeftPower: : 0.7071067811865476
03-08 16:36:41.871  4250 15854 D backRightPower: : 0.7071067811865475
03-08 16:36:41.871  4250 15854 D frontLeftPower: : 0.7071067811865475
03-08 16:36:41.871  4250 15854 D frontRightPower: : 0.7071067811865476
03-08 16:36:41.871  4250 15854 D backLeftVelocity: : 1580.0
03-08 16:36:41.881  4250 15854 D backRightVelocity: : 1600.0
03-08 16:36:41.891  4250 15854 D frontLeftVelocity: : 1600.0
03-08 16:36:41.901  4250 15854 D frontRightVelocity: : 1620.0
03-08 16:36:41.951  4250 15854 D backLeftPower: : 0.7071067811865476
03-08 16:36:41.951  4250 15854 D backRightPower: : 0.7071067811865475
03-08 16:36:41.951  4250 15854 D frontLeftPower: : 0.7071067811865475
03-08 16:36:41.951  4250 15854 D frontRightPower: : 0.7071067811865476
03-08 16:36:41.951  4250 15854 D backLeftVelocity: : 1640.0
03-08 16:36:41.961  4250 15854 D backRightVelocity: : 1660.0
03-08 16:36:41.961  4250 15854 D frontLeftVelocity: : 1620.0
03-08 16:36:41.971  4250 15854 D frontRightVelocity: : 1660.0
03-08 16:36:41.991  4250 15854 D backLeftPower: : 0.7071067811865476
03-08 16:36:41.991  4250 15854 D backRightPower: : 0.7071067811865475
03-08 16:36:41.991  4250 15854 D frontLeftPower: : 0.7071067811865475
03-08 16:36:41.991  4250 15854 D frontRightPower: : 0.7071067811865476
03-08 16:36:42.001  4250 15854 D backLeftVelocity: : 1660.0
03-08 16:36:42.001  4250 15854 D backRightVelocity: : 1680.0
03-08 16:36:42.001  4250 15854 D frontLeftVelocity: : 1660.0
03-08 16:36:42.011  4250 15854 D frontRightVelocity: : 1660.0
03-08 16:36:42.041  4250 15854 D backLeftPower: : 0.7071067811865476
03-08 16:36:42.041  4250 15854 D backRightPower: : 0.7071067811865475
03-08 16:36:42.041  4250 15854 D frontLeftPower: : 0.7071067811865475
03-08 16:36:42.041  4250 15854 D frontRightPower: : 0.7071067811865476
03-08 16:36:42.041  4250 15854 D backLeftVelocity: : 1620.0
03-08 16:36:42.051  4250 15854 D backRightVelocity: : 1700.0
03-08 16:36:42.051  4250 15854 D frontLeftVelocity: : 1680.0
03-08 16:36:42.061  4250 15854 D frontRightVelocity: : 1640.0
03-08 16:36:42.091  4250 15854 D backLeftPower: : 0.7071067811865476
03-08 16:36:42.091  4250 15854 D backRightPower: : 0.7071067811865475
03-08 16:36:42.091  4250 15854 D frontLeftPower: : 0.7071067811865475
03-08 16:36:42.091  4250 15854 D frontRightPower: : 0.7071067811865476
03-08 16:36:42.091  4250 15854 D backLeftVelocity: : 1660.0
03-08 16:36:42.101  4250 15854 D backRightVelocity: : 1720.0
03-08 16:36:42.121  4250 15854 D frontLeftVelocity: : 1680.0
03-08 16:36:42.131  4250 15854 D frontRightVelocity: : 1720.0
03-08 16:36:42.161  4250 15854 D backLeftPower: : 0.7071067811865476
03-08 16:36:42.161  4250 15854 D backRightPower: : 0.7071067811865475
03-08 16:36:42.161  4250 15854 D frontLeftPower: : 0.7071067811865475
03-08 16:36:42.161  4250 15854 D frontRightPower: : 0.7071067811865476
03-08 16:36:42.161  4250 15854 D backLeftVelocity: : 1740.0
03-08 16:36:42.171  4250 15854 D backRightVelocity: : 1720.0
03-08 16:36:42.171  4250 15854 D frontLeftVelocity: : 1720.0
03-08 16:36:42.181  4250 15854 D frontRightVelocity: : 1740.0
03-08 16:36:42.201  4250 15854 D backLeftPower: : 0.7071067811865476
03-08 16:36:42.201  4250 15854 D backRightPower: : 0.7071067811865475
03-08 16:36:42.201  4250 15854 D frontLeftPower: : 0.7071067811865475
03-08 16:36:42.201  4250 15854 D frontRightPower: : 0.7071067811865476
03-08 16:36:42.201  4250 15854 D backLeftVelocity: : 1720.0
03-08 16:36:42.211  4250 15854 D backRightVelocity: : 1720.0
03-08 16:36:42.211  4250 15854 D frontLeftVelocity: : 1740.0
03-08 16:36:42.221  4250 15854 D frontRightVelocity: : 1700.0
03-08 16:36:42.241  4250 15854 D backLeftPower: : 0.7071067811865476
03-08 16:36:42.241  4250 15854 D backRightPower: : 0.7071067811865475
03-08 16:36:42.241  4250 15854 D frontLeftPower: : 0.7071067811865475
03-08 16:36:42.241  4250 15854 D frontRightPower: : 0.7071067811865476
03-08 16:36:42.241  4250 15854 D backLeftVelocity: : 1700.0
03-08 16:36:42.241  4250 15854 D backRightVelocity: : 1740.0
03-08 16:36:42.251  4250 15854 D frontLeftVelocity: : 1720.0
03-08 16:36:42.251  4250 15854 D frontRightVelocity: : 1700.0
03-08 16:36:42.281  4250 15854 D backLeftPower: : 0.7071067811865476
03-08 16:36:42.281  4250 15854 D backRightPower: : 0.7071067811865475
03-08 16:36:42.281  4250 15854 D frontLeftPower: : 0.7071067811865475
03-08 16:36:42.281  4250 15854 D frontRightPower: : 0.7071067811865476
03-08 16:36:42.291  4250 15854 D backLeftVelocity: : 1720.0
03-08 16:36:42.291  4250 15854 D backRightVelocity: : 1760.0
03-08 16:36:42.301  4250 15854 D frontLeftVelocity: : 1760.0
03-08 16:36:42.301  4250 15854 D frontRightVelocity: : 1720.0
03-08 16:36:42.341  4250 15854 D backLeftPower: : 0.7071067811865476
03-08 16:36:42.341  4250 15854 D backRightPower: : 0.7071067811865475
03-08 16:36:42.341  4250 15854 D frontLeftPower: : 0.7071067811865475
03-08 16:36:42.341  4250 15854 D frontRightPower: : 0.7071067811865476
03-08 16:36:42.351  4250 15854 D backLeftVelocity: : 1720.0
03-08 16:36:42.361  4250 15854 D backRightVelocity: : 1760.0
03-08 16:36:42.361  4250 15854 D frontLeftVelocity: : 1740.0
03-08 16:36:42.371  4250 15854 D frontRightVelocity: : 1780.0
03-08 16:36:42.421  4250 15854 D backLeftPower: : 0.7071067811865476
03-08 16:36:42.421  4250 15854 D backRightPower: : 0.7071067811865475
03-08 16:36:42.421  4250 15854 D frontLeftPower: : 0.7071067811865475
03-08 16:36:42.421  4250 15854 D frontRightPower: : 0.7071067811865476
03-08 16:36:42.431  4250 15854 D backLeftVelocity: : 1780.0
03-08 16:36:42.431  4250 15854 D backRightVelocity: : 1780.0
03-08 16:36:42.451  4250 15854 D frontLeftVelocity: : 1780.0
03-08 16:36:42.451  4250 15854 D frontRightVelocity: : 1740.0
03-08 16:36:42.481  4250 15854 D backLeftPower: : 0.7071067811865476
03-08 16:36:42.481  4250 15854 D backRightPower: : 0.7071067811865475
03-08 16:36:42.491  4250 15854 D frontLeftPower: : 0.7071067811865475
03-08 16:36:42.491  4250 15854 D frontRightPower: : 0.7071067811865476
03-08 16:36:42.491  4250 15854 D backLeftVelocity: : 1740.0
03-08 16:36:42.501  4250 15854 D backRightVelocity: : 1760.0
03-08 16:36:42.501  4250 15854 D frontLeftVelocity: : 1760.0
03-08 16:36:42.511  4250 15854 D frontRightVelocity: : 1700.0
03-08 16:36:42.541  4250 15854 D backLeftPower: : 0.7071067811865476
03-08 16:36:42.541  4250 15854 D backRightPower: : 0.7071067811865475
03-08 16:36:42.541  4250 15854 D frontLeftPower: : 0.7071067811865475
03-08 16:36:42.551  4250 15854 D frontRightPower: : 0.7071067811865476
03-08 16:36:42.551  4250 15854 D backLeftVelocity: : 1760.0
03-08 16:36:42.551  4250 15854 D backRightVelocity: : 1760.0
03-08 16:36:42.561  4250 15854 D frontLeftVelocity: : 1780.0
03-08 16:36:42.571  4250 15854 D frontRightVelocity: : 1760.0
03-08 16:36:42.611  4250 15854 D backLeftPower: : 0.7071067811865476
03-08 16:36:42.611  4250 15854 D backRightPower: : 0.7071067811865475
03-08 16:36:42.611  4250 15854 D frontLeftPower: : 0.7071067811865475
03-08 16:36:42.611  4250 15854 D frontRightPower: : 0.7071067811865476
03-08 16:36:42.611  4250 15854 D backLeftVelocity: : 1780.0
03-08 16:36:42.621  4250 15854 D backRightVelocity: : 1720.0
03-08 16:36:42.631  4250 15854 D frontLeftVelocity: : 1740.0
03-08 16:36:42.641  4250 15854 D frontRightVelocity: : 1760.0
03-08 16:36:42.681  4250 15854 D backLeftPower: : 0.7071067811865476
03-08 16:36:42.691  4250 15854 D backRightPower: : 0.7071067811865475
03-08 16:36:42.691  4250 15854 D frontLeftPower: : 0.7071067811865475
03-08 16:36:42.691  4250 15854 D frontRightPower: : 0.7071067811865476
03-08 16:36:42.691  4250 15854 D backLeftVelocity: : 1780.0
03-08 16:36:42.701  4250 15854 D backRightVelocity: : 1800.0
03-08 16:36:42.701  4250 15854 D frontLeftVelocity: : 1800.0
03-08 16:36:42.711  4250 15854 D frontRightVelocity: : 1740.0
03-08 16:36:42.751  4250 15854 D backLeftPower: : 0.0
03-08 16:36:42.751  4250 15854 D backRightPower: : 0.0
03-08 16:36:42.751  4250 15854 D frontLeftPower: : 0.0
03-08 16:36:42.751  4250 15854 D frontRightPower: : 0.0
03-08 16:36:42.751  4250 15854 D backLeftVelocity: : 1740.0
03-08 16:36:42.761  4250 15854 D backRightVelocity: : 1760.0
03-08 16:36:42.761  4250 15854 D frontLeftVelocity: : 1760.0
03-08 16:36:42.771  4250 15854 D frontRightVelocity: : 1760.0
03-08 16:36:42.791  4250 15854 D backLeftPower: : 0.0
03-08 16:36:42.791  4250 15854 D backRightPower: : 0.0
03-08 16:36:42.791  4250 15854 D frontLeftPower: : 0.0
03-08 16:36:42.791  4250 15854 D frontRightPower: : 0.0
03-08 16:36:42.791  4250 15854 D backLeftVelocity: : 1760.0
03-08 16:36:42.791  4250 15854 D backRightVelocity: : 1720.0
03-08 16:36:42.801  4250 15854 D frontLeftVelocity: : 1660.0
03-08 16:36:42.801  4250 15854 D frontRightVelocity: : 1660.0
03-08 16:36:42.831  4250 15854 D backLeftPower: : 0.0
03-08 16:36:42.831  4250 15854 D backRightPower: : 0.0
03-08 16:36:42.831  4250 15854 D frontLeftPower: : 0.0
03-08 16:36:42.831  4250 15854 D frontRightPower: : 0.0
03-08 16:36:42.841  4250 15854 D backLeftVelocity: : 800.0
03-08 16:36:42.841  4250 15854 D backRightVelocity: : 760.0
03-08 16:36:42.841  4250 15854 D frontLeftVelocity: : 1080.0
03-08 16:36:42.851  4250 15854 D frontRightVelocity: : 900.0
03-08 16:36:42.881  4250 15854 D backLeftPower: : 0.0
03-08 16:36:42.881  4250 15854 D backRightPower: : 0.0
03-08 16:36:42.881  4250 15854 D frontLeftPower: : 0.0
03-08 16:36:42.881  4250 15854 D frontRightPower: : 0.0
03-08 16:36:42.881  4250 15854 D backLeftVelocity: : 300.0
03-08 16:36:42.891  4250 15854 D backRightVelocity: : 480.0
03-08 16:36:42.891  4250 15854 D frontLeftVelocity: : 1140.0
03-08 16:36:42.901  4250 15854 D frontRightVelocity: : 720.0
03-08 16:36:42.941  4250 15854 D backLeftPower: : 0.0
03-08 16:36:42.941  4250 15854 D backRightPower: : 0.0
03-08 16:36:42.941  4250 15854 D frontLeftPower: : 0.0
03-08 16:36:42.941  4250 15854 D frontRightPower: : 0.0
03-08 16:36:42.951  4250 15854 D backLeftVelocity: : 580.0
03-08 16:36:42.951  4250 15854 D backRightVelocity: : 440.0
03-08 16:36:42.961  4250 15854 D frontLeftVelocity: : 940.0
03-08 16:36:42.961  4250 15854 D frontRightVelocity: : 800.0
03-08 16:36:42.991  4250 15854 D backLeftPower: : 0.0
03-08 16:36:42.991  4250 15854 D backRightPower: : 0.0
03-08 16:36:42.991  4250 15854 D frontLeftPower: : 0.0
03-08 16:36:42.991  4250 15854 D frontRightPower: : 0.0
03-08 16:36:43.001  4250 15854 D backLeftVelocity: : 420.0
03-08 16:36:43.001  4250 15854 D backRightVelocity: : 300.0
03-08 16:36:43.001  4250 15854 D frontLeftVelocity: : 800.0
03-08 16:36:43.011  4250 15854 D frontRightVelocity: : 700.0
03-08 16:36:43.041  4250 15854 D backLeftPower: : 0.0
03-08 16:36:43.041  4250 15854 D backRightPower: : 0.0
03-08 16:36:43.041  4250 15854 D frontLeftPower: : -0.4298100207788224
03-08 16:36:43.041  4250 15854 D frontRightPower: : -0.4298100207788225
03-08 16:36:43.051  4250 15854 D backLeftVelocity: : 560.0
03-08 16:36:43.051  4250 15854 D backRightVelocity: : 340.0
03-08 16:36:43.061  4250 15854 D frontLeftVelocity: : 640.0
03-08 16:36:43.071  4250 15854 D frontRightVelocity: : 440.0
03-08 16:36:43.111  4250 15854 D backLeftPower: : -0.7071067811865477
03-08 16:36:43.111  4250 15854 D backRightPower: : -0.7071067811865475
03-08 16:36:43.111  4250 15854 D frontLeftPower: : -0.7071067811865475
03-08 16:36:43.111  4250 15854 D frontRightPower: : -0.7071067811865477
03-08 16:36:43.121  4250 15854 D backLeftVelocity: : 280.0
03-08 16:36:43.121  4250 15854 D backRightVelocity: : 140.0
03-08 16:36:43.131  4250 15854 D frontLeftVelocity: : 200.0
03-08 16:36:43.131  4250 15854 D frontRightVelocity: : -360.0
03-08 16:36:43.171  4250 15854 D backLeftPower: : -0.7071067811865477
03-08 16:36:43.171  4250 15854 D backRightPower: : -0.7071067811865475
03-08 16:36:43.171  4250 15854 D frontLeftPower: : -0.7071067811865475
03-08 16:36:43.171  4250 15854 D frontRightPower: : -0.7071067811865477
03-08 16:36:43.171  4250 15854 D backLeftVelocity: : -880.0
03-08 16:36:43.181  4250 15854 D backRightVelocity: : -1000.0
03-08 16:36:43.181  4250 15854 D frontLeftVelocity: : -80.0
03-08 16:36:43.181  4250 15854 D frontRightVelocity: : -160.0
03-08 16:36:43.211  4250 15854 D backLeftPower: : -0.7071067811865477
03-08 16:36:43.211  4250 15854 D backRightPower: : -0.7071067811865475
03-08 16:36:43.211  4250 15854 D frontLeftPower: : -0.7071067811865475
03-08 16:36:43.211  4250 15854 D frontRightPower: : -0.7071067811865477
03-08 16:36:43.211  4250 15854 D backLeftVelocity: : -960.0
03-08 16:36:43.221  4250 15854 D backRightVelocity: : -1260.0
03-08 16:36:43.221  4250 15854 D frontLeftVelocity: : -180.0
03-08 16:36:43.221  4250 15854 D frontRightVelocity: : -240.0
03-08 16:36:43.241  4250 15854 D backLeftPower: : -0.7071067811865477
03-08 16:36:43.241  4250 15854 D backRightPower: : -0.7071067811865475
03-08 16:36:43.241  4250 15854 D frontLeftPower: : -0.7071067811865475
03-08 16:36:43.241  4250 15854 D frontRightPower: : -0.7071067811865477
03-08 16:36:43.251  4250 15854 D backLeftVelocity: : -820.0
03-08 16:36:43.251  4250 15854 D backRightVelocity: : -1180.0
03-08 16:36:43.261  4250 15854 D frontLeftVelocity: : -400.0
03-08 16:36:43.271  4250 15854 D frontRightVelocity: : -420.0
03-08 16:36:43.291  4250 15854 D backLeftPower: : -0.7071067811865477
03-08 16:36:43.291  4250 15854 D backRightPower: : -0.7071067811865475
03-08 16:36:43.291  4250 15854 D frontLeftPower: : -0.7071067811865475
03-08 16:36:43.291  4250 15854 D frontRightPower: : -0.7071067811865477
03-08 16:36:43.301  4250 15854 D backLeftVelocity: : -880.0
03-08 16:36:43.301  4250 15854 D backRightVelocity: : -1140.0
03-08 16:36:43.301  4250 15854 D frontLeftVelocity: : -600.0
03-08 16:36:43.311  4250 15854 D frontRightVelocity: : -620.0
03-08 16:36:43.341  4250 15854 D backLeftPower: : -0.7071067811865477
03-08 16:36:43.341  4250 15854 D backRightPower: : -0.7071067811865475
03-08 16:36:43.341  4250 15854 D frontLeftPower: : -0.7071067811865475
03-08 16:36:43.341  4250 15854 D frontRightPower: : -0.7071067811865477
03-08 16:36:43.341  4250 15854 D backLeftVelocity: : -880.0
03-08 16:36:43.351  4250 15854 D backRightVelocity: : -1160.0
03-08 16:36:43.351  4250 15854 D frontLeftVelocity: : -740.0
03-08 16:36:43.361  4250 15854 D frontRightVelocity: : -780.0
03-08 16:36:43.411  4250 15854 D backLeftPower: : -0.7071067811865477
03-08 16:36:43.411  4250 15854 D backRightPower: : -0.7071067811865475
03-08 16:36:43.421  4250 15854 D frontLeftPower: : -0.7071067811865475
03-08 16:36:43.421  4250 15854 D frontRightPower: : -0.7071067811865477
03-08 16:36:43.421  4250 15854 D backLeftVelocity: : -1060.0
03-08 16:36:43.421  4250 15854 D backRightVelocity: : -1260.0
03-08 16:36:43.431  4250 15854 D frontLeftVelocity: : -940.0
03-08 16:36:43.441  4250 15854 D frontRightVelocity: : -900.0
03-08 16:36:43.481  4250 15854 D backLeftPower: : -0.7071067811865477
03-08 16:36:43.481  4250 15854 D backRightPower: : -0.7071067811865475
03-08 16:36:43.481  4250 15854 D frontLeftPower: : -0.7071067811865475
03-08 16:36:43.481  4250 15854 D frontRightPower: : -0.7071067811865477
03-08 16:36:43.481  4250 15854 D backLeftVelocity: : -1180.0
03-08 16:36:43.491  4250 15854 D backRightVelocity: : -1160.0
03-08 16:36:43.491  4250 15854 D frontLeftVelocity: : -1120.0
03-08 16:36:43.501  4250 15854 D frontRightVelocity: : -1040.0
03-08 16:36:43.531  4250 15854 D backLeftPower: : -0.7071067811865477
03-08 16:36:43.531  4250 15854 D backRightPower: : -0.7071067811865475
03-08 16:36:43.531  4250 15854 D frontLeftPower: : -0.7071067811865475
03-08 16:36:43.531  4250 15854 D frontRightPower: : -0.7071067811865477
03-08 16:36:43.541  4250 15854 D backLeftVelocity: : -1260.0
03-08 16:36:43.541  4250 15854 D backRightVelocity: : -1160.0
03-08 16:36:43.551  4250 15854 D frontLeftVelocity: : -1240.0
03-08 16:36:43.551  4250 15854 D frontRightVelocity: : -1300.0
03-08 16:36:43.611  4250 15854 D backLeftPower: : -0.7071067811865477
03-08 16:36:43.611  4250 15854 D backRightPower: : -0.7071067811865475
03-08 16:36:43.611  4250 15854 D frontLeftPower: : -0.7071067811865475
03-08 16:36:43.611  4250 15854 D frontRightPower: : -0.7071067811865477
03-08 16:36:43.611  4250 15854 D backLeftVelocity: : -1320.0
03-08 16:36:43.621  4250 15854 D backRightVelocity: : -1360.0
03-08 16:36:43.621  4250 15854 D frontLeftVelocity: : -1360.0
03-08 16:36:43.621  4250 15854 D frontRightVelocity: : -1420.0
03-08 16:36:43.641  4250 15854 D backLeftPower: : -0.7071067811865477
03-08 16:36:43.641  4250 15854 D backRightPower: : -0.7071067811865475
03-08 16:36:43.641  4250 15854 D frontLeftPower: : -0.7071067811865475
03-08 16:36:43.641  4250 15854 D frontRightPower: : -0.7071067811865477
03-08 16:36:43.651  4250 15854 D backLeftVelocity: : -1380.0
03-08 16:36:43.651  4250 15854 D backRightVelocity: : -1420.0
03-08 16:36:43.661  4250 15854 D frontLeftVelocity: : -1400.0
03-08 16:36:43.661  4250 15854 D frontRightVelocity: : -1480.0
03-08 16:36:43.681  4250 15854 D backLeftPower: : -0.7071067811865477
03-08 16:36:43.681  4250 15854 D backRightPower: : -0.7071067811865475
03-08 16:36:43.681  4250 15854 D frontLeftPower: : -0.7071067811865475
03-08 16:36:43.681  4250 15854 D frontRightPower: : -0.7071067811865477
03-08 16:36:43.691  4250 15854 D backLeftVelocity: : -1460.0
03-08 16:36:43.691  4250 15854 D backRightVelocity: : -1500.0
03-08 16:36:43.701  4250 15854 D frontLeftVelocity: : -1440.0
03-08 16:36:43.701  4250 15854 D frontRightVelocity: : -1500.0
03-08 16:36:43.731  4250 15854 D backLeftPower: : -0.7071067811865477
03-08 16:36:43.731  4250 15854 D backRightPower: : -0.7071067811865475
03-08 16:36:43.731  4250 15854 D frontLeftPower: : -0.7071067811865475
03-08 16:36:43.731  4250 15854 D frontRightPower: : -0.7071067811865477
03-08 16:36:43.741  4250 15854 D backLeftVelocity: : -1540.0
03-08 16:36:43.741  4250 15854 D backRightVelocity: : -1520.0
03-08 16:36:43.741  4250 15854 D frontLeftVelocity: : -1520.0
03-08 16:36:43.751  4250 15854 D frontRightVelocity: : -1520.0
03-08 16:36:43.781  4250 15854 D backLeftPower: : -0.7071067811865477
03-08 16:36:43.781  4250 15854 D backRightPower: : -0.7071067811865475
03-08 16:36:43.781  4250 15854 D frontLeftPower: : -0.7071067811865475
03-08 16:36:43.781  4250 15854 D frontRightPower: : -0.7071067811865477
03-08 16:36:43.781  4250 15854 D backLeftVelocity: : -1600.0
03-08 16:36:43.781  4250 15854 D backRightVelocity: : -1620.0
03-08 16:36:43.791  4250 15854 D frontLeftVelocity: : -1620.0
03-08 16:36:43.801  4250 15854 D frontRightVelocity: : -1620.0
03-08 16:36:43.821  4250 15854 D backLeftPower: : -0.7071067811865477
03-08 16:36:43.821  4250 15854 D backRightPower: : -0.7071067811865475
03-08 16:36:43.821  4250 15854 D frontLeftPower: : -0.7071067811865475
03-08 16:36:43.821  4250 15854 D frontRightPower: : -0.7071067811865477
03-08 16:36:43.831  4250 15854 D backLeftVelocity: : -1580.0
03-08 16:36:43.831  4250 15854 D backRightVelocity: : -1660.0
03-08 16:36:43.841  4250 15854 D frontLeftVelocity: : -1660.0
03-08 16:36:43.841  4250 15854 D frontRightVelocity: : -1700.0
03-08 16:36:43.881  4250 15854 D backLeftPower: : -0.7071067811865477
03-08 16:36:43.881  4250 15854 D backRightPower: : -0.7071067811865475
03-08 16:36:43.881  4250 15854 D frontLeftPower: : -0.7071067811865475
03-08 16:36:43.881  4250 15854 D frontRightPower: : -0.7071067811865477
03-08 16:36:43.881  4250 15854 D backLeftVelocity: : -1600.0
03-08 16:36:43.891  4250 15854 D backRightVelocity: : -1640.0
03-08 16:36:43.891  4250 15854 D frontLeftVelocity: : -1640.0
03-08 16:36:43.891  4250 15854 D frontRightVelocity: : -1700.0
03-08 16:36:43.941  4250 15854 D backLeftPower: : -0.7071067811865477
03-08 16:36:43.941  4250 15854 D backRightPower: : -0.7071067811865475
03-08 16:36:43.941  4250 15854 D frontLeftPower: : -0.7071067811865475
03-08 16:36:43.941  4250 15854 D frontRightPower: : -0.7071067811865477
03-08 16:36:43.951  4250 15854 D backLeftVelocity: : -1700.0
03-08 16:36:43.961  4250 15854 D backRightVelocity: : -1700.0
03-08 16:36:43.961  4250 15854 D frontLeftVelocity: : -1760.0
03-08 16:36:43.971  4250 15854 D frontRightVelocity: : -1740.0
03-08 16:36:44.001  4250 15854 D backLeftPower: : -0.7071067811865477
03-08 16:36:44.001  4250 15854 D backRightPower: : -0.7071067811865475
03-08 16:36:44.001  4250 15854 D frontLeftPower: : -0.7071067811865475
03-08 16:36:44.001  4250 15854 D frontRightPower: : -0.7071067811865477
03-08 16:36:44.011  4250 15854 D backLeftVelocity: : -1780.0
03-08 16:36:44.011  4250 15854 D backRightVelocity: : -1760.0
03-08 16:36:44.021  4250 15854 D frontLeftVelocity: : -1800.0
03-08 16:36:44.031  4250 15854 D frontRightVelocity: : -1800.0
03-08 16:36:44.061  4250 15854 D backLeftPower: : -0.7071067811865477
03-08 16:36:44.061  4250 15854 D backRightPower: : -0.7071067811865475
03-08 16:36:44.061  4250 15854 D frontLeftPower: : -0.7071067811865475
03-08 16:36:44.061  4250 15854 D frontRightPower: : -0.7071067811865477
03-08 16:36:44.071  4250 15854 D backLeftVelocity: : -1740.0
03-08 16:36:44.071  4250 15854 D backRightVelocity: : -1780.0
03-08 16:36:44.071  4250 15854 D frontLeftVelocity: : -1820.0
03-08 16:36:44.081  4250 15854 D frontRightVelocity: : -1880.0
03-08 16:36:44.131  4250 15854 D backLeftPower: : -0.7071067811865477
03-08 16:36:44.131  4250 15854 D backRightPower: : -0.7071067811865475
03-08 16:36:44.131  4250 15854 D frontLeftPower: : -0.7071067811865475
03-08 16:36:44.131  4250 15854 D frontRightPower: : -0.7071067811865477
03-08 16:36:44.141  4250 15854 D backLeftVelocity: : -1800.0
03-08 16:36:44.141  4250 15854 D backRightVelocity: : -1820.0
03-08 16:36:44.141  4250 15854 D frontLeftVelocity: : -1800.0
03-08 16:36:44.151  4250 15854 D frontRightVelocity: : -1820.0
03-08 16:36:44.171  4250 15854 D backLeftPower: : -0.7071067811865477
03-08 16:36:44.171  4250 15854 D backRightPower: : -0.7071067811865475
03-08 16:36:44.171  4250 15854 D frontLeftPower: : -0.7071067811865475
03-08 16:36:44.171  4250 15854 D frontRightPower: : -0.7071067811865477
03-08 16:36:44.171  4250 15854 D backLeftVelocity: : -1840.0
03-08 16:36:44.181  4250 15854 D backRightVelocity: : -1840.0
03-08 16:36:44.181  4250 15854 D frontLeftVelocity: : -1840.0
03-08 16:36:44.191  4250 15854 D frontRightVelocity: : -1820.0
03-08 16:36:44.211  4250 15854 D backLeftPower: : -0.7071067811865477
03-08 16:36:44.211  4250 15854 D backRightPower: : -0.7071067811865475
03-08 16:36:44.211  4250 15854 D frontLeftPower: : -0.7071067811865475
03-08 16:36:44.211  4250 15854 D frontRightPower: : -0.7071067811865477
03-08 16:36:44.221  4250 15854 D backLeftVelocity: : -1880.0
03-08 16:36:44.221  4250 15854 D backRightVelocity: : -1840.0
03-08 16:36:44.221  4250 15854 D frontLeftVelocity: : -1880.0
03-08 16:36:44.231  4250 15854 D frontRightVelocity: : -1880.0
03-08 16:36:44.251  4250 15854 D backLeftPower: : -0.7071067811865477
03-08 16:36:44.251  4250 15854 D backRightPower: : -0.7071067811865475
03-08 16:36:44.251  4250 15854 D frontLeftPower: : -0.7071067811865475
03-08 16:36:44.251  4250 15854 D frontRightPower: : -0.7071067811865477
03-08 16:36:44.261  4250 15854 D backLeftVelocity: : -1820.0
03-08 16:36:44.261  4250 15854 D backRightVelocity: : -1880.0
03-08 16:36:44.271  4250 15854 D frontLeftVelocity: : -1860.0
03-08 16:36:44.271  4250 15854 D frontRightVelocity: : -1940.0
03-08 16:36:44.301  4250 15854 D backLeftPower: : -0.7071067811865477
03-08 16:36:44.301  4250 15854 D backRightPower: : -0.7071067811865475
03-08 16:36:44.301  4250 15854 D frontLeftPower: : -0.7071067811865475
03-08 16:36:44.301  4250 15854 D frontRightPower: : -0.7071067811865477
03-08 16:36:44.301  4250 15854 D backLeftVelocity: : -1800.0
03-08 16:36:44.311  4250 15854 D backRightVelocity: : -1840.0
03-08 16:36:44.311  4250 15854 D frontLeftVelocity: : -1820.0
03-08 16:36:44.321  4250 15854 D frontRightVelocity: : -1900.0
03-08 16:36:44.351  4250 15854 D backLeftPower: : -0.7071067811865477
03-08 16:36:44.361  4250 15854 D backRightPower: : -0.7071067811865475
03-08 16:36:44.361  4250 15854 D frontLeftPower: : -0.7071067811865475
03-08 16:36:44.361  4250 15854 D frontRightPower: : -0.7071067811865477
03-08 16:36:44.361  4250 15854 D backLeftVelocity: : -1840.0
03-08 16:36:44.371  4250 15854 D backRightVelocity: : -1880.0
03-08 16:36:44.371  4250 15854 D frontLeftVelocity: : -1840.0
03-08 16:36:44.381  4250 15854 D frontRightVelocity: : -1840.0
03-08 16:36:44.421  4250 15854 D backLeftPower: : -0.7071067811865477
03-08 16:36:44.421  4250 15854 D backRightPower: : -0.7071067811865475
03-08 16:36:44.421  4250 15854 D frontLeftPower: : -0.7071067811865475
03-08 16:36:44.421  4250 15854 D frontRightPower: : -0.7071067811865477
03-08 16:36:44.421  4250 15854 D backLeftVelocity: : -1860.0
03-08 16:36:44.431  4250 15854 D backRightVelocity: : -1880.0
03-08 16:36:44.441  4250 15854 D frontLeftVelocity: : -1880.0
03-08 16:36:44.451  4250 15854 D frontRightVelocity: : -1900.0
03-08 16:36:44.491  4250 15854 D backLeftPower: : -0.7071067811865477
03-08 16:36:44.491  4250 15854 D backRightPower: : -0.7071067811865475
03-08 16:36:44.491  4250 15854 D frontLeftPower: : -0.7071067811865475
03-08 16:36:44.491  4250 15854 D frontRightPower: : -0.7071067811865477
03-08 16:36:44.491  4250 15854 D backLeftVelocity: : -1820.0
03-08 16:36:44.501  4250 15854 D backRightVelocity: : -1900.0
03-08 16:36:44.501  4250 15854 D frontLeftVelocity: : -1860.0
03-08 16:36:44.511  4250 15854 D frontRightVelocity: : -1940.0
03-08 16:36:44.541  4250 15854 D backLeftPower: : -0.7071067811865477
03-08 16:36:44.541  4250 15854 D backRightPower: : -0.7071067811865475
03-08 16:36:44.541  4250 15854 D frontLeftPower: : -0.7071067811865475
03-08 16:36:44.541  4250 15854 D frontRightPower: : -0.7071067811865477
03-08 16:36:44.551  4250 15854 D backLeftVelocity: : -1820.0
03-08 16:36:44.551  4250 15854 D backRightVelocity: : -1880.0
03-08 16:36:44.561  4250 15854 D frontLeftVelocity: : -1840.0
03-08 16:36:44.561  4250 15854 D frontRightVelocity: : -1860.0
03-08 16:36:44.611  4250 15854 D backLeftPower: : -0.6127078714720906
03-08 16:36:44.621  4250 15854 D backRightPower: : -0.21151254733249655
03-08 16:36:44.621  4250 15854 D frontLeftPower: : -0.21151254733249655
03-08 16:36:44.621  4250 15854 D frontRightPower: : -0.21151254733249664
03-08 16:36:44.621  4250 15854 D backLeftVelocity: : -1940.0
03-08 16:36:44.631  4250 15854 D backRightVelocity: : -1880.0
03-08 16:36:44.631  4250 15854 D frontLeftVelocity: : -1840.0
03-08 16:36:44.641  4250 15854 D frontRightVelocity: : -1820.0
03-08 16:36:44.661  4250 15854 D backLeftPower: : -0.21151254733249664
03-08 16:36:44.661  4250 15854 D backRightPower: : -0.21151254733249655
03-08 16:36:44.661  4250 15854 D frontLeftPower: : -0.21151254733249655
03-08 16:36:44.661  4250 15854 D frontRightPower: : -0.21151254733249664
03-08 16:36:44.671  4250 15854 D backLeftVelocity: : -1840.0
03-08 16:36:44.671  4250 15854 D backRightVelocity: : -1800.0
03-08 16:36:44.681  4250 15854 D frontLeftVelocity: : -1800.0
03-08 16:36:44.691  4250 15854 D frontRightVelocity: : -1740.0
03-08 16:36:44.721  4250 15854 D backLeftPower: : 0.0
03-08 16:36:44.721  4250 15854 D backRightPower: : 0.0
03-08 16:36:44.721  4250 15854 D frontLeftPower: : 0.0
03-08 16:36:44.721  4250 15854 D frontRightPower: : 0.0
03-08 16:36:44.721  4250 15854 D backLeftVelocity: : -1540.0
03-08 16:36:44.721  4250 15854 D backRightVelocity: : -1760.0
03-08 16:36:44.731  4250 15854 D frontLeftVelocity: : -1300.0
03-08 16:36:44.731  4250 15854 D frontRightVelocity: : -1380.0
03-08 16:36:44.751  4250 15854 D backLeftPower: : 0.0
03-08 16:36:44.751  4250 15854 D backRightPower: : 0.0
03-08 16:36:44.751  4250 15854 D frontLeftPower: : 0.0
03-08 16:36:44.751  4250 15854 D frontRightPower: : 0.0
03-08 16:36:44.761  4250 15854 D backLeftVelocity: : -1140.0
03-08 16:36:44.761  4250 15854 D backRightVelocity: : -1560.0
03-08 16:36:44.761  4250 15854 D frontLeftVelocity: : -520.0
03-08 16:36:44.771  4250 15854 D frontRightVelocity: : -640.0
03-08 16:36:44.801  4250 15854 D backLeftPower: : 0.0
03-08 16:36:44.801  4250 15854 D backRightPower: : 0.0
03-08 16:36:44.801  4250 15854 D frontLeftPower: : 0.0
03-08 16:36:44.801  4250 15854 D frontRightPower: : 0.0
03-08 16:36:44.801  4250 15854 D backLeftVelocity: : -1040.0
03-08 16:36:44.811  4250 15854 D backRightVelocity: : -980.0
03-08 16:36:44.811  4250 15854 D frontLeftVelocity: : -320.0
03-08 16:36:44.821  4250 15854 D frontRightVelocity: : -540.0
03-08 16:36:44.841  4250 15854 D backLeftPower: : 0.0
03-08 16:36:44.841  4250 15854 D backRightPower: : 0.0
03-08 16:36:44.841  4250 15854 D frontLeftPower: : 0.0
03-08 16:36:44.841  4250 15854 D frontRightPower: : 0.0
03-08 16:36:44.851  4250 15854 D backLeftVelocity: : -1080.0
03-08 16:36:44.851  4250 15854 D backRightVelocity: : -900.0
03-08 16:36:44.861  4250 15854 D frontLeftVelocity: : -320.0
03-08 16:36:44.861  4250 15854 D frontRightVelocity: : -440.0
03-08 16:36:44.891  4250 15854 D backLeftPower: : 0.0
03-08 16:36:44.891  4250 15854 D backRightPower: : 0.0
03-08 16:36:44.891  4250 15854 D frontLeftPower: : 0.0
03-08 16:36:44.891  4250 15854 D frontRightPower: : 0.0
03-08 16:36:44.891  4250 15854 D backLeftVelocity: : -900.0
03-08 16:36:44.901  4250 15854 D backRightVelocity: : -820.0
03-08 16:36:44.901  4250 15854 D frontLeftVelocity: : -460.0
03-08 16:36:44.911  4250 15854 D frontRightVelocity: : -280.0
03-08 16:36:44.971  4250 15854 D backLeftPower: : 0.0
03-08 16:36:44.971  4250 15854 D backRightPower: : 0.0
03-08 16:36:44.971  4250 15854 D frontLeftPower: : 0.0
03-08 16:36:44.971  4250 15854 D frontRightPower: : 0.0
03-08 16:36:44.971  4250 15854 D backLeftVelocity: : -640.0
03-08 16:36:44.981  4250 15854 D backRightVelocity: : -720.0
03-08 16:36:44.991  4250 15854 D frontLeftVelocity: : -500.0
03-08 16:36:45.001  4250 15854 D frontRightVelocity: : -300.0
03-08 16:36:45.031  4250 15854 D backLeftPower: : 0.7071067811865476
03-08 16:36:45.031  4250 15854 D backRightPower: : 0.7071067811865475
03-08 16:36:45.031  4250 15854 D frontLeftPower: : 0.7071067811865475
03-08 16:36:45.031  4250 15854 D frontRightPower: : 0.7071067811865476
03-08 16:36:45.041  4250 15854 D backLeftVelocity: : -420.0
03-08 16:36:45.041  4250 15854 D backRightVelocity: : -580.0
03-08 16:36:45.041  4250 15854 D frontLeftVelocity: : -80.0
03-08 16:36:45.051  4250 15854 D frontRightVelocity: : 80.0
03-08 16:36:45.071  4250 15854 D backLeftPower: : 0.7071067811865476
03-08 16:36:45.071  4250 15854 D backRightPower: : 0.7071067811865475
03-08 16:36:45.071  4250 15854 D frontLeftPower: : 0.7071067811865475
03-08 16:36:45.081  4250 15854 D frontRightPower: : 0.7071067811865476
03-08 16:36:45.081  4250 15854 D backLeftVelocity: : 460.0
03-08 16:36:45.081  4250 15854 D backRightVelocity: : -260.0
03-08 16:36:45.091  4250 15854 D frontLeftVelocity: : 900.0
03-08 16:36:45.091  4250 15854 D frontRightVelocity: : 1200.0
03-08 16:36:45.131  4250 15854 D backLeftPower: : 0.7071067811865476
03-08 16:36:45.131  4250 15854 D backRightPower: : 0.7071067811865475
03-08 16:36:45.131  4250 15854 D frontLeftPower: : 0.7071067811865475
03-08 16:36:45.131  4250 15854 D frontRightPower: : 0.7071067811865476
03-08 16:36:45.131  4250 15854 D backLeftVelocity: : 40.0
03-08 16:36:45.141  4250 15854 D backRightVelocity: : 100.0
03-08 16:36:45.141  4250 15854 D frontLeftVelocity: : 1100.0
03-08 16:36:45.141  4250 15854 D frontRightVelocity: : 1400.0
03-08 16:36:45.161  4250 15854 D backLeftPower: : 0.7071067811865476
03-08 16:36:45.161  4250 15854 D backRightPower: : 0.7071067811865475
03-08 16:36:45.161  4250 15854 D frontLeftPower: : 0.7071067811865475
03-08 16:36:45.171  4250 15854 D frontRightPower: : 0.7071067811865476
03-08 16:36:45.171  4250 15854 D backLeftVelocity: : 80.0
03-08 16:36:45.171  4250 15854 D backRightVelocity: : 180.0
03-08 16:36:45.181  4250 15854 D frontLeftVelocity: : 1060.0
03-08 16:36:45.181  4250 15854 D frontRightVelocity: : 1260.0
03-08 16:36:45.201  4250 15854 D backLeftPower: : 0.7071067811865476
03-08 16:36:45.201  4250 15854 D backRightPower: : 0.7071067811865475
03-08 16:36:45.201  4250 15854 D frontLeftPower: : 0.7071067811865475
03-08 16:36:45.201  4250 15854 D frontRightPower: : 0.7071067811865476
03-08 16:36:45.211  4250 15854 D backLeftVelocity: : 240.0
03-08 16:36:45.211  4250 15854 D backRightVelocity: : 260.0
03-08 16:36:45.211  4250 15854 D frontLeftVelocity: : 920.0
03-08 16:36:45.221  4250 15854 D frontRightVelocity: : 1180.0
03-08 16:36:45.251  4250 15854 D backLeftPower: : 0.7071067811865476
03-08 16:36:45.251  4250 15854 D backRightPower: : 0.7071067811865475
03-08 16:36:45.251  4250 15854 D frontLeftPower: : 0.7071067811865475
03-08 16:36:45.251  4250 15854 D frontRightPower: : 0.7071067811865476
03-08 16:36:45.251  4250 15854 D backLeftVelocity: : 500.0
03-08 16:36:45.251  4250 15854 D backRightVelocity: : 500.0
03-08 16:36:45.261  4250 15854 D frontLeftVelocity: : 980.0
03-08 16:36:45.261  4250 15854 D frontRightVelocity: : 1180.0
03-08 16:36:45.281  4250 15854 D backLeftPower: : 0.7071067811865476
03-08 16:36:45.281  4250 15854 D backRightPower: : 0.7071067811865475
03-08 16:36:45.281  4250 15854 D frontLeftPower: : 0.7071067811865475
03-08 16:36:45.281  4250 15854 D frontRightPower: : 0.7071067811865476
03-08 16:36:45.291  4250 15854 D backLeftVelocity: : 580.0
03-08 16:36:45.291  4250 15854 D backRightVelocity: : 580.0
03-08 16:36:45.291  4250 15854 D frontLeftVelocity: : 1080.0
03-08 16:36:45.301  4250 15854 D frontRightVelocity: : 1180.0
03-08 16:36:45.321  4250 15854 D backLeftPower: : 0.7071067811865476
03-08 16:36:45.321  4250 15854 D backRightPower: : 0.7071067811865475
03-08 16:36:45.321  4250 15854 D frontLeftPower: : 0.7071067811865475
03-08 16:36:45.321  4250 15854 D frontRightPower: : 0.7071067811865476
03-08 16:36:45.331  4250 15854 D backLeftVelocity: : 720.0
03-08 16:36:45.331  4250 15854 D backRightVelocity: : 800.0
03-08 16:36:45.341  4250 15854 D frontLeftVelocity: : 1080.0
03-08 16:36:45.341  4250 15854 D frontRightVelocity: : 1140.0
03-08 16:36:45.381  4250 15854 D backLeftPower: : 0.7071067811865476
03-08 16:36:45.381  4250 15854 D backRightPower: : 0.7071067811865475
03-08 16:36:45.381  4250 15854 D frontLeftPower: : 0.7071067811865475
03-08 16:36:45.381  4250 15854 D frontRightPower: : 0.7071067811865476
03-08 16:36:45.381  4250 15854 D backLeftVelocity: : 840.0
03-08 16:36:45.391  4250 15854 D backRightVelocity: : 860.0
03-08 16:36:45.401  4250 15854 D frontLeftVelocity: : 1160.0
03-08 16:36:45.411  4250 15854 D frontRightVelocity: : 1220.0
03-08 16:36:45.461  4250 15854 D backLeftPower: : 0.7071067811865476
03-08 16:36:45.461  4250 15854 D backRightPower: : 0.7071067811865475
03-08 16:36:45.461  4250 15854 D frontLeftPower: : 0.7071067811865475
03-08 16:36:45.461  4250 15854 D frontRightPower: : 0.7071067811865476
03-08 16:36:45.471  4250 15854 D backLeftVelocity: : 1060.0
03-08 16:36:45.471  4250 15854 D backRightVelocity: : 1060.0
03-08 16:36:45.481  4250 15854 D frontLeftVelocity: : 1200.0
03-08 16:36:45.511  4250 15854 D frontRightVelocity: : 1180.0
03-08 16:36:45.561  4250 15854 D backLeftPower: : 0.7071067811865476
03-08 16:36:45.561  4250 15854 D backRightPower: : 0.7071067811865475
03-08 16:36:45.561  4250 15854 D frontLeftPower: : 0.7071067811865475
03-08 16:36:45.561  4250 15854 D frontRightPower: : 0.7071067811865476
03-08 16:36:45.561  4250 15854 D backLeftVelocity: : 1240.0
03-08 16:36:45.571  4250 15854 D backRightVelocity: : 1340.0
03-08 16:36:45.571  4250 15854 D frontLeftVelocity: : 1360.0
03-08 16:36:45.581  4250 15854 D frontRightVelocity: : 1260.0
03-08 16:36:45.611  4250 15854 D backLeftPower: : 0.7071067811865476
03-08 16:36:45.611  4250 15854 D backRightPower: : 0.7071067811865475
03-08 16:36:45.611  4250 15854 D frontLeftPower: : 0.7071067811865475
03-08 16:36:45.611  4250 15854 D frontRightPower: : 0.7071067811865476
03-08 16:36:45.611  4250 15854 D backLeftVelocity: : 1280.0
03-08 16:36:45.621  4250 15854 D backRightVelocity: : 1360.0
03-08 16:36:45.621  4250 15854 D frontLeftVelocity: : 1440.0
03-08 16:36:45.631  4250 15854 D frontRightVelocity: : 1360.0
03-08 16:36:45.661  4250 15854 D backLeftPower: : 0.7071067811865476
03-08 16:36:45.661  4250 15854 D backRightPower: : 0.7071067811865475
03-08 16:36:45.661  4250 15854 D frontLeftPower: : 0.7071067811865475
03-08 16:36:45.661  4250 15854 D frontRightPower: : 0.7071067811865476
03-08 16:36:45.661  4250 15854 D backLeftVelocity: : 1360.0
03-08 16:36:45.671  4250 15854 D backRightVelocity: : 1480.0
03-08 16:36:45.671  4250 15854 D frontLeftVelocity: : 1440.0
03-08 16:36:45.671  4250 15854 D frontRightVelocity: : 1460.0
03-08 16:36:45.701  4250 15854 D backLeftPower: : 0.7071067811865476
03-08 16:36:45.701  4250 15854 D backRightPower: : 0.7071067811865475
03-08 16:36:45.701  4250 15854 D frontLeftPower: : 0.7071067811865475
03-08 16:36:45.701  4250 15854 D frontRightPower: : 0.7071067811865476
03-08 16:36:45.711  4250 15854 D backLeftVelocity: : 1440.0
03-08 16:36:45.711  4250 15854 D backRightVelocity: : 1500.0
03-08 16:36:45.711  4250 15854 D frontLeftVelocity: : 1460.0
03-08 16:36:45.721  4250 15854 D frontRightVelocity: : 1520.0
03-08 16:36:45.761  4250 15854 D backLeftPower: : 0.7071067811865476
03-08 16:36:45.761  4250 15854 D backRightPower: : 0.7071067811865475
03-08 16:36:45.761  4250 15854 D frontLeftPower: : 0.7071067811865475
03-08 16:36:45.761  4250 15854 D frontRightPower: : 0.7071067811865476
03-08 16:36:45.761  4250 15854 D backLeftVelocity: : 1500.0
03-08 16:36:45.761  4250 15854 D backRightVelocity: : 1580.0
03-08 16:36:45.771  4250 15854 D frontLeftVelocity: : 1580.0
03-08 16:36:45.771  4250 15854 D frontRightVelocity: : 1520.0
03-08 16:36:45.801  4250 15854 D backLeftPower: : 0.7071067811865476
03-08 16:36:45.801  4250 15854 D backRightPower: : 0.7071067811865475
03-08 16:36:45.801  4250 15854 D frontLeftPower: : 0.7071067811865475
03-08 16:36:45.801  4250 15854 D frontRightPower: : 0.7071067811865476
03-08 16:36:45.811  4250 15854 D backLeftVelocity: : 1560.0
03-08 16:36:45.811  4250 15854 D backRightVelocity: : 1620.0
03-08 16:36:45.821  4250 15854 D frontLeftVelocity: : 1600.0
03-08 16:36:45.821  4250 15854 D frontRightVelocity: : 1540.0
03-08 16:36:45.861  4250 15854 D backLeftPower: : 0.7071067811865476
03-08 16:36:45.861  4250 15854 D backRightPower: : 0.7071067811865475
03-08 16:36:45.861  4250 15854 D frontLeftPower: : 0.7071067811865475
03-08 16:36:45.861  4250 15854 D frontRightPower: : 0.7071067811865476
03-08 16:36:45.871  4250 15854 D backLeftVelocity: : 1620.0
