03-08 16:42:55.281  4250 16323 D backLeftVelocity: : -0.0
03-08 16:42:55.281  4250 16323 D backRightVelocity: : 0.0
03-08 16:42:55.291  4250 16323 D frontLeftVelocity: : -0.0
03-08 16:42:55.291  4250 16323 D frontRightVelocity: : 0.0
03-08 16:42:55.321  4250 16323 D backLeftPower: : 0.0
03-08 16:42:55.321  4250 16323 D backRightPower: : 0.0
03-08 16:42:55.321  4250 16323 D frontLeftPower: : 0.0
03-08 16:42:55.321  4250 16323 D frontRightPower: : 0.0
03-08 16:42:55.321  4250 16323 D backLeftVelocity: : -0.0
03-08 16:42:55.321  4250 16323 D backRightVelocity: : 0.0
03-08 16:42:55.331  4250 16323 D frontLeftVelocity: : -0.0
03-08 16:42:55.331  4250 16323 D frontRightVelocity: : 0.0
03-08 16:42:55.371  4250 16323 D backLeftPower: : 0.0
03-08 16:42:55.371  4250 16323 D backRightPower: : 0.0
03-08 16:42:55.371  4250 16323 D frontLeftPower: : 0.0
03-08 16:42:55.371  4250 16323 D frontRightPower: : 0.0
03-08 16:42:55.371  4250 16323 D backLeftVelocity: : -0.0
03-08 16:42:55.371  4250 16323 D backRightVelocity: : 0.0
03-08 16:42:55.381  4250 16323 D frontLeftVelocity: : -0.0
03-08 16:42:55.381  4250 16323 D frontRightVelocity: : 0.0
03-08 16:42:55.421  4250 16323 D backLeftPower: : 0.0
03-08 16:42:55.421  4250 16323 D backRightPower: : 0.0
03-08 16:42:55.431  4250 16323 D frontLeftPower: : 0.0
03-08 16:42:55.431  4250 16323 D frontRightPower: : 0.0
03-08 16:42:55.431  4250 16323 D backLeftVelocity: : -0.0
03-08 16:42:55.431  4250 16323 D backRightVelocity: : 0.0
03-08 16:42:55.441  4250 16323 D frontLeftVelocity: : -0.0
03-08 16:42:55.441  4250 16323 D frontRightVelocity: : 0.0
03-08 16:42:55.471  4250 16323 D backLeftPower: : 0.0
03-08 16:42:55.471  4250 16323 D backRightPower: : 0.0
03-08 16:42:55.471  4250 16323 D frontLeftPower: : 0.0
03-08 16:42:55.471  4250 16323 D frontRightPower: : 0.0
03-08 16:42:55.481  4250 16323 D backLeftVelocity: : -0.0
03-08 16:42:55.481  4250 16323 D backRightVelocity: : 0.0
03-08 16:42:55.491  4250 16323 D frontLeftVelocity: : -0.0
03-08 16:42:55.491  4250 16323 D frontRightVelocity: : 0.0
03-08 16:42:55.531  4250 16323 D backLeftPower: : 0.0
03-08 16:42:55.531  4250 16323 D backRightPower: : 0.0
03-08 16:42:55.531  4250 16323 D frontLeftPower: : 0.0
03-08 16:42:55.531  4250 16323 D frontRightPower: : 0.0
03-08 16:42:55.541  4250 16323 D backLeftVelocity: : -0.0
03-08 16:42:55.541  4250 16323 D backRightVelocity: : 0.0
03-08 16:42:55.551  4250 16323 D frontLeftVelocity: : -0.0
03-08 16:42:55.551  4250 16323 D frontRightVelocity: : 0.0
03-08 16:42:55.601  4250 16323 D backLeftPower: : 0.0
03-08 16:42:55.601  4250 16323 D backRightPower: : 0.0
03-08 16:42:55.601  4250 16323 D frontLeftPower: : 0.0
03-08 16:42:55.601  4250 16323 D frontRightPower: : 0.0
03-08 16:42:55.601  4250 16323 D backLeftVelocity: : -0.0
03-08 16:42:55.611  4250 16323 D backRightVelocity: : 0.0
03-08 16:42:55.611  4250 16323 D frontLeftVelocity: : -0.0
03-08 16:42:55.621  4250 16323 D frontRightVelocity: : 0.0
03-08 16:42:55.661  4250 16323 D backLeftPower: : 0.0
03-08 16:42:55.661  4250 16323 D backRightPower: : 0.0
03-08 16:42:55.661  4250 16323 D frontLeftPower: : 0.0
03-08 16:42:55.661  4250 16323 D frontRightPower: : 0.0
03-08 16:42:55.671  4250 16323 D backLeftVelocity: : -0.0
03-08 16:42:55.671  4250 16323 D backRightVelocity: : 0.0
03-08 16:42:55.671  4250 16323 D frontLeftVelocity: : -0.0
03-08 16:42:55.681  4250 16323 D frontRightVelocity: : 0.0
03-08 16:42:55.721  4250 16323 D backLeftPower: : 0.0
03-08 16:42:55.721  4250 16323 D backRightPower: : 0.0
03-08 16:42:55.721  4250 16323 D frontLeftPower: : 0.0
03-08 16:42:55.721  4250 16323 D frontRightPower: : 0.0
03-08 16:42:55.721  4250 16323 D backLeftVelocity: : -0.0
03-08 16:42:55.721  4250 16323 D backRightVelocity: : 0.0
03-08 16:42:55.731  4250 16323 D frontLeftVelocity: : -0.0
03-08 16:42:55.751  4250 16323 D frontRightVelocity: : 0.0
03-08 16:42:55.801  4250 16323 D backLeftPower: : 0.0
03-08 16:42:55.801  4250 16323 D backRightPower: : 0.0
03-08 16:42:55.801  4250 16323 D frontLeftPower: : 0.0
03-08 16:42:55.801  4250 16323 D frontRightPower: : 0.0
03-08 16:42:55.811  4250 16323 D backLeftVelocity: : -0.0
03-08 16:42:55.811  4250 16323 D backRightVelocity: : 0.0
03-08 16:42:55.811  4250 16323 D frontLeftVelocity: : -0.0
03-08 16:42:55.821  4250 16323 D frontRightVelocity: : 0.0
03-08 16:42:55.861  4250 16323 D backLeftPower: : 0.0
03-08 16:42:55.861  4250 16323 D backRightPower: : 0.0
03-08 16:42:55.861  4250 16323 D frontLeftPower: : 0.0
03-08 16:42:55.861  4250 16323 D frontRightPower: : 0.0
03-08 16:42:55.871  4250 16323 D backLeftVelocity: : -0.0
03-08 16:42:55.871  4250 16323 D backRightVelocity: : 0.0
03-08 16:42:55.871  4250 16323 D frontLeftVelocity: : -0.0
03-08 16:42:55.881  4250 16323 D frontRightVelocity: : 0.0
03-08 16:42:55.921  4250 16323 D backLeftPower: : 0.0
03-08 16:42:55.921  4250 16323 D backRightPower: : 0.0
03-08 16:42:55.921  4250 16323 D frontLeftPower: : 0.0
03-08 16:42:55.921  4250 16323 D frontRightPower: : 0.0
03-08 16:42:55.921  4250 16323 D backLeftVelocity: : -0.0
03-08 16:42:55.931  4250 16323 D backRightVelocity: : 0.0
03-08 16:42:55.931  4250 16323 D frontLeftVelocity: : -0.0
03-08 16:42:55.941  4250 16323 D frontRightVelocity: : 0.0
03-08 16:42:55.981  4250 16323 D backLeftPower: : 0.0
03-08 16:42:55.981  4250 16323 D backRightPower: : 0.0
03-08 16:42:55.981  4250 16323 D frontLeftPower: : 0.0
03-08 16:42:55.981  4250 16323 D frontRightPower: : 0.0
03-08 16:42:55.981  4250 16323 D backLeftVelocity: : -0.0
03-08 16:42:55.991  4250 16323 D backRightVelocity: : 0.0
03-08 16:42:55.991  4250 16323 D frontLeftVelocity: : -0.0
03-08 16:42:56.001  4250 16323 D frontRightVelocity: : 0.0
03-08 16:42:56.041  4250 16323 D backLeftPower: : 0.0
03-08 16:42:56.041  4250 16323 D backRightPower: : 0.0
03-08 16:42:56.041  4250 16323 D frontLeftPower: : 0.0
03-08 16:42:56.041  4250 16323 D frontRightPower: : 0.0
03-08 16:42:56.041  4250 16323 D backLeftVelocity: : -0.0
03-08 16:42:56.041  4250 16323 D backRightVelocity: : 0.0
03-08 16:42:56.051  4250 16323 D frontLeftVelocity: : -0.0
03-08 16:42:56.051  4250 16323 D frontRightVelocity: : 0.0
03-08 16:42:56.091  4250 16323 D backLeftPower: : 0.0
03-08 16:42:56.091  4250 16323 D backRightPower: : 0.0
03-08 16:42:56.091  4250 16323 D frontLeftPower: : 0.0
03-08 16:42:56.091  4250 16323 D frontRightPower: : 0.0
03-08 16:42:56.101  4250 16323 D backLeftVelocity: : -0.0
03-08 16:42:56.101  4250 16323 D backRightVelocity: : 0.0
03-08 16:42:56.111  4250 16323 D frontLeftVelocity: : -0.0
03-08 16:42:56.111  4250 16323 D frontRightVelocity: : 0.0
03-08 16:42:56.161  4250 16323 D backLeftPower: : 0.0
03-08 16:42:56.161  4250 16323 D backRightPower: : 0.0
03-08 16:42:56.161  4250 16323 D frontLeftPower: : 0.0
03-08 16:42:56.161  4250 16323 D frontRightPower: : 0.0
03-08 16:42:56.161  4250 16323 D backLeftVelocity: : -0.0
03-08 16:42:56.161  4250 16323 D backRightVelocity: : 0.0
03-08 16:42:56.171  4250 16323 D frontLeftVelocity: : -0.0
03-08 16:42:56.171  4250 16323 D frontRightVelocity: : 0.0
03-08 16:42:56.221  4250 16323 D backLeftPower: : 0.0
03-08 16:42:56.221  4250 16323 D backRightPower: : 0.0
03-08 16:42:56.221  4250 16323 D frontLeftPower: : 0.0
03-08 16:42:56.221  4250 16323 D frontRightPower: : 0.0
03-08 16:42:56.231  4250 16323 D backLeftVelocity: : -0.0
03-08 16:42:56.231  4250 16323 D backRightVelocity: : 0.0
03-08 16:42:56.241  4250 16323 D frontLeftVelocity: : -0.0
03-08 16:42:56.251  4250 16323 D frontRightVelocity: : 0.0
03-08 16:42:56.311  4250 16323 D backLeftPower: : 0.0
03-08 16:42:56.311  4250 16323 D backRightPower: : 0.0
03-08 16:42:56.311  4250 16323 D frontLeftPower: : 0.0
03-08 16:42:56.311  4250 16323 D frontRightPower: : 0.0
03-08 16:42:56.321  4250 16323 D backLeftVelocity: : -0.0
03-08 16:42:56.321  4250 16323 D backRightVelocity: : 0.0
03-08 16:42:56.321  4250 16323 D frontLeftVelocity: : -0.0
03-08 16:42:56.331  4250 16323 D frontRightVelocity: : 0.0
03-08 16:42:56.371  4250 16323 D backLeftPower: : 0.0
03-08 16:42:56.371  4250 16323 D backRightPower: : 0.0
03-08 16:42:56.371  4250 16323 D frontLeftPower: : 0.0
03-08 16:42:56.371  4250 16323 D frontRightPower: : 0.0
03-08 16:42:56.371  4250 16323 D backLeftVelocity: : -0.0
03-08 16:42:56.371  4250 16323 D backRightVelocity: : 0.0
03-08 16:42:56.381  4250 16323 D frontLeftVelocity: : -0.0
03-08 16:42:56.381  4250 16323 D frontRightVelocity: : 0.0
03-08 16:42:56.401  4250  6481 V Robocol : received command: CMD_INIT_OP_MODE(20693) $Stop$Robot$
03-08 16:42:56.411  4250  6480 I RobotCore: ******************** STOP - OPMODE /storage/emulated/0/FIRST/matchlogs/Match-0-TeleOp.txt ********************
03-08 16:42:56.421  4250 14807 V ThreadPool: waiting for service user linear op mode
03-08 16:42:56.421  4250 16323 V RobotCore: thread: ...terminating 'LinearOpMode main'
03-08 16:42:56.421  4250 14807 V ThreadPool: service user linear op mode terminated in awaitTermination()
03-08 16:42:56.421  4250 14807 V ThreadPool: executive service user linear op mode(0x0bbb8a1d) is terminated
03-08 16:42:56.421  4250 16323 V ThreadPool: container(0x0bbb8a1d: LinearOpMode) removed id=520 TID=16323 count=1
03-08 16:42:56.421  4250 16410 I RobotCore: saving match logcat to /storage/emulated/0/FIRST/matchlogs/Match-0-TeleOp.txt
03-08 16:42:56.421  4250 16410 I RobotCore: logging command line: exec logcat -d -T '3-8 16:41:52.000' -f /storage/emulated/0/FIRST/matchlogs/Match-0-TeleOp.txt -n4 -v threadtime UsbRequestJNI:S UsbRequest:S art:W ThreadPool:W System:W ExtendedExtractor:W OMXClient:W MediaPlayer:W dalvikvm:W  *:V
03-08 16:42:56.421  4250 14807 D RevExtensions2: Deswapping hardware map
03-08 16:42:56.461  4250 14807 V RobotCore: DcMotorImpl(type=goBILDA5202SeriesMotor)
03-08 16:42:56.471  4250 14807 V RobotCore: DcMotorImpl(type=goBILDA5202SeriesMotor)
03-08 16:42:56.481  4250 14807 V RobotCore: DcMotorImpl(type=Matrix12vMotor)
03-08 16:42:56.481  4250 14807 V RobotCore: DcMotorImpl(type=goBILDA5202SeriesMotor)
03-08 16:42:56.481  4250 14807 V RobotCore: DcMotorImpl(type=Matrix12vMotor)
03-08 16:42:56.481  4250 14807 V RobotCore: DcMotorImpl(type=goBILDA5202SeriesMotor)
03-08 16:42:56.491  4250 14807 V RobotCore: DcMotorImpl(type=Matrix12vMotor)
03-08 16:42:56.491  4250 14807 V RobotCore: DcMotorImpl(type=Matrix12vMotor)
03-08 16:42:56.491  4250 14807 I RobotCore: Attempting to switch to op mode $Stop$Robot$
03-08 16:42:56.531  4250 14994 V Robocol : sending CMD_NOTIFY_INIT_OP_MODE(12251), attempt: 0
03-08 16:42:56.601  4250  6481 V Robocol : received command: CMD_RUN_OP_MODE(20701) $Stop$Robot$
03-08 16:42:56.611  4250 14994 V Robocol : sending CMD_NOTIFY_RUN_OP_MODE(12257), attempt: 0
03-08 16:42:56.661  4250 16410 I RobotCore: Done running exec logcat -d -T '3-8 16:41:52.000' -f /storage/emulated/0/FIRST/matchlogs/Match-0-TeleOp.txt -n4 -v threadtime UsbRequestJNI:S UsbRequest:S art:W ThreadPool:W System:W ExtendedExtractor:W OMXClient:W MediaPlayer:W dalvikvm:W  *:V
03-08 16:42:56.661  4250 16410 I RobotCore: exiting match logcat for /storage/emulated/0/FIRST/matchlogs/Match-0-TeleOp.txt
03-08 16:43:00.151   928  1005 I am_pss  : [4250,10198,com.qualcomm.ftcrobotcontroller,77934592,75886592]
03-08 16:43:31.441  4250  6481 V Robocol : received command: CMD_SET_MATCH_NUMBER(21140) 0
03-08 16:43:31.441  4250  6481 V Robocol : received command: CMD_INIT_OP_MODE(21141) TeleOp
03-08 16:43:31.461  4250  6480 I RobotCore: ******************** START - OPMODE TeleOp ********************
03-08 16:43:31.471  4250 14807 I RobotCore: Attempting to switch to op mode TeleOp
03-08 16:43:31.831  4250 14807 D RevExtensions2: Hotswapping hardware map
03-08 16:43:31.831  4250 14807 V RobotCore: DcMotorImpl(type=goBILDA5202SeriesMotor)
03-08 16:43:31.841  4250 14807 V RobotCore: DcMotorImpl(type=Matrix12vMotor)
03-08 16:43:31.841  4250 14807 V RobotCore: DcMotorImpl(type=Matrix12vMotor)
03-08 16:43:31.841  4250 14807 V RobotCore: DcMotorImpl(type=goBILDA5202SeriesMotor)
03-08 16:43:31.851  4250 14807 V RobotCore: DcMotorImpl(type=Matrix12vMotor)
03-08 16:43:31.851  4250 14807 V RobotCore: DcMotorImpl(type=goBILDA5202SeriesMotor)
03-08 16:43:31.861  4250 14807 V RobotCore: DcMotorImpl(type=goBILDA5202SeriesMotor)
03-08 16:43:31.871  4250 14807 V RobotCore: DcMotorImpl(type=Matrix12vMotor)
03-08 16:43:31.881  4250 14807 V ThreadPool: container(0x074ae616: LinearOpMode) added id=531 TID=0 count=1
03-08 16:43:31.881  4250 16633 V RobotCore: thread: 'LinearOpMode main' starting...
03-08 16:43:31.891  4250 14994 V Robocol : sending CMD_NOTIFY_INIT_OP_MODE(12740), attempt: 0
03-08 16:43:33.241  4250  6481 V Robocol : received command: CMD_RUN_OP_MODE(21165) TeleOp
03-08 16:43:33.291  4250 14994 V Robocol : sending CMD_NOTIFY_RUN_OP_MODE(12758), attempt: 0
03-08 16:43:40.051  4250 16633 D backLeftPower: : 0.14071336504665383
03-08 16:43:40.051  4250 16633 D backRightPower: : 0.1407133650466538
03-08 16:43:40.051  4250 16633 D frontLeftPower: : 0.1407133650466538
03-08 16:43:40.051  4250 16633 D frontRightPower: : 0.14071336504665383
03-08 16:43:40.051  4250 16633 D backLeftVelocity: : -0.0
03-08 16:43:40.061  4250 16633 D backRightVelocity: : 0.0
03-08 16:43:40.071  4250 16633 D frontLeftVelocity: : 20.0
03-08 16:43:40.081  4250 16633 D frontRightVelocity: : 60.0
03-08 16:43:40.121  4250 16633 D backLeftPower: : 0.6127078714720905
03-08 16:43:40.121  4250 16633 D backRightPower: : 0.70120685459775
03-08 16:43:40.121  4250 16633 D frontLeftPower: : 0.70120685459775
03-08 16:43:40.121  4250 16633 D frontRightPower: : 0.7012068545977501
03-08 16:43:40.131  4250 16633 D backLeftVelocity: : 100.0
03-08 16:43:40.131  4250 16633 D backRightVelocity: : 220.0
03-08 16:43:40.141  4250 16633 D frontLeftVelocity: : 300.0
03-08 16:43:40.151  4250 16633 D frontRightVelocity: : 760.0
03-08 16:43:40.181  4250 16633 D backLeftPower: : 0.7071067811865476
03-08 16:43:40.181  4250 16633 D backRightPower: : 0.7071067811865475
03-08 16:43:40.191  4250 16633 D frontLeftPower: : 0.7071067811865475
03-08 16:43:40.191  4250 16633 D frontRightPower: : 0.7071067811865476
03-08 16:43:40.191  4250 16633 D backLeftVelocity: : 300.0
03-08 16:43:40.191  4250 16633 D backRightVelocity: : 280.0
03-08 16:43:40.201  4250 16633 D frontLeftVelocity: : 660.0
03-08 16:43:40.211  4250 16633 D frontRightVelocity: : 1120.0
03-08 16:43:40.241  4250 16633 D backLeftPower: : 0.7071067811865476
03-08 16:43:40.241  4250 16633 D backRightPower: : 0.7071067811865475
03-08 16:43:40.241  4250 16633 D frontLeftPower: : 0.7071067811865475
03-08 16:43:40.241  4250 16633 D frontRightPower: : 0.7071067811865476
03-08 16:43:40.251  4250 16633 D backLeftVelocity: : 480.0
03-08 16:43:40.251  4250 16633 D backRightVelocity: : 560.0
03-08 16:43:40.261  4250 16633 D frontLeftVelocity: : 980.0
03-08 16:43:40.261  4250 16633 D frontRightVelocity: : 1200.0
03-08 16:43:40.291  4250 16633 D backLeftPower: : 0.7071067811865476
03-08 16:43:40.291  4250 16633 D backRightPower: : 0.7071067811865475
03-08 16:43:40.291  4250 16633 D frontLeftPower: : 0.7071067811865475
03-08 16:43:40.291  4250 16633 D frontRightPower: : 0.7071067811865476
03-08 16:43:40.301  4250 16633 D backLeftVelocity: : 680.0
03-08 16:43:40.301  4250 16633 D backRightVelocity: : 740.0
03-08 16:43:40.311  4250 16633 D frontLeftVelocity: : 940.0
03-08 16:43:40.321  4250 16633 D frontRightVelocity: : 1180.0
03-08 16:43:40.351  4250 16633 D backLeftPower: : 0.7071067811865476
03-08 16:43:40.351  4250 16633 D backRightPower: : 0.7071067811865475
03-08 16:43:40.351  4250 16633 D frontLeftPower: : 0.7071067811865475
03-08 16:43:40.351  4250 16633 D frontRightPower: : 0.7071067811865476
03-08 16:43:40.351  4250 16633 D backLeftVelocity: : 820.0
03-08 16:43:40.361  4250 16633 D backRightVelocity: : 800.0
03-08 16:43:40.361  4250 16633 D frontLeftVelocity: : 1060.0
03-08 16:43:40.371  4250 16633 D frontRightVelocity: : 1160.0
03-08 16:43:40.421  4250 16633 D backLeftPower: : 0.7071067811865476
03-08 16:43:40.421  4250 16633 D backRightPower: : 0.7071067811865475
03-08 16:43:40.421  4250 16633 D frontLeftPower: : 0.7071067811865475
03-08 16:43:40.421  4250 16633 D frontRightPower: : 0.7071067811865476
03-08 16:43:40.431  4250 16633 D backLeftVelocity: : 1000.0
03-08 16:43:40.441  4250 16633 D backRightVelocity: : 980.0
03-08 16:43:40.451  4250 16633 D frontLeftVelocity: : 1180.0
03-08 16:43:40.451  4250 16633 D frontRightVelocity: : 1160.0
03-08 16:43:40.491  4250 16633 D backLeftPower: : 0.7071067811865476
03-08 16:43:40.491  4250 16633 D backRightPower: : 0.7071067811865475
03-08 16:43:40.491  4250 16633 D frontLeftPower: : 0.7071067811865475
03-08 16:43:40.491  4250 16633 D frontRightPower: : 0.7071067811865476
03-08 16:43:40.501  4250 16633 D backLeftVelocity: : 1100.0
03-08 16:43:40.501  4250 16633 D backRightVelocity: : 1140.0
03-08 16:43:40.501  4250 16633 D frontLeftVelocity: : 1240.0
03-08 16:43:40.511  4250 16633 D frontRightVelocity: : 1160.0
03-08 16:43:40.551  4250 16633 D backLeftPower: : 0.7071067811865476
03-08 16:43:40.551  4250 16633 D backRightPower: : 0.7071067811865475
03-08 16:43:40.551  4250 16633 D frontLeftPower: : 0.7071067811865475
03-08 16:43:40.551  4250 16633 D frontRightPower: : 0.7071067811865476
03-08 16:43:40.551  4250 16633 D backLeftVelocity: : 1240.0
03-08 16:43:40.561  4250 16633 D backRightVelocity: : 1280.0
03-08 16:43:40.561  4250 16633 D frontLeftVelocity: : 1300.0
03-08 16:43:40.571  4250 16633 D frontRightVelocity: : 1320.0
03-08 16:43:40.601  4250 16633 D backLeftPower: : 0.7071067811865476
03-08 16:43:40.601  4250 16633 D backRightPower: : 0.7071067811865475
03-08 16:43:40.601  4250 16633 D frontLeftPower: : 0.7071067811865475
03-08 16:43:40.601  4250 16633 D frontRightPower: : 0.7071067811865476
03-08 16:43:40.601  4250 16633 D backLeftVelocity: : 1320.0
03-08 16:43:40.611  4250 16633 D backRightVelocity: : 1320.0
03-08 16:43:40.611  4250 16633 D frontLeftVelocity: : 1360.0
03-08 16:43:40.611  4250 16633 D frontRightVelocity: : 1380.0
03-08 16:43:40.631  4250 16633 D backLeftPower: : 0.7071067811865476
03-08 16:43:40.631  4250 16633 D backRightPower: : 0.7071067811865475
03-08 16:43:40.631  4250 16633 D frontLeftPower: : 0.7071067811865475
03-08 16:43:40.641  4250 16633 D frontRightPower: : 0.7069256756756758
03-08 16:43:40.641  4250 16633 D backLeftVelocity: : 1400.0
03-08 16:43:40.651  4250 16633 D backRightVelocity: : 1420.0
03-08 16:43:40.651  4250 16633 D frontLeftVelocity: : 1420.0
03-08 16:43:40.661  4250 16633 D frontRightVelocity: : 1440.0
03-08 16:43:40.701  4250 16633 D backLeftPower: : 0.7071067811865476
03-08 16:43:40.701  4250 16633 D backRightPower: : 0.7071067811865475
03-08 16:43:40.701  4250 16633 D frontLeftPower: : 0.7071067811865475
03-08 16:43:40.701  4250 16633 D frontRightPower: : 0.7071067811865476
03-08 16:43:40.701  4250 16633 D backLeftVelocity: : 1420.0
03-08 16:43:40.711  4250 16633 D backRightVelocity: : 1480.0
03-08 16:43:40.711  4250 16633 D frontLeftVelocity: : 1500.0
03-08 16:43:40.721  4250 16633 D frontRightVelocity: : 1440.0
03-08 16:43:40.741  4250 16633 D backLeftPower: : 0.7071067811865476
03-08 16:43:40.741  4250 16633 D backRightPower: : 0.7071067811865475
03-08 16:43:40.741  4250 16633 D frontLeftPower: : 0.7071067811865475
03-08 16:43:40.751  4250 16633 D frontRightPower: : 0.7071067811865476
03-08 16:43:40.751  4250 16633 D backLeftVelocity: : 1480.0
03-08 16:43:40.761  4250 16633 D backRightVelocity: : 1520.0
03-08 16:43:40.761  4250 16633 D frontLeftVelocity: : 1500.0
03-08 16:43:40.771  4250 16633 D frontRightVelocity: : 1500.0
03-08 16:43:40.791  4250 16633 D backLeftPower: : 0.7071067811865476
03-08 16:43:40.791  4250 16633 D backRightPower: : 0.7071067811865475
03-08 16:43:40.791  4250 16633 D frontLeftPower: : 0.7071067811865475
03-08 16:43:40.791  4250 16633 D frontRightPower: : 0.7071067811865476
03-08 16:43:40.791  4250 16633 D backLeftVelocity: : 1540.0
03-08 16:43:40.801  4250 16633 D backRightVelocity: : 1540.0
03-08 16:43:40.801  4250 16633 D frontLeftVelocity: : 1580.0
03-08 16:43:40.801  4250 16633 D frontRightVelocity: : 1600.0
03-08 16:43:40.831  4250 16633 D backLeftPower: : 0.7071067811865476
03-08 16:43:40.831  4250 16633 D backRightPower: : 0.7071067811865475
03-08 16:43:40.831  4250 16633 D frontLeftPower: : 0.7071067811865475
03-08 16:43:40.831  4250 16633 D frontRightPower: : 0.7071067811865476
03-08 16:43:40.831  4250 16633 D backLeftVelocity: : 1580.0
03-08 16:43:40.831  4250 16633 D backRightVelocity: : 1580.0
03-08 16:43:40.841  4250 16633 D frontLeftVelocity: : 1600.0
03-08 16:43:40.851  4250 16633 D frontRightVelocity: : 1640.0
03-08 16:43:40.891  4250 16633 D backLeftPower: : 0.7071067811865476
03-08 16:43:40.891  4250 16633 D backRightPower: : 0.7071067811865475
03-08 16:43:40.891  4250 16633 D frontLeftPower: : 0.7071067811865475
03-08 16:43:40.891  4250 16633 D frontRightPower: : 0.7071067811865476
03-08 16:43:40.901  4250 16633 D backLeftVelocity: : 1600.0
03-08 16:43:40.911  4250 16633 D backRightVelocity: : 1660.0
03-08 16:43:40.921  4250 16633 D frontLeftVelocity: : 1640.0
03-08 16:43:40.931  4250 16633 D frontRightVelocity: : 1640.0
03-08 16:43:40.971  4250 16633 D backLeftPower: : 0.7071067811865476
03-08 16:43:40.971  4250 16633 D backRightPower: : 0.7071067811865475
03-08 16:43:40.981  4250 16633 D frontLeftPower: : 0.7071067811865475
03-08 16:43:40.981  4250 16633 D frontRightPower: : 0.7071067811865476
03-08 16:43:40.981  4250 16633 D backLeftVelocity: : 1620.0
03-08 16:43:40.991  4250 16633 D backRightVelocity: : 1680.0
03-08 16:43:40.991  4250 16633 D frontLeftVelocity: : 1660.0
03-08 16:43:41.001  4250 16633 D frontRightVelocity: : 1620.0
03-08 16:43:41.021  4250 16633 D backLeftPower: : 0.7071067811865476
03-08 16:43:41.021  4250 16633 D backRightPower: : 0.7071067811865475
03-08 16:43:41.021  4250 16633 D frontLeftPower: : 0.7071067811865475
03-08 16:43:41.021  4250 16633 D frontRightPower: : 0.7071067811865476
03-08 16:43:41.031  4250 16633 D backLeftVelocity: : 1680.0
03-08 16:43:41.031  4250 16633 D backRightVelocity: : 1680.0
03-08 16:43:41.031  4250 16633 D frontLeftVelocity: : 1680.0
03-08 16:43:41.041  4250 16633 D frontRightVelocity: : 1680.0
03-08 16:43:41.061  4250 16633 D backLeftPower: : 0.7071067811865476
03-08 16:43:41.071  4250 16633 D backRightPower: : 0.7071067811865475
03-08 16:43:41.071  4250 16633 D frontLeftPower: : 0.7071067811865475
03-08 16:43:41.071  4250 16633 D frontRightPower: : 0.7071067811865476
03-08 16:43:41.071  4250 16633 D backLeftVelocity: : 1700.0
03-08 16:43:41.071  4250 16633 D backRightVelocity: : 1700.0
03-08 16:43:41.081  4250 16633 D frontLeftVelocity: : 1700.0
03-08 16:43:41.081  4250 16633 D frontRightVelocity: : 1700.0
03-08 16:43:41.101  4250 16633 D backLeftPower: : 0.7071067811865476
03-08 16:43:41.111  4250 16633 D backRightPower: : 0.7071067811865475
03-08 16:43:41.111  4250 16633 D frontLeftPower: : 0.7071067811865475
03-08 16:43:41.111  4250 16633 D frontRightPower: : 0.7071067811865476
03-08 16:43:41.111  4250 16633 D backLeftVelocity: : 1720.0
03-08 16:43:41.111  4250 16633 D backRightVelocity: : 1700.0
03-08 16:43:41.121  4250 16633 D frontLeftVelocity: : 1720.0
03-08 16:43:41.121  4250 16633 D frontRightVelocity: : 1700.0
03-08 16:43:41.141  4250 16633 D backLeftPower: : 0.7071067811865476
03-08 16:43:41.141  4250 16633 D backRightPower: : 0.7071067811865475
03-08 16:43:41.151  4250 16633 D frontLeftPower: : 0.7071067811865475
03-08 16:43:41.151  4250 16633 D frontRightPower: : 0.7071067811865476
03-08 16:43:41.151  4250 16633 D backLeftVelocity: : 1720.0
03-08 16:43:41.161  4250 16633 D backRightVelocity: : 1720.0
03-08 16:43:41.161  4250 16633 D frontLeftVelocity: : 1720.0
03-08 16:43:41.171  4250 16633 D frontRightVelocity: : 1680.0
03-08 16:43:41.201  4250 16633 D backLeftPower: : 0.7071067811865476
03-08 16:43:41.201  4250 16633 D backRightPower: : 0.7071067811865475
03-08 16:43:41.201  4250 16633 D frontLeftPower: : 0.7071067811865475
03-08 16:43:41.201  4250 16633 D frontRightPower: : 0.7071067811865476
03-08 16:43:41.211  4250 16633 D backLeftVelocity: : 1700.0
03-08 16:43:41.211  4250 16633 D backRightVelocity: : 1700.0
03-08 16:43:41.221  4250 16633 D frontLeftVelocity: : 1720.0
03-08 16:43:41.221  4250 16633 D frontRightVelocity: : 1680.0
03-08 16:43:41.261  4250 16633 D backLeftPower: : 0.7071067811865476
03-08 16:43:41.261  4250 16633 D backRightPower: : 0.7071067811865475
03-08 16:43:41.261  4250 16633 D frontLeftPower: : 0.7071067811865475
03-08 16:43:41.261  4250 16633 D frontRightPower: : 0.7071067811865476
03-08 16:43:41.261  4250 16633 D backLeftVelocity: : 1740.0
03-08 16:43:41.271  4250 16633 D backRightVelocity: : 1740.0
03-08 16:43:41.271  4250 16633 D frontLeftVelocity: : 1720.0
03-08 16:43:41.281  4250 16633 D frontRightVelocity: : 1740.0
03-08 16:43:41.311  4250 16633 D backLeftPower: : 0.7071067811865476
03-08 16:43:41.311  4250 16633 D backRightPower: : 0.7071067811865475
03-08 16:43:41.311  4250 16633 D frontLeftPower: : 0.7071067811865475
03-08 16:43:41.311  4250 16633 D frontRightPower: : 0.7071067811865476
03-08 16:43:41.311  4250 16633 D backLeftVelocity: : 1780.0
03-08 16:43:41.321  4250 16633 D backRightVelocity: : 1740.0
03-08 16:43:41.321  4250 16633 D frontLeftVelocity: : 1760.0
03-08 16:43:41.321  4250 16633 D frontRightVelocity: : 1780.0
03-08 16:43:41.361  4250 16633 D backLeftPower: : 0.7071067811865476
03-08 16:43:41.361  4250 16633 D backRightPower: : 0.7071067811865475
03-08 16:43:41.361  4250 16633 D frontLeftPower: : 0.7071067811865475
03-08 16:43:41.361  4250 16633 D frontRightPower: : 0.7071067811865476
03-08 16:43:41.371  4250 16633 D backLeftVelocity: : 1740.0
03-08 16:43:41.371  4250 16633 D backRightVelocity: : 1780.0
03-08 16:43:41.381  4250 16633 D frontLeftVelocity: : 1740.0
03-08 16:43:41.381  4250 16633 D frontRightVelocity: : 1760.0
03-08 16:43:41.441  4250 16633 D backLeftPower: : 0.7071067811865476
03-08 16:43:41.441  4250 16633 D backRightPower: : 0.7071067811865475
03-08 16:43:41.441  4250 16633 D frontLeftPower: : 0.7071067811865475
03-08 16:43:41.441  4250 16633 D frontRightPower: : 0.7071067811865476
03-08 16:43:41.441  4250 16633 D backLeftVelocity: : 1720.0
03-08 16:43:41.451  4250 16633 D backRightVelocity: : 1760.0
03-08 16:43:41.461  4250 16633 D frontLeftVelocity: : 1720.0
03-08 16:43:41.471  4250 16633 D frontRightVelocity: : 1720.0
03-08 16:43:41.511  4250 16633 D backLeftPower: : 0.7071067811865476
03-08 16:43:41.511  4250 16633 D backRightPower: : 0.7071067811865475
03-08 16:43:41.511  4250 16633 D frontLeftPower: : 0.7071067811865475
03-08 16:43:41.511  4250 16633 D frontRightPower: : 0.7071067811865476
03-08 16:43:41.521  4250 16633 D backLeftVelocity: : 1800.0
03-08 16:43:41.521  4250 16633 D backRightVelocity: : 1780.0
03-08 16:43:41.521  4250 16633 D frontLeftVelocity: : 1760.0
03-08 16:43:41.531  4250 16633 D frontRightVelocity: : 1800.0
03-08 16:43:41.561  4250 16633 D backLeftPower: : 0.7071067811865476
03-08 16:43:41.561  4250 16633 D backRightPower: : 0.7071067811865475
03-08 16:43:41.561  4250 16633 D frontLeftPower: : 0.7071067811865475
03-08 16:43:41.561  4250 16633 D frontRightPower: : 0.7071067811865476
03-08 16:43:41.571  4250 16633 D backLeftVelocity: : 1740.0
03-08 16:43:41.571  4250 16633 D backRightVelocity: : 1740.0
03-08 16:43:41.571  4250 16633 D frontLeftVelocity: : 1720.0
03-08 16:43:41.581  4250 16633 D frontRightVelocity: : 1740.0
03-08 16:43:41.611  4250 16633 D backLeftPower: : 0.7071067811865476
03-08 16:43:41.611  4250 16633 D backRightPower: : 0.7071067811865475
03-08 16:43:41.611  4250 16633 D frontLeftPower: : 0.7071067811865475
03-08 16:43:41.611  4250 16633 D frontRightPower: : 0.7071067811865476
03-08 16:43:41.611  4250 16633 D backLeftVelocity: : 1720.0
03-08 16:43:41.621  4250 16633 D backRightVelocity: : 1780.0
03-08 16:43:41.631  4250 16633 D frontLeftVelocity: : 1740.0
03-08 16:43:41.631  4250 16633 D frontRightVelocity: : 1720.0
03-08 16:43:41.661  4250 16633 D backLeftPower: : 0.7071067811865476
03-08 16:43:41.661  4250 16633 D backRightPower: : 0.7071067811865475
03-08 16:43:41.661  4250 16633 D frontLeftPower: : 0.7069256756756758
03-08 16:43:41.661  4250 16633 D frontRightPower: : 0.7071067811865476
03-08 16:43:41.671  4250 16633 D backLeftVelocity: : 1720.0
03-08 16:43:41.671  4250 16633 D backRightVelocity: : 1800.0
03-08 16:43:41.681  4250 16633 D frontLeftVelocity: : 1760.0
03-08 16:43:41.691  4250 16633 D frontRightVelocity: : 1760.0
03-08 16:43:41.721  4250 16633 D backLeftPower: : 0.7071067811865476
03-08 16:43:41.721  4250 16633 D backRightPower: : 0.7071067811865475
03-08 16:43:41.721  4250 16633 D frontLeftPower: : 0.7071067811865475
03-08 16:43:41.721  4250 16633 D frontRightPower: : 0.7071067811865476
03-08 16:43:41.731  4250 16633 D backLeftVelocity: : 1760.0
03-08 16:43:41.731  4250 16633 D backRightVelocity: : 1800.0
03-08 16:43:41.741  4250 16633 D frontLeftVelocity: : 1760.0
03-08 16:43:41.741  4250 16633 D frontRightVelocity: : 1780.0
03-08 16:43:41.791  4250 16633 D backLeftPower: : 0.0
03-08 16:43:41.791  4250 16633 D backRightPower: : 0.0
03-08 16:43:41.791  4250 16633 D frontLeftPower: : 0.0
03-08 16:43:41.791  4250 16633 D frontRightPower: : 0.0
03-08 16:43:41.801  4250 16633 D backLeftVelocity: : 1780.0
03-08 16:43:41.801  4250 16633 D backRightVelocity: : 1800.0
03-08 16:43:41.811  4250 16633 D frontLeftVelocity: : 1820.0
03-08 16:43:41.811  4250 16633 D frontRightVelocity: : 1780.0
03-08 16:43:41.861  4250 16633 D backLeftPower: : 0.0
03-08 16:43:41.861  4250 16633 D backRightPower: : 0.0
03-08 16:43:41.861  4250 16633 D frontLeftPower: : 0.0
03-08 16:43:41.861  4250 16633 D frontRightPower: : 0.0
03-08 16:43:41.861  4250 16633 D backLeftVelocity: : 1100.0
03-08 16:43:41.861  4250 16633 D backRightVelocity: : 1020.0
03-08 16:43:41.871  4250 16633 D frontLeftVelocity: : 1120.0
03-08 16:43:41.871  4250 16633 D frontRightVelocity: : 880.0
03-08 16:43:41.921  4250 16633 D backLeftPower: : 0.0
03-08 16:43:41.921  4250 16633 D backRightPower: : 0.0
03-08 16:43:41.921  4250 16633 D frontLeftPower: : 0.0
03-08 16:43:41.921  4250 16633 D frontRightPower: : 0.0
03-08 16:43:41.931  4250 16633 D backLeftVelocity: : 360.0
03-08 16:43:41.941  4250 16633 D backRightVelocity: : 220.0
03-08 16:43:41.941  4250 16633 D frontLeftVelocity: : 1020.0
03-08 16:43:41.951  4250 16633 D frontRightVelocity: : 840.0
03-08 16:43:42.001  4250 16633 D backLeftPower: : -0.14071336504665383
03-08 16:43:42.001  4250 16633 D backRightPower: : -0.1407133650466538
03-08 16:43:42.001  4250 16633 D frontLeftPower: : -0.1407133650466538
03-08 16:43:42.001  4250 16633 D frontRightPower: : -0.14071336504665383
03-08 16:43:42.001  4250 16633 D backLeftVelocity: : 540.0
03-08 16:43:42.011  4250 16633 D backRightVelocity: : 300.0
03-08 16:43:42.021  4250 16633 D frontLeftVelocity: : 620.0
03-08 16:43:42.021  4250 16633 D frontRightVelocity: : 460.0
03-08 16:43:42.051  4250 16633 D backLeftPower: : -0.14071336504665383
03-08 16:43:42.051  4250 16633 D backRightPower: : -0.1407133650466538
03-08 16:43:42.051  4250 16633 D frontLeftPower: : -0.1407133650466538
03-08 16:43:42.051  4250 16633 D frontRightPower: : -0.14071336504665383
03-08 16:43:42.061  4250 16633 D backLeftVelocity: : 380.0
03-08 16:43:42.061  4250 16633 D backRightVelocity: : 60.0
03-08 16:43:42.071  4250 16633 D frontLeftVelocity: : 500.0
03-08 16:43:42.071  4250 16633 D frontRightVelocity: : 400.0
03-08 16:43:42.121  4250 16633 D backLeftPower: : -0.7071067811865477
03-08 16:43:42.121  4250 16633 D backRightPower: : -0.7071067811865475
03-08 16:43:42.121  4250 16633 D frontLeftPower: : -0.7071067811865475
03-08 16:43:42.121  4250 16633 D frontRightPower: : -0.7071067811865477
03-08 16:43:42.121  4250 16633 D backLeftVelocity: : -0.0
03-08 16:43:42.121  4250 16633 D backRightVelocity: : -60.0
03-08 16:43:42.131  4250 16633 D frontLeftVelocity: : 340.0
03-08 16:43:42.131  4250 16633 D frontRightVelocity: : -220.0
03-08 16:43:42.161  4250 16633 D backLeftPower: : -0.7071067811865477
03-08 16:43:42.161  4250 16633 D backRightPower: : -0.7071067811865475
03-08 16:43:42.161  4250 16633 D frontLeftPower: : -0.7071067811865475
03-08 16:43:42.161  4250 16633 D frontRightPower: : -0.7071067811865477
03-08 16:43:42.171  4250 16633 D backLeftVelocity: : -340.0
03-08 16:43:42.171  4250 16633 D backRightVelocity: : -920.0
03-08 16:43:42.181  4250 16633 D frontLeftVelocity: : -60.0
03-08 16:43:42.181  4250 16633 D frontRightVelocity: : -140.0
03-08 16:43:42.211  4250 16633 D backLeftPower: : -0.7071067811865477
03-08 16:43:42.221  4250 16633 D backRightPower: : -0.7071067811865475
03-08 16:43:42.221  4250 16633 D frontLeftPower: : -0.7071067811865475
03-08 16:43:42.221  4250 16633 D frontRightPower: : -0.7071067811865477
03-08 16:43:42.221  4250 16633 D backLeftVelocity: : -840.0
03-08 16:43:42.231  4250 16633 D backRightVelocity: : -1260.0
03-08 16:43:42.231  4250 16633 D frontLeftVelocity: : -240.0
03-08 16:43:42.241  4250 16633 D frontRightVelocity: : -200.0
03-08 16:43:42.271  4250 16633 D backLeftPower: : -0.7071067811865477
03-08 16:43:42.271  4250 16633 D backRightPower: : -0.7071067811865475
03-08 16:43:42.271  4250 16633 D frontLeftPower: : -0.7071067811865475
03-08 16:43:42.271  4250 16633 D frontRightPower: : -0.7071067811865477
03-08 16:43:42.271  4250 16633 D backLeftVelocity: : -800.0
03-08 16:43:42.281  4250 16633 D backRightVelocity: : -1140.0
03-08 16:43:42.291  4250 16633 D frontLeftVelocity: : -460.0
03-08 16:43:42.291  4250 16633 D frontRightVelocity: : -500.0
03-08 16:43:42.321  4250 16633 D backLeftPower: : -0.7071067811865477
03-08 16:43:42.331  4250 16633 D backRightPower: : -0.7071067811865475
03-08 16:43:42.331  4250 16633 D frontLeftPower: : -0.7071067811865475
03-08 16:43:42.331  4250 16633 D frontRightPower: : -0.7071067811865477
03-08 16:43:42.331  4250 16633 D backLeftVelocity: : -940.0
03-08 16:43:42.331  4250 16633 D backRightVelocity: : -1100.0
03-08 16:43:42.341  4250 16633 D frontLeftVelocity: : -760.0
03-08 16:43:42.351  4250 16633 D frontRightVelocity: : -800.0
03-08 16:43:42.401  4250 16633 D backLeftPower: : -0.7071067811865477
03-08 16:43:42.401  4250 16633 D backRightPower: : -0.7071067811865475
03-08 16:43:42.401  4250 16633 D frontLeftPower: : -0.7071067811865475
03-08 16:43:42.401  4250 16633 D frontRightPower: : -0.7071067811865477
03-08 16:43:42.401  4250 16633 D backLeftVelocity: : -1060.0
03-08 16:43:42.411  4250 16633 D backRightVelocity: : -1180.0
03-08 16:43:42.411  4250 16633 D frontLeftVelocity: : -960.0
03-08 16:43:42.431  4250 16633 D frontRightVelocity: : -980.0
03-08 16:43:42.461  4250 16633 D backLeftPower: : -0.7071067811865477
03-08 16:43:42.461  4250 16633 D backRightPower: : -0.7071067811865475
03-08 16:43:42.461  4250 16633 D frontLeftPower: : -0.7071067811865475
03-08 16:43:42.461  4250 16633 D frontRightPower: : -0.7071067811865477
03-08 16:43:42.471  4250 16633 D backLeftVelocity: : -1100.0
03-08 16:43:42.471  4250 16633 D backRightVelocity: : -1120.0
03-08 16:43:42.471  4250 16633 D frontLeftVelocity: : -1120.0
03-08 16:43:42.481  4250 16633 D frontRightVelocity: : -1080.0
03-08 16:43:42.521  4250 16633 D backLeftPower: : -0.7071067811865477
03-08 16:43:42.521  4250 16633 D backRightPower: : -0.7071067811865475
03-08 16:43:42.521  4250 16633 D frontLeftPower: : -0.7071067811865475
03-08 16:43:42.521  4250 16633 D frontRightPower: : -0.7071067811865477
03-08 16:43:42.531  4250 16633 D backLeftVelocity: : -1200.0
03-08 16:43:42.531  4250 16633 D backRightVelocity: : -1240.0
03-08 16:43:42.531  4250 16633 D frontLeftVelocity: : -1260.0
03-08 16:43:42.541  4250 16633 D frontRightVelocity: : -1240.0
03-08 16:43:42.571  4250 16633 D backLeftPower: : -0.7071067811865477
03-08 16:43:42.571  4250 16633 D backRightPower: : -0.7071067811865475
03-08 16:43:42.571  4250 16633 D frontLeftPower: : -0.7071067811865475
03-08 16:43:42.571  4250 16633 D frontRightPower: : -0.7071067811865477
03-08 16:43:42.571  4250 16633 D backLeftVelocity: : -1320.0
03-08 16:43:42.581  4250 16633 D backRightVelocity: : -1320.0
03-08 16:43:42.591  4250 16633 D frontLeftVelocity: : -1320.0
03-08 16:43:42.591  4250 16633 D frontRightVelocity: : -1320.0
03-08 16:43:42.631  4250 16633 D backLeftPower: : -0.7071067811865477
03-08 16:43:42.631  4250 16633 D backRightPower: : -0.7071067811865475
03-08 16:43:42.631  4250 16633 D frontLeftPower: : -0.7071067811865475
03-08 16:43:42.631  4250 16633 D frontRightPower: : -0.7071067811865477
03-08 16:43:42.641  4250 16633 D backLeftVelocity: : -1440.0
03-08 16:43:42.641  4250 16633 D backRightVelocity: : -1400.0
03-08 16:43:42.651  4250 16633 D frontLeftVelocity: : -1400.0
03-08 16:43:42.651  4250 16633 D frontRightVelocity: : -1460.0
03-08 16:43:42.671  4250 16633 D backLeftPower: : -0.7071067811865477
03-08 16:43:42.671  4250 16633 D backRightPower: : -0.7071067811865475
03-08 16:43:42.671  4250 16633 D frontLeftPower: : -0.7071067811865475
03-08 16:43:42.671  4250 16633 D frontRightPower: : -0.7071067811865477
03-08 16:43:42.681  4250 16633 D backLeftVelocity: : -1460.0
03-08 16:43:42.691  4250 16633 D backRightVelocity: : -1520.0
03-08 16:43:42.691  4250 16633 D frontLeftVelocity: : -1540.0
03-08 16:43:42.701  4250 16633 D frontRightVelocity: : -1560.0
03-08 16:43:42.741  4250 16633 D backLeftPower: : -0.7071067811865477
03-08 16:43:42.741  4250 16633 D backRightPower: : -0.7071067811865475
03-08 16:43:42.741  4250 16633 D frontLeftPower: : -0.7071067811865475
03-08 16:43:42.741  4250 16633 D frontRightPower: : -0.7071067811865477
03-08 16:43:42.741  4250 16633 D backLeftVelocity: : -1520.0
03-08 16:43:42.751  4250 16633 D backRightVelocity: : -1540.0
03-08 16:43:42.761  4250 16633 D frontLeftVelocity: : -1580.0
03-08 16:43:42.761  4250 16633 D frontRightVelocity: : -1620.0
03-08 16:43:42.791  4250 16633 D backLeftPower: : -0.7071067811865477
03-08 16:43:42.791  4250 16633 D backRightPower: : -0.7071067811865475
03-08 16:43:42.791  4250 16633 D frontLeftPower: : -0.7071067811865475
03-08 16:43:42.791  4250 16633 D frontRightPower: : -0.7071067811865477
03-08 16:43:42.801  4250 16633 D backLeftVelocity: : -1600.0
03-08 16:43:42.801  4250 16633 D backRightVelocity: : -1620.0
03-08 16:43:42.811  4250 16633 D frontLeftVelocity: : -1620.0
03-08 16:43:42.811  4250 16633 D frontRightVelocity: : -1660.0
03-08 16:43:42.851  4250 16633 D backLeftPower: : -0.7071067811865477
03-08 16:43:42.851  4250 16633 D backRightPower: : -0.7071067811865475
03-08 16:43:42.851  4250 16633 D frontLeftPower: : -0.7071067811865475
03-08 16:43:42.851  4250 16633 D frontRightPower: : -0.7071067811865477
03-08 16:43:42.861  4250 16633 D backLeftVelocity: : -1680.0
03-08 16:43:42.861  4250 16633 D backRightVelocity: : -1680.0
03-08 16:43:42.871  4250 16633 D frontLeftVelocity: : -1660.0
03-08 16:43:42.881  4250 16633 D frontRightVelocity: : -1680.0
03-08 16:43:42.931  4250 16633 D backLeftPower: : -0.7071067811865477
03-08 16:43:42.931  4250 16633 D backRightPower: : -0.7071067811865475
03-08 16:43:42.931  4250 16633 D frontLeftPower: : -0.7071067811865475
03-08 16:43:42.931  4250 16633 D frontRightPower: : -0.7071067811865477
03-08 16:43:42.931  4250 16633 D backLeftVelocity: : -1700.0
03-08 16:43:42.941  4250 16633 D backRightVelocity: : -1720.0
03-08 16:43:42.941  4250 16633 D frontLeftVelocity: : -1740.0
03-08 16:43:42.951  4250 16633 D frontRightVelocity: : -1800.0
03-08 16:43:42.991  4250 16633 D backLeftPower: : -0.5218126522321371
03-08 16:43:42.991  4250 16633 D backRightPower: : -0.892400910140958
03-08 16:43:42.991  4250 16633 D frontLeftPower: : -0.5218126522321369
03-08 16:43:42.991  4250 16633 D frontRightPower: : -0.8924009101409582
03-08 16:43:43.001  4250 16633 D backLeftVelocity: : -1720.0
03-08 16:43:43.001  4250 16633 D backRightVelocity: : -1760.0
03-08 16:43:43.011  4250 16633 D frontLeftVelocity: : -1820.0
03-08 16:43:43.021  4250 16633 D frontRightVelocity: : -1800.0
03-08 16:43:43.051  4250 16633 D backLeftPower: : -0.5188714759368567
03-08 16:43:43.051  4250 16633 D backRightPower: : -0.8953420864362385
03-08 16:43:43.051  4250 16633 D frontLeftPower: : -0.5188714759368565
03-08 16:43:43.051  4250 16633 D frontRightPower: : -0.8953420864362387
03-08 16:43:43.051  4250 16633 D backLeftVelocity: : -1680.0
03-08 16:43:43.061  4250 16633 D backRightVelocity: : -1920.0
03-08 16:43:43.061  4250 16633 D frontLeftVelocity: : -1680.0
03-08 16:43:43.071  4250 16633 D frontRightVelocity: : -1900.0
03-08 16:43:43.111  4250 16633 D backLeftPower: : -0.7071067811865477
03-08 16:43:43.111  4250 16633 D backRightPower: : -0.7071067811865475
03-08 16:43:43.111  4250 16633 D frontLeftPower: : -0.7071067811865475
03-08 16:43:43.111  4250 16633 D frontRightPower: : -0.7071067811865477
03-08 16:43:43.121  4250 16633 D backLeftVelocity: : -1620.0
03-08 16:43:43.121  4250 16633 D backRightVelocity: : -2040.0
03-08 16:43:43.121  4250 16633 D frontLeftVelocity: : -1620.0
03-08 16:43:43.131  4250 16633 D frontRightVelocity: : -2160.0
03-08 16:43:43.151  4250 16633 D backLeftPower: : -0.7071067811865477
03-08 16:43:43.151  4250 16633 D backRightPower: : -0.7071067811865475
03-08 16:43:43.151  4250 16633 D frontLeftPower: : -0.7071067811865475
03-08 16:43:43.151  4250 16633 D frontRightPower: : -0.7071067811865477
03-08 16:43:43.161  4250 16633 D backLeftVelocity: : -1780.0
03-08 16:43:43.161  4250 16633 D backRightVelocity: : -2000.0
03-08 16:43:43.161  4250 16633 D frontLeftVelocity: : -1720.0
03-08 16:43:43.171  4250 16633 D frontRightVelocity: : -2160.0
03-08 16:43:43.191  4250 16633 D backLeftPower: : -0.7071067811865477
03-08 16:43:43.191  4250 16633 D backRightPower: : -0.7071067811865475
03-08 16:43:43.191  4250 16633 D frontLeftPower: : -0.7071067811865475
03-08 16:43:43.191  4250 16633 D frontRightPower: : -0.7071067811865477
03-08 16:43:43.191  4250 16633 D backLeftVelocity: : -1840.0
03-08 16:43:43.201  4250 16633 D backRightVelocity: : -1940.0
03-08 16:43:43.201  4250 16633 D frontLeftVelocity: : -1740.0
03-08 16:43:43.201  4250 16633 D frontRightVelocity: : -2060.0
03-08 16:43:43.231  4250 16633 D backLeftPower: : -0.7071067811865477
03-08 16:43:43.231  4250 16633 D backRightPower: : -0.7071067811865475
03-08 16:43:43.231  4250 16633 D frontLeftPower: : -0.7071067811865475
03-08 16:43:43.231  4250 16633 D frontRightPower: : -0.7071067811865477
03-08 16:43:43.231  4250 16633 D backLeftVelocity: : -1780.0
03-08 16:43:43.231  4250 16633 D backRightVelocity: : -1920.0
03-08 16:43:43.241  4250 16633 D frontLeftVelocity: : -1820.0
03-08 16:43:43.241  4250 16633 D frontRightVelocity: : -1960.0
03-08 16:43:43.271  4250 16633 D backLeftPower: : -0.7071067811865477
03-08 16:43:43.271  4250 16633 D backRightPower: : -0.7071067811865475
03-08 16:43:43.271  4250 16633 D frontLeftPower: : -0.7071067811865475
03-08 16:43:43.271  4250 16633 D frontRightPower: : -0.7071067811865477
03-08 16:43:43.271  4250 16633 D backLeftVelocity: : -1820.0
03-08 16:43:43.271  4250 16633 D backRightVelocity: : -1900.0
03-08 16:43:43.281  4250 16633 D frontLeftVelocity: : -1820.0
03-08 16:43:43.281  4250 16633 D frontRightVelocity: : -1940.0
03-08 16:43:43.301  4250 16633 D backLeftPower: : -0.7071067811865477
03-08 16:43:43.301  4250 16633 D backRightPower: : -0.7071067811865475
03-08 16:43:43.301  4250 16633 D frontLeftPower: : -0.7071067811865475
03-08 16:43:43.301  4250 16633 D frontRightPower: : -0.7071067811865477
03-08 16:43:43.311  4250 16633 D backLeftVelocity: : -1840.0
03-08 16:43:43.311  4250 16633 D backRightVelocity: : -1880.0
03-08 16:43:43.321  4250 16633 D frontLeftVelocity: : -1800.0
03-08 16:43:43.321  4250 16633 D frontRightVelocity: : -1980.0
03-08 16:43:43.341  4250 16633 D backLeftPower: : -0.7071067811865477
03-08 16:43:43.341  4250 16633 D backRightPower: : -0.7071067811865475
03-08 16:43:43.341  4250 16633 D frontLeftPower: : -0.7071067811865475
03-08 16:43:43.341  4250 16633 D frontRightPower: : -0.7071067811865477
03-08 16:43:43.351  4250 16633 D backLeftVelocity: : -1880.0
03-08 16:43:43.351  4250 16633 D backRightVelocity: : -1900.0
03-08 16:43:43.361  4250 16633 D frontLeftVelocity: : -1840.0
03-08 16:43:43.361  4250 16633 D frontRightVelocity: : -1980.0
03-08 16:43:43.391  4250 16633 D backLeftPower: : -0.7071067811865477
03-08 16:43:43.391  4250 16633 D backRightPower: : -0.7071067811865475
03-08 16:43:43.391  4250 16633 D frontLeftPower: : -0.7071067811865475
03-08 16:43:43.391  4250 16633 D frontRightPower: : -0.7071067811865477
03-08 16:43:43.401  4250 16633 D backLeftVelocity: : -1840.0
03-08 16:43:43.401  4250 16633 D backRightVelocity: : -1880.0
03-08 16:43:43.401  4250 16633 D frontLeftVelocity: : -1880.0
03-08 16:43:43.411  4250 16633 D frontRightVelocity: : -1920.0
03-08 16:43:43.471  4250 16633 D backLeftPower: : -0.7071067811865477
03-08 16:43:43.471  4250 16633 D backRightPower: : -0.7071067811865475
03-08 16:43:43.471  4250 16633 D frontLeftPower: : -0.7071067811865475
03-08 16:43:43.471  4250 16633 D frontRightPower: : -0.7071067811865477
03-08 16:43:43.471  4250 16633 D backLeftVelocity: : -1860.0
03-08 16:43:43.481  4250 16633 D backRightVelocity: : -1900.0
03-08 16:43:43.481  4250 16633 D frontLeftVelocity: : -1840.0
03-08 16:43:43.491  4250 16633 D frontRightVelocity: : -1940.0
03-08 16:43:43.511  4250 16633 D backLeftPower: : -0.7071067811865477
03-08 16:43:43.511  4250 16633 D backRightPower: : -0.7071067811865475
03-08 16:43:43.511  4250 16633 D frontLeftPower: : -0.7071067811865475
03-08 16:43:43.511  4250 16633 D frontRightPower: : -0.7071067811865477
03-08 16:43:43.521  4250 16633 D backLeftVelocity: : -1880.0
03-08 16:43:43.521  4250 16633 D backRightVelocity: : -1900.0
03-08 16:43:43.521  4250 16633 D frontLeftVelocity: : -1860.0
03-08 16:43:43.531  4250 16633 D frontRightVelocity: : -1980.0
03-08 16:43:43.561  4250 16633 D backLeftPower: : -0.7071067811865477
03-08 16:43:43.561  4250 16633 D backRightPower: : -0.7071067811865475
03-08 16:43:43.561  4250 16633 D frontLeftPower: : -0.7071067811865475
03-08 16:43:43.561  4250 16633 D frontRightPower: : -0.7071067811865477
03-08 16:43:43.561  4250 16633 D backLeftVelocity: : -1920.0
03-08 16:43:43.571  4250 16633 D backRightVelocity: : -1900.0
03-08 16:43:43.571  4250 16633 D frontLeftVelocity: : -1860.0
03-08 16:43:43.571  4250 16633 D frontRightVelocity: : -1960.0
03-08 16:43:43.621  4250 16633 D backLeftPower: : -0.7071067811865477
03-08 16:43:43.621  4250 16633 D backRightPower: : -0.7071067811865475
03-08 16:43:43.621  4250 16633 D frontLeftPower: : -0.7071067811865475
03-08 16:43:43.621  4250 16633 D frontRightPower: : -0.7071067811865477
03-08 16:43:43.621  4250 16633 D backLeftVelocity: : -1860.0
03-08 16:43:43.631  4250 16633 D backRightVelocity: : -1900.0
03-08 16:43:43.631  4250 16633 D frontLeftVelocity: : -1940.0
03-08 16:43:43.631  4250 16633 D frontRightVelocity: : -1860.0
03-08 16:43:43.651  4250 16633 D backLeftPower: : -0.7071067811865477
03-08 16:43:43.651  4250 16633 D backRightPower: : -0.7071067811865475
03-08 16:43:43.651  4250 16633 D frontLeftPower: : -0.7071067811865475
03-08 16:43:43.651  4250 16633 D frontRightPower: : -0.7071067811865477
03-08 16:43:43.661  4250 16633 D backLeftVelocity: : -1860.0
03-08 16:43:43.661  4250 16633 D backRightVelocity: : -1880.0
03-08 16:43:43.671  4250 16633 D frontLeftVelocity: : -1940.0
03-08 16:43:43.671  4250 16633 D frontRightVelocity: : -1880.0
03-08 16:43:43.691  4250 16633 D backLeftPower: : -0.7071067811865477
03-08 16:43:43.691  4250 16633 D backRightPower: : -0.7071067811865475
03-08 16:43:43.691  4250 16633 D frontLeftPower: : -0.7071067811865475
03-08 16:43:43.691  4250 16633 D frontRightPower: : -0.7071067811865477
03-08 16:43:43.691  4250 16633 D backLeftVelocity: : -1860.0
03-08 16:43:43.701  4250 16633 D backRightVelocity: : -1900.0
03-08 16:43:43.701  4250 16633 D frontLeftVelocity: : -1880.0
03-08 16:43:43.711  4250 16633 D frontRightVelocity: : -1900.0
03-08 16:43:43.741  4250 16633 D backLeftPower: : -0.7071067811865477
03-08 16:43:43.741  4250 16633 D backRightPower: : -0.7071067811865475
03-08 16:43:43.741  4250 16633 D frontLeftPower: : -0.7071067811865475
03-08 16:43:43.741  4250 16633 D frontRightPower: : -0.7071067811865477
03-08 16:43:43.741  4250 16633 D backLeftVelocity: : -1900.0
03-08 16:43:43.741  4250 16633 D backRightVelocity: : -1900.0
03-08 16:43:43.751  4250 16633 D frontLeftVelocity: : -1860.0
03-08 16:43:43.761  4250 16633 D frontRightVelocity: : -1960.0
03-08 16:43:43.791  4250 16633 D backLeftPower: : -0.7071067811865477
03-08 16:43:43.791  4250 16633 D backRightPower: : -0.7071067811865475
03-08 16:43:43.791  4250 16633 D frontLeftPower: : -0.7071067811865475
03-08 16:43:43.791  4250 16633 D frontRightPower: : -0.7071067811865477
03-08 16:43:43.801  4250 16633 D backLeftVelocity: : -1900.0
03-08 16:43:43.801  4250 16633 D backRightVelocity: : -1880.0
03-08 16:43:43.811  4250 16633 D frontLeftVelocity: : -1900.0
03-08 16:43:43.821  4250 16633 D frontRightVelocity: : -1880.0
03-08 16:43:43.851  4250 16633 D backLeftPower: : -0.27051185536732014
03-08 16:43:43.851  4250 16633 D backRightPower: : -0.2705118553673201
03-08 16:43:43.851  4250 16633 D frontLeftPower: : -0.2705118553673201
03-08 16:43:43.851  4250 16633 D frontRightPower: : -0.27051185536732014
