cmd logfilename ps_name
u0_a198   4250  373   1845412 92924 sys_epoll_ 00000000 S com.qualcomm.ftcrobotcontroller
4250
03-08 16:24:25.711   928  1585 I am_proc_start: [0,4250,10198,com.qualcomm.ftcrobotcontroller,activity,com.qualcomm.ftcrobotcontroller/org.firstinspires.ftc.robotcontroller.internal.FtcRobotControllerActivity]
03-08 16:24:25.811   928  1604 I am_proc_bound: [0,4250,com.qualcomm.ftcrobotcontroller]
03-08 16:24:49.631   928  1005 I am_pss  : [4250,10198,com.qualcomm.ftcrobotcontroller,109678592,108158976]
03-08 16:24:50.371  4250  4250 I am_on_resume_called: [0,org.firstinspires.ftc.robotcontroller.internal.FtcRobotControllerActivity]
03-08 16:24:50.811  4250  4250 I am_on_paused_called: [0,org.firstinspires.ftc.robotcontroller.internal.FtcRobotControllerActivity]
03-08 16:25:20.451   928  1005 I am_pss  : [4250,10198,com.qualcomm.ftcrobotcontroller,59828224,57909248]
03-08 16:26:16.371  4250  4250 I am_on_resume_called: [0,org.firstinspires.ftc.robotcontroller.internal.FtcRobotControllerActivity]
03-08 16:26:26.391   928  1005 I am_pss  : [4250,10198,com.qualcomm.ftcrobotcontroller,57362432,55517184]
03-08 16:27:45.901  4250  4250 I am_on_paused_called: [0,org.firstinspires.ftc.robotcontroller.internal.FtcRobotControllerActivity]
03-08 16:28:10.511   928  1005 I am_pss  : [4250,10198,com.qualcomm.ftcrobotcontroller,37176320,35164160]
03-08 16:30:33.091  4250  4250 I am_on_resume_called: [0,org.firstinspires.ftc.robotcontroller.internal.FtcRobotControllerActivity]
03-08 16:30:45.071   928  1005 I am_pss  : [4250,10198,com.qualcomm.ftcrobotcontroller,63613952,61685760]
03-08 16:33:00.111   928  1005 I am_pss  : [4250,10198,com.qualcomm.ftcrobotcontroller,69243904,67211264]
03-08 16:35:00.251   928  1005 I am_pss  : [4250,10198,com.qualcomm.ftcrobotcontroller,86147072,84107264]
03-08 16:37:00.121   928  1005 I am_pss  : [4250,10198,com.qualcomm.ftcrobotcontroller,86777856,84733952]
03-08 16:39:00.131   928  1005 I am_pss  : [4250,10198,com.qualcomm.ftcrobotcontroller,85518336,83472384]
03-08 16:41:00.261   928  1005 I am_pss  : [4250,10198,com.qualcomm.ftcrobotcontroller,77092864,75046912]
03-08 16:43:00.151   928  1005 I am_pss  : [4250,10198,com.qualcomm.ftcrobotcontroller,77934592,75886592]
03-08 16:45:00.381   928  1005 I am_pss  : [4250,10198,com.qualcomm.ftcrobotcontroller,77182976,75137024]
03-08 16:47:00.151   928  1005 I am_pss  : [4250,10198,com.qualcomm.ftcrobotcontroller,81262592,79216640]
03-08 16:49:00.221   928  1005 I am_pss  : [4250,10198,com.qualcomm.ftcrobotcontroller,85117952,83136512]
03-08 16:51:00.151   928  1005 I am_pss  : [4250,10198,com.qualcomm.ftcrobotcontroller,80070656,78090240]
03-08 16:53:00.171   928  1005 I am_pss  : [4250,10198,com.qualcomm.ftcrobotcontroller,85104640,83124224]
03-08 16:55:00.281   928  1005 I am_pss  : [4250,10198,com.qualcomm.ftcrobotcontroller,80606208,78594048]
03-08 16:57:00.331   928  1005 I am_pss  : [4250,10198,com.qualcomm.ftcrobotcontroller,85185536,83156992]
03-08 16:59:00.161   928  1005 I am_pss  : [4250,10198,com.qualcomm.ftcrobotcontroller,81174528,79126528]
03-08 17:01:00.221   928  1005 I am_pss  : [4250,10198,com.qualcomm.ftcrobotcontroller,79113216,76972032]
03-08 17:03:00.301   928  1005 I am_pss  : [4250,10198,com.qualcomm.ftcrobotcontroller,82004992,79855616]
03-08 17:05:00.201   928  1005 I am_pss  : [4250,10198,com.qualcomm.ftcrobotcontroller,79604736,77430784]
03-08 17:07:00.181   928  1005 I am_pss  : [4250,10198,com.qualcomm.ftcrobotcontroller,82708480,80531456]
03-08 17:09:00.171   928  1005 I am_pss  : [4250,10198,com.qualcomm.ftcrobotcontroller,80353280,78176256]
03-08 17:11:00.281   928  1005 I am_pss  : [4250,10198,com.qualcomm.ftcrobotcontroller,83899392,81723392]
03-08 17:13:00.171   928  1005 I am_pss  : [4250,10198,com.qualcomm.ftcrobotcontroller,81203200,79028224]
03-08 17:15:00.241   928  1005 I am_pss  : [4250,10198,com.qualcomm.ftcrobotcontroller,85105664,82931712]
03-08 17:17:00.171   928  1005 I am_pss  : [4250,10198,com.qualcomm.ftcrobotcontroller,82121728,79945728]
03-08 17:18:27.231  4250  6481 V Robocol : received command: CMD_SET_MATCH_NUMBER(47855) 0
03-08 17:18:27.231  4250  6481 V Robocol : received command: CMD_INIT_OP_MODE(47856) TeleOp
03-08 17:18:27.261  4250  6480 I RobotCore: ******************** START - OPMODE TeleOp ********************
03-08 17:18:27.261  4250 14807 I RobotCore: Attempting to switch to op mode TeleOp
03-08 17:18:27.631  4250 14807 D RevExtensions2: Hotswapping hardware map
03-08 17:18:27.631  4250 14807 V RobotCore: DcMotorImpl(type=Matrix12vMotor)
03-08 17:18:27.631  4250 14807 V RobotCore: DcMotorImpl(type=Matrix12vMotor)
03-08 17:18:27.631  4250 14807 V RobotCore: DcMotorImpl(type=goBILDA5202SeriesMotor)
03-08 17:18:27.641  4250 14807 V RobotCore: DcMotorImpl(type=Matrix12vMotor)
03-08 17:18:27.641  4250 14807 V RobotCore: DcMotorImpl(type=Matrix12vMotor)
03-08 17:18:27.641  4250 14807 V RobotCore: DcMotorImpl(type=goBILDA5202SeriesMotor)
03-08 17:18:27.651  4250 14807 V RobotCore: DcMotorImpl(type=goBILDA5202SeriesMotor)
03-08 17:18:27.661  4250 14807 V RobotCore: DcMotorImpl(type=goBILDA5202SeriesMotor)
03-08 17:18:27.671  4250 14807 V ThreadPool: container(0x01c42168: LinearOpMode) added id=542 TID=0 count=1
03-08 17:18:27.671  4250 20982 V RobotCore: thread: 'LinearOpMode main' starting...
03-08 17:18:27.691  4250 14994 V Robocol : sending CMD_NOTIFY_INIT_OP_MODE(41545), attempt: 0
03-08 17:18:28.771  4250  6481 V Robocol : received command: CMD_RUN_OP_MODE(47879) TeleOp
03-08 17:18:28.811  4250 14994 V Robocol : sending CMD_NOTIFY_RUN_OP_MODE(41560), attempt: 0
03-08 17:18:37.941  4250 20982 D backLeftPower: : 0.7071067811865476
03-08 17:18:37.941  4250 20982 D backRightPower: : 0.7071067811865475
03-08 17:18:37.941  4250 20982 D frontLeftPower: : 0.7071067811865475
03-08 17:18:37.941  4250 20982 D frontRightPower: : 0.7071067811865476
03-08 17:18:37.951  4250 20982 D backLeftVelocity: : 60.0
03-08 17:18:37.951  4250 20982 D backRightVelocity: : 380.0
03-08 17:18:37.961  4250 20982 D frontLeftVelocity: : 240.0
03-08 17:18:37.961  4250 20982 D frontRightVelocity: : 240.0
03-08 17:18:38.011  4250 20982 D backLeftPower: : 0.7071067811865476
03-08 17:18:38.011  4250 20982 D backRightPower: : 0.7071067811865475
03-08 17:18:38.011  4250 20982 D frontLeftPower: : 0.7071067811865475
03-08 17:18:38.011  4250 20982 D frontRightPower: : 0.7071067811865476
03-08 17:18:38.011  4250 20982 D backLeftVelocity: : 240.0
03-08 17:18:38.011  4250 20982 D backRightVelocity: : 300.0
03-08 17:18:38.021  4250 20982 D frontLeftVelocity: : 800.0
03-08 17:18:38.021  4250 20982 D frontRightVelocity: : 1040.0
03-08 17:18:38.061  4250 20982 D backLeftPower: : 0.7071067811865476
03-08 17:18:38.061  4250 20982 D backRightPower: : 0.7071067811865475
03-08 17:18:38.061  4250 20982 D frontLeftPower: : 0.7071067811865475
03-08 17:18:38.061  4250 20982 D frontRightPower: : 0.7071067811865476
03-08 17:18:38.071  4250 20982 D backLeftVelocity: : 380.0
03-08 17:18:38.071  4250 20982 D backRightVelocity: : 480.0
03-08 17:18:38.081  4250 20982 D frontLeftVelocity: : 840.0
03-08 17:18:38.091  4250 20982 D frontRightVelocity: : 1120.0
03-08 17:18:38.121  4250 20982 D backLeftPower: : 0.7071067811865476
03-08 17:18:38.121  4250 20982 D backRightPower: : 0.7071067811865475
03-08 17:18:38.121  4250 20982 D frontLeftPower: : 0.7071067811865475
03-08 17:18:38.121  4250 20982 D frontRightPower: : 0.7071067811865476
03-08 17:18:38.131  4250 20982 D backLeftVelocity: : 660.0
03-08 17:18:38.131  4250 20982 D backRightVelocity: : 680.0
03-08 17:18:38.141  4250 20982 D frontLeftVelocity: : 900.0
03-08 17:18:38.141  4250 20982 D frontRightVelocity: : 1120.0
03-08 17:18:38.171  4250 20982 D backLeftPower: : 0.7071067811865476
03-08 17:18:38.171  4250 20982 D backRightPower: : 0.7071067811865475
03-08 17:18:38.171  4250 20982 D frontLeftPower: : 0.7071067811865475
03-08 17:18:38.171  4250 20982 D frontRightPower: : 0.7071067811865476
03-08 17:18:38.181  4250 20982 D backLeftVelocity: : 780.0
03-08 17:18:38.191  4250 20982 D backRightVelocity: : 820.0
03-08 17:18:38.201  4250 20982 D frontLeftVelocity: : 1000.0
03-08 17:18:38.201  4250 20982 D frontRightVelocity: : 1160.0
03-08 17:18:38.231  4250 20982 D backLeftPower: : 0.7071067811865476
03-08 17:18:38.231  4250 20982 D backRightPower: : 0.7071067811865475
03-08 17:18:38.231  4250 20982 D frontLeftPower: : 0.7071067811865475
03-08 17:18:38.231  4250 20982 D frontRightPower: : 0.7071067811865476
03-08 17:18:38.241  4250 20982 D backLeftVelocity: : 940.0
03-08 17:18:38.241  4250 20982 D backRightVelocity: : 920.0
03-08 17:18:38.241  4250 20982 D frontLeftVelocity: : 1060.0
03-08 17:18:38.251  4250 20982 D frontRightVelocity: : 1200.0
03-08 17:18:38.271  4250 20982 D backLeftPower: : 0.7071067811865476
03-08 17:18:38.271  4250 20982 D backRightPower: : 0.7071067811865475
03-08 17:18:38.271  4250 20982 D frontLeftPower: : 0.7071067811865475
03-08 17:18:38.271  4250 20982 D frontRightPower: : 0.7071067811865476
03-08 17:18:38.281  4250 20982 D backLeftVelocity: : 1040.0
03-08 17:18:38.281  4250 20982 D backRightVelocity: : 1040.0
03-08 17:18:38.291  4250 20982 D frontLeftVelocity: : 1060.0
03-08 17:18:38.301  4250 20982 D frontRightVelocity: : 1220.0
03-08 17:18:38.331  4250 20982 D backLeftPower: : 0.7071067811865476
03-08 17:18:38.331  4250 20982 D backRightPower: : 0.7071067811865475
03-08 17:18:38.331  4250 20982 D frontLeftPower: : 0.7071067811865475
03-08 17:18:38.331  4250 20982 D frontRightPower: : 0.7071067811865476
03-08 17:18:38.331  4250 20982 D backLeftVelocity: : 1120.0
03-08 17:18:38.341  4250 20982 D backRightVelocity: : 1180.0
03-08 17:18:38.341  4250 20982 D frontLeftVelocity: : 1220.0
03-08 17:18:38.351  4250 20982 D frontRightVelocity: : 1200.0
03-08 17:18:38.381  4250 20982 D backLeftPower: : 0.7071067811865476
03-08 17:18:38.381  4250 20982 D backRightPower: : 0.7071067811865475
03-08 17:18:38.381  4250 20982 D frontLeftPower: : 0.7071067811865475
03-08 17:18:38.381  4250 20982 D frontRightPower: : 0.7071067811865476
03-08 17:18:38.381  4250 20982 D backLeftVelocity: : 1240.0
03-08 17:18:38.391  4250 20982 D backRightVelocity: : 1240.0
03-08 17:18:38.391  4250 20982 D frontLeftVelocity: : 1320.0
03-08 17:18:38.401  4250 20982 D frontRightVelocity: : 1260.0
03-08 17:18:38.461  4250 20982 D backLeftPower: : 0.7069256756756758
03-08 17:18:38.461  4250 20982 D backRightPower: : 0.7071067811865475
03-08 17:18:38.471  4250 20982 D frontLeftPower: : 0.7071067811865475
03-08 17:18:38.471  4250 20982 D frontRightPower: : 0.7071067811865476
03-08 17:18:38.481  4250 20982 D backLeftVelocity: : 1380.0
03-08 17:18:38.481  4250 20982 D backRightVelocity: : 1380.0
03-08 17:18:38.491  4250 20982 D frontLeftVelocity: : 1420.0
03-08 17:18:38.491  4250 20982 D frontRightVelocity: : 1380.0
03-08 17:18:38.551  4250 20982 D backLeftPower: : 0.7071067811865476
03-08 17:18:38.551  4250 20982 D backRightPower: : 0.7071067811865475
03-08 17:18:38.551  4250 20982 D frontLeftPower: : 0.7071067811865475
03-08 17:18:38.551  4250 20982 D frontRightPower: : 0.7071067811865476
03-08 17:18:38.551  4250 20982 D backLeftVelocity: : 1440.0
03-08 17:18:38.551  4250 20982 D backRightVelocity: : 1520.0
03-08 17:18:38.561  4250 20982 D frontLeftVelocity: : 1520.0
03-08 17:18:38.571  4250 20982 D frontRightVelocity: : 1500.0
03-08 17:18:38.601  4250 20982 D backLeftPower: : 0.7071067811865476
03-08 17:18:38.601  4250 20982 D backRightPower: : 0.7071067811865475
03-08 17:18:38.601  4250 20982 D frontLeftPower: : 0.7071067811865475
03-08 17:18:38.601  4250 20982 D frontRightPower: : 0.7071067811865476
03-08 17:18:38.601  4250 20982 D backLeftVelocity: : 1520.0
03-08 17:18:38.611  4250 20982 D backRightVelocity: : 1540.0
03-08 17:18:38.611  4250 20982 D frontLeftVelocity: : 1560.0
03-08 17:18:38.621  4250 20982 D frontRightVelocity: : 1520.0
03-08 17:18:38.651  4250 20982 D backLeftPower: : 0.7071067811865476
03-08 17:18:38.651  4250 20982 D backRightPower: : 0.7071067811865475
03-08 17:18:38.651  4250 20982 D frontLeftPower: : 0.7071067811865475
03-08 17:18:38.651  4250 20982 D frontRightPower: : 0.7071067811865476
03-08 17:18:38.661  4250 20982 D backLeftVelocity: : 1540.0
03-08 17:18:38.671  4250 20982 D backRightVelocity: : 1580.0
03-08 17:18:38.681  4250 20982 D frontLeftVelocity: : 1580.0
03-08 17:18:38.691  4250 20982 D frontRightVelocity: : 1540.0
03-08 17:18:38.721  4250 20982 D backLeftPower: : 0.7071067811865476
03-08 17:18:38.721  4250 20982 D backRightPower: : 0.7071067811865475
03-08 17:18:38.721  4250 20982 D frontLeftPower: : 0.7071067811865475
03-08 17:18:38.721  4250 20982 D frontRightPower: : 0.7071067811865476
03-08 17:18:38.731  4250 20982 D backLeftVelocity: : 1580.0
03-08 17:18:38.731  4250 20982 D backRightVelocity: : 1600.0
03-08 17:18:38.741  4250 20982 D frontLeftVelocity: : 1620.0
03-08 17:18:38.741  4250 20982 D frontRightVelocity: : 1600.0
03-08 17:18:38.781  4250 20982 D backLeftPower: : 0.7071067811865476
03-08 17:18:38.781  4250 20982 D backRightPower: : 0.7071067811865475
03-08 17:18:38.781  4250 20982 D frontLeftPower: : 0.7071067811865475
03-08 17:18:38.781  4250 20982 D frontRightPower: : 0.7071067811865476
03-08 17:18:38.791  4250 20982 D backLeftVelocity: : 1560.0
03-08 17:18:38.791  4250 20982 D backRightVelocity: : 1660.0
03-08 17:18:38.801  4250 20982 D frontLeftVelocity: : 1640.0
03-08 17:18:38.801  4250 20982 D frontRightVelocity: : 1640.0
03-08 17:18:38.831  4250 20982 D backLeftPower: : 0.7071067811865476
03-08 17:18:38.831  4250 20982 D backRightPower: : 0.7071067811865475
03-08 17:18:38.831  4250 20982 D frontLeftPower: : 0.7071067811865475
03-08 17:18:38.831  4250 20982 D frontRightPower: : 0.7071067811865476
03-08 17:18:38.831  4250 20982 D backLeftVelocity: : 1620.0
03-08 17:18:38.841  4250 20982 D backRightVelocity: : 1680.0
03-08 17:18:38.841  4250 20982 D frontLeftVelocity: : 1660.0
03-08 17:18:38.851  4250 20982 D frontRightVelocity: : 1660.0
03-08 17:18:38.891  4250 20982 D backLeftPower: : 0.7071067811865476
03-08 17:18:38.891  4250 20982 D backRightPower: : 0.7071067811865475
03-08 17:18:38.891  4250 20982 D frontLeftPower: : 0.7071067811865475
03-08 17:18:38.891  4250 20982 D frontRightPower: : 0.7071067811865476
03-08 17:18:38.891  4250 20982 D backLeftVelocity: : 1660.0
03-08 17:18:38.901  4250 20982 D backRightVelocity: : 1660.0
03-08 17:18:38.901  4250 20982 D frontLeftVelocity: : 1680.0
03-08 17:18:38.911  4250 20982 D frontRightVelocity: : 1640.0
03-08 17:18:38.971  4250 20982 D backLeftPower: : 0.7071067811865476
03-08 17:18:38.971  4250 20982 D backRightPower: : 0.7071067811865475
03-08 17:18:38.971  4250 20982 D frontLeftPower: : 0.7071067811865475
03-08 17:18:38.971  4250 20982 D frontRightPower: : 0.7071067811865476
03-08 17:18:38.981  4250 20982 D backLeftVelocity: : 1640.0
03-08 17:18:38.981  4250 20982 D backRightVelocity: : 1680.0
03-08 17:18:38.991  4250 20982 D frontLeftVelocity: : 1700.0
03-08 17:18:39.001  4250 20982 D frontRightVelocity: : 1640.0
03-08 17:18:39.041  4250 20982 D backLeftPower: : 0.7071067811865476
03-08 17:18:39.051  4250 20982 D backRightPower: : 0.7071067811865475
03-08 17:18:39.051  4250 20982 D frontLeftPower: : 0.7071067811865475
03-08 17:18:39.051  4250 20982 D frontRightPower: : 0.7071067811865476
03-08 17:18:39.051  4250 20982 D backLeftVelocity: : 1700.0
03-08 17:18:39.061  4250 20982 D backRightVelocity: : 1740.0
03-08 17:18:39.071  4250 20982 D frontLeftVelocity: : 1720.0
03-08 17:18:39.071  4250 20982 D frontRightVelocity: : 1700.0
03-08 17:18:39.111  4250 20982 D backLeftPower: : 0.7071067811865476
03-08 17:18:39.111  4250 20982 D backRightPower: : 0.7071067811865475
03-08 17:18:39.111  4250 20982 D frontLeftPower: : 0.7071067811865475
03-08 17:18:39.111  4250 20982 D frontRightPower: : 0.7071067811865476
03-08 17:18:39.121  4250 20982 D backLeftVelocity: : 1740.0
03-08 17:18:39.121  4250 20982 D backRightVelocity: : 1700.0
03-08 17:18:39.121  4250 20982 D frontLeftVelocity: : 1720.0
03-08 17:18:39.131  4250 20982 D frontRightVelocity: : 1700.0
03-08 17:18:39.161  4250 20982 D backLeftPower: : 0.7071067811865476
03-08 17:18:39.161  4250 20982 D backRightPower: : 0.7071067811865475
03-08 17:18:39.161  4250 20982 D frontLeftPower: : 0.7071067811865475
03-08 17:18:39.161  4250 20982 D frontRightPower: : 0.7071067811865476
03-08 17:18:39.161  4250 20982 D backLeftVelocity: : 1740.0
03-08 17:18:39.171  4250 20982 D backRightVelocity: : 1760.0
03-08 17:18:39.171  4250 20982 D frontLeftVelocity: : 1760.0
03-08 17:18:39.181  4250 20982 D frontRightVelocity: : 1680.0
03-08 17:18:39.201  4250 20982 D backLeftPower: : 0.7071067811865476
03-08 17:18:39.211  4250 20982 D backRightPower: : 0.7071067811865475
03-08 17:18:39.211  4250 20982 D frontLeftPower: : 0.7071067811865475
03-08 17:18:39.211  4250 20982 D frontRightPower: : 0.7071067811865476
03-08 17:18:39.211  4250 20982 D backLeftVelocity: : 1720.0
03-08 17:18:39.211  4250 20982 D backRightVelocity: : 1740.0
03-08 17:18:39.221  4250 20982 D frontLeftVelocity: : 1720.0
03-08 17:18:39.231  4250 20982 D frontRightVelocity: : 1720.0
03-08 17:18:39.261  4250 20982 D backLeftPower: : 0.7071067811865476
03-08 17:18:39.261  4250 20982 D backRightPower: : 0.7071067811865475
03-08 17:18:39.261  4250 20982 D frontLeftPower: : 0.7071067811865475
03-08 17:18:39.261  4250 20982 D frontRightPower: : 0.7071067811865476
03-08 17:18:39.261  4250 20982 D backLeftVelocity: : 1680.0
03-08 17:18:39.271  4250 20982 D backRightVelocity: : 1760.0
03-08 17:18:39.271  4250 20982 D frontLeftVelocity: : 1740.0
03-08 17:18:39.281  4250 20982 D frontRightVelocity: : 1760.0
03-08 17:18:39.311  4250 20982 D backLeftPower: : 0.7071067811865476
03-08 17:18:39.311  4250 20982 D backRightPower: : 0.7071067811865475
03-08 17:18:39.321  4250 20982 D frontLeftPower: : 0.7071067811865475
03-08 17:18:39.321  4250 20982 D frontRightPower: : 0.7071067811865476
03-08 17:18:39.321  4250 20982 D backLeftVelocity: : 1760.0
03-08 17:18:39.321  4250 20982 D backRightVelocity: : 1720.0
03-08 17:18:39.331  4250 20982 D frontLeftVelocity: : 1700.0
03-08 17:18:39.331  4250 20982 D frontRightVelocity: : 1740.0
03-08 17:18:39.361  4250 20982 D backLeftPower: : 0.7071067811865476
03-08 17:18:39.361  4250 20982 D backRightPower: : 0.7071067811865475
03-08 17:18:39.361  4250 20982 D frontLeftPower: : 0.7071067811865475
03-08 17:18:39.361  4250 20982 D frontRightPower: : 0.7071067811865476
03-08 17:18:39.371  4250 20982 D backLeftVelocity: : 1720.0
03-08 17:18:39.381  4250 20982 D backRightVelocity: : 1740.0
03-08 17:18:39.391  4250 20982 D frontLeftVelocity: : 1700.0
03-08 17:18:39.391  4250 20982 D frontRightVelocity: : 1680.0
03-08 17:18:39.431  4250 20982 D backLeftPower: : 0.7071067811865476
03-08 17:18:39.431  4250 20982 D backRightPower: : 0.7071067811865475
03-08 17:18:39.431  4250 20982 D frontLeftPower: : 0.7071067811865475
03-08 17:18:39.441  4250 20982 D frontRightPower: : 0.7071067811865476
03-08 17:18:39.441  4250 20982 D backLeftVelocity: : 1680.0
03-08 17:18:39.461  4250 20982 D backRightVelocity: : 1720.0
03-08 17:18:39.471  4250 20982 D frontLeftVelocity: : 1720.0
03-08 17:18:39.471  4250 20982 D frontRightVelocity: : 1700.0
03-08 17:18:39.531  4250 20982 D backLeftPower: : 0.7071067811865476
03-08 17:18:39.531  4250 20982 D backRightPower: : 0.7071067811865475
03-08 17:18:39.531  4250 20982 D frontLeftPower: : 0.7071067811865475
03-08 17:18:39.531  4250 20982 D frontRightPower: : 0.7071067811865476
03-08 17:18:39.541  4250 20982 D backLeftVelocity: : 1740.0
03-08 17:18:39.541  4250 20982 D backRightVelocity: : 1740.0
03-08 17:18:39.551  4250 20982 D frontLeftVelocity: : 1700.0
03-08 17:18:39.551  4250 20982 D frontRightVelocity: : 1760.0
03-08 17:18:39.581  4250 20982 D backLeftPower: : 0.7071067811865476
03-08 17:18:39.581  4250 20982 D backRightPower: : 0.7071067811865475
03-08 17:18:39.581  4250 20982 D frontLeftPower: : 0.7071067811865475
03-08 17:18:39.581  4250 20982 D frontRightPower: : 0.7071067811865476
03-08 17:18:39.591  4250 20982 D backLeftVelocity: : 1740.0
03-08 17:18:39.591  4250 20982 D backRightVelocity: : 1700.0
03-08 17:18:39.601  4250 20982 D frontLeftVelocity: : 1720.0
03-08 17:18:39.601  4250 20982 D frontRightVelocity: : 1700.0
03-08 17:18:39.631  4250 20982 D backLeftPower: : 0.7071067811865476
03-08 17:18:39.631  4250 20982 D backRightPower: : 0.7071067811865475
03-08 17:18:39.631  4250 20982 D frontLeftPower: : 0.7071067811865475
03-08 17:18:39.631  4250 20982 D frontRightPower: : 0.7071067811865476
03-08 17:18:39.641  4250 20982 D backLeftVelocity: : 1720.0
03-08 17:18:39.641  4250 20982 D backRightVelocity: : 1740.0
03-08 17:18:39.651  4250 20982 D frontLeftVelocity: : 1720.0
03-08 17:18:39.651  4250 20982 D frontRightVelocity: : 1700.0
03-08 17:18:39.681  4250 20982 D backLeftPower: : 0.7071067811865476
03-08 17:18:39.681  4250 20982 D backRightPower: : 0.7071067811865475
03-08 17:18:39.681  4250 20982 D frontLeftPower: : 0.7071067811865475
03-08 17:18:39.681  4250 20982 D frontRightPower: : 0.7071067811865476
03-08 17:18:39.691  4250 20982 D backLeftVelocity: : 1720.0
03-08 17:18:39.691  4250 20982 D backRightVelocity: : 1760.0
03-08 17:18:39.701  4250 20982 D frontLeftVelocity: : 1740.0
03-08 17:18:39.711  4250 20982 D frontRightVelocity: : 1760.0
03-08 17:18:39.751  4250 20982 D backLeftPower: : 0.0
03-08 17:18:39.751  4250 20982 D backRightPower: : 0.0
03-08 17:18:39.751  4250 20982 D frontLeftPower: : 0.0
03-08 17:18:39.751  4250 20982 D frontRightPower: : 0.0
03-08 17:18:39.761  4250 20982 D backLeftVelocity: : 1760.0
03-08 17:18:39.761  4250 20982 D backRightVelocity: : 1720.0
03-08 17:18:39.771  4250 20982 D frontLeftVelocity: : 1220.0
03-08 17:18:39.781  4250 20982 D frontRightVelocity: : 1280.0
03-08 17:18:39.811  4250 20982 D backLeftPower: : 0.0
03-08 17:18:39.811  4250 20982 D backRightPower: : 0.0
03-08 17:18:39.811  4250 20982 D frontLeftPower: : 0.0
03-08 17:18:39.811  4250 20982 D frontRightPower: : 0.0
03-08 17:18:39.811  4250 20982 D backLeftVelocity: : 1460.0
03-08 17:18:39.811  4250 20982 D backRightVelocity: : 740.0
03-08 17:18:39.821  4250 20982 D frontLeftVelocity: : 1060.0
03-08 17:18:39.821  4250 20982 D frontRightVelocity: : 880.0
03-08 17:18:39.841  4250 20982 D backLeftPower: : 0.0
03-08 17:18:39.841  4250 20982 D backRightPower: : 0.0
03-08 17:18:39.841  4250 20982 D frontLeftPower: : 0.0
03-08 17:18:39.851  4250 20982 D frontRightPower: : 0.0
03-08 17:18:39.861  4250 20982 D backLeftVelocity: : 680.0
03-08 17:18:39.861  4250 20982 D backRightVelocity: : 420.0
03-08 17:18:39.871  4250 20982 D frontLeftVelocity: : 1060.0
03-08 17:18:39.871  4250 20982 D frontRightVelocity: : 840.0
03-08 17:18:39.901  4250 20982 D backLeftPower: : 0.0
03-08 17:18:39.901  4250 20982 D backRightPower: : 0.0
03-08 17:18:39.901  4250 20982 D frontLeftPower: : 0.0
03-08 17:18:39.901  4250 20982 D frontRightPower: : 0.0
03-08 17:18:39.901  4250 20982 D backLeftVelocity: : 620.0
03-08 17:18:39.911  4250 20982 D backRightVelocity: : 360.0
03-08 17:18:39.911  4250 20982 D frontLeftVelocity: : 940.0
03-08 17:18:39.921  4250 20982 D frontRightVelocity: : 820.0
03-08 17:18:39.971  4250 20982 D backLeftPower: : 0.0
03-08 17:18:39.971  4250 20982 D backRightPower: : 0.0
03-08 17:18:39.971  4250 20982 D frontLeftPower: : 0.0
03-08 17:18:39.971  4250 20982 D frontRightPower: : 0.0
03-08 17:18:39.971  4250 20982 D backLeftVelocity: : 540.0
03-08 17:18:39.981  4250 20982 D backRightVelocity: : 280.0
03-08 17:18:39.981  4250 20982 D frontLeftVelocity: : 780.0
03-08 17:18:39.991  4250 20982 D frontRightVelocity: : 700.0
03-08 17:18:40.061  4250 20982 D backLeftPower: : -0.06991419329752317
03-08 17:18:40.061  4250 20982 D backRightPower: : -0.06991419329752314
03-08 17:18:40.061  4250 20982 D frontLeftPower: : -0.06991419329752314
03-08 17:18:40.071  4250 20982 D frontRightPower: : -0.06991419329752317
03-08 17:18:40.081  4250 20982 D backLeftVelocity: : 400.0
03-08 17:18:40.081  4250 20982 D backRightVelocity: : 320.0
03-08 17:18:40.091  4250 20982 D frontLeftVelocity: : 500.0
03-08 17:18:40.091  4250 20982 D frontRightVelocity: : 440.0
03-08 17:18:40.121  4250 20982 D backLeftPower: : -0.06991419329752317
03-08 17:18:40.121  4250 20982 D backRightPower: : -0.06991419329752314
03-08 17:18:40.121  4250 20982 D frontLeftPower: : -0.06991419329752314
03-08 17:18:40.121  4250 20982 D frontRightPower: : -0.06991419329752317
03-08 17:18:40.131  4250 20982 D backLeftVelocity: : 260.0
03-08 17:18:40.131  4250 20982 D backRightVelocity: : 100.0
03-08 17:18:40.141  4250 20982 D frontLeftVelocity: : 280.0
03-08 17:18:40.141  4250 20982 D frontRightVelocity: : 220.0
03-08 17:18:40.181  4250 20982 D backLeftPower: : -0.7071067811865477
03-08 17:18:40.181  4250 20982 D backRightPower: : -0.7071067811865475
03-08 17:18:40.181  4250 20982 D frontLeftPower: : -0.7071067811865475
03-08 17:18:40.181  4250 20982 D frontRightPower: : -0.7071067811865477
03-08 17:18:40.181  4250 20982 D backLeftVelocity: : 160.0
03-08 17:18:40.191  4250 20982 D backRightVelocity: : -180.0
03-08 17:18:40.201  4250 20982 D frontLeftVelocity: : 160.0
03-08 17:18:40.201  4250 20982 D frontRightVelocity: : 60.0
03-08 17:18:40.231  4250 20982 D backLeftPower: : -0.7071067811865477
03-08 17:18:40.231  4250 20982 D backRightPower: : -0.7071067811865475
03-08 17:18:40.231  4250 20982 D frontLeftPower: : -0.7071067811865475
03-08 17:18:40.231  4250 20982 D frontRightPower: : -0.7071067811865477
03-08 17:18:40.241  4250 20982 D backLeftVelocity: : -400.0
03-08 17:18:40.241  4250 20982 D backRightVelocity: : -1240.0
03-08 17:18:40.251  4250 20982 D frontLeftVelocity: : -320.0
03-08 17:18:40.251  4250 20982 D frontRightVelocity: : -180.0
03-08 17:18:40.271  4250 20982 D backLeftPower: : -0.7071067811865477
03-08 17:18:40.271  4250 20982 D backRightPower: : -0.7071067811865475
03-08 17:18:40.271  4250 20982 D frontLeftPower: : -0.7071067811865475
03-08 17:18:40.271  4250 20982 D frontRightPower: : -0.7071067811865477
03-08 17:18:40.281  4250 20982 D backLeftVelocity: : -760.0
03-08 17:18:40.281  4250 20982 D backRightVelocity: : -1420.0
03-08 17:18:40.291  4250 20982 D frontLeftVelocity: : -360.0
03-08 17:18:40.291  4250 20982 D frontRightVelocity: : -260.0
03-08 17:18:40.311  4250 20982 D backLeftPower: : -0.7071067811865477
03-08 17:18:40.311  4250 20982 D backRightPower: : -0.7071067811865475
03-08 17:18:40.311  4250 20982 D frontLeftPower: : -0.7071067811865475
03-08 17:18:40.311  4250 20982 D frontRightPower: : -0.7071067811865477
03-08 17:18:40.321  4250 20982 D backLeftVelocity: : -720.0
03-08 17:18:40.321  4250 20982 D backRightVelocity: : -1280.0
03-08 17:18:40.331  4250 20982 D frontLeftVelocity: : -600.0
03-08 17:18:40.331  4250 20982 D frontRightVelocity: : -420.0
03-08 17:18:40.361  4250 20982 D backLeftPower: : -0.7071067811865477
03-08 17:18:40.361  4250 20982 D backRightPower: : -0.7071067811865475
03-08 17:18:40.361  4250 20982 D frontLeftPower: : -0.7071067811865475
03-08 17:18:40.361  4250 20982 D frontRightPower: : -0.7071067811865477
03-08 17:18:40.371  4250 20982 D backLeftVelocity: : -800.0
03-08 17:18:40.371  4250 20982 D backRightVelocity: : -1220.0
03-08 17:18:40.381  4250 20982 D frontLeftVelocity: : -820.0
03-08 17:18:40.391  4250 20982 D frontRightVelocity: : -700.0
03-08 17:18:40.411  4250 20982 D backLeftPower: : -0.7071067811865477
03-08 17:18:40.411  4250 20982 D backRightPower: : -0.7071067811865475
03-08 17:18:40.411  4250 20982 D frontLeftPower: : -0.7071067811865475
03-08 17:18:40.411  4250 20982 D frontRightPower: : -0.7071067811865477
03-08 17:18:40.421  4250 20982 D backLeftVelocity: : -940.0
03-08 17:18:40.421  4250 20982 D backRightVelocity: : -1180.0
03-08 17:18:40.431  4250 20982 D frontLeftVelocity: : -860.0
03-08 17:18:40.441  4250 20982 D frontRightVelocity: : -860.0
03-08 17:18:40.481  4250 20982 D backLeftPower: : -0.7071067811865477
03-08 17:18:40.481  4250 20982 D backRightPower: : -0.7071067811865475
03-08 17:18:40.481  4250 20982 D frontLeftPower: : -0.7071067811865475
03-08 17:18:40.481  4250 20982 D frontRightPower: : -0.7071067811865477
03-08 17:18:40.491  4250 20982 D backLeftVelocity: : -1080.0
03-08 17:18:40.501  4250 20982 D backRightVelocity: : -1180.0
03-08 17:18:40.511  4250 20982 D frontLeftVelocity: : -1100.0
03-08 17:18:40.511  4250 20982 D frontRightVelocity: : -1040.0
03-08 17:18:40.561  4250 20982 D backLeftPower: : -0.7071067811865477
03-08 17:18:40.561  4250 20982 D backRightPower: : -0.7071067811865475
03-08 17:18:40.561  4250 20982 D frontLeftPower: : -0.7071067811865475
03-08 17:18:40.561  4250 20982 D frontRightPower: : -0.7071067811865477
03-08 17:18:40.561  4250 20982 D backLeftVelocity: : -1200.0
03-08 17:18:40.571  4250 20982 D backRightVelocity: : -1180.0
03-08 17:18:40.571  4250 20982 D frontLeftVelocity: : -1220.0
03-08 17:18:40.581  4250 20982 D frontRightVelocity: : -1200.0
03-08 17:18:40.611  4250 20982 D backLeftPower: : -0.7071067811865477
03-08 17:18:40.611  4250 20982 D backRightPower: : -0.7071067811865475
03-08 17:18:40.611  4250 20982 D frontLeftPower: : -0.7071067811865475
03-08 17:18:40.611  4250 20982 D frontRightPower: : -0.7071067811865477
03-08 17:18:40.611  4250 20982 D backLeftVelocity: : -1300.0
03-08 17:18:40.621  4250 20982 D backRightVelocity: : -1280.0
03-08 17:18:40.621  4250 20982 D frontLeftVelocity: : -1300.0
03-08 17:18:40.621  4250 20982 D frontRightVelocity: : -1280.0
03-08 17:18:40.661  4250 20982 D backLeftPower: : -0.7071067811865477
03-08 17:18:40.671  4250 20982 D backRightPower: : -0.7071067811865475
03-08 17:18:40.671  4250 20982 D frontLeftPower: : -0.7071067811865475
03-08 17:18:40.671  4250 20982 D frontRightPower: : -0.7071067811865477
03-08 17:18:40.671  4250 20982 D backLeftVelocity: : -1400.0
03-08 17:18:40.671  4250 20982 D backRightVelocity: : -1360.0
03-08 17:18:40.681  4250 20982 D frontLeftVelocity: : -1400.0
03-08 17:18:40.691  4250 20982 D frontRightVelocity: : -1400.0
03-08 17:18:40.721  4250 20982 D backLeftPower: : -0.7071067811865477
03-08 17:18:40.721  4250 20982 D backRightPower: : -0.7071067811865475
03-08 17:18:40.721  4250 20982 D frontLeftPower: : -0.7071067811865475
03-08 17:18:40.721  4250 20982 D frontRightPower: : -0.7071067811865477
03-08 17:18:40.721  4250 20982 D backLeftVelocity: : -1460.0
03-08 17:18:40.731  4250 20982 D backRightVelocity: : -1420.0
03-08 17:18:40.731  4250 20982 D frontLeftVelocity: : -1440.0
03-08 17:18:40.731  4250 20982 D frontRightVelocity: : -1460.0
03-08 17:18:40.761  4250 20982 D backLeftPower: : -0.7071067811865477
03-08 17:18:40.761  4250 20982 D backRightPower: : -0.7071067811865475
03-08 17:18:40.761  4250 20982 D frontLeftPower: : -0.7071067811865475
03-08 17:18:40.761  4250 20982 D frontRightPower: : -0.7071067811865477
03-08 17:18:40.771  4250 20982 D backLeftVelocity: : -1460.0
03-08 17:18:40.771  4250 20982 D backRightVelocity: : -1460.0
03-08 17:18:40.771  4250 20982 D frontLeftVelocity: : -1500.0
03-08 17:18:40.781  4250 20982 D frontRightVelocity: : -1540.0
03-08 17:18:40.811  4250 20982 D backLeftPower: : -0.7071067811865477
03-08 17:18:40.811  4250 20982 D backRightPower: : -0.7071067811865475
03-08 17:18:40.811  4250 20982 D frontLeftPower: : -0.7071067811865475
03-08 17:18:40.811  4250 20982 D frontRightPower: : -0.7071067811865477
03-08 17:18:40.811  4250 20982 D backLeftVelocity: : -1560.0
03-08 17:18:40.821  4250 20982 D backRightVelocity: : -1540.0
03-08 17:18:40.821  4250 20982 D frontLeftVelocity: : -1560.0
03-08 17:18:40.831  4250 20982 D frontRightVelocity: : -1580.0
03-08 17:18:40.851  4250 20982 D backLeftPower: : -0.7071067811865477
03-08 17:18:40.851  4250 20982 D backRightPower: : -0.7071067811865475
03-08 17:18:40.851  4250 20982 D frontLeftPower: : -0.7071067811865475
03-08 17:18:40.851  4250 20982 D frontRightPower: : -0.7071067811865477
03-08 17:18:40.851  4250 20982 D backLeftVelocity: : -1560.0
03-08 17:18:40.861  4250 20982 D backRightVelocity: : -1540.0
03-08 17:18:40.861  4250 20982 D frontLeftVelocity: : -1560.0
03-08 17:18:40.871  4250 20982 D frontRightVelocity: : -1560.0
03-08 17:18:40.891  4250 20982 D backLeftPower: : -0.7071067811865477
03-08 17:18:40.891  4250 20982 D backRightPower: : -0.7071067811865475
03-08 17:18:40.891  4250 20982 D frontLeftPower: : -0.7071067811865475
03-08 17:18:40.891  4250 20982 D frontRightPower: : -0.7071067811865477
03-08 17:18:40.901  4250 20982 D backLeftVelocity: : -1600.0
03-08 17:18:40.901  4250 20982 D backRightVelocity: : -1600.0
03-08 17:18:40.911  4250 20982 D frontLeftVelocity: : -1600.0
03-08 17:18:40.911  4250 20982 D frontRightVelocity: : -1600.0
03-08 17:18:40.941  4250 20982 D backLeftPower: : -0.7071067811865477
03-08 17:18:40.941  4250 20982 D backRightPower: : -0.7071067811865475
03-08 17:18:40.941  4250 20982 D frontLeftPower: : -0.7071067811865475
03-08 17:18:40.941  4250 20982 D frontRightPower: : -0.7071067811865477
03-08 17:18:40.941  4250 20982 D backLeftVelocity: : -1620.0
03-08 17:18:40.951  4250 20982 D backRightVelocity: : -1600.0
03-08 17:18:40.951  4250 20982 D frontLeftVelocity: : -1600.0
03-08 17:18:40.961  4250 20982 D frontRightVelocity: : -1640.0
03-08 17:18:40.991  4250 20982 D backLeftPower: : -0.7071067811865477
03-08 17:18:40.991  4250 20982 D backRightPower: : -0.7071067811865475
03-08 17:18:40.991  4250 20982 D frontLeftPower: : -0.7071067811865475
03-08 17:18:40.991  4250 20982 D frontRightPower: : -0.7071067811865477
03-08 17:18:41.001  4250 20982 D backLeftVelocity: : -1620.0
03-08 17:18:41.001  4250 20982 D backRightVelocity: : -1660.0
03-08 17:18:41.011  4250 20982 D frontLeftVelocity: : -1660.0
03-08 17:18:41.011  4250 20982 D frontRightVelocity: : -1720.0
03-08 17:18:41.061  4250 20982 D backLeftPower: : -0.7071067811865477
03-08 17:18:41.061  4250 20982 D backRightPower: : -0.7071067811865475
03-08 17:18:41.061  4250 20982 D frontLeftPower: : -0.7071067811865475
03-08 17:18:41.061  4250 20982 D frontRightPower: : -0.7071067811865477
03-08 17:18:41.061  4250 20982 D backLeftVelocity: : -1640.0
03-08 17:18:41.071  4250 20982 D backRightVelocity: : -1660.0
03-08 17:18:41.071  4250 20982 D frontLeftVelocity: : -1720.0
03-08 17:18:41.071  4250 20982 D frontRightVelocity: : -1720.0
03-08 17:18:41.101  4250 20982 D backLeftPower: : -0.7071067811865477
03-08 17:18:41.101  4250 20982 D backRightPower: : -0.7071067811865475
03-08 17:18:41.101  4250 20982 D frontLeftPower: : -0.7071067811865475
03-08 17:18:41.101  4250 20982 D frontRightPower: : -0.7071067811865477
03-08 17:18:41.111  4250 20982 D backLeftVelocity: : -1740.0
03-08 17:18:41.111  4250 20982 D backRightVelocity: : -1740.0
03-08 17:18:41.111  4250 20982 D frontLeftVelocity: : -1760.0
03-08 17:18:41.121  4250 20982 D frontRightVelocity: : -1720.0
03-08 17:18:41.171  4250 20982 D backLeftPower: : -0.7071067811865477
03-08 17:18:41.171  4250 20982 D backRightPower: : -0.7071067811865475
03-08 17:18:41.171  4250 20982 D frontLeftPower: : -0.7071067811865475
03-08 17:18:41.171  4250 20982 D frontRightPower: : -0.7071067811865477
03-08 17:18:41.171  4250 20982 D backLeftVelocity: : -1720.0
03-08 17:18:41.181  4250 20982 D backRightVelocity: : -1760.0
03-08 17:18:41.181  4250 20982 D frontLeftVelocity: : -1720.0
03-08 17:18:41.191  4250 20982 D frontRightVelocity: : -1780.0
03-08 17:18:41.221  4250 20982 D backLeftPower: : -0.7071067811865477
03-08 17:18:41.221  4250 20982 D backRightPower: : -0.7071067811865475
03-08 17:18:41.221  4250 20982 D frontLeftPower: : -0.7071067811865475
03-08 17:18:41.221  4250 20982 D frontRightPower: : -0.7071067811865477
03-08 17:18:41.231  4250 20982 D backLeftVelocity: : -1760.0
03-08 17:18:41.231  4250 20982 D backRightVelocity: : -1780.0
03-08 17:18:41.241  4250 20982 D frontLeftVelocity: : -1760.0
03-08 17:18:41.241  4250 20982 D frontRightVelocity: : -1820.0
03-08 17:18:41.271  4250 20982 D backLeftPower: : -0.7071067811865477
03-08 17:18:41.271  4250 20982 D backRightPower: : -0.7071067811865475
03-08 17:18:41.271  4250 20982 D frontLeftPower: : -0.7071067811865475
03-08 17:18:41.271  4250 20982 D frontRightPower: : -0.7071067811865477
03-08 17:18:41.281  4250 20982 D backLeftVelocity: : -1760.0
03-08 17:18:41.281  4250 20982 D backRightVelocity: : -1780.0
03-08 17:18:41.281  4250 20982 D frontLeftVelocity: : -1820.0
03-08 17:18:41.291  4250 20982 D frontRightVelocity: : -1820.0
03-08 17:18:41.321  4250 20982 D backLeftPower: : -0.7071067811865477
03-08 17:18:41.321  4250 20982 D backRightPower: : -0.7071067811865475
03-08 17:18:41.321  4250 20982 D frontLeftPower: : -0.7071067811865475
03-08 17:18:41.321  4250 20982 D frontRightPower: : -0.7071067811865477
03-08 17:18:41.331  4250 20982 D backLeftVelocity: : -1800.0
03-08 17:18:41.331  4250 20982 D backRightVelocity: : -1800.0
03-08 17:18:41.341  4250 20982 D frontLeftVelocity: : -1800.0
03-08 17:18:41.341  4250 20982 D frontRightVelocity: : -1800.0
03-08 17:18:41.361  4250 20982 D backLeftPower: : -0.7071067811865477
03-08 17:18:41.361  4250 20982 D backRightPower: : -0.7071067811865475
03-08 17:18:41.361  4250 20982 D frontLeftPower: : -0.7071067811865475
03-08 17:18:41.361  4250 20982 D frontRightPower: : -0.7071067811865477
03-08 17:18:41.371  4250 20982 D backLeftVelocity: : -1820.0
03-08 17:18:41.371  4250 20982 D backRightVelocity: : -1800.0
03-08 17:18:41.371  4250 20982 D frontLeftVelocity: : -1800.0
03-08 17:18:41.381  4250 20982 D frontRightVelocity: : -1820.0
03-08 17:18:41.411  4250 20982 D backLeftPower: : -0.7071067811865477
03-08 17:18:41.411  4250 20982 D backRightPower: : -0.7071067811865475
03-08 17:18:41.411  4250 20982 D frontLeftPower: : -0.7071067811865475
03-08 17:18:41.411  4250 20982 D frontRightPower: : -0.7071067811865477
03-08 17:18:41.411  4250 20982 D backLeftVelocity: : -1800.0
03-08 17:18:41.421  4250 20982 D backRightVelocity: : -1800.0
03-08 17:18:41.421  4250 20982 D frontLeftVelocity: : -1780.0
03-08 17:18:41.431  4250 20982 D frontRightVelocity: : -1840.0
03-08 17:18:41.471  4250 20982 D backLeftPower: : -0.7071067811865477
03-08 17:18:41.471  4250 20982 D backRightPower: : -0.7071067811865475
03-08 17:18:41.471  4250 20982 D frontLeftPower: : -0.7071067811865475
03-08 17:18:41.471  4250 20982 D frontRightPower: : -0.7071067811865477
03-08 17:18:41.481  4250 20982 D backLeftVelocity: : -1780.0
03-08 17:18:41.491  4250 20982 D backRightVelocity: : -1780.0
03-08 17:18:41.501  4250 20982 D frontLeftVelocity: : -1840.0
03-08 17:18:41.501  4250 20982 D frontRightVelocity: : -1820.0
03-08 17:18:41.551  4250 20982 D backLeftPower: : -0.7071067811865477
03-08 17:18:41.561  4250 20982 D backRightPower: : -0.7071067811865475
03-08 17:18:41.561  4250 20982 D frontLeftPower: : -0.7071067811865475
03-08 17:18:41.561  4250 20982 D frontRightPower: : -0.7071067811865477
03-08 17:18:41.561  4250 20982 D backLeftVelocity: : -1820.0
03-08 17:18:41.571  4250 20982 D backRightVelocity: : -1820.0
03-08 17:18:41.571  4250 20982 D frontLeftVelocity: : -1820.0
03-08 17:18:41.581  4250 20982 D frontRightVelocity: : -1780.0
03-08 17:18:41.611  4250 20982 D backLeftPower: : -0.7071067811865477
03-08 17:18:41.611  4250 20982 D backRightPower: : -0.7071067811865475
03-08 17:18:41.611  4250 20982 D frontLeftPower: : -0.7071067811865475
03-08 17:18:41.611  4250 20982 D frontRightPower: : -0.7071067811865477
03-08 17:18:41.621  4250 20982 D backLeftVelocity: : -1820.0
03-08 17:18:41.621  4250 20982 D backRightVelocity: : -1800.0
03-08 17:18:41.621  4250 20982 D frontLeftVelocity: : -1800.0
03-08 17:18:41.631  4250 20982 D frontRightVelocity: : -1860.0
03-08 17:18:41.671  4250 20982 D backLeftPower: : -0.7071067811865477
03-08 17:18:41.671  4250 20982 D backRightPower: : -0.7071067811865475
03-08 17:18:41.671  4250 20982 D frontLeftPower: : -0.7071067811865475
03-08 17:18:41.681  4250 20982 D frontRightPower: : -0.7071067811865477
03-08 17:18:41.681  4250 20982 D backLeftVelocity: : -1780.0
03-08 17:18:41.691  4250 20982 D backRightVelocity: : -1840.0
03-08 17:18:41.691  4250 20982 D frontLeftVelocity: : -1820.0
03-08 17:18:41.701  4250 20982 D frontRightVelocity: : -1740.0
03-08 17:18:41.731  4250 20982 D backLeftPower: : 0.0
03-08 17:18:41.731  4250 20982 D backRightPower: : 0.0
03-08 17:18:41.731  4250 20982 D frontLeftPower: : 0.0
03-08 17:18:41.731  4250 20982 D frontRightPower: : 0.0
03-08 17:18:41.731  4250 20982 D backLeftVelocity: : -1820.0
03-08 17:18:41.741  4250 20982 D backRightVelocity: : -1520.0
03-08 17:18:41.741  4250 20982 D frontLeftVelocity: : -1880.0
03-08 17:18:41.751  4250 20982 D frontRightVelocity: : -760.0
03-08 17:18:41.781  4250 20982 D backLeftPower: : 0.0
03-08 17:18:41.781  4250 20982 D backRightPower: : 0.0
03-08 17:18:41.781  4250 20982 D frontLeftPower: : 0.0
03-08 17:18:41.781  4250 20982 D frontRightPower: : 0.0
03-08 17:18:41.781  4250 20982 D backLeftVelocity: : -1380.0
03-08 17:18:41.791  4250 20982 D backRightVelocity: : -900.0
03-08 17:18:41.791  4250 20982 D frontLeftVelocity: : -820.0
03-08 17:18:41.801  4250 20982 D frontRightVelocity: : -640.0
03-08 17:18:41.831  4250 20982 D backLeftPower: : 0.0
03-08 17:18:41.831  4250 20982 D backRightPower: : 0.0
03-08 17:18:41.831  4250 20982 D frontLeftPower: : 0.0
03-08 17:18:41.831  4250 20982 D frontRightPower: : 0.0
03-08 17:18:41.831  4250 20982 D backLeftVelocity: : -1180.0
03-08 17:18:41.841  4250 20982 D backRightVelocity: : -880.0
03-08 17:18:41.841  4250 20982 D frontLeftVelocity: : -220.0
03-08 17:18:41.851  4250 20982 D frontRightVelocity: : -480.0
03-08 17:18:41.871  4250 20982 D backLeftPower: : 0.0
03-08 17:18:41.881  4250 20982 D backRightPower: : 0.0
03-08 17:18:41.881  4250 20982 D frontLeftPower: : 0.0
03-08 17:18:41.881  4250 20982 D frontRightPower: : 0.0
03-08 17:18:41.881  4250 20982 D backLeftVelocity: : -1100.0
03-08 17:18:41.881  4250 20982 D backRightVelocity: : -660.0
03-08 17:18:41.891  4250 20982 D frontLeftVelocity: : -320.0
03-08 17:18:41.901  4250 20982 D frontRightVelocity: : -400.0
03-08 17:18:41.921  4250 20982 D backLeftPower: : 0.0
03-08 17:18:41.921  4250 20982 D backRightPower: : 0.0
03-08 17:18:41.921  4250 20982 D frontLeftPower: : 0.0
03-08 17:18:41.921  4250 20982 D frontRightPower: : 0.0
03-08 17:18:41.931  4250 20982 D backLeftVelocity: : -900.0
03-08 17:18:41.931  4250 20982 D backRightVelocity: : -620.0
03-08 17:18:41.941  4250 20982 D frontLeftVelocity: : -320.0
03-08 17:18:41.941  4250 20982 D frontRightVelocity: : -400.0
03-08 17:18:41.981  4250 20982 D backLeftPower: : 0.0
03-08 17:18:41.981  4250 20982 D backRightPower: : 0.0
03-08 17:18:41.981  4250 20982 D frontLeftPower: : 0.0
03-08 17:18:41.981  4250 20982 D frontRightPower: : 0.0
03-08 17:18:41.991  4250 20982 D backLeftVelocity: : -740.0
03-08 17:18:41.991  4250 20982 D backRightVelocity: : -600.0
03-08 17:18:42.001  4250 20982 D frontLeftVelocity: : -300.0
03-08 17:18:42.011  4250 20982 D frontRightVelocity: : -440.0
03-08 17:18:42.051  4250 20982 D backLeftPower: : 0.0
03-08 17:18:42.061  4250 20982 D backRightPower: : 0.0
03-08 17:18:42.061  4250 20982 D frontLeftPower: : 0.0
03-08 17:18:42.061  4250 20982 D frontRightPower: : 0.0
03-08 17:18:42.061  4250 20982 D backLeftVelocity: : -580.0
03-08 17:18:42.061  4250 20982 D backRightVelocity: : -500.0
03-08 17:18:42.071  4250 20982 D frontLeftVelocity: : -360.0
03-08 17:18:42.071  4250 20982 D frontRightVelocity: : -300.0
03-08 17:18:42.101  4250 20982 D backLeftPower: : 0.0
03-08 17:18:42.101  4250 20982 D backRightPower: : 0.0
03-08 17:18:42.101  4250 20982 D frontLeftPower: : 0.0
03-08 17:18:42.101  4250 20982 D frontRightPower: : 0.0
03-08 17:18:42.101  4250 20982 D backLeftVelocity: : -480.0
03-08 17:18:42.111  4250 20982 D backRightVelocity: : -420.0
03-08 17:18:42.111  4250 20982 D frontLeftVelocity: : -400.0
03-08 17:18:42.121  4250 20982 D frontRightVelocity: : -260.0
03-08 17:18:42.161  4250 20982 D backLeftPower: : 0.3826105659215939
03-08 17:18:42.161  4250 20982 D backRightPower: : 0.38261056592159387
03-08 17:18:42.161  4250 20982 D frontLeftPower: : 0.38261056592159387
03-08 17:18:42.161  4250 20982 D frontRightPower: : 0.3826105659215939
03-08 17:18:42.171  4250 20982 D backLeftVelocity: : -340.0
03-08 17:18:42.171  4250 20982 D backRightVelocity: : -260.0
03-08 17:18:42.181  4250 20982 D frontLeftVelocity: : -80.0
03-08 17:18:42.181  4250 20982 D frontRightVelocity: : 40.0
03-08 17:18:42.241  4250 20982 D backLeftPower: : 0.7071067811865476
03-08 17:18:42.241  4250 20982 D backRightPower: : 0.7071067811865475
03-08 17:18:42.241  4250 20982 D frontLeftPower: : 0.7071067811865475
03-08 17:18:42.241  4250 20982 D frontRightPower: : 0.7071067811865476
03-08 17:18:42.251  4250 20982 D backLeftVelocity: : -20.0
03-08 17:18:42.251  4250 20982 D backRightVelocity: : 300.0
03-08 17:18:42.261  4250 20982 D frontLeftVelocity: : 600.0
03-08 17:18:42.261  4250 20982 D frontRightVelocity: : 340.0
03-08 17:18:42.301  4250 20982 D backLeftPower: : 0.7071067811865476
03-08 17:18:42.301  4250 20982 D backRightPower: : 0.7071067811865475
03-08 17:18:42.301  4250 20982 D frontLeftPower: : 0.7071067811865475
03-08 17:18:42.311  4250 20982 D frontRightPower: : 0.7071067811865476
03-08 17:18:42.311  4250 20982 D backLeftVelocity: : 160.0
03-08 17:18:42.321  4250 20982 D backRightVelocity: : 480.0
03-08 17:18:42.321  4250 20982 D frontLeftVelocity: : 1140.0
03-08 17:18:42.321  4250 20982 D frontRightVelocity: : 860.0
03-08 17:18:42.351  4250 20982 D backLeftPower: : 0.7071067811865476
03-08 17:18:42.351  4250 20982 D backRightPower: : 0.7071067811865475
03-08 17:18:42.351  4250 20982 D frontLeftPower: : 0.7071067811865475
03-08 17:18:42.351  4250 20982 D frontRightPower: : 0.7071067811865476
03-08 17:18:42.351  4250 20982 D backLeftVelocity: : 320.0
03-08 17:18:42.361  4250 20982 D backRightVelocity: : 720.0
03-08 17:18:42.361  4250 20982 D frontLeftVelocity: : 1160.0
03-08 17:18:42.371  4250 20982 D frontRightVelocity: : 840.0
03-08 17:18:42.401  4250 20982 D backLeftPower: : 0.7071067811865476
03-08 17:18:42.401  4250 20982 D backRightPower: : 0.7071067811865475
03-08 17:18:42.401  4250 20982 D frontLeftPower: : 0.7071067811865475
03-08 17:18:42.401  4250 20982 D frontRightPower: : 0.7071067811865476
03-08 17:18:42.411  4250 20982 D backLeftVelocity: : 480.0
03-08 17:18:42.411  4250 20982 D backRightVelocity: : 860.0
03-08 17:18:42.421  4250 20982 D frontLeftVelocity: : 1300.0
03-08 17:18:42.421  4250 20982 D frontRightVelocity: : 960.0
03-08 17:18:42.441  4250 20982 D backLeftPower: : 0.7071067811865476
03-08 17:18:42.441  4250 20982 D backRightPower: : 0.7071067811865475
03-08 17:18:42.441  4250 20982 D frontLeftPower: : 0.7071067811865475
03-08 17:18:42.441  4250 20982 D frontRightPower: : 0.7071067811865476
03-08 17:18:42.451  4250 20982 D backLeftVelocity: : 640.0
03-08 17:18:42.451  4250 20982 D backRightVelocity: : 960.0
03-08 17:18:42.461  4250 20982 D frontLeftVelocity: : 1260.0
03-08 17:18:42.471  4250 20982 D frontRightVelocity: : 1020.0
03-08 17:18:42.511  4250 20982 D backLeftPower: : 0.7071067811865476
03-08 17:18:42.521  4250 20982 D backRightPower: : 0.7071067811865475
03-08 17:18:42.521  4250 20982 D frontLeftPower: : 0.7071067811865475
03-08 17:18:42.521  4250 20982 D frontRightPower: : 0.7071067811865476
03-08 17:18:42.531  4250 20982 D backLeftVelocity: : 900.0
03-08 17:18:42.531  4250 20982 D backRightVelocity: : 1120.0
03-08 17:18:42.541  4250 20982 D frontLeftVelocity: : 1260.0
03-08 17:18:42.541  4250 20982 D frontRightVelocity: : 1120.0
03-08 17:18:42.601  4250 20982 D backLeftPower: : 0.7071067811865476
03-08 17:18:42.601  4250 20982 D backRightPower: : 0.7071067811865475
03-08 17:18:42.601  4250 20982 D frontLeftPower: : 0.7071067811865475
03-08 17:18:42.601  4250 20982 D frontRightPower: : 0.7071067811865476
03-08 17:18:42.601  4250 20982 D backLeftVelocity: : 1060.0
03-08 17:18:42.611  4250 20982 D backRightVelocity: : 1180.0
03-08 17:18:42.611  4250 20982 D frontLeftVelocity: : 1180.0
03-08 17:18:42.621  4250 20982 D frontRightVelocity: : 1220.0
03-08 17:18:42.671  4250 20982 D backLeftPower: : 0.7071067811865476
03-08 17:18:42.671  4250 20982 D backRightPower: : 0.7071067811865475
03-08 17:18:42.671  4250 20982 D frontLeftPower: : 0.7071067811865475
03-08 17:18:42.671  4250 20982 D frontRightPower: : 0.7071067811865476
03-08 17:18:42.671  4250 20982 D backLeftVelocity: : 1160.0
03-08 17:18:42.681  4250 20982 D backRightVelocity: : 1280.0
03-08 17:18:42.681  4250 20982 D frontLeftVelocity: : 1200.0
03-08 17:18:42.691  4250 20982 D frontRightVelocity: : 1340.0
03-08 17:18:42.741  4250 20982 D backLeftPower: : 0.7071067811865476
03-08 17:18:42.741  4250 20982 D backRightPower: : 0.7071067811865475
03-08 17:18:42.741  4250 20982 D frontLeftPower: : 0.7071067811865475
03-08 17:18:42.741  4250 20982 D frontRightPower: : 0.7071067811865476
03-08 17:18:42.741  4250 20982 D backLeftVelocity: : 1300.0
03-08 17:18:42.751  4250 20982 D backRightVelocity: : 1360.0
03-08 17:18:42.751  4250 20982 D frontLeftVelocity: : 1340.0
03-08 17:18:42.761  4250 20982 D frontRightVelocity: : 1440.0
03-08 17:18:42.791  4250 20982 D backLeftPower: : 0.7071067811865476
03-08 17:18:42.791  4250 20982 D backRightPower: : 0.7071067811865475
03-08 17:18:42.791  4250 20982 D frontLeftPower: : 0.7071067811865475
