cmd logfilename ps_name
u0_a198   4250  373   1845412 94128 sys_epoll_ 00000000 S com.qualcomm.ftcrobotcontroller
4250
03-08 16:24:25.711   928  1585 I am_proc_start: [0,4250,10198,com.qualcomm.ftcrobotcontroller,activity,com.qualcomm.ftcrobotcontroller/org.firstinspires.ftc.robotcontroller.internal.FtcRobotControllerActivity]
03-08 16:24:25.811   928  1604 I am_proc_bound: [0,4250,com.qualcomm.ftcrobotcontroller]
03-08 16:24:49.631   928  1005 I am_pss  : [4250,10198,com.qualcomm.ftcrobotcontroller,109678592,108158976]
03-08 16:24:50.371  4250  4250 I am_on_resume_called: [0,org.firstinspires.ftc.robotcontroller.internal.FtcRobotControllerActivity]
03-08 16:24:50.811  4250  4250 I am_on_paused_called: [0,org.firstinspires.ftc.robotcontroller.internal.FtcRobotControllerActivity]
03-08 16:25:20.451   928  1005 I am_pss  : [4250,10198,com.qualcomm.ftcrobotcontroller,59828224,57909248]
03-08 16:26:16.371  4250  4250 I am_on_resume_called: [0,org.firstinspires.ftc.robotcontroller.internal.FtcRobotControllerActivity]
03-08 16:26:26.391   928  1005 I am_pss  : [4250,10198,com.qualcomm.ftcrobotcontroller,57362432,55517184]
03-08 16:27:45.901  4250  4250 I am_on_paused_called: [0,org.firstinspires.ftc.robotcontroller.internal.FtcRobotControllerActivity]
03-08 16:28:10.511   928  1005 I am_pss  : [4250,10198,com.qualcomm.ftcrobotcontroller,37176320,35164160]
03-08 16:30:33.091  4250  4250 I am_on_resume_called: [0,org.firstinspires.ftc.robotcontroller.internal.FtcRobotControllerActivity]
03-08 16:30:45.071   928  1005 I am_pss  : [4250,10198,com.qualcomm.ftcrobotcontroller,63613952,61685760]
03-08 16:33:00.111   928  1005 I am_pss  : [4250,10198,com.qualcomm.ftcrobotcontroller,69243904,67211264]
03-08 16:35:00.251   928  1005 I am_pss  : [4250,10198,com.qualcomm.ftcrobotcontroller,86147072,84107264]
03-08 16:37:00.121   928  1005 I am_pss  : [4250,10198,com.qualcomm.ftcrobotcontroller,86777856,84733952]
03-08 16:39:00.131   928  1005 I am_pss  : [4250,10198,com.qualcomm.ftcrobotcontroller,85518336,83472384]
03-08 16:41:00.261   928  1005 I am_pss  : [4250,10198,com.qualcomm.ftcrobotcontroller,77092864,75046912]
03-08 16:43:00.151   928  1005 I am_pss  : [4250,10198,com.qualcomm.ftcrobotcontroller,77934592,75886592]
03-08 16:45:00.381   928  1005 I am_pss  : [4250,10198,com.qualcomm.ftcrobotcontroller,77182976,75137024]
03-08 16:47:00.151   928  1005 I am_pss  : [4250,10198,com.qualcomm.ftcrobotcontroller,81262592,79216640]
03-08 16:49:00.221   928  1005 I am_pss  : [4250,10198,com.qualcomm.ftcrobotcontroller,85117952,83136512]
03-08 16:51:00.151   928  1005 I am_pss  : [4250,10198,com.qualcomm.ftcrobotcontroller,80070656,78090240]
03-08 16:53:00.171   928  1005 I am_pss  : [4250,10198,com.qualcomm.ftcrobotcontroller,85104640,83124224]
03-08 16:55:00.281   928  1005 I am_pss  : [4250,10198,com.qualcomm.ftcrobotcontroller,80606208,78594048]
03-08 16:57:00.331   928  1005 I am_pss  : [4250,10198,com.qualcomm.ftcrobotcontroller,85185536,83156992]
03-08 16:59:00.161   928  1005 I am_pss  : [4250,10198,com.qualcomm.ftcrobotcontroller,81174528,79126528]
03-08 17:01:00.221   928  1005 I am_pss  : [4250,10198,com.qualcomm.ftcrobotcontroller,79113216,76972032]
03-08 17:03:00.301   928  1005 I am_pss  : [4250,10198,com.qualcomm.ftcrobotcontroller,82004992,79855616]
03-08 17:05:00.201   928  1005 I am_pss  : [4250,10198,com.qualcomm.ftcrobotcontroller,79604736,77430784]
03-08 17:07:00.181   928  1005 I am_pss  : [4250,10198,com.qualcomm.ftcrobotcontroller,82708480,80531456]
03-08 17:09:00.171   928  1005 I am_pss  : [4250,10198,com.qualcomm.ftcrobotcontroller,80353280,78176256]
03-08 17:11:00.281   928  1005 I am_pss  : [4250,10198,com.qualcomm.ftcrobotcontroller,83899392,81723392]
03-08 17:13:00.171   928  1005 I am_pss  : [4250,10198,com.qualcomm.ftcrobotcontroller,81203200,79028224]
03-08 17:15:00.241   928  1005 I am_pss  : [4250,10198,com.qualcomm.ftcrobotcontroller,85105664,82931712]
03-08 17:17:00.171   928  1005 I am_pss  : [4250,10198,com.qualcomm.ftcrobotcontroller,82121728,79945728]
03-08 17:19:00.211   928  1005 I am_pss  : [4250,10198,com.qualcomm.ftcrobotcontroller,86244352,84066304]
03-08 17:21:07.221   928  1005 I am_pss  : [4250,10198,com.qualcomm.ftcrobotcontroller,86240256,84062208]
03-08 17:23:07.361   928  1005 I am_pss  : [4250,10198,com.qualcomm.ftcrobotcontroller,82729984,80551936]
03-08 17:25:07.481   928  1005 I am_pss  : [4250,10198,com.qualcomm.ftcrobotcontroller,85108736,82853888]
03-08 17:27:07.641   928  1005 I am_pss  : [4250,10198,com.qualcomm.ftcrobotcontroller,83639296,81403904]
03-08 17:29:07.791   928  1005 I am_pss  : [4250,10198,com.qualcomm.ftcrobotcontroller,81894400,79659008]
03-08 17:29:59.251  4250  6481 V Robocol : received command: CMD_SET_MATCH_NUMBER(57656) 0
03-08 17:29:59.251  4250  6481 V Robocol : received command: CMD_INIT_OP_MODE(57657) TeleOp
03-08 17:29:59.271  4250  6480 I RobotCore: ******************** START - OPMODE TeleOp ********************
03-08 17:29:59.281  4250 14807 I RobotCore: Attempting to switch to op mode TeleOp
03-08 17:29:59.641  4250 14807 D RevExtensions2: Hotswapping hardware map
03-08 17:29:59.641  4250 14807 V RobotCore: DcMotorImpl(type=Matrix12vMotor)
03-08 17:29:59.641  4250 14807 V RobotCore: DcMotorImpl(type=goBILDA5202SeriesMotor)
03-08 17:29:59.651  4250 14807 V RobotCore: DcMotorImpl(type=goBILDA5202SeriesMotor)
03-08 17:29:59.661  4250 14807 V RobotCore: DcMotorImpl(type=Matrix12vMotor)
03-08 17:29:59.661  4250 14807 V RobotCore: DcMotorImpl(type=Matrix12vMotor)
03-08 17:29:59.661  4250 14807 V RobotCore: DcMotorImpl(type=goBILDA5202SeriesMotor)
03-08 17:29:59.671  4250 14807 V RobotCore: DcMotorImpl(type=goBILDA5202SeriesMotor)
03-08 17:29:59.671  4250 14807 V RobotCore: DcMotorImpl(type=Matrix12vMotor)
03-08 17:29:59.681  4250 14807 V ThreadPool: container(0x0519f76e: LinearOpMode) added id=564 TID=0 count=1
03-08 17:29:59.681  4250 22877 V RobotCore: thread: 'LinearOpMode main' starting...
03-08 17:29:59.691  4250 14994 V Robocol : sending CMD_NOTIFY_INIT_OP_MODE(52037), attempt: 0
03-08 17:30:01.201  4250  6481 V Robocol : received command: CMD_RUN_OP_MODE(57683) TeleOp
03-08 17:30:01.211  4250 14994 V Robocol : sending CMD_NOTIFY_RUN_OP_MODE(52056), attempt: 0
03-08 17:30:07.931  4250 22877 D backLeftPower: : 0.10531377390373242
03-08 17:30:07.931  4250 22877 D backRightPower: : 0.10531377390373241
03-08 17:30:07.931  4250 22877 D frontLeftPower: : 0.10531377390373241
03-08 17:30:07.931  4250 22877 D frontRightPower: : 0.10531377390373242
03-08 17:30:07.941  4250 22877 D backLeftVelocity: : -0.0
03-08 17:30:07.941  4250 22877 D backRightVelocity: : 0.0
03-08 17:30:07.941  4250 22877 D frontLeftVelocity: : -0.0
03-08 17:30:07.951  4250 22877 D frontRightVelocity: : 20.0
03-08 17:30:08.001  4250 22877 D backLeftPower: : 0.7071067811865476
03-08 17:30:08.001  4250 22877 D backRightPower: : 0.7071067811865475
03-08 17:30:08.001  4250 22877 D frontLeftPower: : 0.7071067811865475
03-08 17:30:08.001  4250 22877 D frontRightPower: : 0.7071067811865476
03-08 17:30:08.001  4250 22877 D backLeftVelocity: : 260.0
03-08 17:30:08.011  4250 22877 D backRightVelocity: : 180.0
03-08 17:30:08.011  4250 22877 D frontLeftVelocity: : 380.0
03-08 17:30:08.011  4250 22877 D frontRightVelocity: : 220.0
03-08 17:30:08.061  4250 22877 D backLeftPower: : 0.7071067811865476
03-08 17:30:08.061  4250 22877 D backRightPower: : 0.7071067811865475
03-08 17:30:08.061  4250 22877 D frontLeftPower: : 0.7071067811865475
03-08 17:30:08.061  4250 22877 D frontRightPower: : 0.7071067811865476
03-08 17:30:08.061  4250 22877 D backLeftVelocity: : 200.0
03-08 17:30:08.061  4250 22877 D backRightVelocity: : 240.0
03-08 17:30:08.071  4250 22877 D frontLeftVelocity: : 860.0
03-08 17:30:08.071  4250 22877 D frontRightVelocity: : 1080.0
03-08 17:30:08.101  4250 22877 D backLeftPower: : 0.7071067811865476
03-08 17:30:08.101  4250 22877 D backRightPower: : 0.7071067811865475
03-08 17:30:08.101  4250 22877 D frontLeftPower: : 0.7071067811865475
03-08 17:30:08.101  4250 22877 D frontRightPower: : 0.7071067811865476
03-08 17:30:08.111  4250 22877 D backLeftVelocity: : 360.0
03-08 17:30:08.111  4250 22877 D backRightVelocity: : 440.0
03-08 17:30:08.121  4250 22877 D frontLeftVelocity: : 860.0
03-08 17:30:08.131  4250 22877 D frontRightVelocity: : 1060.0
03-08 17:30:08.161  4250 22877 D backLeftPower: : 0.7071067811865476
03-08 17:30:08.161  4250 22877 D backRightPower: : 0.7071067811865475
03-08 17:30:08.161  4250 22877 D frontLeftPower: : 0.7071067811865475
03-08 17:30:08.161  4250 22877 D frontRightPower: : 0.7071067811865476
03-08 17:30:08.171  4250 22877 D backLeftVelocity: : 620.0
03-08 17:30:08.171  4250 22877 D backRightVelocity: : 620.0
03-08 17:30:08.181  4250 22877 D frontLeftVelocity: : 940.0
03-08 17:30:08.181  4250 22877 D frontRightVelocity: : 1060.0
03-08 17:30:08.221  4250 22877 D backLeftPower: : 0.7071067811865476
03-08 17:30:08.221  4250 22877 D backRightPower: : 0.7071067811865475
03-08 17:30:08.221  4250 22877 D frontLeftPower: : 0.7071067811865475
03-08 17:30:08.221  4250 22877 D frontRightPower: : 0.7071067811865476
03-08 17:30:08.221  4250 22877 D backLeftVelocity: : 760.0
03-08 17:30:08.231  4250 22877 D backRightVelocity: : 800.0
03-08 17:30:08.241  4250 22877 D frontLeftVelocity: : 1040.0
03-08 17:30:08.241  4250 22877 D frontRightVelocity: : 1200.0
03-08 17:30:08.281  4250 22877 D backLeftPower: : 0.7071067811865476
03-08 17:30:08.281  4250 22877 D backRightPower: : 0.7071067811865475
03-08 17:30:08.281  4250 22877 D frontLeftPower: : 0.7071067811865475
03-08 17:30:08.281  4250 22877 D frontRightPower: : 0.7071067811865476
03-08 17:30:08.281  4250 22877 D backLeftVelocity: : 920.0
03-08 17:30:08.291  4250 22877 D backRightVelocity: : 980.0
03-08 17:30:08.291  4250 22877 D frontLeftVelocity: : 1080.0
03-08 17:30:08.301  4250 22877 D frontRightVelocity: : 1220.0
03-08 17:30:08.321  4250 22877 D backLeftPower: : 0.7071067811865476
03-08 17:30:08.321  4250 22877 D backRightPower: : 0.7071067811865475
03-08 17:30:08.321  4250 22877 D frontLeftPower: : 0.7071067811865475
03-08 17:30:08.321  4250 22877 D frontRightPower: : 0.7071067811865476
03-08 17:30:08.321  4250 22877 D backLeftVelocity: : 1020.0
03-08 17:30:08.331  4250 22877 D backRightVelocity: : 1060.0
03-08 17:30:08.331  4250 22877 D frontLeftVelocity: : 1180.0
03-08 17:30:08.341  4250 22877 D frontRightVelocity: : 1280.0
03-08 17:30:08.371  4250 22877 D backLeftPower: : 0.7071067811865476
03-08 17:30:08.371  4250 22877 D backRightPower: : 0.7071067811865475
03-08 17:30:08.371  4250 22877 D frontLeftPower: : 0.7071067811865475
03-08 17:30:08.371  4250 22877 D frontRightPower: : 0.7071067811865476
03-08 17:30:08.381  4250 22877 D backLeftVelocity: : 1140.0
03-08 17:30:08.391  4250 22877 D backRightVelocity: : 1120.0
03-08 17:30:08.401  4250 22877 D frontLeftVelocity: : 1160.0
03-08 17:30:08.401  4250 22877 D frontRightVelocity: : 1220.0
03-08 17:30:08.431  4250 22877 D backLeftPower: : 0.7071067811865476
03-08 17:30:08.441  4250 22877 D backRightPower: : 0.7071067811865475
03-08 17:30:08.441  4250 22877 D frontLeftPower: : 0.7071067811865475
03-08 17:30:08.441  4250 22877 D frontRightPower: : 0.7071067811865476
03-08 17:30:08.441  4250 22877 D backLeftVelocity: : 1220.0
03-08 17:30:08.441  4250 22877 D backRightVelocity: : 1220.0
03-08 17:30:08.451  4250 22877 D frontLeftVelocity: : 1280.0
03-08 17:30:08.451  4250 22877 D frontRightVelocity: : 1300.0
03-08 17:30:08.501  4250 22877 D backLeftPower: : 0.7071067811865476
03-08 17:30:08.501  4250 22877 D backRightPower: : 0.7071067811865475
03-08 17:30:08.501  4250 22877 D frontLeftPower: : 0.7071067811865475
03-08 17:30:08.501  4250 22877 D frontRightPower: : 0.7071067811865476
03-08 17:30:08.501  4250 22877 D backLeftVelocity: : 1320.0
03-08 17:30:08.511  4250 22877 D backRightVelocity: : 1340.0
03-08 17:30:08.521  4250 22877 D frontLeftVelocity: : 1360.0
03-08 17:30:08.521  4250 22877 D frontRightVelocity: : 1340.0
03-08 17:30:08.551  4250 22877 D backLeftPower: : 0.7071067811865476
03-08 17:30:08.551  4250 22877 D backRightPower: : 0.7071067811865475
03-08 17:30:08.551  4250 22877 D frontLeftPower: : 0.7071067811865475
03-08 17:30:08.551  4250 22877 D frontRightPower: : 0.7071067811865476
03-08 17:30:08.561  4250 22877 D backLeftVelocity: : 1360.0
03-08 17:30:08.561  4250 22877 D backRightVelocity: : 1400.0
03-08 17:30:08.561  4250 22877 D frontLeftVelocity: : 1400.0
03-08 17:30:08.571  4250 22877 D frontRightVelocity: : 1400.0
03-08 17:30:08.591  4250 22877 D backLeftPower: : 0.7071067811865476
03-08 17:30:08.591  4250 22877 D backRightPower: : 0.7071067811865475
03-08 17:30:08.591  4250 22877 D frontLeftPower: : 0.7071067811865475
03-08 17:30:08.591  4250 22877 D frontRightPower: : 0.7071067811865476
03-08 17:30:08.601  4250 22877 D backLeftVelocity: : 1400.0
03-08 17:30:08.601  4250 22877 D backRightVelocity: : 1480.0
03-08 17:30:08.611  4250 22877 D frontLeftVelocity: : 1460.0
03-08 17:30:08.611  4250 22877 D frontRightVelocity: : 1480.0
03-08 17:30:08.641  4250 22877 D backLeftPower: : 0.7071067811865476
03-08 17:30:08.641  4250 22877 D backRightPower: : 0.7071067811865475
03-08 17:30:08.641  4250 22877 D frontLeftPower: : 0.7071067811865475
03-08 17:30:08.641  4250 22877 D frontRightPower: : 0.7071067811865476
03-08 17:30:08.651  4250 22877 D backLeftVelocity: : 1500.0
03-08 17:30:08.651  4250 22877 D backRightVelocity: : 1520.0
03-08 17:30:08.661  4250 22877 D frontLeftVelocity: : 1520.0
03-08 17:30:08.671  4250 22877 D frontRightVelocity: : 1540.0
03-08 17:30:08.701  4250 22877 D backLeftPower: : 0.7071067811865476
03-08 17:30:08.701  4250 22877 D backRightPower: : 0.7071067811865475
03-08 17:30:08.701  4250 22877 D frontLeftPower: : 0.7071067811865475
03-08 17:30:08.701  4250 22877 D frontRightPower: : 0.7071067811865476
03-08 17:30:08.701  4250 22877 D backLeftVelocity: : 1540.0
03-08 17:30:08.711  4250 22877 D backRightVelocity: : 1520.0
03-08 17:30:08.721  4250 22877 D frontLeftVelocity: : 1580.0
03-08 17:30:08.721  4250 22877 D frontRightVelocity: : 1540.0
03-08 17:30:08.751  4250 22877 D backLeftPower: : 0.7071067811865476
03-08 17:30:08.751  4250 22877 D backRightPower: : 0.7071067811865475
03-08 17:30:08.751  4250 22877 D frontLeftPower: : 0.7071067811865475
03-08 17:30:08.751  4250 22877 D frontRightPower: : 0.7071067811865476
03-08 17:30:08.761  4250 22877 D backLeftVelocity: : 1600.0
03-08 17:30:08.761  4250 22877 D backRightVelocity: : 1600.0
03-08 17:30:08.771  4250 22877 D frontLeftVelocity: : 1600.0
03-08 17:30:08.781  4250 22877 D frontRightVelocity: : 1560.0
03-08 17:30:08.821  4250 22877 D backLeftPower: : 0.7071067811865476
03-08 17:30:08.821  4250 22877 D backRightPower: : 0.7071067811865475
03-08 17:30:08.821  4250 22877 D frontLeftPower: : 0.7071067811865475
03-08 17:30:08.821  4250 22877 D frontRightPower: : 0.7071067811865476
03-08 17:30:08.821  4250 22877 D backLeftVelocity: : 1580.0
03-08 17:30:08.831  4250 22877 D backRightVelocity: : 1640.0
03-08 17:30:08.831  4250 22877 D frontLeftVelocity: : 1660.0
03-08 17:30:08.841  4250 22877 D frontRightVelocity: : 1620.0
03-08 17:30:08.881  4250 22877 D backLeftPower: : 0.7071067811865476
03-08 17:30:08.881  4250 22877 D backRightPower: : 0.7071067811865475
03-08 17:30:08.881  4250 22877 D frontLeftPower: : 0.7071067811865475
03-08 17:30:08.881  4250 22877 D frontRightPower: : 0.7071067811865476
03-08 17:30:08.901  4250 22877 D backLeftVelocity: : 1660.0
03-08 17:30:08.901  4250 22877 D backRightVelocity: : 1640.0
03-08 17:30:08.911  4250 22877 D frontLeftVelocity: : 1660.0
03-08 17:30:08.911  4250 22877 D frontRightVelocity: : 1680.0
03-08 17:30:08.951  4250 22877 D backLeftPower: : 0.7071067811865476
03-08 17:30:08.951  4250 22877 D backRightPower: : 0.7071067811865475
03-08 17:30:08.951  4250 22877 D frontLeftPower: : 0.7071067811865475
03-08 17:30:08.951  4250 22877 D frontRightPower: : 0.7071067811865476
03-08 17:30:08.951  4250 22877 D backLeftVelocity: : 1700.0
03-08 17:30:08.961  4250 22877 D backRightVelocity: : 1660.0
03-08 17:30:08.961  4250 22877 D frontLeftVelocity: : 1700.0
03-08 17:30:08.961  4250 22877 D frontRightVelocity: : 1660.0
03-08 17:30:09.021  4250 22877 D backLeftPower: : 0.7071067811865476
03-08 17:30:09.021  4250 22877 D backRightPower: : 0.7071067811865475
03-08 17:30:09.031  4250 22877 D frontLeftPower: : 0.7071067811865475
03-08 17:30:09.031  4250 22877 D frontRightPower: : 0.7071067811865476
03-08 17:30:09.041  4250 22877 D backLeftVelocity: : 1660.0
03-08 17:30:09.041  4250 22877 D backRightVelocity: : 1700.0
03-08 17:30:09.051  4250 22877 D frontLeftVelocity: : 1680.0
03-08 17:30:09.061  4250 22877 D frontRightVelocity: : 1640.0
03-08 17:30:09.091  4250 22877 D backLeftPower: : 0.7071067811865476
03-08 17:30:09.091  4250 22877 D backRightPower: : 0.7071067811865475
03-08 17:30:09.091  4250 22877 D frontLeftPower: : 0.7071067811865475
03-08 17:30:09.091  4250 22877 D frontRightPower: : 0.7071067811865476
03-08 17:30:09.091  4250 22877 D backLeftVelocity: : 1680.0
03-08 17:30:09.091  4250 22877 D backRightVelocity: : 1700.0
03-08 17:30:09.101  4250 22877 D frontLeftVelocity: : 1700.0
03-08 17:30:09.101  4250 22877 D frontRightVelocity: : 1720.0
03-08 17:30:09.121  4250 22877 D backLeftPower: : 0.7071067811865476
03-08 17:30:09.121  4250 22877 D backRightPower: : 0.7071067811865475
03-08 17:30:09.121  4250 22877 D frontLeftPower: : 0.7071067811865475
03-08 17:30:09.121  4250 22877 D frontRightPower: : 0.7071067811865476
03-08 17:30:09.131  4250 22877 D backLeftVelocity: : 1740.0
03-08 17:30:09.131  4250 22877 D backRightVelocity: : 1700.0
03-08 17:30:09.141  4250 22877 D frontLeftVelocity: : 1720.0
03-08 17:30:09.141  4250 22877 D frontRightVelocity: : 1720.0
03-08 17:30:09.171  4250 22877 D backLeftPower: : 0.7071067811865476
03-08 17:30:09.171  4250 22877 D backRightPower: : 0.7071067811865475
03-08 17:30:09.171  4250 22877 D frontLeftPower: : 0.7071067811865475
03-08 17:30:09.171  4250 22877 D frontRightPower: : 0.7071067811865476
03-08 17:30:09.181  4250 22877 D backLeftVelocity: : 1740.0
03-08 17:30:09.191  4250 22877 D backRightVelocity: : 1700.0
03-08 17:30:09.191  4250 22877 D frontLeftVelocity: : 1720.0
03-08 17:30:09.201  4250 22877 D frontRightVelocity: : 1660.0
03-08 17:30:09.231  4250 22877 D backLeftPower: : 0.7071067811865476
03-08 17:30:09.231  4250 22877 D backRightPower: : 0.7071067811865475
03-08 17:30:09.231  4250 22877 D frontLeftPower: : 0.7071067811865475
03-08 17:30:09.231  4250 22877 D frontRightPower: : 0.7071067811865476
03-08 17:30:09.241  4250 22877 D backLeftVelocity: : 1700.0
03-08 17:30:09.251  4250 22877 D backRightVelocity: : 1740.0
03-08 17:30:09.251  4250 22877 D frontLeftVelocity: : 1720.0
03-08 17:30:09.251  4250 22877 D frontRightVelocity: : 1660.0
03-08 17:30:09.281  4250 22877 D backLeftPower: : 0.7071067811865476
03-08 17:30:09.281  4250 22877 D backRightPower: : 0.7071067811865475
03-08 17:30:09.281  4250 22877 D frontLeftPower: : 0.7071067811865475
03-08 17:30:09.281  4250 22877 D frontRightPower: : 0.7071067811865476
03-08 17:30:09.281  4250 22877 D backLeftVelocity: : 1720.0
03-08 17:30:09.291  4250 22877 D backRightVelocity: : 1740.0
03-08 17:30:09.291  4250 22877 D frontLeftVelocity: : 1740.0
03-08 17:30:09.301  4250 22877 D frontRightVelocity: : 1700.0
03-08 17:30:09.331  4250 22877 D backLeftPower: : 0.7071067811865476
03-08 17:30:09.331  4250 22877 D backRightPower: : 0.7071067811865475
03-08 17:30:09.331  4250 22877 D frontLeftPower: : 0.7071067811865475
03-08 17:30:09.331  4250 22877 D frontRightPower: : 0.7071067811865476
03-08 17:30:09.331  4250 22877 D backLeftVelocity: : 1720.0
03-08 17:30:09.341  4250 22877 D backRightVelocity: : 1700.0
03-08 17:30:09.341  4250 22877 D frontLeftVelocity: : 1720.0
03-08 17:30:09.351  4250 22877 D frontRightVelocity: : 1740.0
03-08 17:30:09.401  4250 22877 D backLeftPower: : 0.7071067811865476
03-08 17:30:09.401  4250 22877 D backRightPower: : 0.7071067811865475
03-08 17:30:09.401  4250 22877 D frontLeftPower: : 0.7071067811865475
03-08 17:30:09.401  4250 22877 D frontRightPower: : 0.7071067811865476
03-08 17:30:09.401  4250 22877 D backLeftVelocity: : 1760.0
03-08 17:30:09.411  4250 22877 D backRightVelocity: : 1720.0
03-08 17:30:09.411  4250 22877 D frontLeftVelocity: : 1740.0
03-08 17:30:09.421  4250 22877 D frontRightVelocity: : 1720.0
03-08 17:30:09.461  4250 22877 D backLeftPower: : 0.7071067811865476
03-08 17:30:09.461  4250 22877 D backRightPower: : 0.7071067811865475
03-08 17:30:09.461  4250 22877 D frontLeftPower: : 0.7071067811865475
03-08 17:30:09.461  4250 22877 D frontRightPower: : 0.7071067811865476
03-08 17:30:09.471  4250 22877 D backLeftVelocity: : 1700.0
03-08 17:30:09.471  4250 22877 D backRightVelocity: : 1720.0
03-08 17:30:09.491  4250 22877 D frontLeftVelocity: : 1720.0
03-08 17:30:09.491  4250 22877 D frontRightVelocity: : 1660.0
03-08 17:30:09.551  4250 22877 D backLeftPower: : 0.7071067811865476
03-08 17:30:09.551  4250 22877 D backRightPower: : 0.7071067811865475
03-08 17:30:09.561  4250 22877 D frontLeftPower: : 0.7071067811865475
03-08 17:30:09.561  4250 22877 D frontRightPower: : 0.7071067811865476
03-08 17:30:09.561  4250 22877 D backLeftVelocity: : 1760.0
03-08 17:30:09.571  4250 22877 D backRightVelocity: : 1720.0
03-08 17:30:09.571  4250 22877 D frontLeftVelocity: : 1740.0
03-08 17:30:09.581  4250 22877 D frontRightVelocity: : 1720.0
03-08 17:30:09.611  4250 22877 D backLeftPower: : 0.7071067811865476
03-08 17:30:09.611  4250 22877 D backRightPower: : 0.7071067811865475
03-08 17:30:09.611  4250 22877 D frontLeftPower: : 0.7071067811865475
03-08 17:30:09.611  4250 22877 D frontRightPower: : 0.7071067811865476
03-08 17:30:09.611  4250 22877 D backLeftVelocity: : 1740.0
03-08 17:30:09.621  4250 22877 D backRightVelocity: : 1700.0
03-08 17:30:09.621  4250 22877 D frontLeftVelocity: : 1720.0
03-08 17:30:09.631  4250 22877 D frontRightVelocity: : 1700.0
03-08 17:30:09.651  4250 22877 D backLeftPower: : 0.7071067811865476
03-08 17:30:09.651  4250 22877 D backRightPower: : 0.7071067811865475
03-08 17:30:09.651  4250 22877 D frontLeftPower: : 0.7071067811865475
03-08 17:30:09.651  4250 22877 D frontRightPower: : 0.7071067811865476
03-08 17:30:09.661  4250 22877 D backLeftVelocity: : 1700.0
03-08 17:30:09.661  4250 22877 D backRightVelocity: : 1760.0
03-08 17:30:09.671  4250 22877 D frontLeftVelocity: : 1700.0
03-08 17:30:09.671  4250 22877 D frontRightVelocity: : 1700.0
03-08 17:30:09.691  4250 22877 D backLeftPower: : 0.7071067811865476
03-08 17:30:09.691  4250 22877 D backRightPower: : 0.7071067811865475
03-08 17:30:09.691  4250 22877 D frontLeftPower: : 0.7071067811865475
03-08 17:30:09.701  4250 22877 D frontRightPower: : 0.7071067811865476
03-08 17:30:09.701  4250 22877 D backLeftVelocity: : 1720.0
03-08 17:30:09.701  4250 22877 D backRightVelocity: : 1760.0
03-08 17:30:09.711  4250 22877 D frontLeftVelocity: : 1720.0
03-08 17:30:09.711  4250 22877 D frontRightVelocity: : 1720.0
03-08 17:30:09.761  4250 22877 D backLeftPower: : 0.31181138363575117
03-08 17:30:09.761  4250 22877 D backRightPower: : 0.3118113836357511
03-08 17:30:09.761  4250 22877 D frontLeftPower: : 0.3118113836357511
03-08 17:30:09.761  4250 22877 D frontRightPower: : 0.31181138363575117
03-08 17:30:09.771  4250 22877 D backLeftVelocity: : 1720.0
03-08 17:30:09.771  4250 22877 D backRightVelocity: : 1740.0
03-08 17:30:09.781  4250 22877 D frontLeftVelocity: : 1740.0
03-08 17:30:09.791  4250 22877 D frontRightVelocity: : 1740.0
03-08 17:30:09.841  4250 22877 D backLeftPower: : 0.0
03-08 17:30:09.841  4250 22877 D backRightPower: : 0.0
03-08 17:30:09.841  4250 22877 D frontLeftPower: : 0.0
03-08 17:30:09.841  4250 22877 D frontRightPower: : 0.0
03-08 17:30:09.841  4250 22877 D backLeftVelocity: : 1560.0
03-08 17:30:09.851  4250 22877 D backRightVelocity: : 1380.0
03-08 17:30:09.851  4250 22877 D frontLeftVelocity: : 1240.0
03-08 17:30:09.861  4250 22877 D frontRightVelocity: : 1060.0
03-08 17:30:09.911  4250 22877 D backLeftPower: : 0.0
03-08 17:30:09.911  4250 22877 D backRightPower: : 0.0
03-08 17:30:09.911  4250 22877 D frontLeftPower: : 0.0
03-08 17:30:09.911  4250 22877 D frontRightPower: : 0.0
03-08 17:30:09.921  4250 22877 D backLeftVelocity: : 1200.0
03-08 17:30:09.921  4250 22877 D backRightVelocity: : 600.0
03-08 17:30:09.931  4250 22877 D frontLeftVelocity: : 1140.0
03-08 17:30:09.931  4250 22877 D frontRightVelocity: : 880.0
03-08 17:30:09.961  4250 22877 D backLeftPower: : 0.0
03-08 17:30:09.961  4250 22877 D backRightPower: : 0.0
03-08 17:30:09.961  4250 22877 D frontLeftPower: : 0.0
03-08 17:30:09.961  4250 22877 D frontRightPower: : 0.0
03-08 17:30:09.971  4250 22877 D backLeftVelocity: : 560.0
03-08 17:30:09.971  4250 22877 D backRightVelocity: : 260.0
03-08 17:30:09.971  4250 22877 D frontLeftVelocity: : 940.0
03-08 17:30:09.981  4250 22877 D frontRightVelocity: : 780.0
03-08 17:30:10.011  4250 22877 D backLeftPower: : 0.0
03-08 17:30:10.011  4250 22877 D backRightPower: : 0.0
03-08 17:30:10.011  4250 22877 D frontLeftPower: : 0.0
03-08 17:30:10.011  4250 22877 D frontRightPower: : 0.0
03-08 17:30:10.011  4250 22877 D backLeftVelocity: : 620.0
03-08 17:30:10.011  4250 22877 D backRightVelocity: : 340.0
03-08 17:30:10.021  4250 22877 D frontLeftVelocity: : 840.0
03-08 17:30:10.021  4250 22877 D frontRightVelocity: : 740.0
03-08 17:30:10.071  4250 22877 D backLeftPower: : 0.0
03-08 17:30:10.071  4250 22877 D backRightPower: : 0.0
03-08 17:30:10.071  4250 22877 D frontLeftPower: : 0.0
03-08 17:30:10.071  4250 22877 D frontRightPower: : 0.0
03-08 17:30:10.071  4250 22877 D backLeftVelocity: : 540.0
03-08 17:30:10.081  4250 22877 D backRightVelocity: : 320.0
03-08 17:30:10.081  4250 22877 D frontLeftVelocity: : 680.0
03-08 17:30:10.091  4250 22877 D frontRightVelocity: : 620.0
03-08 17:30:10.141  4250 22877 D backLeftPower: : -0.27051185536732014
03-08 17:30:10.141  4250 22877 D backRightPower: : -0.2705118553673201
03-08 17:30:10.141  4250 22877 D frontLeftPower: : -0.2705118553673201
03-08 17:30:10.151  4250 22877 D frontRightPower: : -0.7071067811865477
03-08 17:30:10.161  4250 22877 D backLeftVelocity: : 420.0
03-08 17:30:10.161  4250 22877 D backRightVelocity: : 240.0
03-08 17:30:10.171  4250 22877 D frontLeftVelocity: : 160.0
03-08 17:30:10.181  4250 22877 D frontRightVelocity: : 160.0
03-08 17:30:10.211  4250 22877 D backLeftPower: : -0.7071067811865477
03-08 17:30:10.211  4250 22877 D backRightPower: : -0.7071067811865475
03-08 17:30:10.211  4250 22877 D frontLeftPower: : -0.7071067811865475
03-08 17:30:10.211  4250 22877 D frontRightPower: : -0.7071067811865477
03-08 17:30:10.211  4250 22877 D backLeftVelocity: : -80.0
03-08 17:30:10.221  4250 22877 D backRightVelocity: : -520.0
03-08 17:30:10.221  4250 22877 D frontLeftVelocity: : -20.0
03-08 17:30:10.231  4250 22877 D frontRightVelocity: : 0.0
03-08 17:30:10.251  4250 22877 D backLeftPower: : -0.7071067811865477
03-08 17:30:10.251  4250 22877 D backRightPower: : -0.7071067811865475
03-08 17:30:10.251  4250 22877 D frontLeftPower: : -0.7071067811865475
03-08 17:30:10.251  4250 22877 D frontRightPower: : -0.7071067811865477
03-08 17:30:10.251  4250 22877 D backLeftVelocity: : -720.0
03-08 17:30:10.261  4250 22877 D backRightVelocity: : -1160.0
03-08 17:30:10.261  4250 22877 D frontLeftVelocity: : -120.0
03-08 17:30:10.271  4250 22877 D frontRightVelocity: : -140.0
03-08 17:30:10.301  4250 22877 D backLeftPower: : -0.7071067811865477
03-08 17:30:10.301  4250 22877 D backRightPower: : -0.7071067811865475
03-08 17:30:10.301  4250 22877 D frontLeftPower: : -0.7071067811865475
03-08 17:30:10.301  4250 22877 D frontRightPower: : -0.7071067811865477
03-08 17:30:10.301  4250 22877 D backLeftVelocity: : -740.0
03-08 17:30:10.311  4250 22877 D backRightVelocity: : -1160.0
03-08 17:30:10.311  4250 22877 D frontLeftVelocity: : -420.0
03-08 17:30:10.321  4250 22877 D frontRightVelocity: : -420.0
03-08 17:30:10.351  4250 22877 D backLeftPower: : -0.7071067811865477
03-08 17:30:10.361  4250 22877 D backRightPower: : -0.7071067811865475
03-08 17:30:10.361  4250 22877 D frontLeftPower: : -0.7071067811865475
03-08 17:30:10.361  4250 22877 D frontRightPower: : -0.7071067811865477
03-08 17:30:10.361  4250 22877 D backLeftVelocity: : -820.0
03-08 17:30:10.371  4250 22877 D backRightVelocity: : -1080.0
03-08 17:30:10.381  4250 22877 D frontLeftVelocity: : -720.0
03-08 17:30:10.391  4250 22877 D frontRightVelocity: : -740.0
03-08 17:30:10.451  4250 22877 D backLeftPower: : -0.7071067811865477
03-08 17:30:10.451  4250 22877 D backRightPower: : -0.7071067811865475
03-08 17:30:10.451  4250 22877 D frontLeftPower: : -0.7071067811865475
03-08 17:30:10.451  4250 22877 D frontRightPower: : -0.7071067811865477
03-08 17:30:10.461  4250 22877 D backLeftVelocity: : -980.0
03-08 17:30:10.461  4250 22877 D backRightVelocity: : -1100.0
03-08 17:30:10.471  4250 22877 D frontLeftVelocity: : -940.0
03-08 17:30:10.471  4250 22877 D frontRightVelocity: : -900.0
03-08 17:30:10.501  4250 22877 D backLeftPower: : -0.7071067811865477
03-08 17:30:10.501  4250 22877 D backRightPower: : -0.7071067811865475
03-08 17:30:10.501  4250 22877 D frontLeftPower: : -0.7071067811865475
03-08 17:30:10.501  4250 22877 D frontRightPower: : -0.7071067811865477
03-08 17:30:10.511  4250 22877 D backLeftVelocity: : -1020.0
03-08 17:30:10.511  4250 22877 D backRightVelocity: : -1140.0
03-08 17:30:10.511  4250 22877 D frontLeftVelocity: : -1040.0
03-08 17:30:10.521  4250 22877 D frontRightVelocity: : -1000.0
03-08 17:30:10.541  4250 22877 D backLeftPower: : -0.7071067811865477
03-08 17:30:10.541  4250 22877 D backRightPower: : -0.7071067811865475
03-08 17:30:10.541  4250 22877 D frontLeftPower: : -0.7071067811865475
03-08 17:30:10.541  4250 22877 D frontRightPower: : -0.7071067811865477
03-08 17:30:10.551  4250 22877 D backLeftVelocity: : -1120.0
03-08 17:30:10.551  4250 22877 D backRightVelocity: : -1220.0
03-08 17:30:10.561  4250 22877 D frontLeftVelocity: : -1120.0
03-08 17:30:10.561  4250 22877 D frontRightVelocity: : -1100.0
03-08 17:30:10.601  4250 22877 D backLeftPower: : -0.7071067811865477
03-08 17:30:10.601  4250 22877 D backRightPower: : -0.7071067811865475
03-08 17:30:10.601  4250 22877 D frontLeftPower: : -0.7071067811865475
03-08 17:30:10.601  4250 22877 D frontRightPower: : -0.7071067811865477
03-08 17:30:10.601  4250 22877 D backLeftVelocity: : -1240.0
03-08 17:30:10.611  4250 22877 D backRightVelocity: : -1220.0
03-08 17:30:10.611  4250 22877 D frontLeftVelocity: : -1240.0
03-08 17:30:10.621  4250 22877 D frontRightVelocity: : -1200.0
03-08 17:30:10.641  4250 22877 D backLeftPower: : -0.7071067811865477
03-08 17:30:10.641  4250 22877 D backRightPower: : -0.7071067811865475
03-08 17:30:10.641  4250 22877 D frontLeftPower: : -0.7071067811865475
03-08 17:30:10.651  4250 22877 D frontRightPower: : -0.7069256756756758
03-08 17:30:10.671  4250 22877 D backLeftVelocity: : -1340.0
03-08 17:30:10.671  4250 22877 D backRightVelocity: : -1340.0
03-08 17:30:10.681  4250 22877 D frontLeftVelocity: : -1340.0
03-08 17:30:10.691  4250 22877 D frontRightVelocity: : -1380.0
03-08 17:30:10.721  4250 22877 D backLeftPower: : -0.7071067811865477
03-08 17:30:10.721  4250 22877 D backRightPower: : -0.7071067811865475
03-08 17:30:10.721  4250 22877 D frontLeftPower: : -0.7071067811865475
03-08 17:30:10.721  4250 22877 D frontRightPower: : -0.7071067811865477
03-08 17:30:10.731  4250 22877 D backLeftVelocity: : -1460.0
03-08 17:30:10.731  4250 22877 D backRightVelocity: : -1460.0
03-08 17:30:10.741  4250 22877 D frontLeftVelocity: : -1460.0
03-08 17:30:10.741  4250 22877 D frontRightVelocity: : -1520.0
03-08 17:30:10.761  4250 22877 D backLeftPower: : -0.7071067811865477
03-08 17:30:10.761  4250 22877 D backRightPower: : -0.7071067811865475
03-08 17:30:10.761  4250 22877 D frontLeftPower: : -0.7071067811865475
03-08 17:30:10.761  4250 22877 D frontRightPower: : -0.7071067811865477
03-08 17:30:10.771  4250 22877 D backLeftVelocity: : -1460.0
03-08 17:30:10.771  4250 22877 D backRightVelocity: : -1480.0
03-08 17:30:10.771  4250 22877 D frontLeftVelocity: : -1460.0
03-08 17:30:10.781  4250 22877 D frontRightVelocity: : -1500.0
03-08 17:30:10.811  4250 22877 D backLeftPower: : -0.7071067811865477
03-08 17:30:10.811  4250 22877 D backRightPower: : -0.7071067811865475
03-08 17:30:10.811  4250 22877 D frontLeftPower: : -0.7071067811865475
03-08 17:30:10.811  4250 22877 D frontRightPower: : -0.7071067811865477
03-08 17:30:10.811  4250 22877 D backLeftVelocity: : -1460.0
03-08 17:30:10.811  4250 22877 D backRightVelocity: : -1500.0
03-08 17:30:10.821  4250 22877 D frontLeftVelocity: : -1500.0
03-08 17:30:10.821  4250 22877 D frontRightVelocity: : -1540.0
03-08 17:30:10.851  4250 22877 D backLeftPower: : -0.7071067811865477
03-08 17:30:10.851  4250 22877 D backRightPower: : -0.7071067811865475
03-08 17:30:10.851  4250 22877 D frontLeftPower: : -0.7071067811865475
03-08 17:30:10.851  4250 22877 D frontRightPower: : -0.7071067811865477
03-08 17:30:10.851  4250 22877 D backLeftVelocity: : -1520.0
03-08 17:30:10.861  4250 22877 D backRightVelocity: : -1560.0
03-08 17:30:10.861  4250 22877 D frontLeftVelocity: : -1540.0
03-08 17:30:10.871  4250 22877 D frontRightVelocity: : -1540.0
03-08 17:30:10.931  4250 22877 D backLeftPower: : -0.7071067811865477
03-08 17:30:10.931  4250 22877 D backRightPower: : -0.7071067811865475
03-08 17:30:10.931  4250 22877 D frontLeftPower: : -0.7071067811865475
03-08 17:30:10.931  4250 22877 D frontRightPower: : -0.7071067811865477
03-08 17:30:10.931  4250 22877 D backLeftVelocity: : -1600.0
03-08 17:30:10.941  4250 22877 D backRightVelocity: : -1640.0
03-08 17:30:10.941  4250 22877 D frontLeftVelocity: : -1640.0
03-08 17:30:10.951  4250 22877 D frontRightVelocity: : -1620.0
03-08 17:30:10.991  4250 22877 D backLeftPower: : -0.7071067811865477
03-08 17:30:10.991  4250 22877 D backRightPower: : -0.7071067811865475
03-08 17:30:10.991  4250 22877 D frontLeftPower: : -0.7071067811865475
03-08 17:30:10.991  4250 22877 D frontRightPower: : -0.7071067811865477
03-08 17:30:11.001  4250 22877 D backLeftVelocity: : -1600.0
03-08 17:30:11.001  4250 22877 D backRightVelocity: : -1640.0
03-08 17:30:11.011  4250 22877 D frontLeftVelocity: : -1680.0
03-08 17:30:11.011  4250 22877 D frontRightVelocity: : -1740.0
03-08 17:30:11.041  4250 22877 D backLeftPower: : -0.7071067811865477
03-08 17:30:11.051  4250 22877 D backRightPower: : -0.7071067811865475
03-08 17:30:11.051  4250 22877 D frontLeftPower: : -0.7071067811865475
03-08 17:30:11.051  4250 22877 D frontRightPower: : -0.7071067811865477
03-08 17:30:11.061  4250 22877 D backLeftVelocity: : -1640.0
03-08 17:30:11.061  4250 22877 D backRightVelocity: : -1680.0
03-08 17:30:11.071  4250 22877 D frontLeftVelocity: : -1700.0
03-08 17:30:11.081  4250 22877 D frontRightVelocity: : -1720.0
03-08 17:30:11.121  4250 22877 D backLeftPower: : -0.7071067811865477
03-08 17:30:11.121  4250 22877 D backRightPower: : -0.7071067811865475
03-08 17:30:11.121  4250 22877 D frontLeftPower: : -0.7071067811865475
03-08 17:30:11.121  4250 22877 D frontRightPower: : -0.7071067811865477
03-08 17:30:11.131  4250 22877 D backLeftVelocity: : -1680.0
03-08 17:30:11.131  4250 22877 D backRightVelocity: : -1700.0
03-08 17:30:11.141  4250 22877 D frontLeftVelocity: : -1720.0
03-08 17:30:11.141  4250 22877 D frontRightVelocity: : -1720.0
03-08 17:30:11.191  4250 22877 D backLeftPower: : -0.7071067811865477
03-08 17:30:11.201  4250 22877 D backRightPower: : -0.7071067811865475
03-08 17:30:11.201  4250 22877 D frontLeftPower: : -0.7071067811865475
03-08 17:30:11.201  4250 22877 D frontRightPower: : -0.7071067811865477
03-08 17:30:11.201  4250 22877 D backLeftVelocity: : -1800.0
03-08 17:30:11.201  4250 22877 D backRightVelocity: : -1760.0
03-08 17:30:11.211  4250 22877 D frontLeftVelocity: : -1800.0
03-08 17:30:11.211  4250 22877 D frontRightVelocity: : -1800.0
03-08 17:30:11.251  4250 22877 D backLeftPower: : -0.7071067811865477
03-08 17:30:11.251  4250 22877 D backRightPower: : -0.7071067811865475
03-08 17:30:11.251  4250 22877 D frontLeftPower: : -0.7071067811865475
03-08 17:30:11.251  4250 22877 D frontRightPower: : -0.7071067811865477
03-08 17:30:11.261  4250 22877 D backLeftVelocity: : -1760.0
03-08 17:30:11.261  4250 22877 D backRightVelocity: : -1760.0
03-08 17:30:11.271  4250 22877 D frontLeftVelocity: : -1800.0
03-08 17:30:11.271  4250 22877 D frontRightVelocity: : -1800.0
03-08 17:30:11.311  4250 22877 D backLeftPower: : -0.7071067811865477
03-08 17:30:11.311  4250 22877 D backRightPower: : -0.7071067811865475
03-08 17:30:11.311  4250 22877 D frontLeftPower: : -0.7071067811865475
03-08 17:30:11.311  4250 22877 D frontRightPower: : -0.7071067811865477
03-08 17:30:11.311  4250 22877 D backLeftVelocity: : -1780.0
03-08 17:30:11.321  4250 22877 D backRightVelocity: : -1800.0
03-08 17:30:11.331  4250 22877 D frontLeftVelocity: : -1760.0
03-08 17:30:11.331  4250 22877 D frontRightVelocity: : -1780.0
03-08 17:30:11.361  4250 22877 D backLeftPower: : -0.7071067811865477
03-08 17:30:11.361  4250 22877 D backRightPower: : -0.7071067811865475
03-08 17:30:11.361  4250 22877 D frontLeftPower: : -0.7071067811865475
03-08 17:30:11.361  4250 22877 D frontRightPower: : -0.7071067811865477
03-08 17:30:11.361  4250 22877 D backLeftVelocity: : -1780.0
03-08 17:30:11.361  4250 22877 D backRightVelocity: : -1800.0
03-08 17:30:11.371  4250 22877 D frontLeftVelocity: : -1800.0
03-08 17:30:11.381  4250 22877 D frontRightVelocity: : -1800.0
03-08 17:30:11.431  4250 22877 D backLeftPower: : -0.7071067811865477
03-08 17:30:11.431  4250 22877 D backRightPower: : -0.7071067811865475
03-08 17:30:11.431  4250 22877 D frontLeftPower: : -0.7071067811865475
03-08 17:30:11.431  4250 22877 D frontRightPower: : -0.7071067811865477
03-08 17:30:11.441  4250 22877 D backLeftVelocity: : -1840.0
03-08 17:30:11.441  4250 22877 D backRightVelocity: : -1820.0
03-08 17:30:11.451  4250 22877 D frontLeftVelocity: : -1840.0
03-08 17:30:11.451  4250 22877 D frontRightVelocity: : -1880.0
03-08 17:30:11.481  4250 22877 D backLeftPower: : -0.7071067811865477
03-08 17:30:11.481  4250 22877 D backRightPower: : -0.7071067811865475
03-08 17:30:11.481  4250 22877 D frontLeftPower: : -0.7071067811865475
03-08 17:30:11.481  4250 22877 D frontRightPower: : -0.7071067811865477
03-08 17:30:11.481  4250 22877 D backLeftVelocity: : -1760.0
03-08 17:30:11.491  4250 22877 D backRightVelocity: : -1820.0
03-08 17:30:11.501  4250 22877 D frontLeftVelocity: : -1800.0
03-08 17:30:11.501  4250 22877 D frontRightVelocity: : -1800.0
03-08 17:30:11.531  4250 22877 D backLeftPower: : -0.7071067811865477
03-08 17:30:11.531  4250 22877 D backRightPower: : -0.7071067811865475
03-08 17:30:11.531  4250 22877 D frontLeftPower: : -0.7071067811865475
03-08 17:30:11.531  4250 22877 D frontRightPower: : -0.7071067811865477
03-08 17:30:11.541  4250 22877 D backLeftVelocity: : -1780.0
03-08 17:30:11.541  4250 22877 D backRightVelocity: : -1800.0
03-08 17:30:11.551  4250 22877 D frontLeftVelocity: : -1800.0
03-08 17:30:11.551  4250 22877 D frontRightVelocity: : -1800.0
03-08 17:30:11.591  4250 22877 D backLeftPower: : -0.7071067811865477
03-08 17:30:11.601  4250 22877 D backRightPower: : -0.7071067811865475
03-08 17:30:11.601  4250 22877 D frontLeftPower: : -0.7071067811865475
03-08 17:30:11.601  4250 22877 D frontRightPower: : -0.7071067811865477
03-08 17:30:11.601  4250 22877 D backLeftVelocity: : -1860.0
03-08 17:30:11.601  4250 22877 D backRightVelocity: : -1840.0
03-08 17:30:11.611  4250 22877 D frontLeftVelocity: : -1840.0
03-08 17:30:11.611  4250 22877 D frontRightVelocity: : -1860.0
03-08 17:30:11.641  4250 22877 D backLeftPower: : -0.7071067811865477
03-08 17:30:11.641  4250 22877 D backRightPower: : -0.7071067811865475
03-08 17:30:11.641  4250 22877 D frontLeftPower: : -0.7071067811865475
03-08 17:30:11.641  4250 22877 D frontRightPower: : -0.7071067811865477
03-08 17:30:11.641  4250 22877 D backLeftVelocity: : -1820.0
03-08 17:30:11.651  4250 22877 D backRightVelocity: : -1840.0
03-08 17:30:11.661  4250 22877 D frontLeftVelocity: : -1840.0
03-08 17:30:11.671  4250 22877 D frontRightVelocity: : -1860.0
03-08 17:30:11.711  4250 22877 D backLeftPower: : -0.7071067811865477
03-08 17:30:11.711  4250 22877 D backRightPower: : -0.7071067811865475
03-08 17:30:11.711  4250 22877 D frontLeftPower: : -0.7071067811865475
03-08 17:30:11.711  4250 22877 D frontRightPower: : -0.7071067811865477
03-08 17:30:11.721  4250 22877 D backLeftVelocity: : -1780.0
03-08 17:30:11.721  4250 22877 D backRightVelocity: : -1840.0
03-08 17:30:11.731  4250 22877 D frontLeftVelocity: : -1800.0
03-08 17:30:11.731  4250 22877 D frontRightVelocity: : -1800.0
03-08 17:30:11.781  4250 22877 D backLeftPower: : 0.0
03-08 17:30:11.781  4250 22877 D backRightPower: : 0.0
03-08 17:30:11.781  4250 22877 D frontLeftPower: : 0.0
03-08 17:30:11.781  4250 22877 D frontRightPower: : 0.0
03-08 17:30:11.781  4250 22877 D backLeftVelocity: : -1800.0
03-08 17:30:11.791  4250 22877 D backRightVelocity: : -1820.0
03-08 17:30:11.791  4250 22877 D frontLeftVelocity: : -1800.0
03-08 17:30:11.801  4250 22877 D frontRightVelocity: : -1740.0
03-08 17:30:11.831  4250 22877 D backLeftPower: : 0.0
03-08 17:30:11.831  4250 22877 D backRightPower: : 0.0
03-08 17:30:11.831  4250 22877 D frontLeftPower: : 0.0
03-08 17:30:11.831  4250 22877 D frontRightPower: : 0.0
03-08 17:30:11.831  4250 22877 D backLeftVelocity: : -1400.0
03-08 17:30:11.841  4250 22877 D backRightVelocity: : -1000.0
03-08 17:30:11.841  4250 22877 D frontLeftVelocity: : -1080.0
03-08 17:30:11.851  4250 22877 D frontRightVelocity: : -840.0
03-08 17:30:11.881  4250 22877 D backLeftPower: : 0.0
03-08 17:30:11.881  4250 22877 D backRightPower: : 0.0
03-08 17:30:11.881  4250 22877 D frontLeftPower: : 0.0
03-08 17:30:11.881  4250 22877 D frontRightPower: : 0.0
03-08 17:30:11.881  4250 22877 D backLeftVelocity: : -1100.0
03-08 17:30:11.901  4250 22877 D backRightVelocity: : -960.0
03-08 17:30:11.901  4250 22877 D frontLeftVelocity: : -340.0
03-08 17:30:11.911  4250 22877 D frontRightVelocity: : -340.0
03-08 17:30:11.951  4250 22877 D backLeftPower: : 0.0
03-08 17:30:11.951  4250 22877 D backRightPower: : 0.0
03-08 17:30:11.951  4250 22877 D frontLeftPower: : 0.0
03-08 17:30:11.951  4250 22877 D frontRightPower: : 0.0
03-08 17:30:11.951  4250 22877 D backLeftVelocity: : -980.0
03-08 17:30:11.961  4250 22877 D backRightVelocity: : -880.0
03-08 17:30:11.971  4250 22877 D frontLeftVelocity: : -480.0
03-08 17:30:11.971  4250 22877 D frontRightVelocity: : -340.0
03-08 17:30:12.001  4250 22877 D backLeftPower: : 0.0
03-08 17:30:12.001  4250 22877 D backRightPower: : 0.0
03-08 17:30:12.001  4250 22877 D frontLeftPower: : 0.0
03-08 17:30:12.001  4250 22877 D frontRightPower: : 0.0
03-08 17:30:12.011  4250 22877 D backLeftVelocity: : -860.0
03-08 17:30:12.011  4250 22877 D backRightVelocity: : -840.0
03-08 17:30:12.011  4250 22877 D frontLeftVelocity: : -440.0
03-08 17:30:12.021  4250 22877 D frontRightVelocity: : -380.0
03-08 17:30:12.051  4250 22877 D backLeftPower: : 0.0
03-08 17:30:12.051  4250 22877 D backRightPower: : 0.0
03-08 17:30:12.051  4250 22877 D frontLeftPower: : 0.0
03-08 17:30:12.051  4250 22877 D frontRightPower: : 0.0
03-08 17:30:12.061  4250 22877 D backLeftVelocity: : -780.0
03-08 17:30:12.061  4250 22877 D backRightVelocity: : -840.0
03-08 17:30:12.071  4250 22877 D frontLeftVelocity: : -500.0
03-08 17:30:12.071  4250 22877 D frontRightVelocity: : -340.0
03-08 17:30:12.111  4250 22877 D backLeftPower: : 0.4711095490472535
03-08 17:30:12.111  4250 22877 D backRightPower: : 0.4711095490472534
03-08 17:30:12.111  4250 22877 D frontLeftPower: : 0.4711095490472534
03-08 17:30:12.111  4250 22877 D frontRightPower: : 0.4711095490472535
03-08 17:30:12.121  4250 22877 D backLeftVelocity: : -580.0
03-08 17:30:12.121  4250 22877 D backRightVelocity: : -580.0
03-08 17:30:12.131  4250 22877 D frontLeftVelocity: : -260.0
03-08 17:30:12.131  4250 22877 D frontRightVelocity: : -40.0
03-08 17:30:12.181  4250 22877 D backLeftPower: : 0.7071067811865476
03-08 17:30:12.181  4250 22877 D backRightPower: : 0.7071067811865475
03-08 17:30:12.181  4250 22877 D frontLeftPower: : 0.7071067811865475
03-08 17:30:12.181  4250 22877 D frontRightPower: : 0.7071067811865476
03-08 17:30:12.191  4250 22877 D backLeftVelocity: : -220.0
03-08 17:30:12.191  4250 22877 D backRightVelocity: : 100.0
03-08 17:30:12.191  4250 22877 D frontLeftVelocity: : 500.0
03-08 17:30:12.201  4250 22877 D frontRightVelocity: : 640.0
03-08 17:30:12.231  4250 22877 D backLeftPower: : 0.7071067811865476
03-08 17:30:12.231  4250 22877 D backRightPower: : 0.7071067811865475
03-08 17:30:12.231  4250 22877 D frontLeftPower: : 0.7071067811865475
03-08 17:30:12.231  4250 22877 D frontRightPower: : 0.7071067811865476
03-08 17:30:12.231  4250 22877 D backLeftVelocity: : 20.0
03-08 17:30:12.231  4250 22877 D backRightVelocity: : 260.0
03-08 17:30:12.241  4250 22877 D frontLeftVelocity: : 820.0
03-08 17:30:12.251  4250 22877 D frontRightVelocity: : 920.0
03-08 17:30:12.271  4250 22877 D backLeftPower: : 0.7071067811865476
03-08 17:30:12.271  4250 22877 D backRightPower: : 0.7071067811865475
03-08 17:30:12.271  4250 22877 D frontLeftPower: : 0.7071067811865475
03-08 17:30:12.271  4250 22877 D frontRightPower: : 0.7071067811865476
03-08 17:30:12.271  4250 22877 D backLeftVelocity: : 80.0
03-08 17:30:12.281  4250 22877 D backRightVelocity: : 440.0
03-08 17:30:12.281  4250 22877 D frontLeftVelocity: : 1040.0
03-08 17:30:12.291  4250 22877 D frontRightVelocity: : 1140.0
03-08 17:30:12.321  4250 22877 D backLeftPower: : 0.7071067811865476
03-08 17:30:12.321  4250 22877 D backRightPower: : 0.7071067811865475
03-08 17:30:12.321  4250 22877 D frontLeftPower: : 0.7071067811865475
03-08 17:30:12.321  4250 22877 D frontRightPower: : 0.7071067811865476
03-08 17:30:12.331  4250 22877 D backLeftVelocity: : 320.0
03-08 17:30:12.341  4250 22877 D backRightVelocity: : 600.0
03-08 17:30:12.341  4250 22877 D frontLeftVelocity: : 1060.0
03-08 17:30:12.351  4250 22877 D frontRightVelocity: : 1020.0
03-08 17:30:12.391  4250 22877 D backLeftPower: : 0.7071067811865476
03-08 17:30:12.391  4250 22877 D backRightPower: : 0.7071067811865475
03-08 17:30:12.391  4250 22877 D frontLeftPower: : 0.7071067811865475
03-08 17:30:12.401  4250 22877 D frontRightPower: : 0.7071067811865476
03-08 17:30:12.401  4250 22877 D backLeftVelocity: : 580.0
03-08 17:30:12.411  4250 22877 D backRightVelocity: : 720.0
03-08 17:30:12.421  4250 22877 D frontLeftVelocity: : 1060.0
03-08 17:30:12.421  4250 22877 D frontRightVelocity: : 1140.0
03-08 17:30:12.481  4250 22877 D backLeftPower: : 0.7071067811865476
03-08 17:30:12.481  4250 22877 D backRightPower: : 0.7071067811865475
03-08 17:30:12.481  4250 22877 D frontLeftPower: : 0.7071067811865475
03-08 17:30:12.481  4250 22877 D frontRightPower: : 0.7071067811865476
03-08 17:30:12.491  4250 22877 D backLeftVelocity: : 820.0
03-08 17:30:12.491  4250 22877 D backRightVelocity: : 820.0
03-08 17:30:12.501  4250 22877 D frontLeftVelocity: : 1080.0
03-08 17:30:12.501  4250 22877 D frontRightVelocity: : 1080.0
03-08 17:30:12.541  4250 22877 D backLeftPower: : 0.7071067811865476
03-08 17:30:12.541  4250 22877 D backRightPower: : 0.7071067811865475
03-08 17:30:12.541  4250 22877 D frontLeftPower: : 0.7071067811865475
03-08 17:30:12.541  4250 22877 D frontRightPower: : 0.7071067811865476
03-08 17:30:12.551  4250 22877 D backLeftVelocity: : 940.0
03-08 17:30:12.561  4250 22877 D backRightVelocity: : 900.0
03-08 17:30:12.561  4250 22877 D frontLeftVelocity: : 1080.0
03-08 17:30:12.571  4250 22877 D frontRightVelocity: : 1160.0
03-08 17:30:12.601  4250 22877 D backLeftPower: : 0.7071067811865476
03-08 17:30:12.601  4250 22877 D backRightPower: : 0.7071067811865475
03-08 17:30:12.601  4250 22877 D frontLeftPower: : 0.7071067811865475
03-08 17:30:12.601  4250 22877 D frontRightPower: : 0.7071067811865476
03-08 17:30:12.611  4250 22877 D backLeftVelocity: : 1060.0
03-08 17:30:12.611  4250 22877 D backRightVelocity: : 1060.0
03-08 17:30:12.611  4250 22877 D frontLeftVelocity: : 1120.0
03-08 17:30:12.621  4250 22877 D frontRightVelocity: : 1180.0
03-08 17:30:12.651  4250 22877 D backLeftPower: : 0.7071067811865476
03-08 17:30:12.651  4250 22877 D backRightPower: : 0.7071067811865475
03-08 17:30:12.651  4250 22877 D frontLeftPower: : 0.7071067811865475
03-08 17:30:12.651  4250 22877 D frontRightPower: : 0.7071067811865476
03-08 17:30:12.651  4250 22877 D backLeftVelocity: : 1180.0
03-08 17:30:12.651  4250 22877 D backRightVelocity: : 1180.0
03-08 17:30:12.661  4250 22877 D frontLeftVelocity: : 1280.0
03-08 17:30:12.661  4250 22877 D frontRightVelocity: : 1260.0
03-08 17:30:12.711  4250 22877 D backLeftPower: : 0.7071067811865476
03-08 17:30:12.711  4250 22877 D backRightPower: : 0.7071067811865475
03-08 17:30:12.711  4250 22877 D frontLeftPower: : 0.7071067811865475
03-08 17:30:12.711  4250 22877 D frontRightPower: : 0.7071067811865476
03-08 17:30:12.711  4250 22877 D backLeftVelocity: : 1240.0
03-08 17:30:12.721  4250 22877 D backRightVelocity: : 1320.0
03-08 17:30:12.731  4250 22877 D frontLeftVelocity: : 1360.0
03-08 17:30:12.731  4250 22877 D frontRightVelocity: : 1360.0
