cmd logfilename ps_name
u0_a198   4250  373   1845928 90368 sys_epoll_ 00000000 S com.qualcomm.ftcrobotcontroller
4250
03-08 16:24:25.711   928  1585 I am_proc_start: [0,4250,10198,com.qualcomm.ftcrobotcontroller,activity,com.qualcomm.ftcrobotcontroller/org.firstinspires.ftc.robotcontroller.internal.FtcRobotControllerActivity]
03-08 16:24:25.811   928  1604 I am_proc_bound: [0,4250,com.qualcomm.ftcrobotcontroller]
03-08 16:24:49.631   928  1005 I am_pss  : [4250,10198,com.qualcomm.ftcrobotcontroller,109678592,108158976]
03-08 16:24:50.371  4250  4250 I am_on_resume_called: [0,org.firstinspires.ftc.robotcontroller.internal.FtcRobotControllerActivity]
03-08 16:24:50.811  4250  4250 I am_on_paused_called: [0,org.firstinspires.ftc.robotcontroller.internal.FtcRobotControllerActivity]
03-08 16:25:20.451   928  1005 I am_pss  : [4250,10198,com.qualcomm.ftcrobotcontroller,59828224,57909248]
03-08 16:26:16.371  4250  4250 I am_on_resume_called: [0,org.firstinspires.ftc.robotcontroller.internal.FtcRobotControllerActivity]
03-08 16:26:26.391   928  1005 I am_pss  : [4250,10198,com.qualcomm.ftcrobotcontroller,57362432,55517184]
03-08 16:27:45.901  4250  4250 I am_on_paused_called: [0,org.firstinspires.ftc.robotcontroller.internal.FtcRobotControllerActivity]
03-08 16:28:10.511   928  1005 I am_pss  : [4250,10198,com.qualcomm.ftcrobotcontroller,37176320,35164160]
03-08 16:30:33.091  4250  4250 I am_on_resume_called: [0,org.firstinspires.ftc.robotcontroller.internal.FtcRobotControllerActivity]
03-08 16:30:45.071   928  1005 I am_pss  : [4250,10198,com.qualcomm.ftcrobotcontroller,63613952,61685760]
03-08 16:33:00.111   928  1005 I am_pss  : [4250,10198,com.qualcomm.ftcrobotcontroller,69243904,67211264]
03-08 16:35:00.251   928  1005 I am_pss  : [4250,10198,com.qualcomm.ftcrobotcontroller,86147072,84107264]
03-08 16:37:00.121   928  1005 I am_pss  : [4250,10198,com.qualcomm.ftcrobotcontroller,86777856,84733952]
03-08 16:39:00.131   928  1005 I am_pss  : [4250,10198,com.qualcomm.ftcrobotcontroller,85518336,83472384]
03-08 16:41:00.261   928  1005 I am_pss  : [4250,10198,com.qualcomm.ftcrobotcontroller,77092864,75046912]
03-08 16:43:00.151   928  1005 I am_pss  : [4250,10198,com.qualcomm.ftcrobotcontroller,77934592,75886592]
03-08 16:45:00.381   928  1005 I am_pss  : [4250,10198,com.qualcomm.ftcrobotcontroller,77182976,75137024]
03-08 16:47:00.151   928  1005 I am_pss  : [4250,10198,com.qualcomm.ftcrobotcontroller,81262592,79216640]
03-08 16:49:00.221   928  1005 I am_pss  : [4250,10198,com.qualcomm.ftcrobotcontroller,85117952,83136512]
03-08 16:51:00.151   928  1005 I am_pss  : [4250,10198,com.qualcomm.ftcrobotcontroller,80070656,78090240]
03-08 16:53:00.171   928  1005 I am_pss  : [4250,10198,com.qualcomm.ftcrobotcontroller,85104640,83124224]
03-08 16:55:00.281   928  1005 I am_pss  : [4250,10198,com.qualcomm.ftcrobotcontroller,80606208,78594048]
03-08 16:57:00.331   928  1005 I am_pss  : [4250,10198,com.qualcomm.ftcrobotcontroller,85185536,83156992]
03-08 16:59:00.161   928  1005 I am_pss  : [4250,10198,com.qualcomm.ftcrobotcontroller,81174528,79126528]
03-08 17:01:00.221   928  1005 I am_pss  : [4250,10198,com.qualcomm.ftcrobotcontroller,79113216,76972032]
03-08 17:03:00.301   928  1005 I am_pss  : [4250,10198,com.qualcomm.ftcrobotcontroller,82004992,79855616]
03-08 17:05:00.201   928  1005 I am_pss  : [4250,10198,com.qualcomm.ftcrobotcontroller,79604736,77430784]
03-08 17:07:00.181   928  1005 I am_pss  : [4250,10198,com.qualcomm.ftcrobotcontroller,82708480,80531456]
03-08 17:09:00.171   928  1005 I am_pss  : [4250,10198,com.qualcomm.ftcrobotcontroller,80353280,78176256]
03-08 17:11:00.281   928  1005 I am_pss  : [4250,10198,com.qualcomm.ftcrobotcontroller,83899392,81723392]
03-08 17:13:00.171   928  1005 I am_pss  : [4250,10198,com.qualcomm.ftcrobotcontroller,81203200,79028224]
03-08 17:15:00.241   928  1005 I am_pss  : [4250,10198,com.qualcomm.ftcrobotcontroller,85105664,82931712]
03-08 17:17:00.171   928  1005 I am_pss  : [4250,10198,com.qualcomm.ftcrobotcontroller,82121728,79945728]
03-08 17:19:00.211   928  1005 I am_pss  : [4250,10198,com.qualcomm.ftcrobotcontroller,86244352,84066304]
03-08 17:21:07.221   928  1005 I am_pss  : [4250,10198,com.qualcomm.ftcrobotcontroller,86240256,84062208]
03-08 17:23:07.361   928  1005 I am_pss  : [4250,10198,com.qualcomm.ftcrobotcontroller,82729984,80551936]
03-08 17:25:07.481   928  1005 I am_pss  : [4250,10198,com.qualcomm.ftcrobotcontroller,85108736,82853888]
03-08 17:27:07.641   928  1005 I am_pss  : [4250,10198,com.qualcomm.ftcrobotcontroller,83639296,81403904]
03-08 17:29:07.791   928  1005 I am_pss  : [4250,10198,com.qualcomm.ftcrobotcontroller,81894400,79659008]
03-08 17:31:21.641   928  1005 I am_pss  : [4250,10198,com.qualcomm.ftcrobotcontroller,83269632,81035264]
03-08 17:31:55.681  4250  6481 V Robocol : received command: CMD_SET_MATCH_NUMBER(59712) 0
03-08 17:31:55.681  4250  6481 V Robocol : received command: CMD_INIT_OP_MODE(59713) TeleOp
03-08 17:31:55.711  4250  6480 I RobotCore: ******************** START - OPMODE TeleOp ********************
03-08 17:31:55.711  4250 14807 I RobotCore: Attempting to switch to op mode TeleOp
03-08 17:31:55.891  4250  6481 V Robocol : received command: CMD_SET_MATCH_NUMBER(59712) 0
03-08 17:31:55.891  4250  6481 V Robocol : received command: CMD_INIT_OP_MODE(59713) TeleOp
03-08 17:31:56.071  4250 14807 D RevExtensions2: Hotswapping hardware map
03-08 17:31:56.081  4250 14807 V RobotCore: DcMotorImpl(type=Matrix12vMotor)
03-08 17:31:56.081  4250 14807 V RobotCore: DcMotorImpl(type=goBILDA5202SeriesMotor)
03-08 17:31:56.081  4250 14807 V RobotCore: DcMotorImpl(type=goBILDA5202SeriesMotor)
03-08 17:31:56.091  4250 14807 V RobotCore: DcMotorImpl(type=Matrix12vMotor)
03-08 17:31:56.091  4250 14807 V RobotCore: DcMotorImpl(type=Matrix12vMotor)
03-08 17:31:56.091  4250 14807 V RobotCore: DcMotorImpl(type=goBILDA5202SeriesMotor)
03-08 17:31:56.101  4250 14807 V RobotCore: DcMotorImpl(type=goBILDA5202SeriesMotor)
03-08 17:31:56.111  4250 14807 V RobotCore: DcMotorImpl(type=Matrix12vMotor)
03-08 17:31:56.111  4250 14807 V ThreadPool: container(0x097e5183: LinearOpMode) added id=575 TID=0 count=1
03-08 17:31:56.121  4250 23277 V RobotCore: thread: 'LinearOpMode main' starting...
03-08 17:31:56.131  4250 14994 V Robocol : sending CMD_NOTIFY_INIT_OP_MODE(54213), attempt: 0
03-08 17:31:58.241  4250  6481 V Robocol : received command: CMD_RUN_OP_MODE(59772) TeleOp
03-08 17:31:58.291  4250 14994 V Robocol : sending CMD_NOTIFY_RUN_OP_MODE(54265), attempt: 0
03-08 17:32:14.871  4250 23277 D backLeftPower: : 0.2764117819561176
03-08 17:32:14.871  4250 23277 D backRightPower: : 0.2764117819561176
03-08 17:32:14.871  4250 23277 D frontLeftPower: : 0.2764117819561176
03-08 17:32:14.871  4250 23277 D frontRightPower: : 0.2764117819561176
03-08 17:32:14.881  4250 23277 D backLeftVelocity: : -0.0
03-08 17:32:14.881  4250 23277 D backRightVelocity: : 0.0
03-08 17:32:14.891  4250 23277 D frontLeftVelocity: : -0.0
03-08 17:32:14.891  4250 23277 D frontRightVelocity: : 0.0
03-08 17:32:14.921  4250 23277 D backLeftPower: : 0.2764117819561176
03-08 17:32:14.921  4250 23277 D backRightPower: : 0.2764117819561176
03-08 17:32:14.921  4250 23277 D frontLeftPower: : 0.2764117819561176
03-08 17:32:14.931  4250 23277 D frontRightPower: : 0.2764117819561176
03-08 17:32:14.931  4250 23277 D backLeftVelocity: : 100.0
03-08 17:32:14.941  4250 23277 D backRightVelocity: : 120.0
03-08 17:32:14.951  4250 23277 D frontLeftVelocity: : 160.0
03-08 17:32:14.961  4250 23277 D frontRightVelocity: : 80.0
03-08 17:32:15.001  4250 23277 D backLeftPower: : 0.7071067811865476
03-08 17:32:15.001  4250 23277 D backRightPower: : 0.7071067811865475
03-08 17:32:15.001  4250 23277 D frontLeftPower: : 0.7071067811865475
03-08 17:32:15.001  4250 23277 D frontRightPower: : 0.7071067811865476
03-08 17:32:15.011  4250 23277 D backLeftVelocity: : 220.0
03-08 17:32:15.021  4250 23277 D backRightVelocity: : 220.0
03-08 17:32:15.031  4250 23277 D frontLeftVelocity: : 400.0
03-08 17:32:15.031  4250 23277 D frontRightVelocity: : 640.0
03-08 17:32:15.081  4250 23277 D backLeftPower: : 0.7071067811865476
03-08 17:32:15.081  4250 23277 D backRightPower: : 0.7071067811865475
03-08 17:32:15.081  4250 23277 D frontLeftPower: : 0.7071067811865475
03-08 17:32:15.081  4250 23277 D frontRightPower: : 0.7071067811865476
03-08 17:32:15.091  4250 23277 D backLeftVelocity: : 420.0
03-08 17:32:15.091  4250 23277 D backRightVelocity: : 380.0
03-08 17:32:15.101  4250 23277 D frontLeftVelocity: : 940.0
03-08 17:32:15.111  4250 23277 D frontRightVelocity: : 1120.0
03-08 17:32:15.131  4250 23277 D backLeftPower: : 0.7071067811865476
03-08 17:32:15.131  4250 23277 D backRightPower: : 0.7071067811865475
03-08 17:32:15.131  4250 23277 D frontLeftPower: : 0.7071067811865475
03-08 17:32:15.131  4250 23277 D frontRightPower: : 0.7071067811865476
03-08 17:32:15.141  4250 23277 D backLeftVelocity: : 620.0
03-08 17:32:15.141  4250 23277 D backRightVelocity: : 560.0
03-08 17:32:15.151  4250 23277 D frontLeftVelocity: : 880.0
03-08 17:32:15.151  4250 23277 D frontRightVelocity: : 1100.0
03-08 17:32:15.181  4250 23277 D backLeftPower: : 0.7071067811865476
03-08 17:32:15.181  4250 23277 D backRightPower: : 0.7071067811865475
03-08 17:32:15.181  4250 23277 D frontLeftPower: : 0.7071067811865475
03-08 17:32:15.181  4250 23277 D frontRightPower: : 0.7071067811865476
03-08 17:32:15.181  4250 23277 D backLeftVelocity: : 720.0
03-08 17:32:15.191  4250 23277 D backRightVelocity: : 740.0
03-08 17:32:15.191  4250 23277 D frontLeftVelocity: : 980.0
03-08 17:32:15.191  4250 23277 D frontRightVelocity: : 1120.0
03-08 17:32:15.221  4250 23277 D backLeftPower: : 0.7071067811865476
03-08 17:32:15.221  4250 23277 D backRightPower: : 0.7071067811865475
03-08 17:32:15.221  4250 23277 D frontLeftPower: : 0.7071067811865475
03-08 17:32:15.221  4250 23277 D frontRightPower: : 0.7071067811865476
03-08 17:32:15.221  4250 23277 D backLeftVelocity: : 820.0
03-08 17:32:15.221  4250 23277 D backRightVelocity: : 800.0
03-08 17:32:15.231  4250 23277 D frontLeftVelocity: : 980.0
03-08 17:32:15.231  4250 23277 D frontRightVelocity: : 1080.0
03-08 17:32:15.261  4250 23277 D backLeftPower: : 0.7071067811865476
03-08 17:32:15.261  4250 23277 D backRightPower: : 0.7071067811865475
03-08 17:32:15.261  4250 23277 D frontLeftPower: : 0.7071067811865475
03-08 17:32:15.261  4250 23277 D frontRightPower: : 0.7071067811865476
03-08 17:32:15.271  4250 23277 D backLeftVelocity: : 940.0
03-08 17:32:15.271  4250 23277 D backRightVelocity: : 1000.0
03-08 17:32:15.281  4250 23277 D frontLeftVelocity: : 1160.0
03-08 17:32:15.281  4250 23277 D frontRightVelocity: : 1040.0
03-08 17:32:15.311  4250 23277 D backLeftPower: : 0.7071067811865476
03-08 17:32:15.311  4250 23277 D backRightPower: : 0.7071067811865475
03-08 17:32:15.311  4250 23277 D frontLeftPower: : 0.7071067811865475
03-08 17:32:15.311  4250 23277 D frontRightPower: : 0.7071067811865476
03-08 17:32:15.321  4250 23277 D backLeftVelocity: : 1040.0
03-08 17:32:15.321  4250 23277 D backRightVelocity: : 1100.0
03-08 17:32:15.331  4250 23277 D frontLeftVelocity: : 1300.0
03-08 17:32:15.331  4250 23277 D frontRightVelocity: : 1120.0
03-08 17:32:15.361  4250 23277 D backLeftPower: : 0.7071067811865476
03-08 17:32:15.361  4250 23277 D backRightPower: : 0.7071067811865475
03-08 17:32:15.361  4250 23277 D frontLeftPower: : 0.7071067811865475
03-08 17:32:15.361  4250 23277 D frontRightPower: : 0.7071067811865476
03-08 17:32:15.361  4250 23277 D backLeftVelocity: : 1120.0
03-08 17:32:15.371  4250 23277 D backRightVelocity: : 1180.0
03-08 17:32:15.371  4250 23277 D frontLeftVelocity: : 1300.0
03-08 17:32:15.381  4250 23277 D frontRightVelocity: : 1220.0
03-08 17:32:15.421  4250 23277 D backLeftPower: : 0.7071067811865476
03-08 17:32:15.421  4250 23277 D backRightPower: : 0.7071067811865475
03-08 17:32:15.421  4250 23277 D frontLeftPower: : 0.7071067811865475
03-08 17:32:15.421  4250 23277 D frontRightPower: : 0.7071067811865476
03-08 17:32:15.421  4250 23277 D backLeftVelocity: : 1220.0
03-08 17:32:15.431  4250 23277 D backRightVelocity: : 1320.0
03-08 17:32:15.441  4250 23277 D frontLeftVelocity: : 1300.0
03-08 17:32:15.441  4250 23277 D frontRightVelocity: : 1340.0
03-08 17:32:15.501  4250 23277 D backLeftPower: : 0.7071067811865476
03-08 17:32:15.501  4250 23277 D backRightPower: : 0.7071067811865475
03-08 17:32:15.501  4250 23277 D frontLeftPower: : 0.7071067811865475
03-08 17:32:15.501  4250 23277 D frontRightPower: : 0.7071067811865476
03-08 17:32:15.511  4250 23277 D backLeftVelocity: : 1340.0
03-08 17:32:15.511  4250 23277 D backRightVelocity: : 1420.0
03-08 17:32:15.521  4250 23277 D frontLeftVelocity: : 1420.0
03-08 17:32:15.531  4250 23277 D frontRightVelocity: : 1440.0
03-08 17:32:15.571  4250 23277 D backLeftPower: : 0.7071067811865476
03-08 17:32:15.571  4250 23277 D backRightPower: : 0.7071067811865475
03-08 17:32:15.571  4250 23277 D frontLeftPower: : 0.7071067811865475
03-08 17:32:15.571  4250 23277 D frontRightPower: : 0.7071067811865476
03-08 17:32:15.571  4250 23277 D backLeftVelocity: : 1380.0
03-08 17:32:15.581  4250 23277 D backRightVelocity: : 1460.0
03-08 17:32:15.581  4250 23277 D frontLeftVelocity: : 1460.0
03-08 17:32:15.591  4250 23277 D frontRightVelocity: : 1440.0
03-08 17:32:15.621  4250 23277 D backLeftPower: : 0.7071067811865476
03-08 17:32:15.621  4250 23277 D backRightPower: : 0.7071067811865475
03-08 17:32:15.621  4250 23277 D frontLeftPower: : 0.7071067811865475
03-08 17:32:15.621  4250 23277 D frontRightPower: : 0.7071067811865476
03-08 17:32:15.631  4250 23277 D backLeftVelocity: : 1520.0
03-08 17:32:15.631  4250 23277 D backRightVelocity: : 1540.0
03-08 17:32:15.641  4250 23277 D frontLeftVelocity: : 1540.0
03-08 17:32:15.641  4250 23277 D frontRightVelocity: : 1520.0
03-08 17:32:15.671  4250 23277 D backLeftPower: : 0.7071067811865476
03-08 17:32:15.671  4250 23277 D backRightPower: : 0.7071067811865475
03-08 17:32:15.671  4250 23277 D frontLeftPower: : 0.7071067811865475
03-08 17:32:15.671  4250 23277 D frontRightPower: : 0.7071067811865476
03-08 17:32:15.681  4250 23277 D backLeftVelocity: : 1520.0
03-08 17:32:15.681  4250 23277 D backRightVelocity: : 1580.0
03-08 17:32:15.691  4250 23277 D frontLeftVelocity: : 1540.0
03-08 17:32:15.691  4250 23277 D frontRightVelocity: : 1580.0
03-08 17:32:15.711  4250 23277 D backLeftPower: : 0.7071067811865476
03-08 17:32:15.711  4250 23277 D backRightPower: : 0.7071067811865475
03-08 17:32:15.711  4250 23277 D frontLeftPower: : 0.7071067811865475
03-08 17:32:15.711  4250 23277 D frontRightPower: : 0.7071067811865476
03-08 17:32:15.721  4250 23277 D backLeftVelocity: : 1540.0
03-08 17:32:15.721  4250 23277 D backRightVelocity: : 1660.0
03-08 17:32:15.721  4250 23277 D frontLeftVelocity: : 1560.0
03-08 17:32:15.731  4250 23277 D frontRightVelocity: : 1620.0
03-08 17:32:15.761  4250 23277 D backLeftPower: : 0.7071067811865476
03-08 17:32:15.761  4250 23277 D backRightPower: : 0.7071067811865475
03-08 17:32:15.761  4250 23277 D frontLeftPower: : 0.7071067811865475
03-08 17:32:15.761  4250 23277 D frontRightPower: : 0.7071067811865476
03-08 17:32:15.761  4250 23277 D backLeftVelocity: : 1540.0
03-08 17:32:15.771  4250 23277 D backRightVelocity: : 1600.0
03-08 17:32:15.771  4250 23277 D frontLeftVelocity: : 1620.0
03-08 17:32:15.771  4250 23277 D frontRightVelocity: : 1640.0
03-08 17:32:15.791  4250 23277 D backLeftPower: : 0.7071067811865476
03-08 17:32:15.791  4250 23277 D backRightPower: : 0.7071067811865475
03-08 17:32:15.791  4250 23277 D frontLeftPower: : 0.7071067811865475
03-08 17:32:15.801  4250 23277 D frontRightPower: : 0.7071067811865476
03-08 17:32:15.801  4250 23277 D backLeftVelocity: : 1560.0
03-08 17:32:15.801  4250 23277 D backRightVelocity: : 1620.0
03-08 17:32:15.811  4250 23277 D frontLeftVelocity: : 1620.0
03-08 17:32:15.811  4250 23277 D frontRightVelocity: : 1620.0
03-08 17:32:15.851  4250 23277 D backLeftPower: : 0.7071067811865476
03-08 17:32:15.851  4250 23277 D backRightPower: : 0.7071067811865475
03-08 17:32:15.851  4250 23277 D frontLeftPower: : 0.7071067811865475
03-08 17:32:15.851  4250 23277 D frontRightPower: : 0.7071067811865476
03-08 17:32:15.861  4250 23277 D backLeftVelocity: : 1620.0
03-08 17:32:15.861  4250 23277 D backRightVelocity: : 1640.0
03-08 17:32:15.871  4250 23277 D frontLeftVelocity: : 1640.0
03-08 17:32:15.871  4250 23277 D frontRightVelocity: : 1600.0
03-08 17:32:15.891  4250 23277 D backLeftPower: : 0.7071067811865476
03-08 17:32:15.891  4250 23277 D backRightPower: : 0.7071067811865475
03-08 17:32:15.891  4250 23277 D frontLeftPower: : 0.7071067811865475
03-08 17:32:15.891  4250 23277 D frontRightPower: : 0.7071067811865476
03-08 17:32:15.901  4250 23277 D backLeftVelocity: : 1660.0
03-08 17:32:15.901  4250 23277 D backRightVelocity: : 1620.0
03-08 17:32:15.901  4250 23277 D frontLeftVelocity: : 1640.0
03-08 17:32:15.911  4250 23277 D frontRightVelocity: : 1600.0
03-08 17:32:15.941  4250 23277 D backLeftPower: : 0.7071067811865476
03-08 17:32:15.941  4250 23277 D backRightPower: : 0.7071067811865475
03-08 17:32:15.941  4250 23277 D frontLeftPower: : 0.7071067811865475
03-08 17:32:15.941  4250 23277 D frontRightPower: : 0.7071067811865476
03-08 17:32:15.941  4250 23277 D backLeftVelocity: : 1700.0
03-08 17:32:15.951  4250 23277 D backRightVelocity: : 1720.0
03-08 17:32:15.961  4250 23277 D frontLeftVelocity: : 1720.0
03-08 17:32:15.961  4250 23277 D frontRightVelocity: : 1720.0
03-08 17:32:16.031  4250 23277 D backLeftPower: : 0.7071067811865476
03-08 17:32:16.031  4250 23277 D backRightPower: : 0.7071067811865475
03-08 17:32:16.031  4250 23277 D frontLeftPower: : 0.7071067811865475
03-08 17:32:16.031  4250 23277 D frontRightPower: : 0.7071067811865476
03-08 17:32:16.031  4250 23277 D backLeftVelocity: : 1680.0
03-08 17:32:16.041  4250 23277 D backRightVelocity: : 1720.0
03-08 17:32:16.051  4250 23277 D frontLeftVelocity: : 1700.0
03-08 17:32:16.051  4250 23277 D frontRightVelocity: : 1680.0
03-08 17:32:16.101  4250 23277 D backLeftPower: : 0.7071067811865476
03-08 17:32:16.101  4250 23277 D backRightPower: : 0.7071067811865475
03-08 17:32:16.101  4250 23277 D frontLeftPower: : 0.7071067811865475
03-08 17:32:16.101  4250 23277 D frontRightPower: : 0.7071067811865476
03-08 17:32:16.101  4250 23277 D backLeftVelocity: : 1740.0
03-08 17:32:16.111  4250 23277 D backRightVelocity: : 1740.0
03-08 17:32:16.111  4250 23277 D frontLeftVelocity: : 1720.0
03-08 17:32:16.121  4250 23277 D frontRightVelocity: : 1680.0
03-08 17:32:16.161  4250 23277 D backLeftPower: : 0.7071067811865476
03-08 17:32:16.161  4250 23277 D backRightPower: : 0.7071067811865475
03-08 17:32:16.161  4250 23277 D frontLeftPower: : 0.7071067811865475
03-08 17:32:16.161  4250 23277 D frontRightPower: : 0.7071067811865476
03-08 17:32:16.171  4250 23277 D backLeftVelocity: : 1760.0
03-08 17:32:16.171  4250 23277 D backRightVelocity: : 1760.0
03-08 17:32:16.181  4250 23277 D frontLeftVelocity: : 1740.0
03-08 17:32:16.181  4250 23277 D frontRightVelocity: : 1760.0
03-08 17:32:16.211  4250 23277 D backLeftPower: : 0.7071067811865476
03-08 17:32:16.211  4250 23277 D backRightPower: : 0.7071067811865475
03-08 17:32:16.211  4250 23277 D frontLeftPower: : 0.7071067811865475
03-08 17:32:16.211  4250 23277 D frontRightPower: : 0.7071067811865476
03-08 17:32:16.211  4250 23277 D backLeftVelocity: : 1720.0
03-08 17:32:16.211  4250 23277 D backRightVelocity: : 1740.0
03-08 17:32:16.221  4250 23277 D frontLeftVelocity: : 1740.0
03-08 17:32:16.221  4250 23277 D frontRightVelocity: : 1760.0
03-08 17:32:16.251  4250 23277 D backLeftPower: : 0.7071067811865476
03-08 17:32:16.251  4250 23277 D backRightPower: : 0.7071067811865475
03-08 17:32:16.251  4250 23277 D frontLeftPower: : 0.7071067811865475
03-08 17:32:16.251  4250 23277 D frontRightPower: : 0.7071067811865476
03-08 17:32:16.261  4250 23277 D backLeftVelocity: : 1700.0
03-08 17:32:16.261  4250 23277 D backRightVelocity: : 1720.0
03-08 17:32:16.261  4250 23277 D frontLeftVelocity: : 1720.0
03-08 17:32:16.271  4250 23277 D frontRightVelocity: : 1720.0
03-08 17:32:16.301  4250 23277 D backLeftPower: : 0.7071067811865476
03-08 17:32:16.301  4250 23277 D backRightPower: : 0.7071067811865475
03-08 17:32:16.301  4250 23277 D frontLeftPower: : 0.7071067811865475
03-08 17:32:16.301  4250 23277 D frontRightPower: : 0.7071067811865476
03-08 17:32:16.301  4250 23277 D backLeftVelocity: : 1720.0
03-08 17:32:16.311  4250 23277 D backRightVelocity: : 1740.0
03-08 17:32:16.321  4250 23277 D frontLeftVelocity: : 1720.0
03-08 17:32:16.331  4250 23277 D frontRightVelocity: : 1680.0
03-08 17:32:16.371  4250 23277 D backLeftPower: : 0.7071067811865476
03-08 17:32:16.371  4250 23277 D backRightPower: : 0.7071067811865475
03-08 17:32:16.371  4250 23277 D frontLeftPower: : 0.7071067811865475
03-08 17:32:16.371  4250 23277 D frontRightPower: : 0.7071067811865476
03-08 17:32:16.371  4250 23277 D backLeftVelocity: : 1780.0
03-08 17:32:16.381  4250 23277 D backRightVelocity: : 1720.0
03-08 17:32:16.391  4250 23277 D frontLeftVelocity: : 1740.0
03-08 17:32:16.391  4250 23277 D frontRightVelocity: : 1760.0
03-08 17:32:16.421  4250 23277 D backLeftPower: : 0.7071067811865476
03-08 17:32:16.421  4250 23277 D backRightPower: : 0.7071067811865475
03-08 17:32:16.421  4250 23277 D frontLeftPower: : 0.7071067811865475
03-08 17:32:16.421  4250 23277 D frontRightPower: : 0.7071067811865476
03-08 17:32:16.421  4250 23277 D backLeftVelocity: : 1720.0
03-08 17:32:16.431  4250 23277 D backRightVelocity: : 1720.0
03-08 17:32:16.431  4250 23277 D frontLeftVelocity: : 1720.0
03-08 17:32:16.441  4250 23277 D frontRightVelocity: : 1720.0
03-08 17:32:16.491  4250 23277 D backLeftPower: : 0.7069256756756758
03-08 17:32:16.491  4250 23277 D backRightPower: : 0.7071067811865475
03-08 17:32:16.491  4250 23277 D frontLeftPower: : 0.21151254733249655
03-08 17:32:16.501  4250 23277 D frontRightPower: : 0.2115125473324966
03-08 17:32:16.501  4250 23277 D backLeftVelocity: : 1760.0
03-08 17:32:16.521  4250 23277 D backRightVelocity: : 1740.0
03-08 17:32:16.541  4250 23277 D frontLeftVelocity: : 1700.0
03-08 17:32:16.541  4250 23277 D frontRightVelocity: : 1580.0
03-08 17:32:16.601  4250 23277 D backLeftPower: : 0.0
03-08 17:32:16.601  4250 23277 D backRightPower: : 0.0
03-08 17:32:16.601  4250 23277 D frontLeftPower: : 0.0
03-08 17:32:16.601  4250 23277 D frontRightPower: : 0.0
03-08 17:32:16.601  4250 23277 D backLeftVelocity: : 1720.0
03-08 17:32:16.611  4250 23277 D backRightVelocity: : 1520.0
03-08 17:32:16.611  4250 23277 D frontLeftVelocity: : 1580.0
03-08 17:32:16.621  4250 23277 D frontRightVelocity: : 1680.0
03-08 17:32:16.651  4250 23277 D backLeftPower: : 0.0
03-08 17:32:16.651  4250 23277 D backRightPower: : 0.0
03-08 17:32:16.651  4250 23277 D frontLeftPower: : 0.0
03-08 17:32:16.651  4250 23277 D frontRightPower: : 0.0
03-08 17:32:16.651  4250 23277 D backLeftVelocity: : 1400.0
03-08 17:32:16.661  4250 23277 D backRightVelocity: : 1040.0
03-08 17:32:16.661  4250 23277 D frontLeftVelocity: : 1320.0
03-08 17:32:16.671  4250 23277 D frontRightVelocity: : 1060.0
03-08 17:32:16.691  4250 23277 D backLeftPower: : 0.0
03-08 17:32:16.691  4250 23277 D backRightPower: : 0.0
03-08 17:32:16.691  4250 23277 D frontLeftPower: : 0.0
03-08 17:32:16.691  4250 23277 D frontRightPower: : 0.0
03-08 17:32:16.701  4250 23277 D backLeftVelocity: : 540.0
03-08 17:32:16.701  4250 23277 D backRightVelocity: : 680.0
03-08 17:32:16.701  4250 23277 D frontLeftVelocity: : 1160.0
03-08 17:32:16.711  4250 23277 D frontRightVelocity: : 780.0
03-08 17:32:16.741  4250 23277 D backLeftPower: : 0.0
03-08 17:32:16.741  4250 23277 D backRightPower: : 0.0
03-08 17:32:16.741  4250 23277 D frontLeftPower: : 0.0
03-08 17:32:16.741  4250 23277 D frontRightPower: : 0.0
03-08 17:32:16.741  4250 23277 D backLeftVelocity: : 360.0
03-08 17:32:16.751  4250 23277 D backRightVelocity: : 380.0
03-08 17:32:16.751  4250 23277 D frontLeftVelocity: : 940.0
03-08 17:32:16.761  4250 23277 D frontRightVelocity: : 720.0
03-08 17:32:16.791  4250 23277 D backLeftPower: : 0.0
03-08 17:32:16.791  4250 23277 D backRightPower: : 0.0
03-08 17:32:16.791  4250 23277 D frontLeftPower: : 0.0
03-08 17:32:16.791  4250 23277 D frontRightPower: : 0.0
03-08 17:32:16.801  4250 23277 D backLeftVelocity: : 560.0
03-08 17:32:16.801  4250 23277 D backRightVelocity: : 340.0
03-08 17:32:16.811  4250 23277 D frontLeftVelocity: : 860.0
03-08 17:32:16.811  4250 23277 D frontRightVelocity: : 720.0
03-08 17:32:16.861  4250 23277 D backLeftPower: : 0.0
03-08 17:32:16.861  4250 23277 D backRightPower: : 0.0
03-08 17:32:16.861  4250 23277 D frontLeftPower: : 0.0
03-08 17:32:16.861  4250 23277 D frontRightPower: : 0.0
03-08 17:32:16.861  4250 23277 D backLeftVelocity: : 520.0
03-08 17:32:16.871  4250 23277 D backRightVelocity: : 340.0
03-08 17:32:16.871  4250 23277 D frontLeftVelocity: : 680.0
03-08 17:32:16.881  4250 23277 D frontRightVelocity: : 660.0
03-08 17:32:16.921  4250 23277 D backLeftPower: : -0.25281207560092767
03-08 17:32:16.921  4250 23277 D backRightPower: : -0.25281207560092755
03-08 17:32:16.921  4250 23277 D frontLeftPower: : -0.25281207560092755
03-08 17:32:16.921  4250 23277 D frontRightPower: : -0.25281207560092767
03-08 17:32:16.931  4250 23277 D backLeftVelocity: : 420.0
03-08 17:32:16.931  4250 23277 D backRightVelocity: : 340.0
03-08 17:32:16.941  4250 23277 D frontLeftVelocity: : 480.0
03-08 17:32:16.951  4250 23277 D frontRightVelocity: : 420.0
03-08 17:32:17.001  4250 23277 D backLeftPower: : -0.6776071060957116
03-08 17:32:17.011  4250 23277 D backRightPower: : -0.7071067811865475
03-08 17:32:17.011  4250 23277 D frontLeftPower: : -0.7071067811865475
03-08 17:32:17.011  4250 23277 D frontRightPower: : -0.7071067811865477
03-08 17:32:17.021  4250 23277 D backLeftVelocity: : -340.0
03-08 17:32:17.021  4250 23277 D backRightVelocity: : -560.0
03-08 17:32:17.031  4250 23277 D frontLeftVelocity: : -0.0
03-08 17:32:17.041  4250 23277 D frontRightVelocity: : -120.0
03-08 17:32:17.081  4250 23277 D backLeftPower: : -0.7071067811865477
03-08 17:32:17.081  4250 23277 D backRightPower: : -0.7071067811865475
03-08 17:32:17.081  4250 23277 D frontLeftPower: : -0.7071067811865475
03-08 17:32:17.081  4250 23277 D frontRightPower: : -0.7071067811865477
03-08 17:32:17.091  4250 23277 D backLeftVelocity: : -820.0
03-08 17:32:17.091  4250 23277 D backRightVelocity: : -1060.0
03-08 17:32:17.091  4250 23277 D frontLeftVelocity: : -260.0
03-08 17:32:17.101  4250 23277 D frontRightVelocity: : -320.0
03-08 17:32:17.121  4250 23277 D backLeftPower: : -0.7071067811865477
03-08 17:32:17.121  4250 23277 D backRightPower: : -0.7071067811865475
03-08 17:32:17.121  4250 23277 D frontLeftPower: : -0.7071067811865475
03-08 17:32:17.121  4250 23277 D frontRightPower: : -0.7071067811865477
03-08 17:32:17.131  4250 23277 D backLeftVelocity: : -860.0
03-08 17:32:17.131  4250 23277 D backRightVelocity: : -1060.0
03-08 17:32:17.131  4250 23277 D frontLeftVelocity: : -480.0
03-08 17:32:17.141  4250 23277 D frontRightVelocity: : -560.0
03-08 17:32:17.171  4250 23277 D backLeftPower: : -0.7071067811865477
03-08 17:32:17.171  4250 23277 D backRightPower: : -0.7071067811865475
03-08 17:32:17.171  4250 23277 D frontLeftPower: : -0.7071067811865475
03-08 17:32:17.171  4250 23277 D frontRightPower: : -0.7071067811865477
03-08 17:32:17.181  4250 23277 D backLeftVelocity: : -820.0
03-08 17:32:17.181  4250 23277 D backRightVelocity: : -1100.0
03-08 17:32:17.191  4250 23277 D frontLeftVelocity: : -720.0
03-08 17:32:17.191  4250 23277 D frontRightVelocity: : -720.0
03-08 17:32:17.221  4250 23277 D backLeftPower: : -0.7071067811865477
03-08 17:32:17.221  4250 23277 D backRightPower: : -0.7071067811865475
03-08 17:32:17.221  4250 23277 D frontLeftPower: : -0.7071067811865475
03-08 17:32:17.221  4250 23277 D frontRightPower: : -0.7071067811865477
03-08 17:32:17.231  4250 23277 D backLeftVelocity: : -900.0
03-08 17:32:17.231  4250 23277 D backRightVelocity: : -1120.0
03-08 17:32:17.241  4250 23277 D frontLeftVelocity: : -840.0
03-08 17:32:17.251  4250 23277 D frontRightVelocity: : -800.0
03-08 17:32:17.281  4250 23277 D backLeftPower: : -0.7071067811865477
03-08 17:32:17.281  4250 23277 D backRightPower: : -0.7071067811865475
03-08 17:32:17.281  4250 23277 D frontLeftPower: : -0.7071067811865475
03-08 17:32:17.281  4250 23277 D frontRightPower: : -0.7071067811865477
03-08 17:32:17.281  4250 23277 D backLeftVelocity: : -1040.0
03-08 17:32:17.291  4250 23277 D backRightVelocity: : -1180.0
03-08 17:32:17.291  4250 23277 D frontLeftVelocity: : -1020.0
03-08 17:32:17.301  4250 23277 D frontRightVelocity: : -920.0
03-08 17:32:17.341  4250 23277 D backLeftPower: : -0.7071067811865477
03-08 17:32:17.341  4250 23277 D backRightPower: : -0.7071067811865475
03-08 17:32:17.341  4250 23277 D frontLeftPower: : -0.7071067811865475
03-08 17:32:17.341  4250 23277 D frontRightPower: : -0.7071067811865477
03-08 17:32:17.341  4250 23277 D backLeftVelocity: : -1120.0
03-08 17:32:17.351  4250 23277 D backRightVelocity: : -1140.0
03-08 17:32:17.351  4250 23277 D frontLeftVelocity: : -1120.0
03-08 17:32:17.361  4250 23277 D frontRightVelocity: : -1120.0
03-08 17:32:17.381  4250 23277 D backLeftPower: : -0.7071067811865477
03-08 17:32:17.381  4250 23277 D backRightPower: : -0.7071067811865475
03-08 17:32:17.381  4250 23277 D frontLeftPower: : -0.7071067811865475
03-08 17:32:17.381  4250 23277 D frontRightPower: : -0.7071067811865477
03-08 17:32:17.391  4250 23277 D backLeftVelocity: : -1300.0
03-08 17:32:17.391  4250 23277 D backRightVelocity: : -1160.0
03-08 17:32:17.391  4250 23277 D frontLeftVelocity: : -1140.0
03-08 17:32:17.401  4250 23277 D frontRightVelocity: : -1220.0
03-08 17:32:17.431  4250 23277 D backLeftPower: : -0.7071067811865477
03-08 17:32:17.431  4250 23277 D backRightPower: : -0.7071067811865475
03-08 17:32:17.431  4250 23277 D frontLeftPower: : -0.7071067811865475
03-08 17:32:17.431  4250 23277 D frontRightPower: : -0.7071067811865477
03-08 17:32:17.431  4250 23277 D backLeftVelocity: : -1280.0
03-08 17:32:17.441  4250 23277 D backRightVelocity: : -1280.0
03-08 17:32:17.441  4250 23277 D frontLeftVelocity: : -1240.0
03-08 17:32:17.451  4250 23277 D frontRightVelocity: : -1320.0
03-08 17:32:17.471  4250 23277 D backLeftPower: : -0.7071067811865477
03-08 17:32:17.471  4250 23277 D backRightPower: : -0.7071067811865475
03-08 17:32:17.471  4250 23277 D frontLeftPower: : -0.7071067811865475
03-08 17:32:17.481  4250 23277 D frontRightPower: : -0.7071067811865477
03-08 17:32:17.481  4250 23277 D backLeftVelocity: : -1340.0
03-08 17:32:17.481  4250 23277 D backRightVelocity: : -1360.0
03-08 17:32:17.501  4250 23277 D frontLeftVelocity: : -1380.0
03-08 17:32:17.501  4250 23277 D frontRightVelocity: : -1400.0
03-08 17:32:17.561  4250 23277 D backLeftPower: : -0.7071067811865477
03-08 17:32:17.561  4250 23277 D backRightPower: : -0.7071067811865475
03-08 17:32:17.561  4250 23277 D frontLeftPower: : -0.7071067811865475
03-08 17:32:17.561  4250 23277 D frontRightPower: : -0.7071067811865477
03-08 17:32:17.571  4250 23277 D backLeftVelocity: : -1400.0
03-08 17:32:17.581  4250 23277 D backRightVelocity: : -1440.0
03-08 17:32:17.591  4250 23277 D frontLeftVelocity: : -1500.0
03-08 17:32:17.601  4250 23277 D frontRightVelocity: : -1480.0
03-08 17:32:17.641  4250 23277 D backLeftPower: : -0.7071067811865477
03-08 17:32:17.641  4250 23277 D backRightPower: : -0.7071067811865475
03-08 17:32:17.641  4250 23277 D frontLeftPower: : -0.7071067811865475
03-08 17:32:17.651  4250 23277 D frontRightPower: : -0.7071067811865477
03-08 17:32:17.651  4250 23277 D backLeftVelocity: : -1500.0
03-08 17:32:17.651  4250 23277 D backRightVelocity: : -1540.0
03-08 17:32:17.661  4250 23277 D frontLeftVelocity: : -1560.0
03-08 17:32:17.661  4250 23277 D frontRightVelocity: : -1500.0
03-08 17:32:17.691  4250 23277 D backLeftPower: : -0.7071067811865477
03-08 17:32:17.691  4250 23277 D backRightPower: : -0.7071067811865475
03-08 17:32:17.691  4250 23277 D frontLeftPower: : -0.7071067811865475
03-08 17:32:17.691  4250 23277 D frontRightPower: : -0.7071067811865477
03-08 17:32:17.691  4250 23277 D backLeftVelocity: : -1540.0
03-08 17:32:17.701  4250 23277 D backRightVelocity: : -1560.0
03-08 17:32:17.701  4250 23277 D frontLeftVelocity: : -1560.0
03-08 17:32:17.711  4250 23277 D frontRightVelocity: : -1600.0
03-08 17:32:17.741  4250 23277 D backLeftPower: : -0.7071067811865477
03-08 17:32:17.741  4250 23277 D backRightPower: : -0.7071067811865475
03-08 17:32:17.741  4250 23277 D frontLeftPower: : -0.7071067811865475
03-08 17:32:17.741  4250 23277 D frontRightPower: : -0.7071067811865477
03-08 17:32:17.751  4250 23277 D backLeftVelocity: : -1580.0
03-08 17:32:17.751  4250 23277 D backRightVelocity: : -1580.0
03-08 17:32:17.761  4250 23277 D frontLeftVelocity: : -1600.0
03-08 17:32:17.761  4250 23277 D frontRightVelocity: : -1620.0
03-08 17:32:17.791  4250 23277 D backLeftPower: : -0.7071067811865477
03-08 17:32:17.791  4250 23277 D backRightPower: : -0.7071067811865475
03-08 17:32:17.791  4250 23277 D frontLeftPower: : -0.7071067811865475
03-08 17:32:17.791  4250 23277 D frontRightPower: : -0.7071067811865477
03-08 17:32:17.801  4250 23277 D backLeftVelocity: : -1600.0
03-08 17:32:17.801  4250 23277 D backRightVelocity: : -1660.0
03-08 17:32:17.801  4250 23277 D frontLeftVelocity: : -1680.0
03-08 17:32:17.811  4250 23277 D frontRightVelocity: : -1660.0
03-08 17:32:17.841  4250 23277 D backLeftPower: : -0.7071067811865477
03-08 17:32:17.841  4250 23277 D backRightPower: : -0.7071067811865475
03-08 17:32:17.841  4250 23277 D frontLeftPower: : -0.7071067811865475
03-08 17:32:17.841  4250 23277 D frontRightPower: : -0.7071067811865477
03-08 17:32:17.841  4250 23277 D backLeftVelocity: : -1660.0
03-08 17:32:17.851  4250 23277 D backRightVelocity: : -1700.0
03-08 17:32:17.861  4250 23277 D frontLeftVelocity: : -1700.0
03-08 17:32:17.861  4250 23277 D frontRightVelocity: : -1640.0
03-08 17:32:17.891  4250 23277 D backLeftPower: : -0.7071067811865477
03-08 17:32:17.891  4250 23277 D backRightPower: : -0.7071067811865475
03-08 17:32:17.891  4250 23277 D frontLeftPower: : -0.7071067811865475
03-08 17:32:17.891  4250 23277 D frontRightPower: : -0.7071067811865477
03-08 17:32:17.901  4250 23277 D backLeftVelocity: : -1640.0
03-08 17:32:17.901  4250 23277 D backRightVelocity: : -1700.0
03-08 17:32:17.911  4250 23277 D frontLeftVelocity: : -1660.0
03-08 17:32:17.911  4250 23277 D frontRightVelocity: : -1680.0
03-08 17:32:17.941  4250 23277 D backLeftPower: : -0.7071067811865477
03-08 17:32:17.941  4250 23277 D backRightPower: : -0.7071067811865475
03-08 17:32:17.941  4250 23277 D frontLeftPower: : -0.7071067811865475
03-08 17:32:17.941  4250 23277 D frontRightPower: : -0.7071067811865477
03-08 17:32:17.951  4250 23277 D backLeftVelocity: : -1740.0
03-08 17:32:17.951  4250 23277 D backRightVelocity: : -1740.0
03-08 17:32:17.961  4250 23277 D frontLeftVelocity: : -1720.0
03-08 17:32:17.961  4250 23277 D frontRightVelocity: : -1800.0
03-08 17:32:18.011  4250 23277 D backLeftPower: : -0.7071067811865477
03-08 17:32:18.031  4250 23277 D backRightPower: : -0.7071067811865475
03-08 17:32:18.041  4250 23277 D frontLeftPower: : -0.7071067811865475
03-08 17:32:18.041  4250 23277 D frontRightPower: : -0.7071067811865477
03-08 17:32:18.051  4250 23277 D backLeftVelocity: : -1760.0
03-08 17:32:18.051  4250 23277 D backRightVelocity: : -1760.0
03-08 17:32:18.061  4250 23277 D frontLeftVelocity: : -1780.0
03-08 17:32:18.061  4250 23277 D frontRightVelocity: : -1720.0
03-08 17:32:18.111  4250 23277 D backLeftPower: : -0.7071067811865477
03-08 17:32:18.111  4250 23277 D backRightPower: : -0.7071067811865475
03-08 17:32:18.111  4250 23277 D frontLeftPower: : -0.7071067811865475
03-08 17:32:18.111  4250 23277 D frontRightPower: : -0.7071067811865477
03-08 17:32:18.121  4250 23277 D backLeftVelocity: : -1720.0
03-08 17:32:18.121  4250 23277 D backRightVelocity: : -1740.0
03-08 17:32:18.131  4250 23277 D frontLeftVelocity: : -1740.0
03-08 17:32:18.131  4250 23277 D frontRightVelocity: : -1760.0
03-08 17:32:18.161  4250 23277 D backLeftPower: : -0.7071067811865477
03-08 17:32:18.161  4250 23277 D backRightPower: : -0.7071067811865475
03-08 17:32:18.161  4250 23277 D frontLeftPower: : -0.7071067811865475
03-08 17:32:18.161  4250 23277 D frontRightPower: : -0.7071067811865477
03-08 17:32:18.171  4250 23277 D backLeftVelocity: : -1780.0
03-08 17:32:18.171  4250 23277 D backRightVelocity: : -1800.0
03-08 17:32:18.181  4250 23277 D frontLeftVelocity: : -1760.0
03-08 17:32:18.191  4250 23277 D frontRightVelocity: : -1820.0
03-08 17:32:18.221  4250 23277 D backLeftPower: : -0.7071067811865477
03-08 17:32:18.221  4250 23277 D backRightPower: : -0.7071067811865475
03-08 17:32:18.221  4250 23277 D frontLeftPower: : -0.7071067811865475
03-08 17:32:18.221  4250 23277 D frontRightPower: : -0.7071067811865477
03-08 17:32:18.221  4250 23277 D backLeftVelocity: : -1780.0
03-08 17:32:18.221  4250 23277 D backRightVelocity: : -1760.0
03-08 17:32:18.231  4250 23277 D frontLeftVelocity: : -1800.0
03-08 17:32:18.241  4250 23277 D frontRightVelocity: : -1800.0
03-08 17:32:18.271  4250 23277 D backLeftPower: : -0.7071067811865477
03-08 17:32:18.271  4250 23277 D backRightPower: : -0.7071067811865475
03-08 17:32:18.271  4250 23277 D frontLeftPower: : -0.7071067811865475
03-08 17:32:18.271  4250 23277 D frontRightPower: : -0.7071067811865477
03-08 17:32:18.281  4250 23277 D backLeftVelocity: : -1720.0
03-08 17:32:18.291  4250 23277 D backRightVelocity: : -1800.0
03-08 17:32:18.291  4250 23277 D frontLeftVelocity: : -1780.0
03-08 17:32:18.301  4250 23277 D frontRightVelocity: : -1760.0
03-08 17:32:18.341  4250 23277 D backLeftPower: : -0.7071067811865477
03-08 17:32:18.341  4250 23277 D backRightPower: : -0.7071067811865475
03-08 17:32:18.341  4250 23277 D frontLeftPower: : -0.7071067811865475
03-08 17:32:18.341  4250 23277 D frontRightPower: : -0.7071067811865477
03-08 17:32:18.351  4250 23277 D backLeftVelocity: : -1760.0
03-08 17:32:18.361  4250 23277 D backRightVelocity: : -1800.0
03-08 17:32:18.361  4250 23277 D frontLeftVelocity: : -1760.0
03-08 17:32:18.361  4250 23277 D frontRightVelocity: : -1820.0
03-08 17:32:18.391  4250 23277 D backLeftPower: : -0.7071067811865477
03-08 17:32:18.391  4250 23277 D backRightPower: : -0.7071067811865475
03-08 17:32:18.401  4250 23277 D frontLeftPower: : -0.7071067811865475
03-08 17:32:18.401  4250 23277 D frontRightPower: : -0.7071067811865477
03-08 17:32:18.401  4250 23277 D backLeftVelocity: : -1780.0
03-08 17:32:18.411  4250 23277 D backRightVelocity: : -1800.0
03-08 17:32:18.411  4250 23277 D frontLeftVelocity: : -1780.0
03-08 17:32:18.411  4250 23277 D frontRightVelocity: : -1840.0
03-08 17:32:18.451  4250 23277 D backLeftPower: : -0.7071067811865477
03-08 17:32:18.451  4250 23277 D backRightPower: : -0.7071067811865475
03-08 17:32:18.451  4250 23277 D frontLeftPower: : -0.7071067811865475
03-08 17:32:18.451  4250 23277 D frontRightPower: : -0.7071067811865477
03-08 17:32:18.461  4250 23277 D backLeftVelocity: : -1820.0
03-08 17:32:18.471  4250 23277 D backRightVelocity: : -1800.0
03-08 17:32:18.481  4250 23277 D frontLeftVelocity: : -1800.0
03-08 17:32:18.481  4250 23277 D frontRightVelocity: : -1800.0
03-08 17:32:18.561  4250 23277 D backLeftPower: : -0.7069256756756758
03-08 17:32:18.561  4250 23277 D backRightPower: : 0.0
03-08 17:32:18.571  4250 23277 D frontLeftPower: : 0.0
03-08 17:32:18.571  4250 23277 D frontRightPower: : 0.0
03-08 17:32:18.581  4250 23277 D backLeftVelocity: : -1780.0
03-08 17:32:18.581  4250 23277 D backRightVelocity: : -1780.0
03-08 17:32:18.601  4250 23277 D frontLeftVelocity: : -1780.0
03-08 17:32:18.601  4250 23277 D frontRightVelocity: : -740.0
03-08 17:32:18.641  4250 23277 D backLeftPower: : 0.0
03-08 17:32:18.641  4250 23277 D backRightPower: : 0.0
03-08 17:32:18.641  4250 23277 D frontLeftPower: : 0.0
03-08 17:32:18.641  4250 23277 D frontRightPower: : 0.0
03-08 17:32:18.651  4250 23277 D backLeftVelocity: : -1120.0
03-08 17:32:18.651  4250 23277 D backRightVelocity: : -860.0
03-08 17:32:18.661  4250 23277 D frontLeftVelocity: : -640.0
03-08 17:32:18.661  4250 23277 D frontRightVelocity: : -540.0
03-08 17:32:18.691  4250 23277 D backLeftPower: : 0.0
03-08 17:32:18.691  4250 23277 D backRightPower: : 0.0
03-08 17:32:18.691  4250 23277 D frontLeftPower: : 0.0
03-08 17:32:18.691  4250 23277 D frontRightPower: : 0.0
03-08 17:32:18.691  4250 23277 D backLeftVelocity: : -1160.0
03-08 17:32:18.701  4250 23277 D backRightVelocity: : -960.0
03-08 17:32:18.701  4250 23277 D frontLeftVelocity: : -280.0
03-08 17:32:18.711  4250 23277 D frontRightVelocity: : -420.0
03-08 17:32:18.741  4250 23277 D backLeftPower: : 0.0
03-08 17:32:18.741  4250 23277 D backRightPower: : 0.0
03-08 17:32:18.741  4250 23277 D frontLeftPower: : 0.0
03-08 17:32:18.741  4250 23277 D frontRightPower: : 0.0
03-08 17:32:18.751  4250 23277 D backLeftVelocity: : -980.0
03-08 17:32:18.751  4250 23277 D backRightVelocity: : -820.0
03-08 17:32:18.761  4250 23277 D frontLeftVelocity: : -300.0
03-08 17:32:18.761  4250 23277 D frontRightVelocity: : -460.0
03-08 17:32:18.791  4250 23277 D backLeftPower: : 0.0
03-08 17:32:18.791  4250 23277 D backRightPower: : 0.0
03-08 17:32:18.791  4250 23277 D frontLeftPower: : 0.0
03-08 17:32:18.791  4250 23277 D frontRightPower: : 0.0
03-08 17:32:18.801  4250 23277 D backLeftVelocity: : -880.0
03-08 17:32:18.801  4250 23277 D backRightVelocity: : -760.0
03-08 17:32:18.801  4250 23277 D frontLeftVelocity: : -420.0
03-08 17:32:18.811  4250 23277 D frontRightVelocity: : -360.0
03-08 17:32:18.851  4250 23277 D backLeftPower: : 0.6304076933853315
03-08 17:32:18.861  4250 23277 D backRightPower: : 0.7071067811865475
03-08 17:32:18.861  4250 23277 D frontLeftPower: : 0.7071067811865475
03-08 17:32:18.861  4250 23277 D frontRightPower: : 0.7071067811865476
03-08 17:32:18.871  4250 23277 D backLeftVelocity: : -680.0
03-08 17:32:18.871  4250 23277 D backRightVelocity: : -80.0
03-08 17:32:18.881  4250 23277 D frontLeftVelocity: : -500.0
03-08 17:32:18.881  4250 23277 D frontRightVelocity: : -300.0
03-08 17:32:18.911  4250 23277 D backLeftPower: : 0.7071067811865476
03-08 17:32:18.911  4250 23277 D backRightPower: : 0.7071067811865475
03-08 17:32:18.911  4250 23277 D frontLeftPower: : 0.7071067811865475
03-08 17:32:18.911  4250 23277 D frontRightPower: : 0.7071067811865476
03-08 17:32:18.921  4250 23277 D backLeftVelocity: : -120.0
03-08 17:32:18.921  4250 23277 D backRightVelocity: : 320.0
03-08 17:32:18.921  4250 23277 D frontLeftVelocity: : 220.0
03-08 17:32:18.931  4250 23277 D frontRightVelocity: : 720.0
03-08 17:32:18.961  4250 23277 D backLeftPower: : 0.7071067811865476
03-08 17:32:18.961  4250 23277 D backRightPower: : 0.7071067811865475
03-08 17:32:18.961  4250 23277 D frontLeftPower: : 0.7071067811865475
03-08 17:32:18.961  4250 23277 D frontRightPower: : 0.7071067811865476
03-08 17:32:18.961  4250 23277 D backLeftVelocity: : 20.0
03-08 17:32:18.971  4250 23277 D backRightVelocity: : 200.0
03-08 17:32:18.981  4250 23277 D frontLeftVelocity: : 1020.0
03-08 17:32:18.981  4250 23277 D frontRightVelocity: : 1260.0
03-08 17:32:19.011  4250 23277 D backLeftPower: : 0.7071067811865476
03-08 17:32:19.011  4250 23277 D backRightPower: : 0.7071067811865475
03-08 17:32:19.011  4250 23277 D frontLeftPower: : 0.7071067811865475
03-08 17:32:19.011  4250 23277 D frontRightPower: : 0.7071067811865476
03-08 17:32:19.021  4250 23277 D backLeftVelocity: : 180.0
03-08 17:32:19.021  4250 23277 D backRightVelocity: : 220.0
03-08 17:32:19.021  4250 23277 D frontLeftVelocity: : 940.0
03-08 17:32:19.031  4250 23277 D frontRightVelocity: : 1240.0
03-08 17:32:19.081  4250 23277 D backLeftPower: : 0.7071067811865476
03-08 17:32:19.081  4250 23277 D backRightPower: : 0.7071067811865475
03-08 17:32:19.081  4250 23277 D frontLeftPower: : 0.7071067811865475
03-08 17:32:19.081  4250 23277 D frontRightPower: : 0.7071067811865476
03-08 17:32:19.091  4250 23277 D backLeftVelocity: : 440.0
03-08 17:32:19.091  4250 23277 D backRightVelocity: : 480.0
03-08 17:32:19.111  4250 23277 D frontLeftVelocity: : 940.0
03-08 17:32:19.121  4250 23277 D frontRightVelocity: : 1180.0
03-08 17:32:19.151  4250 23277 D backLeftPower: : 0.7071067811865476
03-08 17:32:19.151  4250 23277 D backRightPower: : 0.7071067811865475
03-08 17:32:19.151  4250 23277 D frontLeftPower: : 0.7071067811865475
03-08 17:32:19.151  4250 23277 D frontRightPower: : 0.7071067811865476
03-08 17:32:19.161  4250 23277 D backLeftVelocity: : 660.0
03-08 17:32:19.161  4250 23277 D backRightVelocity: : 620.0
03-08 17:32:19.161  4250 23277 D frontLeftVelocity: : 960.0
03-08 17:32:19.171  4250 23277 D frontRightVelocity: : 1120.0
03-08 17:32:19.201  4250 23277 D backLeftPower: : 0.7071067811865476
03-08 17:32:19.201  4250 23277 D backRightPower: : 0.7071067811865475
03-08 17:32:19.201  4250 23277 D frontLeftPower: : 0.7071067811865475
03-08 17:32:19.201  4250 23277 D frontRightPower: : 0.7071067811865476
03-08 17:32:19.201  4250 23277 D backLeftVelocity: : 760.0
03-08 17:32:19.211  4250 23277 D backRightVelocity: : 780.0
03-08 17:32:19.211  4250 23277 D frontLeftVelocity: : 960.0
03-08 17:32:19.211  4250 23277 D frontRightVelocity: : 1080.0
03-08 17:32:19.241  4250 23277 D backLeftPower: : 0.7071067811865476
03-08 17:32:19.241  4250 23277 D backRightPower: : 0.7071067811865475
03-08 17:32:19.241  4250 23277 D frontLeftPower: : 0.7071067811865475
03-08 17:32:19.241  4250 23277 D frontRightPower: : 0.7071067811865476
03-08 17:32:19.251  4250 23277 D backLeftVelocity: : 900.0
03-08 17:32:19.251  4250 23277 D backRightVelocity: : 860.0
03-08 17:32:19.251  4250 23277 D frontLeftVelocity: : 1060.0
03-08 17:32:19.261  4250 23277 D frontRightVelocity: : 1060.0
03-08 17:32:19.291  4250 23277 D backLeftPower: : 0.7071067811865476
03-08 17:32:19.291  4250 23277 D backRightPower: : 0.7071067811865475
03-08 17:32:19.291  4250 23277 D frontLeftPower: : 0.7071067811865475
03-08 17:32:19.291  4250 23277 D frontRightPower: : 0.7071067811865476
03-08 17:32:19.301  4250 23277 D backLeftVelocity: : 960.0
03-08 17:32:19.301  4250 23277 D backRightVelocity: : 980.0
03-08 17:32:19.311  4250 23277 D frontLeftVelocity: : 1180.0
03-08 17:32:19.311  4250 23277 D frontRightVelocity: : 1040.0
03-08 17:32:19.371  4250 23277 D backLeftPower: : 0.7069256756756758
03-08 17:32:19.381  4250 23277 D backRightPower: : 0.7071067811865475
03-08 17:32:19.381  4250 23277 D frontLeftPower: : 0.7071067811865475
03-08 17:32:19.381  4250 23277 D frontRightPower: : 0.7071067811865476
03-08 17:32:19.391  4250 23277 D backLeftVelocity: : 1120.0
03-08 17:32:19.391  4250 23277 D backRightVelocity: : 1200.0
03-08 17:32:19.391  4250 23277 D frontLeftVelocity: : 1300.0
03-08 17:32:19.411  4250 23277 D frontRightVelocity: : 1200.0
03-08 17:32:19.441  4250 23277 D backLeftPower: : 0.7071067811865476
03-08 17:32:19.441  4250 23277 D backRightPower: : 0.7071067811865475
03-08 17:32:19.441  4250 23277 D frontLeftPower: : 0.7071067811865475
03-08 17:32:19.441  4250 23277 D frontRightPower: : 0.7071067811865476
03-08 17:32:19.441  4250 23277 D backLeftVelocity: : 1200.0
03-08 17:32:19.441  4250 23277 D backRightVelocity: : 1320.0
03-08 17:32:19.451  4250 23277 D frontLeftVelocity: : 1280.0
03-08 17:32:19.451  4250 23277 D frontRightVelocity: : 1300.0
03-08 17:32:19.481  4250 23277 D backLeftPower: : 0.7071067811865476
03-08 17:32:19.481  4250 23277 D backRightPower: : 0.7071067811865475
03-08 17:32:19.481  4250 23277 D frontLeftPower: : 0.7071067811865475
03-08 17:32:19.491  4250 23277 D frontRightPower: : 0.7071067811865476
03-08 17:32:19.491  4250 23277 D backLeftVelocity: : 1300.0
03-08 17:32:19.501  4250 23277 D backRightVelocity: : 1420.0
03-08 17:32:19.501  4250 23277 D frontLeftVelocity: : 1340.0
03-08 17:32:19.511  4250 23277 D frontRightVelocity: : 1400.0
03-08 17:32:19.541  4250 23277 D backLeftPower: : 0.7071067811865476
03-08 17:32:19.541  4250 23277 D backRightPower: : 0.7071067811865475
03-08 17:32:19.541  4250 23277 D frontLeftPower: : 0.7071067811865475
03-08 17:32:19.541  4250 23277 D frontRightPower: : 0.7071067811865476
03-08 17:32:19.551  4250 23277 D backLeftVelocity: : 1380.0
03-08 17:32:19.551  4250 23277 D backRightVelocity: : 1500.0
03-08 17:32:19.561  4250 23277 D frontLeftVelocity: : 1420.0
03-08 17:32:19.571  4250 23277 D frontRightVelocity: : 1420.0
03-08 17:32:19.611  4250 23277 D backLeftPower: : 0.7071067811865476
03-08 17:32:19.611  4250 23277 D backRightPower: : 0.7071067811865475
03-08 17:32:19.611  4250 23277 D frontLeftPower: : 0.7071067811865475
03-08 17:32:19.611  4250 23277 D frontRightPower: : 0.7071067811865476
03-08 17:32:19.621  4250 23277 D backLeftVelocity: : 1420.0
03-08 17:32:19.621  4250 23277 D backRightVelocity: : 1520.0
03-08 17:32:19.621  4250 23277 D frontLeftVelocity: : 1460.0
03-08 17:32:19.631  4250 23277 D frontRightVelocity: : 1460.0
03-08 17:32:19.661  4250 23277 D backLeftPower: : 0.7071067811865476
03-08 17:32:19.661  4250 23277 D backRightPower: : 0.7071067811865475
03-08 17:32:19.661  4250 23277 D frontLeftPower: : 0.7071067811865475
03-08 17:32:19.661  4250 23277 D frontRightPower: : 0.7071067811865476
