cmd logfilename ps_name
u0_a198   4250  373   1845928 92296 sys_epoll_ 00000000 S com.qualcomm.ftcrobotcontroller
4250
03-08 16:24:25.711   928  1585 I am_proc_start: [0,4250,10198,com.qualcomm.ftcrobotcontroller,activity,com.qualcomm.ftcrobotcontroller/org.firstinspires.ftc.robotcontroller.internal.FtcRobotControllerActivity]
03-08 16:24:25.811   928  1604 I am_proc_bound: [0,4250,com.qualcomm.ftcrobotcontroller]
03-08 16:24:49.631   928  1005 I am_pss  : [4250,10198,com.qualcomm.ftcrobotcontroller,109678592,108158976]
03-08 16:24:50.371  4250  4250 I am_on_resume_called: [0,org.firstinspires.ftc.robotcontroller.internal.FtcRobotControllerActivity]
03-08 16:24:50.811  4250  4250 I am_on_paused_called: [0,org.firstinspires.ftc.robotcontroller.internal.FtcRobotControllerActivity]
03-08 16:25:20.451   928  1005 I am_pss  : [4250,10198,com.qualcomm.ftcrobotcontroller,59828224,57909248]
03-08 16:26:16.371  4250  4250 I am_on_resume_called: [0,org.firstinspires.ftc.robotcontroller.internal.FtcRobotControllerActivity]
03-08 16:26:26.391   928  1005 I am_pss  : [4250,10198,com.qualcomm.ftcrobotcontroller,57362432,55517184]
03-08 16:27:45.901  4250  4250 I am_on_paused_called: [0,org.firstinspires.ftc.robotcontroller.internal.FtcRobotControllerActivity]
03-08 16:28:10.511   928  1005 I am_pss  : [4250,10198,com.qualcomm.ftcrobotcontroller,37176320,35164160]
03-08 16:30:33.091  4250  4250 I am_on_resume_called: [0,org.firstinspires.ftc.robotcontroller.internal.FtcRobotControllerActivity]
03-08 16:30:45.071   928  1005 I am_pss  : [4250,10198,com.qualcomm.ftcrobotcontroller,63613952,61685760]
03-08 16:33:00.111   928  1005 I am_pss  : [4250,10198,com.qualcomm.ftcrobotcontroller,69243904,67211264]
03-08 16:35:00.251   928  1005 I am_pss  : [4250,10198,com.qualcomm.ftcrobotcontroller,86147072,84107264]
03-08 16:37:00.121   928  1005 I am_pss  : [4250,10198,com.qualcomm.ftcrobotcontroller,86777856,84733952]
03-08 16:39:00.131   928  1005 I am_pss  : [4250,10198,com.qualcomm.ftcrobotcontroller,85518336,83472384]
03-08 16:41:00.261   928  1005 I am_pss  : [4250,10198,com.qualcomm.ftcrobotcontroller,77092864,75046912]
03-08 16:43:00.151   928  1005 I am_pss  : [4250,10198,com.qualcomm.ftcrobotcontroller,77934592,75886592]
03-08 16:45:00.381   928  1005 I am_pss  : [4250,10198,com.qualcomm.ftcrobotcontroller,77182976,75137024]
03-08 16:47:00.151   928  1005 I am_pss  : [4250,10198,com.qualcomm.ftcrobotcontroller,81262592,79216640]
03-08 16:49:00.221   928  1005 I am_pss  : [4250,10198,com.qualcomm.ftcrobotcontroller,85117952,83136512]
03-08 16:51:00.151   928  1005 I am_pss  : [4250,10198,com.qualcomm.ftcrobotcontroller,80070656,78090240]
03-08 16:53:00.171   928  1005 I am_pss  : [4250,10198,com.qualcomm.ftcrobotcontroller,85104640,83124224]
03-08 16:55:00.281   928  1005 I am_pss  : [4250,10198,com.qualcomm.ftcrobotcontroller,80606208,78594048]
03-08 16:57:00.331   928  1005 I am_pss  : [4250,10198,com.qualcomm.ftcrobotcontroller,85185536,83156992]
03-08 16:59:00.161   928  1005 I am_pss  : [4250,10198,com.qualcomm.ftcrobotcontroller,81174528,79126528]
03-08 17:01:00.221   928  1005 I am_pss  : [4250,10198,com.qualcomm.ftcrobotcontroller,79113216,76972032]
03-08 17:03:00.301   928  1005 I am_pss  : [4250,10198,com.qualcomm.ftcrobotcontroller,82004992,79855616]
03-08 17:05:00.201   928  1005 I am_pss  : [4250,10198,com.qualcomm.ftcrobotcontroller,79604736,77430784]
03-08 17:07:00.181   928  1005 I am_pss  : [4250,10198,com.qualcomm.ftcrobotcontroller,82708480,80531456]
03-08 17:09:00.171   928  1005 I am_pss  : [4250,10198,com.qualcomm.ftcrobotcontroller,80353280,78176256]
03-08 17:11:00.281   928  1005 I am_pss  : [4250,10198,com.qualcomm.ftcrobotcontroller,83899392,81723392]
03-08 17:13:00.171   928  1005 I am_pss  : [4250,10198,com.qualcomm.ftcrobotcontroller,81203200,79028224]
03-08 17:15:00.241   928  1005 I am_pss  : [4250,10198,com.qualcomm.ftcrobotcontroller,85105664,82931712]
03-08 17:17:00.171   928  1005 I am_pss  : [4250,10198,com.qualcomm.ftcrobotcontroller,82121728,79945728]
03-08 17:19:00.211   928  1005 I am_pss  : [4250,10198,com.qualcomm.ftcrobotcontroller,86244352,84066304]
03-08 17:21:07.221   928  1005 I am_pss  : [4250,10198,com.qualcomm.ftcrobotcontroller,86240256,84062208]
03-08 17:23:07.361   928  1005 I am_pss  : [4250,10198,com.qualcomm.ftcrobotcontroller,82729984,80551936]
03-08 17:25:07.481   928  1005 I am_pss  : [4250,10198,com.qualcomm.ftcrobotcontroller,85108736,82853888]
03-08 17:27:07.641   928  1005 I am_pss  : [4250,10198,com.qualcomm.ftcrobotcontroller,83639296,81403904]
03-08 17:29:07.791   928  1005 I am_pss  : [4250,10198,com.qualcomm.ftcrobotcontroller,81894400,79659008]
03-08 17:31:21.641   928  1005 I am_pss  : [4250,10198,com.qualcomm.ftcrobotcontroller,83269632,81035264]
03-08 17:33:23.191   928  1005 I am_pss  : [4250,10198,com.qualcomm.ftcrobotcontroller,83414016,81182720]
03-08 17:35:23.341   928  1005 I am_pss  : [4250,10198,com.qualcomm.ftcrobotcontroller,81570816,79339520]
03-08 17:37:23.481   928  1005 I am_pss  : [4250,10198,com.qualcomm.ftcrobotcontroller,83417088,81186816]
03-08 17:37:49.791  4250  6481 V Robocol : received command: CMD_SET_MATCH_NUMBER(65016) 0
03-08 17:37:49.791  4250  6481 V Robocol : received command: CMD_INIT_OP_MODE(65017) TeleOp
03-08 17:37:49.811  4250  6480 I RobotCore: ******************** START - OPMODE TeleOp ********************
03-08 17:37:49.821  4250 14807 I RobotCore: Attempting to switch to op mode TeleOp
03-08 17:37:50.171  4250 14807 D RevExtensions2: Hotswapping hardware map
03-08 17:37:50.171  4250 14807 V RobotCore: DcMotorImpl(type=goBILDA5202SeriesMotor)
03-08 17:37:50.181  4250 14807 V RobotCore: DcMotorImpl(type=Matrix12vMotor)
03-08 17:37:50.181  4250 14807 V RobotCore: DcMotorImpl(type=goBILDA5202SeriesMotor)
03-08 17:37:50.191  4250 14807 V RobotCore: DcMotorImpl(type=Matrix12vMotor)
03-08 17:37:50.191  4250 14807 V RobotCore: DcMotorImpl(type=goBILDA5202SeriesMotor)
03-08 17:37:50.201  4250 14807 V RobotCore: DcMotorImpl(type=goBILDA5202SeriesMotor)
03-08 17:37:50.211  4250 14807 V RobotCore: DcMotorImpl(type=Matrix12vMotor)
03-08 17:37:50.211  4250 14807 V RobotCore: DcMotorImpl(type=Matrix12vMotor)
03-08 17:37:50.221  4250 14807 V ThreadPool: container(0x0c240da1: LinearOpMode) added id=597 TID=0 count=1
03-08 17:37:50.221  4250 24131 V RobotCore: thread: 'LinearOpMode main' starting...
03-08 17:37:50.251  4250 14994 V Robocol : sending CMD_NOTIFY_INIT_OP_MODE(59868), attempt: 0
03-08 17:37:50.801  4250  6481 V Robocol : received command: CMD_RUN_OP_MODE(65034) TeleOp
03-08 17:37:50.811  4250 14994 V Robocol : sending CMD_NOTIFY_RUN_OP_MODE(59879), attempt: 0
03-08 17:38:02.511  4250 24131 D backLeftPower: : 0.6009080182944955
03-08 17:38:02.521  4250 24131 D backRightPower: : 0.6009080182944955
03-08 17:38:02.521  4250 24131 D frontLeftPower: : 0.6009080182944955
03-08 17:38:02.521  4250 24131 D frontRightPower: : 0.7071067811865476
03-08 17:38:02.521  4250 24131 D backLeftVelocity: : -0.0
03-08 17:38:02.531  4250 24131 D backRightVelocity: : 0.0
03-08 17:38:02.541  4250 24131 D frontLeftVelocity: : 400.0
03-08 17:38:02.551  4250 24131 D frontRightVelocity: : 420.0
03-08 17:38:02.581  4250 24131 D backLeftPower: : 0.7071067811865476
03-08 17:38:02.581  4250 24131 D backRightPower: : 0.7071067811865475
03-08 17:38:02.581  4250 24131 D frontLeftPower: : 0.7071067811865475
03-08 17:38:02.581  4250 24131 D frontRightPower: : 0.7071067811865476
03-08 17:38:02.581  4250 24131 D backLeftVelocity: : 240.0
03-08 17:38:02.581  4250 24131 D backRightVelocity: : 280.0
03-08 17:38:02.591  4250 24131 D frontLeftVelocity: : 480.0
03-08 17:38:02.601  4250 24131 D frontRightVelocity: : 840.0
03-08 17:38:02.641  4250 24131 D backLeftPower: : 0.7071067811865476
03-08 17:38:02.641  4250 24131 D backRightPower: : 0.7071067811865475
03-08 17:38:02.641  4250 24131 D frontLeftPower: : 0.7071067811865475
03-08 17:38:02.641  4250 24131 D frontRightPower: : 0.7071067811865476
03-08 17:38:02.641  4250 24131 D backLeftVelocity: : 260.0
03-08 17:38:02.651  4250 24131 D backRightVelocity: : 340.0
03-08 17:38:02.661  4250 24131 D frontLeftVelocity: : 980.0
03-08 17:38:02.661  4250 24131 D frontRightVelocity: : 1120.0
03-08 17:38:02.701  4250 24131 D backLeftPower: : 0.7071067811865476
03-08 17:38:02.701  4250 24131 D backRightPower: : 0.7071067811865475
03-08 17:38:02.701  4250 24131 D frontLeftPower: : 0.7071067811865475
03-08 17:38:02.711  4250 24131 D frontRightPower: : 0.7071067811865476
03-08 17:38:02.711  4250 24131 D backLeftVelocity: : 560.0
03-08 17:38:02.721  4250 24131 D backRightVelocity: : 660.0
03-08 17:38:02.721  4250 24131 D frontLeftVelocity: : 1000.0
03-08 17:38:02.731  4250 24131 D frontRightVelocity: : 1240.0
03-08 17:38:02.761  4250 24131 D backLeftPower: : 0.7071067811865476
03-08 17:38:02.761  4250 24131 D backRightPower: : 0.7071067811865475
03-08 17:38:02.761  4250 24131 D frontLeftPower: : 0.7071067811865475
03-08 17:38:02.761  4250 24131 D frontRightPower: : 0.7071067811865476
03-08 17:38:02.771  4250 24131 D backLeftVelocity: : 660.0
03-08 17:38:02.771  4250 24131 D backRightVelocity: : 760.0
03-08 17:38:02.771  4250 24131 D frontLeftVelocity: : 980.0
03-08 17:38:02.781  4250 24131 D frontRightVelocity: : 1120.0
03-08 17:38:02.811  4250 24131 D backLeftPower: : 0.7071067811865476
03-08 17:38:02.811  4250 24131 D backRightPower: : 0.7071067811865475
03-08 17:38:02.811  4250 24131 D frontLeftPower: : 0.7071067811865475
03-08 17:38:02.811  4250 24131 D frontRightPower: : 0.7071067811865476
03-08 17:38:02.811  4250 24131 D backLeftVelocity: : 780.0
03-08 17:38:02.821  4250 24131 D backRightVelocity: : 880.0
03-08 17:38:02.821  4250 24131 D frontLeftVelocity: : 1060.0
03-08 17:38:02.831  4250 24131 D frontRightVelocity: : 1140.0
03-08 17:38:02.851  4250 24131 D backLeftPower: : 0.7071067811865476
03-08 17:38:02.851  4250 24131 D backRightPower: : 0.7071067811865475
03-08 17:38:02.851  4250 24131 D frontLeftPower: : 0.7071067811865475
03-08 17:38:02.861  4250 24131 D frontRightPower: : 0.7071067811865476
03-08 17:38:02.861  4250 24131 D backLeftVelocity: : 880.0
03-08 17:38:02.871  4250 24131 D backRightVelocity: : 900.0
03-08 17:38:02.871  4250 24131 D frontLeftVelocity: : 1140.0
03-08 17:38:02.881  4250 24131 D frontRightVelocity: : 1160.0
03-08 17:38:02.911  4250 24131 D backLeftPower: : 0.7071067811865476
03-08 17:38:02.911  4250 24131 D backRightPower: : 0.7071067811865475
03-08 17:38:02.911  4250 24131 D frontLeftPower: : 0.7071067811865475
03-08 17:38:02.911  4250 24131 D frontRightPower: : 0.7071067811865476
03-08 17:38:02.921  4250 24131 D backLeftVelocity: : 1020.0
03-08 17:38:02.931  4250 24131 D backRightVelocity: : 1000.0
03-08 17:38:02.931  4250 24131 D frontLeftVelocity: : 1120.0
03-08 17:38:02.941  4250 24131 D frontRightVelocity: : 1180.0
03-08 17:38:02.991  4250 24131 D backLeftPower: : 0.7071067811865476
03-08 17:38:02.991  4250 24131 D backRightPower: : 0.7071067811865475
03-08 17:38:02.991  4250 24131 D frontLeftPower: : 0.7071067811865475
03-08 17:38:02.991  4250 24131 D frontRightPower: : 0.7071067811865476
03-08 17:38:02.991  4250 24131 D backLeftVelocity: : 1180.0
03-08 17:38:03.001  4250 24131 D backRightVelocity: : 1180.0
03-08 17:38:03.001  4250 24131 D frontLeftVelocity: : 1220.0
03-08 17:38:03.001  4250 24131 D frontRightVelocity: : 1200.0
03-08 17:38:03.051  4250 24131 D backLeftPower: : 0.7069256756756758
03-08 17:38:03.061  4250 24131 D backRightPower: : 0.7071067811865475
03-08 17:38:03.061  4250 24131 D frontLeftPower: : 0.7071067811865475
03-08 17:38:03.061  4250 24131 D frontRightPower: : 0.7071067811865476
03-08 17:38:03.071  4250 24131 D backLeftVelocity: : 1300.0
03-08 17:38:03.071  4250 24131 D backRightVelocity: : 1340.0
03-08 17:38:03.081  4250 24131 D frontLeftVelocity: : 1360.0
03-08 17:38:03.091  4250 24131 D frontRightVelocity: : 1360.0
03-08 17:38:03.111  4250 24131 D backLeftPower: : 0.7071067811865476
03-08 17:38:03.111  4250 24131 D backRightPower: : 0.7071067811865475
03-08 17:38:03.111  4250 24131 D frontLeftPower: : 0.7071067811865475
03-08 17:38:03.111  4250 24131 D frontRightPower: : 0.7071067811865476
03-08 17:38:03.111  4250 24131 D backLeftVelocity: : 1360.0
03-08 17:38:03.121  4250 24131 D backRightVelocity: : 1340.0
03-08 17:38:03.121  4250 24131 D frontLeftVelocity: : 1400.0
03-08 17:38:03.131  4250 24131 D frontRightVelocity: : 1400.0
03-08 17:38:03.161  4250 24131 D backLeftPower: : 0.7071067811865476
03-08 17:38:03.161  4250 24131 D backRightPower: : 0.7071067811865475
03-08 17:38:03.161  4250 24131 D frontLeftPower: : 0.7071067811865475
03-08 17:38:03.161  4250 24131 D frontRightPower: : 0.7071067811865476
03-08 17:38:03.161  4250 24131 D backLeftVelocity: : 1360.0
03-08 17:38:03.161  4250 24131 D backRightVelocity: : 1460.0
03-08 17:38:03.171  4250 24131 D frontLeftVelocity: : 1420.0
03-08 17:38:03.181  4250 24131 D frontRightVelocity: : 1380.0
03-08 17:38:03.211  4250 24131 D backLeftPower: : 0.7071067811865476
03-08 17:38:03.211  4250 24131 D backRightPower: : 0.7071067811865475
03-08 17:38:03.211  4250 24131 D frontLeftPower: : 0.7071067811865475
03-08 17:38:03.211  4250 24131 D frontRightPower: : 0.7071067811865476
03-08 17:38:03.211  4250 24131 D backLeftVelocity: : 1420.0
03-08 17:38:03.211  4250 24131 D backRightVelocity: : 1500.0
03-08 17:38:03.221  4250 24131 D frontLeftVelocity: : 1500.0
03-08 17:38:03.221  4250 24131 D frontRightVelocity: : 1460.0
03-08 17:38:03.251  4250 24131 D backLeftPower: : 0.7071067811865476
03-08 17:38:03.251  4250 24131 D backRightPower: : 0.7071067811865475
03-08 17:38:03.251  4250 24131 D frontLeftPower: : 0.7071067811865475
03-08 17:38:03.251  4250 24131 D frontRightPower: : 0.7071067811865476
03-08 17:38:03.251  4250 24131 D backLeftVelocity: : 1440.0
03-08 17:38:03.261  4250 24131 D backRightVelocity: : 1540.0
03-08 17:38:03.261  4250 24131 D frontLeftVelocity: : 1500.0
03-08 17:38:03.261  4250 24131 D frontRightVelocity: : 1500.0
03-08 17:38:03.291  4250 24131 D backLeftPower: : 0.7071067811865476
03-08 17:38:03.291  4250 24131 D backRightPower: : 0.7071067811865475
03-08 17:38:03.291  4250 24131 D frontLeftPower: : 0.7071067811865475
03-08 17:38:03.291  4250 24131 D frontRightPower: : 0.7071067811865476
03-08 17:38:03.301  4250 24131 D backLeftVelocity: : 1540.0
03-08 17:38:03.301  4250 24131 D backRightVelocity: : 1560.0
03-08 17:38:03.301  4250 24131 D frontLeftVelocity: : 1540.0
03-08 17:38:03.311  4250 24131 D frontRightVelocity: : 1560.0
03-08 17:38:03.331  4250 24131 D backLeftPower: : 0.7071067811865476
03-08 17:38:03.331  4250 24131 D backRightPower: : 0.7071067811865475
03-08 17:38:03.331  4250 24131 D frontLeftPower: : 0.7071067811865475
03-08 17:38:03.331  4250 24131 D frontRightPower: : 0.7071067811865476
03-08 17:38:03.341  4250 24131 D backLeftVelocity: : 1560.0
03-08 17:38:03.341  4250 24131 D backRightVelocity: : 1580.0
03-08 17:38:03.341  4250 24131 D frontLeftVelocity: : 1600.0
03-08 17:38:03.351  4250 24131 D frontRightVelocity: : 1600.0
03-08 17:38:03.371  4250 24131 D backLeftPower: : 0.7071067811865476
03-08 17:38:03.371  4250 24131 D backRightPower: : 0.7071067811865475
03-08 17:38:03.371  4250 24131 D frontLeftPower: : 0.7071067811865475
03-08 17:38:03.371  4250 24131 D frontRightPower: : 0.7071067811865476
03-08 17:38:03.381  4250 24131 D backLeftVelocity: : 1560.0
03-08 17:38:03.381  4250 24131 D backRightVelocity: : 1580.0
03-08 17:38:03.381  4250 24131 D frontLeftVelocity: : 1560.0
03-08 17:38:03.391  4250 24131 D frontRightVelocity: : 1580.0
03-08 17:38:03.431  4250 24131 D backLeftPower: : 0.7071067811865476
03-08 17:38:03.431  4250 24131 D backRightPower: : 0.7071067811865475
03-08 17:38:03.431  4250 24131 D frontLeftPower: : 0.7071067811865475
03-08 17:38:03.431  4250 24131 D frontRightPower: : 0.7071067811865476
03-08 17:38:03.431  4250 24131 D backLeftVelocity: : 1560.0
03-08 17:38:03.441  4250 24131 D backRightVelocity: : 1620.0
03-08 17:38:03.441  4250 24131 D frontLeftVelocity: : 1640.0
03-08 17:38:03.451  4250 24131 D frontRightVelocity: : 1580.0
03-08 17:38:03.491  4250 24131 D backLeftPower: : 0.7071067811865476
03-08 17:38:03.491  4250 24131 D backRightPower: : 0.7071067811865475
03-08 17:38:03.491  4250 24131 D frontLeftPower: : 0.7071067811865475
03-08 17:38:03.491  4250 24131 D frontRightPower: : 0.7071067811865476
03-08 17:38:03.501  4250 24131 D backLeftVelocity: : 1560.0
03-08 17:38:03.501  4250 24131 D backRightVelocity: : 1640.0
03-08 17:38:03.501  4250 24131 D frontLeftVelocity: : 1600.0
03-08 17:38:03.511  4250 24131 D frontRightVelocity: : 1600.0
03-08 17:38:03.531  4250 24131 D backLeftPower: : 0.7071067811865476
03-08 17:38:03.541  4250 24131 D backRightPower: : 0.7071067811865475
03-08 17:38:03.541  4250 24131 D frontLeftPower: : 0.7069256756756758
03-08 17:38:03.541  4250 24131 D frontRightPower: : 0.7071067811865476
03-08 17:38:03.551  4250 24131 D backLeftVelocity: : 1700.0
03-08 17:38:03.561  4250 24131 D backRightVelocity: : 1680.0
03-08 17:38:03.571  4250 24131 D frontLeftVelocity: : 1680.0
03-08 17:38:03.571  4250 24131 D frontRightVelocity: : 1640.0
03-08 17:38:03.621  4250 24131 D backLeftPower: : 0.7071067811865476
03-08 17:38:03.621  4250 24131 D backRightPower: : 0.7071067811865475
03-08 17:38:03.621  4250 24131 D frontLeftPower: : 0.7071067811865475
03-08 17:38:03.621  4250 24131 D frontRightPower: : 0.7071067811865476
03-08 17:38:03.621  4250 24131 D backLeftVelocity: : 1680.0
03-08 17:38:03.631  4250 24131 D backRightVelocity: : 1660.0
03-08 17:38:03.641  4250 24131 D frontLeftVelocity: : 1660.0
03-08 17:38:03.641  4250 24131 D frontRightVelocity: : 1620.0
03-08 17:38:03.671  4250 24131 D backLeftPower: : 0.7071067811865476
03-08 17:38:03.671  4250 24131 D backRightPower: : 0.7071067811865475
03-08 17:38:03.671  4250 24131 D frontLeftPower: : 0.7071067811865475
03-08 17:38:03.671  4250 24131 D frontRightPower: : 0.7071067811865476
03-08 17:38:03.671  4250 24131 D backLeftVelocity: : 1620.0
03-08 17:38:03.681  4250 24131 D backRightVelocity: : 1680.0
03-08 17:38:03.681  4250 24131 D frontLeftVelocity: : 1680.0
03-08 17:38:03.691  4250 24131 D frontRightVelocity: : 1640.0
03-08 17:38:03.721  4250 24131 D backLeftPower: : 0.7071067811865476
03-08 17:38:03.731  4250 24131 D backRightPower: : 0.7071067811865475
03-08 17:38:03.731  4250 24131 D frontLeftPower: : 0.7071067811865475
03-08 17:38:03.731  4250 24131 D frontRightPower: : 0.7071067811865476
03-08 17:38:03.731  4250 24131 D backLeftVelocity: : 1660.0
03-08 17:38:03.731  4250 24131 D backRightVelocity: : 1680.0
03-08 17:38:03.741  4250 24131 D frontLeftVelocity: : 1700.0
03-08 17:38:03.751  4250 24131 D frontRightVelocity: : 1660.0
03-08 17:38:03.781  4250 24131 D backLeftPower: : 0.7071067811865476
03-08 17:38:03.781  4250 24131 D backRightPower: : 0.7071067811865475
03-08 17:38:03.781  4250 24131 D frontLeftPower: : 0.7071067811865475
03-08 17:38:03.781  4250 24131 D frontRightPower: : 0.7071067811865476
03-08 17:38:03.781  4250 24131 D backLeftVelocity: : 1700.0
03-08 17:38:03.791  4250 24131 D backRightVelocity: : 1720.0
03-08 17:38:03.791  4250 24131 D frontLeftVelocity: : 1700.0
03-08 17:38:03.801  4250 24131 D frontRightVelocity: : 1700.0
03-08 17:38:03.821  4250 24131 D backLeftPower: : 0.7071067811865476
03-08 17:38:03.821  4250 24131 D backRightPower: : 0.7071067811865475
03-08 17:38:03.821  4250 24131 D frontLeftPower: : 0.7071067811865475
03-08 17:38:03.821  4250 24131 D frontRightPower: : 0.7071067811865476
03-08 17:38:03.841  4250 24131 D backLeftVelocity: : 1700.0
03-08 17:38:03.841  4250 24131 D backRightVelocity: : 1700.0
03-08 17:38:03.841  4250 24131 D frontLeftVelocity: : 1700.0
03-08 17:38:03.851  4250 24131 D frontRightVelocity: : 1720.0
03-08 17:38:03.891  4250 24131 D backLeftPower: : 0.7071067811865476
03-08 17:38:03.891  4250 24131 D backRightPower: : 0.7071067811865475
03-08 17:38:03.891  4250 24131 D frontLeftPower: : 0.7071067811865475
03-08 17:38:03.891  4250 24131 D frontRightPower: : 0.7071067811865476
03-08 17:38:03.891  4250 24131 D backLeftVelocity: : 1660.0
03-08 17:38:03.901  4250 24131 D backRightVelocity: : 1740.0
03-08 17:38:03.901  4250 24131 D frontLeftVelocity: : 1720.0
03-08 17:38:03.901  4250 24131 D frontRightVelocity: : 1660.0
03-08 17:38:03.941  4250 24131 D backLeftPower: : 0.7071067811865476
03-08 17:38:03.941  4250 24131 D backRightPower: : 0.7071067811865475
03-08 17:38:03.941  4250 24131 D frontLeftPower: : 0.7071067811865475
03-08 17:38:03.941  4250 24131 D frontRightPower: : 0.7071067811865476
03-08 17:38:03.951  4250 24131 D backLeftVelocity: : 1680.0
03-08 17:38:03.961  4250 24131 D backRightVelocity: : 1720.0
03-08 17:38:03.971  4250 24131 D frontLeftVelocity: : 1680.0
03-08 17:38:03.971  4250 24131 D frontRightVelocity: : 1680.0
03-08 17:38:04.001  4250 24131 D backLeftPower: : 0.7071067811865476
03-08 17:38:04.001  4250 24131 D backRightPower: : 0.7071067811865475
03-08 17:38:04.001  4250 24131 D frontLeftPower: : 0.7071067811865475
03-08 17:38:04.001  4250 24131 D frontRightPower: : 0.7071067811865476
03-08 17:38:04.001  4250 24131 D backLeftVelocity: : 1700.0
03-08 17:38:04.011  4250 24131 D backRightVelocity: : 1720.0
03-08 17:38:04.011  4250 24131 D frontLeftVelocity: : 1720.0
03-08 17:38:04.021  4250 24131 D frontRightVelocity: : 1720.0
03-08 17:38:04.061  4250 24131 D backLeftPower: : 0.7071067811865476
03-08 17:38:04.061  4250 24131 D backRightPower: : 0.7071067811865475
03-08 17:38:04.061  4250 24131 D frontLeftPower: : 0.7069256756756758
03-08 17:38:04.061  4250 24131 D frontRightPower: : 0.7071067811865476
03-08 17:38:04.071  4250 24131 D backLeftVelocity: : 1680.0
03-08 17:38:04.071  4250 24131 D backRightVelocity: : 1720.0
03-08 17:38:04.081  4250 24131 D frontLeftVelocity: : 1700.0
03-08 17:38:04.091  4250 24131 D frontRightVelocity: : 1740.0
03-08 17:38:04.141  4250 24131 D backLeftPower: : 0.7071067811865476
03-08 17:38:04.141  4250 24131 D backRightPower: : 0.7071067811865475
03-08 17:38:04.141  4250 24131 D frontLeftPower: : 0.7071067811865475
03-08 17:38:04.141  4250 24131 D frontRightPower: : 0.7071067811865476
03-08 17:38:04.141  4250 24131 D backLeftVelocity: : 1640.0
03-08 17:38:04.151  4250 24131 D backRightVelocity: : 1700.0
03-08 17:38:04.161  4250 24131 D frontLeftVelocity: : 1700.0
03-08 17:38:04.161  4250 24131 D frontRightVelocity: : 1640.0
03-08 17:38:04.191  4250 24131 D backLeftPower: : 0.7071067811865476
03-08 17:38:04.191  4250 24131 D backRightPower: : 0.7071067811865475
03-08 17:38:04.191  4250 24131 D frontLeftPower: : 0.7071067811865475
03-08 17:38:04.191  4250 24131 D frontRightPower: : 0.7071067811865476
03-08 17:38:04.191  4250 24131 D backLeftVelocity: : 1700.0
03-08 17:38:04.201  4250 24131 D backRightVelocity: : 1740.0
03-08 17:38:04.201  4250 24131 D frontLeftVelocity: : 1700.0
03-08 17:38:04.211  4250 24131 D frontRightVelocity: : 1740.0
03-08 17:38:04.261  4250 24131 D backLeftPower: : 0.0
03-08 17:38:04.261  4250 24131 D backRightPower: : 0.0
03-08 17:38:04.261  4250 24131 D frontLeftPower: : 0.0
03-08 17:38:04.271  4250 24131 D frontRightPower: : 0.0
03-08 17:38:04.271  4250 24131 D backLeftVelocity: : 1720.0
03-08 17:38:04.281  4250 24131 D backRightVelocity: : 1640.0
03-08 17:38:04.281  4250 24131 D frontLeftVelocity: : 1620.0
03-08 17:38:04.291  4250 24131 D frontRightVelocity: : 1600.0
03-08 17:38:04.321  4250 24131 D backLeftPower: : 0.0
03-08 17:38:04.321  4250 24131 D backRightPower: : 0.0
03-08 17:38:04.321  4250 24131 D frontLeftPower: : 0.0
03-08 17:38:04.321  4250 24131 D frontRightPower: : 0.0
03-08 17:38:04.321  4250 24131 D backLeftVelocity: : 1560.0
03-08 17:38:04.331  4250 24131 D backRightVelocity: : 740.0
03-08 17:38:04.331  4250 24131 D frontLeftVelocity: : 1260.0
03-08 17:38:04.331  4250 24131 D frontRightVelocity: : 1240.0
03-08 17:38:04.371  4250 24131 D backLeftPower: : 0.0
03-08 17:38:04.381  4250 24131 D backRightPower: : 0.0
03-08 17:38:04.381  4250 24131 D frontLeftPower: : 0.0
03-08 17:38:04.381  4250 24131 D frontRightPower: : 0.0
03-08 17:38:04.381  4250 24131 D backLeftVelocity: : 460.0
03-08 17:38:04.391  4250 24131 D backRightVelocity: : 540.0
03-08 17:38:04.391  4250 24131 D frontLeftVelocity: : 1240.0
03-08 17:38:04.401  4250 24131 D frontRightVelocity: : 860.0
03-08 17:38:04.441  4250 24131 D backLeftPower: : 0.0
03-08 17:38:04.441  4250 24131 D backRightPower: : 0.0
03-08 17:38:04.441  4250 24131 D frontLeftPower: : 0.0
03-08 17:38:04.441  4250 24131 D frontRightPower: : 0.0
03-08 17:38:04.451  4250 24131 D backLeftVelocity: : 540.0
03-08 17:38:04.451  4250 24131 D backRightVelocity: : 580.0
03-08 17:38:04.461  4250 24131 D frontLeftVelocity: : 940.0
03-08 17:38:04.461  4250 24131 D frontRightVelocity: : 660.0
03-08 17:38:04.491  4250 24131 D backLeftPower: : 0.0
03-08 17:38:04.491  4250 24131 D backRightPower: : 0.0
03-08 17:38:04.491  4250 24131 D frontLeftPower: : 0.0
03-08 17:38:04.491  4250 24131 D frontRightPower: : 0.0
03-08 17:38:04.491  4250 24131 D backLeftVelocity: : 360.0
03-08 17:38:04.501  4250 24131 D backRightVelocity: : 260.0
03-08 17:38:04.501  4250 24131 D frontLeftVelocity: : 840.0
03-08 17:38:04.511  4250 24131 D frontRightVelocity: : 680.0
03-08 17:38:04.531  4250 24131 D backLeftPower: : 0.0
03-08 17:38:04.531  4250 24131 D backRightPower: : 0.0
03-08 17:38:04.531  4250 24131 D frontLeftPower: : 0.0
03-08 17:38:04.531  4250 24131 D frontRightPower: : 0.0
03-08 17:38:04.531  4250 24131 D backLeftVelocity: : 520.0
03-08 17:38:04.531  4250 24131 D backRightVelocity: : 360.0
03-08 17:38:04.541  4250 24131 D frontLeftVelocity: : 720.0
03-08 17:38:04.541  4250 24131 D frontRightVelocity: : 560.0
03-08 17:38:04.571  4250 24131 D backLeftPower: : 0.0
03-08 17:38:04.581  4250 24131 D backRightPower: : 0.0
03-08 17:38:04.581  4250 24131 D frontLeftPower: : 0.0
03-08 17:38:04.581  4250 24131 D frontRightPower: : 0.0
03-08 17:38:04.581  4250 24131 D backLeftVelocity: : 520.0
03-08 17:38:04.581  4250 24131 D backRightVelocity: : 260.0
03-08 17:38:04.591  4250 24131 D frontLeftVelocity: : 560.0
03-08 17:38:04.591  4250 24131 D frontRightVelocity: : 520.0
03-08 17:38:04.641  4250 24131 D backLeftPower: : 0.0
03-08 17:38:04.651  4250 24131 D backRightPower: : -0.2646119287785226
03-08 17:38:04.661  4250 24131 D frontLeftPower: : -0.2646119287785226
03-08 17:38:04.661  4250 24131 D frontRightPower: : -0.2646119287785227
03-08 17:38:04.671  4250 24131 D backLeftVelocity: : 340.0
03-08 17:38:04.671  4250 24131 D backRightVelocity: : 320.0
03-08 17:38:04.681  4250 24131 D frontLeftVelocity: : 320.0
03-08 17:38:04.681  4250 24131 D frontRightVelocity: : 300.0
03-08 17:38:04.731  4250 24131 D backLeftPower: : -0.6835070748313576
03-08 17:38:04.731  4250 24131 D backRightPower: : -0.6835070748313574
03-08 17:38:04.731  4250 24131 D frontLeftPower: : -0.6835070748313574
03-08 17:38:04.741  4250 24131 D frontRightPower: : -0.7071067811865477
03-08 17:38:04.741  4250 24131 D backLeftVelocity: : -60.0
03-08 17:38:04.751  4250 24131 D backRightVelocity: : -120.0
03-08 17:38:04.751  4250 24131 D frontLeftVelocity: : -0.0
03-08 17:38:04.761  4250 24131 D frontRightVelocity: : -40.0
03-08 17:38:04.781  4250 24131 D backLeftPower: : -0.7071067811865477
03-08 17:38:04.781  4250 24131 D backRightPower: : -0.7071067811865475
03-08 17:38:04.781  4250 24131 D frontLeftPower: : -0.7071067811865475
03-08 17:38:04.781  4250 24131 D frontRightPower: : -0.7071067811865477
03-08 17:38:04.791  4250 24131 D backLeftVelocity: : -560.0
03-08 17:38:04.791  4250 24131 D backRightVelocity: : -660.0
03-08 17:38:04.801  4250 24131 D frontLeftVelocity: : -140.0
03-08 17:38:04.801  4250 24131 D frontRightVelocity: : -180.0
03-08 17:38:04.831  4250 24131 D backLeftPower: : -0.7071067811865477
03-08 17:38:04.831  4250 24131 D backRightPower: : -0.7071067811865475
03-08 17:38:04.831  4250 24131 D frontLeftPower: : -0.7071067811865475
03-08 17:38:04.831  4250 24131 D frontRightPower: : -0.7071067811865477
03-08 17:38:04.841  4250 24131 D backLeftVelocity: : -760.0
03-08 17:38:04.841  4250 24131 D backRightVelocity: : -1000.0
03-08 17:38:04.851  4250 24131 D frontLeftVelocity: : -440.0
03-08 17:38:04.851  4250 24131 D frontRightVelocity: : -380.0
03-08 17:38:04.891  4250 24131 D backLeftPower: : -0.7071067811865477
03-08 17:38:04.891  4250 24131 D backRightPower: : -0.7071067811865475
03-08 17:38:04.891  4250 24131 D frontLeftPower: : -0.7071067811865475
03-08 17:38:04.891  4250 24131 D frontRightPower: : -0.7071067811865477
03-08 17:38:04.901  4250 24131 D backLeftVelocity: : -860.0
03-08 17:38:04.911  4250 24131 D backRightVelocity: : -1100.0
03-08 17:38:04.921  4250 24131 D frontLeftVelocity: : -720.0
03-08 17:38:04.931  4250 24131 D frontRightVelocity: : -780.0
03-08 17:38:04.971  4250 24131 D backLeftPower: : -0.7071067811865477
03-08 17:38:04.971  4250 24131 D backRightPower: : -0.7071067811865475
03-08 17:38:04.971  4250 24131 D frontLeftPower: : -0.7071067811865475
03-08 17:38:04.971  4250 24131 D frontRightPower: : -0.7071067811865477
03-08 17:38:04.971  4250 24131 D backLeftVelocity: : -980.0
03-08 17:38:04.971  4250 24131 D backRightVelocity: : -1100.0
03-08 17:38:04.981  4250 24131 D frontLeftVelocity: : -880.0
03-08 17:38:04.991  4250 24131 D frontRightVelocity: : -900.0
03-08 17:38:05.021  4250 24131 D backLeftPower: : -0.7071067811865477
03-08 17:38:05.021  4250 24131 D backRightPower: : -0.7071067811865475
03-08 17:38:05.021  4250 24131 D frontLeftPower: : -0.7071067811865475
03-08 17:38:05.021  4250 24131 D frontRightPower: : -0.7071067811865477
03-08 17:38:05.021  4250 24131 D backLeftVelocity: : -1080.0
03-08 17:38:05.021  4250 24131 D backRightVelocity: : -1120.0
03-08 17:38:05.031  4250 24131 D frontLeftVelocity: : -1000.0
03-08 17:38:05.031  4250 24131 D frontRightVelocity: : -1000.0
03-08 17:38:05.051  4250 24131 D backLeftPower: : -0.7071067811865477
03-08 17:38:05.051  4250 24131 D backRightPower: : -0.7071067811865475
03-08 17:38:05.061  4250 24131 D frontLeftPower: : -0.7071067811865475
03-08 17:38:05.061  4250 24131 D frontRightPower: : -0.7071067811865477
03-08 17:38:05.061  4250 24131 D backLeftVelocity: : -1120.0
03-08 17:38:05.071  4250 24131 D backRightVelocity: : -1080.0
03-08 17:38:05.071  4250 24131 D frontLeftVelocity: : -1100.0
03-08 17:38:05.081  4250 24131 D frontRightVelocity: : -1100.0
03-08 17:38:05.111  4250 24131 D backLeftPower: : -0.7071067811865477
03-08 17:38:05.111  4250 24131 D backRightPower: : -0.7071067811865475
03-08 17:38:05.111  4250 24131 D frontLeftPower: : -0.7071067811865475
03-08 17:38:05.111  4250 24131 D frontRightPower: : -0.7071067811865477
03-08 17:38:05.111  4250 24131 D backLeftVelocity: : -1180.0
03-08 17:38:05.121  4250 24131 D backRightVelocity: : -1160.0
03-08 17:38:05.121  4250 24131 D frontLeftVelocity: : -1180.0
03-08 17:38:05.131  4250 24131 D frontRightVelocity: : -1200.0
03-08 17:38:05.181  4250 24131 D backLeftPower: : -0.7071067811865477
03-08 17:38:05.181  4250 24131 D backRightPower: : -0.7071067811865475
03-08 17:38:05.181  4250 24131 D frontLeftPower: : -0.7071067811865475
03-08 17:38:05.181  4250 24131 D frontRightPower: : -0.7071067811865477
03-08 17:38:05.181  4250 24131 D backLeftVelocity: : -1280.0
03-08 17:38:05.191  4250 24131 D backRightVelocity: : -1360.0
03-08 17:38:05.191  4250 24131 D frontLeftVelocity: : -1320.0
03-08 17:38:05.201  4250 24131 D frontRightVelocity: : -1300.0
03-08 17:38:05.221  4250 24131 D backLeftPower: : -0.7071067811865477
03-08 17:38:05.221  4250 24131 D backRightPower: : -0.7071067811865475
03-08 17:38:05.221  4250 24131 D frontLeftPower: : -0.7071067811865475
03-08 17:38:05.221  4250 24131 D frontRightPower: : -0.7071067811865477
03-08 17:38:05.221  4250 24131 D backLeftVelocity: : -1340.0
03-08 17:38:05.221  4250 24131 D backRightVelocity: : -1380.0
03-08 17:38:05.231  4250 24131 D frontLeftVelocity: : -1360.0
03-08 17:38:05.231  4250 24131 D frontRightVelocity: : -1360.0
03-08 17:38:05.291  4250 24131 D backLeftPower: : -0.7071067811865477
03-08 17:38:05.291  4250 24131 D backRightPower: : -0.7071067811865475
03-08 17:38:05.291  4250 24131 D frontLeftPower: : -0.7071067811865475
03-08 17:38:05.291  4250 24131 D frontRightPower: : -0.7071067811865477
03-08 17:38:05.291  4250 24131 D backLeftVelocity: : -1460.0
03-08 17:38:05.301  4250 24131 D backRightVelocity: : -1460.0
03-08 17:38:05.301  4250 24131 D frontLeftVelocity: : -1420.0
03-08 17:38:05.311  4250 24131 D frontRightVelocity: : -1500.0
03-08 17:38:05.341  4250 24131 D backLeftPower: : -0.7071067811865477
03-08 17:38:05.341  4250 24131 D backRightPower: : -0.7071067811865475
03-08 17:38:05.341  4250 24131 D frontLeftPower: : -0.7071067811865475
03-08 17:38:05.341  4250 24131 D frontRightPower: : -0.7071067811865477
03-08 17:38:05.351  4250 24131 D backLeftVelocity: : -1460.0
03-08 17:38:05.351  4250 24131 D backRightVelocity: : -1520.0
03-08 17:38:05.361  4250 24131 D frontLeftVelocity: : -1560.0
03-08 17:38:05.361  4250 24131 D frontRightVelocity: : -1520.0
03-08 17:38:05.401  4250 24131 D backLeftPower: : -0.7071067811865477
03-08 17:38:05.401  4250 24131 D backRightPower: : -0.7071067811865475
03-08 17:38:05.401  4250 24131 D frontLeftPower: : -0.7071067811865475
03-08 17:38:05.401  4250 24131 D frontRightPower: : -0.7071067811865477
03-08 17:38:05.401  4250 24131 D backLeftVelocity: : -1540.0
03-08 17:38:05.401  4250 24131 D backRightVelocity: : -1600.0
03-08 17:38:05.411  4250 24131 D frontLeftVelocity: : -1580.0
03-08 17:38:05.421  4250 24131 D frontRightVelocity: : -1540.0
03-08 17:38:05.451  4250 24131 D backLeftPower: : -0.7071067811865477
03-08 17:38:05.451  4250 24131 D backRightPower: : -0.7071067811865475
03-08 17:38:05.451  4250 24131 D frontLeftPower: : -0.7071067811865475
03-08 17:38:05.451  4250 24131 D frontRightPower: : -0.7071067811865477
03-08 17:38:05.461  4250 24131 D backLeftVelocity: : -1540.0
03-08 17:38:05.461  4250 24131 D backRightVelocity: : -1600.0
03-08 17:38:05.471  4250 24131 D frontLeftVelocity: : -1600.0
03-08 17:38:05.471  4250 24131 D frontRightVelocity: : -1540.0
03-08 17:38:05.501  4250 24131 D backLeftPower: : -0.7071067811865477
03-08 17:38:05.501  4250 24131 D backRightPower: : -0.7071067811865475
03-08 17:38:05.501  4250 24131 D frontLeftPower: : -0.7071067811865475
03-08 17:38:05.501  4250 24131 D frontRightPower: : -0.7071067811865477
03-08 17:38:05.511  4250 24131 D backLeftVelocity: : -1640.0
03-08 17:38:05.511  4250 24131 D backRightVelocity: : -1620.0
03-08 17:38:05.521  4250 24131 D frontLeftVelocity: : -1600.0
03-08 17:38:05.531  4250 24131 D frontRightVelocity: : -1680.0
03-08 17:38:05.561  4250 24131 D backLeftPower: : -0.7071067811865477
03-08 17:38:05.561  4250 24131 D backRightPower: : -0.7071067811865475
03-08 17:38:05.561  4250 24131 D frontLeftPower: : -0.7071067811865475
03-08 17:38:05.561  4250 24131 D frontRightPower: : -0.7071067811865477
03-08 17:38:05.561  4250 24131 D backLeftVelocity: : -1640.0
03-08 17:38:05.571  4250 24131 D backRightVelocity: : -1680.0
03-08 17:38:05.581  4250 24131 D frontLeftVelocity: : -1640.0
03-08 17:38:05.591  4250 24131 D frontRightVelocity: : -1700.0
03-08 17:38:05.621  4250 24131 D backLeftPower: : -0.7071067811865477
03-08 17:38:05.621  4250 24131 D backRightPower: : -0.7071067811865475
03-08 17:38:05.621  4250 24131 D frontLeftPower: : -0.7071067811865475
03-08 17:38:05.621  4250 24131 D frontRightPower: : -0.7071067811865477
03-08 17:38:05.631  4250 24131 D backLeftVelocity: : -1680.0
03-08 17:38:05.631  4250 24131 D backRightVelocity: : -1700.0
03-08 17:38:05.641  4250 24131 D frontLeftVelocity: : -1740.0
03-08 17:38:05.641  4250 24131 D frontRightVelocity: : -1720.0
03-08 17:38:05.671  4250 24131 D backLeftPower: : -0.7071067811865477
03-08 17:38:05.671  4250 24131 D backRightPower: : -0.7071067811865475
03-08 17:38:05.681  4250 24131 D frontLeftPower: : -0.7071067811865475
03-08 17:38:05.681  4250 24131 D frontRightPower: : -0.7071067811865477
03-08 17:38:05.681  4250 24131 D backLeftVelocity: : -1700.0
03-08 17:38:05.681  4250 24131 D backRightVelocity: : -1740.0
03-08 17:38:05.691  4250 24131 D frontLeftVelocity: : -1720.0
03-08 17:38:05.691  4250 24131 D frontRightVelocity: : -1680.0
03-08 17:38:05.711  4250 24131 D backLeftPower: : -0.7071067811865477
03-08 17:38:05.711  4250 24131 D backRightPower: : -0.7071067811865475
03-08 17:38:05.711  4250 24131 D frontLeftPower: : -0.7071067811865475
03-08 17:38:05.711  4250 24131 D frontRightPower: : -0.7071067811865477
03-08 17:38:05.721  4250 24131 D backLeftVelocity: : -1740.0
03-08 17:38:05.721  4250 24131 D backRightVelocity: : -1720.0
03-08 17:38:05.721  4250 24131 D frontLeftVelocity: : -1720.0
03-08 17:38:05.731  4250 24131 D frontRightVelocity: : -1760.0
03-08 17:38:05.781  4250 24131 D backLeftPower: : -0.7071067811865477
03-08 17:38:05.781  4250 24131 D backRightPower: : -0.7071067811865475
03-08 17:38:05.781  4250 24131 D frontLeftPower: : -0.7071067811865475
03-08 17:38:05.781  4250 24131 D frontRightPower: : -0.7071067811865477
03-08 17:38:05.781  4250 24131 D backLeftVelocity: : -1740.0
03-08 17:38:05.791  4250 24131 D backRightVelocity: : -1760.0
03-08 17:38:05.791  4250 24131 D frontLeftVelocity: : -1720.0
03-08 17:38:05.801  4250 24131 D frontRightVelocity: : -1800.0
03-08 17:38:05.831  4250 24131 D backLeftPower: : -0.7071067811865477
03-08 17:38:05.831  4250 24131 D backRightPower: : -0.7071067811865475
03-08 17:38:05.831  4250 24131 D frontLeftPower: : -0.7071067811865475
03-08 17:38:05.831  4250 24131 D frontRightPower: : -0.7071067811865477
03-08 17:38:05.841  4250 24131 D backLeftVelocity: : -1700.0
03-08 17:38:05.841  4250 24131 D backRightVelocity: : -1740.0
03-08 17:38:05.851  4250 24131 D frontLeftVelocity: : -1760.0
03-08 17:38:05.851  4250 24131 D frontRightVelocity: : -1760.0
03-08 17:38:05.881  4250 24131 D backLeftPower: : -0.7071067811865477
03-08 17:38:05.881  4250 24131 D backRightPower: : -0.7071067811865475
03-08 17:38:05.881  4250 24131 D frontLeftPower: : -0.7071067811865475
03-08 17:38:05.881  4250 24131 D frontRightPower: : -0.7071067811865477
03-08 17:38:05.891  4250 24131 D backLeftVelocity: : -1740.0
03-08 17:38:05.891  4250 24131 D backRightVelocity: : -1780.0
03-08 17:38:05.901  4250 24131 D frontLeftVelocity: : -1760.0
03-08 17:38:05.901  4250 24131 D frontRightVelocity: : -1720.0
03-08 17:38:05.961  4250 24131 D backLeftPower: : -0.7071067811865477
03-08 17:38:05.961  4250 24131 D backRightPower: : -0.7071067811865475
03-08 17:38:05.961  4250 24131 D frontLeftPower: : -0.7071067811865475
03-08 17:38:05.961  4250 24131 D frontRightPower: : -0.7071067811865477
03-08 17:38:05.971  4250 24131 D backLeftVelocity: : -1800.0
03-08 17:38:05.971  4250 24131 D backRightVelocity: : -1780.0
03-08 17:38:05.971  4250 24131 D frontLeftVelocity: : -1740.0
03-08 17:38:05.991  4250 24131 D frontRightVelocity: : -1860.0
03-08 17:38:06.011  4250 24131 D backLeftPower: : -0.7071067811865477
03-08 17:38:06.011  4250 24131 D backRightPower: : -0.7071067811865475
03-08 17:38:06.011  4250 24131 D frontLeftPower: : -0.7071067811865475
03-08 17:38:06.011  4250 24131 D frontRightPower: : -0.7071067811865477
03-08 17:38:06.021  4250 24131 D backLeftVelocity: : -1760.0
03-08 17:38:06.031  4250 24131 D backRightVelocity: : -1780.0
03-08 17:38:06.031  4250 24131 D frontLeftVelocity: : -1780.0
03-08 17:38:06.041  4250 24131 D frontRightVelocity: : -1820.0
03-08 17:38:06.071  4250 24131 D backLeftPower: : -0.7071067811865477
03-08 17:38:06.081  4250 24131 D backRightPower: : -0.7071067811865475
03-08 17:38:06.081  4250 24131 D frontLeftPower: : -0.7071067811865475
03-08 17:38:06.081  4250 24131 D frontRightPower: : -0.7071067811865477
03-08 17:38:06.081  4250 24131 D backLeftVelocity: : -1760.0
03-08 17:38:06.091  4250 24131 D backRightVelocity: : -1820.0
03-08 17:38:06.101  4250 24131 D frontLeftVelocity: : -1820.0
03-08 17:38:06.101  4250 24131 D frontRightVelocity: : -1760.0
03-08 17:38:06.131  4250 24131 D backLeftPower: : -0.7071067811865477
03-08 17:38:06.131  4250 24131 D backRightPower: : -0.7071067811865475
03-08 17:38:06.131  4250 24131 D frontLeftPower: : -0.7071067811865475
03-08 17:38:06.131  4250 24131 D frontRightPower: : -0.7071067811865477
03-08 17:38:06.141  4250 24131 D backLeftVelocity: : -1780.0
03-08 17:38:06.141  4250 24131 D backRightVelocity: : -1780.0
03-08 17:38:06.151  4250 24131 D frontLeftVelocity: : -1780.0
03-08 17:38:06.151  4250 24131 D frontRightVelocity: : -1760.0
03-08 17:38:06.181  4250 24131 D backLeftPower: : -0.7071067811865477
03-08 17:38:06.181  4250 24131 D backRightPower: : -0.7071067811865475
03-08 17:38:06.181  4250 24131 D frontLeftPower: : -0.7071067811865475
03-08 17:38:06.181  4250 24131 D frontRightPower: : -0.7071067811865477
03-08 17:38:06.191  4250 24131 D backLeftVelocity: : -1820.0
03-08 17:38:06.191  4250 24131 D backRightVelocity: : -1780.0
03-08 17:38:06.201  4250 24131 D frontLeftVelocity: : -1760.0
03-08 17:38:06.201  4250 24131 D frontRightVelocity: : -1860.0
03-08 17:38:06.241  4250 24131 D backLeftPower: : 0.0
03-08 17:38:06.251  4250 24131 D backRightPower: : 0.0
03-08 17:38:06.251  4250 24131 D frontLeftPower: : 0.0
03-08 17:38:06.251  4250 24131 D frontRightPower: : 0.0
03-08 17:38:06.251  4250 24131 D backLeftVelocity: : -1740.0
03-08 17:38:06.251  4250 24131 D backRightVelocity: : -1780.0
03-08 17:38:06.261  4250 24131 D frontLeftVelocity: : -1800.0
03-08 17:38:06.271  4250 24131 D frontRightVelocity: : -1800.0
03-08 17:38:06.311  4250 24131 D backLeftPower: : 0.0
03-08 17:38:06.311  4250 24131 D backRightPower: : 0.0
03-08 17:38:06.311  4250 24131 D frontLeftPower: : 0.0
03-08 17:38:06.311  4250 24131 D frontRightPower: : 0.0
03-08 17:38:06.311  4250 24131 D backLeftVelocity: : -1220.0
03-08 17:38:06.311  4250 24131 D backRightVelocity: : -1040.0
03-08 17:38:06.321  4250 24131 D frontLeftVelocity: : -820.0
03-08 17:38:06.321  4250 24131 D frontRightVelocity: : -820.0
03-08 17:38:06.351  4250 24131 D backLeftPower: : 0.0
03-08 17:38:06.351  4250 24131 D backRightPower: : 0.0
03-08 17:38:06.351  4250 24131 D frontLeftPower: : 0.0
03-08 17:38:06.351  4250 24131 D frontRightPower: : 0.0
03-08 17:38:06.361  4250 24131 D backLeftVelocity: : -1160.0
03-08 17:38:06.361  4250 24131 D backRightVelocity: : -1020.0
03-08 17:38:06.361  4250 24131 D frontLeftVelocity: : -380.0
03-08 17:38:06.371  4250 24131 D frontRightVelocity: : -240.0
03-08 17:38:06.401  4250 24131 D backLeftPower: : 0.0
03-08 17:38:06.401  4250 24131 D backRightPower: : 0.0
03-08 17:38:06.401  4250 24131 D frontLeftPower: : 0.0
03-08 17:38:06.401  4250 24131 D frontRightPower: : 0.0
03-08 17:38:06.411  4250 24131 D backLeftVelocity: : -960.0
03-08 17:38:06.411  4250 24131 D backRightVelocity: : -820.0
03-08 17:38:06.421  4250 24131 D frontLeftVelocity: : -420.0
03-08 17:38:06.431  4250 24131 D frontRightVelocity: : -340.0
03-08 17:38:06.461  4250 24131 D backLeftPower: : 0.0
03-08 17:38:06.461  4250 24131 D backRightPower: : 0.0
03-08 17:38:06.461  4250 24131 D frontLeftPower: : 0.0
03-08 17:38:06.461  4250 24131 D frontRightPower: : 0.0
03-08 17:38:06.471  4250 24131 D backLeftVelocity: : -880.0
03-08 17:38:06.471  4250 24131 D backRightVelocity: : -900.0
03-08 17:38:06.471  4250 24131 D frontLeftVelocity: : -420.0
03-08 17:38:06.481  4250 24131 D frontRightVelocity: : -340.0
03-08 17:38:06.511  4250 24131 D backLeftPower: : 0.0
03-08 17:38:06.511  4250 24131 D backRightPower: : 0.0
03-08 17:38:06.511  4250 24131 D frontLeftPower: : 0.0
03-08 17:38:06.511  4250 24131 D frontRightPower: : 0.0
03-08 17:38:06.521  4250 24131 D backLeftVelocity: : -760.0
03-08 17:38:06.521  4250 24131 D backRightVelocity: : -780.0
03-08 17:38:06.531  4250 24131 D frontLeftVelocity: : -520.0
03-08 17:38:06.531  4250 24131 D frontRightVelocity: : -320.0
03-08 17:38:06.571  4250 24131 D backLeftPower: : 0.0
03-08 17:38:06.571  4250 24131 D backRightPower: : 0.0
03-08 17:38:06.581  4250 24131 D frontLeftPower: : 0.0
03-08 17:38:06.581  4250 24131 D frontRightPower: : 0.0
03-08 17:38:06.581  4250 24131 D backLeftVelocity: : -580.0
03-08 17:38:06.591  4250 24131 D backRightVelocity: : -620.0
03-08 17:38:06.601  4250 24131 D frontLeftVelocity: : -440.0
03-08 17:38:06.611  4250 24131 D frontRightVelocity: : -300.0
03-08 17:38:06.681  4250 24131 D backLeftPower: : 0.7071067811865476
03-08 17:38:06.681  4250 24131 D backRightPower: : 0.7071067811865475
03-08 17:38:06.681  4250 24131 D frontLeftPower: : 0.7071067811865475
03-08 17:38:06.681  4250 24131 D frontRightPower: : 0.7071067811865476
03-08 17:38:06.681  4250 24131 D backLeftVelocity: : -120.0
03-08 17:38:06.681  4250 24131 D backRightVelocity: : 380.0
03-08 17:38:06.691  4250 24131 D frontLeftVelocity: : 320.0
03-08 17:38:06.701  4250 24131 D frontRightVelocity: : 1140.0
03-08 17:38:06.741  4250 24131 D backLeftPower: : 0.7071067811865476
03-08 17:38:06.741  4250 24131 D backRightPower: : 0.7071067811865475
03-08 17:38:06.741  4250 24131 D frontLeftPower: : 0.7071067811865475
03-08 17:38:06.741  4250 24131 D frontRightPower: : 0.7071067811865476
03-08 17:38:06.741  4250 24131 D backLeftVelocity: : 140.0
03-08 17:38:06.741  4250 24131 D backRightVelocity: : 460.0
03-08 17:38:06.751  4250 24131 D frontLeftVelocity: : 1100.0
03-08 17:38:06.751  4250 24131 D frontRightVelocity: : 1220.0
03-08 17:38:06.771  4250 24131 D backLeftPower: : 0.7071067811865476
03-08 17:38:06.771  4250 24131 D backRightPower: : 0.7071067811865475
03-08 17:38:06.771  4250 24131 D frontLeftPower: : 0.7071067811865475
03-08 17:38:06.771  4250 24131 D frontRightPower: : 0.7071067811865476
03-08 17:38:06.781  4250 24131 D backLeftVelocity: : 180.0
03-08 17:38:06.781  4250 24131 D backRightVelocity: : 520.0
03-08 17:38:06.781  4250 24131 D frontLeftVelocity: : 1000.0
03-08 17:38:06.791  4250 24131 D frontRightVelocity: : 1120.0
03-08 17:38:06.821  4250 24131 D backLeftPower: : 0.7071067811865476
03-08 17:38:06.821  4250 24131 D backRightPower: : 0.7071067811865475
03-08 17:38:06.821  4250 24131 D frontLeftPower: : 0.7071067811865475
03-08 17:38:06.821  4250 24131 D frontRightPower: : 0.7071067811865476
03-08 17:38:06.821  4250 24131 D backLeftVelocity: : 320.0
03-08 17:38:06.821  4250 24131 D backRightVelocity: : 580.0
03-08 17:38:06.831  4250 24131 D frontLeftVelocity: : 1040.0
03-08 17:38:06.831  4250 24131 D frontRightVelocity: : 1060.0
03-08 17:38:06.861  4250 24131 D backLeftPower: : 0.7071067811865476
03-08 17:38:06.861  4250 24131 D backRightPower: : 0.7071067811865475
03-08 17:38:06.861  4250 24131 D frontLeftPower: : 0.7071067811865475
03-08 17:38:06.861  4250 24131 D frontRightPower: : 0.7071067811865476
03-08 17:38:06.861  4250 24131 D backLeftVelocity: : 500.0
03-08 17:38:06.871  4250 24131 D backRightVelocity: : 660.0
03-08 17:38:06.871  4250 24131 D frontLeftVelocity: : 1020.0
03-08 17:38:06.871  4250 24131 D frontRightVelocity: : 1060.0
03-08 17:38:06.901  4250 24131 D backLeftPower: : 0.7071067811865476
03-08 17:38:06.901  4250 24131 D backRightPower: : 0.7071067811865475
03-08 17:38:06.901  4250 24131 D frontLeftPower: : 0.7071067811865475
03-08 17:38:06.901  4250 24131 D frontRightPower: : 0.7071067811865476
03-08 17:38:06.911  4250 24131 D backLeftVelocity: : 600.0
03-08 17:38:06.921  4250 24131 D backRightVelocity: : 680.0
03-08 17:38:06.931  4250 24131 D frontLeftVelocity: : 960.0
03-08 17:38:06.931  4250 24131 D frontRightVelocity: : 1060.0
03-08 17:38:06.981  4250 24131 D backLeftPower: : 0.7071067811865476
03-08 17:38:06.981  4250 24131 D backRightPower: : 0.7071067811865475
03-08 17:38:06.981  4250 24131 D frontLeftPower: : 0.7071067811865475
03-08 17:38:06.981  4250 24131 D frontRightPower: : 0.7071067811865476
03-08 17:38:06.981  4250 24131 D backLeftVelocity: : 800.0
03-08 17:38:06.991  4250 24131 D backRightVelocity: : 800.0
03-08 17:38:06.991  4250 24131 D frontLeftVelocity: : 1000.0
03-08 17:38:07.001  4250 24131 D frontRightVelocity: : 1100.0
03-08 17:38:07.021  4250 24131 D backLeftPower: : 0.7071067811865476
03-08 17:38:07.021  4250 24131 D backRightPower: : 0.7071067811865475
03-08 17:38:07.021  4250 24131 D frontLeftPower: : 0.7071067811865475
03-08 17:38:07.021  4250 24131 D frontRightPower: : 0.7071067811865476
03-08 17:38:07.031  4250 24131 D backLeftVelocity: : 920.0
03-08 17:38:07.031  4250 24131 D backRightVelocity: : 960.0
03-08 17:38:07.041  4250 24131 D frontLeftVelocity: : 1080.0
03-08 17:38:07.041  4250 24131 D frontRightVelocity: : 1120.0
03-08 17:38:07.061  4250 24131 D backLeftPower: : 0.7071067811865476
03-08 17:38:07.061  4250 24131 D backRightPower: : 0.7071067811865475
03-08 17:38:07.061  4250 24131 D frontLeftPower: : 0.7071067811865475
03-08 17:38:07.061  4250 24131 D frontRightPower: : 0.7071067811865476
03-08 17:38:07.071  4250 24131 D backLeftVelocity: : 1020.0
03-08 17:38:07.071  4250 24131 D backRightVelocity: : 1040.0
03-08 17:38:07.071  4250 24131 D frontLeftVelocity: : 1140.0
03-08 17:38:07.081  4250 24131 D frontRightVelocity: : 1200.0
03-08 17:38:07.101  4250 24131 D backLeftPower: : 0.7071067811865476
03-08 17:38:07.101  4250 24131 D backRightPower: : 0.7071067811865475
03-08 17:38:07.111  4250 24131 D frontLeftPower: : 0.7071067811865475
03-08 17:38:07.111  4250 24131 D frontRightPower: : 0.7071067811865476
03-08 17:38:07.111  4250 24131 D backLeftVelocity: : 1120.0
