--------- beginning of main
03-07 11:55:48.760   356   462 I ThermalEngine: Sensor:tsens_tz_sensor8:80000 mC
03-07 11:55:48.760   356   462 I ThermalEngine: Sensor:tsens_tz_sensor6:83000 mC
03-07 11:55:48.760   356   462 I ThermalEngine: Sensor:tsens_tz_sensor5:85000 mC
--------- beginning of system
03-07 11:55:48.820   934  1230 V AlarmManager: Expired Alarm result :4
03-07 11:55:48.830   356   462 I ThermalEngine: Sensor:tsens_tz_sensor8:81000 mC
03-07 11:55:48.830   356   462 I ThermalEngine: Sensor:tsens_tz_sensor6:85000 mC
03-07 11:55:48.830   356   462 I ThermalEngine: Sensor:tsens_tz_sensor5:84000 mC
03-07 11:55:48.870   934  1736 D SensorService: SensorEventConnection::SocketBufferSize, SystemSocketBufferSize - 102400, 2097152
03-07 11:55:48.890   356   462 I ThermalEngine: Sensor:tsens_tz_sensor8:83000 mC
03-07 11:55:48.890   356   462 I ThermalEngine: Sensor:tsens_tz_sensor6:85000 mC
03-07 11:55:48.890   356   462 I ThermalEngine: Sensor:tsens_tz_sensor5:83000 mC
03-07 11:55:48.910  1582  3936 D SensorManager: registerListener :: 0, MPU6500 Acceleration Sensor, 20000, 0,  
03-07 11:55:48.960   356   462 I ThermalEngine: Sensor:tsens_tz_sensor8:84000 mC
03-07 11:55:48.960   356   462 I ThermalEngine: Sensor:tsens_tz_sensor6:86000 mC
03-07 11:55:48.960   356   462 I ThermalEngine: Sensor:tsens_tz_sensor5:84000 mC
03-07 11:55:49.020   356   462 I ThermalEngine: Sensor:tsens_tz_sensor8:84000 mC
03-07 11:55:49.020   356   462 I ThermalEngine: Sensor:tsens_tz_sensor6:86000 mC
03-07 11:55:49.020   356   462 I ThermalEngine: Sensor:tsens_tz_sensor5:84000 mC
03-07 11:55:49.090   356   462 I ThermalEngine: Sensor:tsens_tz_sensor8:84000 mC
03-07 11:55:49.090   356   462 I ThermalEngine: Sensor:tsens_tz_sensor6:83000 mC
03-07 11:55:49.090   356   462 I ThermalEngine: Sensor:tsens_tz_sensor5:85000 mC
03-07 11:55:49.150   356   462 I ThermalEngine: Sensor:tsens_tz_sensor8:84000 mC
03-07 11:55:49.150   356   462 I ThermalEngine: Sensor:tsens_tz_sensor6:85000 mC
03-07 11:55:49.150   356   462 I ThermalEngine: Sensor:tsens_tz_sensor5:84000 mC
03-07 11:55:49.220   356   462 I ThermalEngine: Sensor:tsens_tz_sensor8:84000 mC
03-07 11:55:49.220   356   462 I ThermalEngine: Sensor:tsens_tz_sensor6:86000 mC
03-07 11:55:49.220   356   462 I ThermalEngine: Sensor:tsens_tz_sensor5:84000 mC
03-07 11:55:49.280   356   462 I ThermalEngine: Sensor:tsens_tz_sensor8:84000 mC
03-07 11:55:49.280   356   462 I ThermalEngine: Sensor:tsens_tz_sensor6:86000 mC
03-07 11:55:49.280   356   462 I ThermalEngine: Sensor:tsens_tz_sensor5:83000 mC
03-07 11:55:49.350   356   462 I ThermalEngine: Sensor:tsens_tz_sensor8:84000 mC
03-07 11:55:49.350   356   462 I ThermalEngine: Sensor:tsens_tz_sensor6:86000 mC
03-07 11:55:49.350   356   462 I ThermalEngine: Sensor:tsens_tz_sensor5:84000 mC
03-07 11:55:49.410   356   462 I ThermalEngine: Sensor:tsens_tz_sensor8:84000 mC
03-07 11:55:49.410   356   462 I ThermalEngine: Sensor:tsens_tz_sensor6:86000 mC
03-07 11:55:49.410   356   462 I ThermalEngine: Sensor:tsens_tz_sensor5:83000 mC
03-07 11:55:49.480   356   462 I ThermalEngine: Sensor:tsens_tz_sensor8:84000 mC
03-07 11:55:49.480   356   462 I ThermalEngine: Sensor:tsens_tz_sensor6:86000 mC
03-07 11:55:49.480   356   462 I ThermalEngine: Sensor:tsens_tz_sensor5:83000 mC
03-07 11:55:49.550   356   462 I ThermalEngine: Sensor:tsens_tz_sensor8:81000 mC
03-07 11:55:49.550   356   462 I ThermalEngine: Sensor:tsens_tz_sensor6:86000 mC
03-07 11:55:49.550   356   462 I ThermalEngine: Sensor:tsens_tz_sensor5:84000 mC
03-07 11:55:49.610   356   462 I ThermalEngine: Sensor:tsens_tz_sensor8:81000 mC
03-07 11:55:49.610   356   462 I ThermalEngine: Sensor:tsens_tz_sensor6:86000 mC
03-07 11:55:49.610   356   462 I ThermalEngine: Sensor:tsens_tz_sensor5:83000 mC
03-07 11:55:49.680   356   462 I ThermalEngine: Sensor:tsens_tz_sensor8:80000 mC
03-07 11:55:49.680   356   462 I ThermalEngine: Sensor:tsens_tz_sensor6:86000 mC
03-07 11:55:49.680   356   462 I ThermalEngine: Sensor:tsens_tz_sensor5:82000 mC
03-07 11:55:49.740   356   462 I ThermalEngine: Sensor:tsens_tz_sensor8:83000 mC
03-07 11:55:49.740   356   462 I ThermalEngine: Sensor:tsens_tz_sensor6:86000 mC
03-07 11:55:49.740   356   462 I ThermalEngine: Sensor:tsens_tz_sensor5:84000 mC
03-07 11:55:49.810   356   462 I ThermalEngine: Sensor:tsens_tz_sensor8:83000 mC
03-07 11:55:49.810   356   462 I ThermalEngine: Sensor:tsens_tz_sensor6:86000 mC
03-07 11:55:49.810   356   462 I ThermalEngine: Sensor:tsens_tz_sensor5:82000 mC
03-07 11:55:49.870   356   462 I ThermalEngine: Sensor:tsens_tz_sensor8:80000 mC
03-07 11:55:49.870   356   462 I ThermalEngine: Sensor:tsens_tz_sensor6:86000 mC
03-07 11:55:49.870   356   462 I ThermalEngine: Sensor:tsens_tz_sensor5:83000 mC
03-07 11:55:49.930  1341  1341 D KeyguardUpdateMonitor: received broadcast android.intent.action.BATTERY_CHANGED
03-07 11:55:49.930  1341  1341 I PERF    : received broadcast android.intent.action.BATTERY_CHANGED
03-07 11:55:49.930   934  1213 D BatteryService: !@BatteryListener : batteryPropertiesChanged!
03-07 11:55:49.930   934  1213 D BatteryService: level:72, scale:100, status:3, health:2, present:true, voltage: 3771, temperature: 297, technology: Li-ion, AC powered:false, USB powered:false, POGO powered:false, Wireless powered:false, icon:17303550, invalid charger:0, maxChargingCurrent:0
03-07 11:55:49.930   934  1213 D BatteryService: online:13, current avg:450, charge type:1, power sharing:false, high voltage charger:false, capacity:280000, batterySWSelfDischarging:false, current_now:-450
03-07 11:55:49.930   934   934 D BatteryService: Sending ACTION_BATTERY_CHANGED.
03-07 11:55:49.930   934   934 I MotionRecognitionService: On Battery, 0
03-07 11:55:49.930   934   934 D MotionRecognitionService:   cableConnection= 0
03-07 11:55:49.940  1341  1341 D KeyguardUpdateMonitor: handleBatteryUpdate
03-07 11:55:49.940   356   462 I ThermalEngine: Sensor:tsens_tz_sensor8:81000 mC
03-07 11:55:49.940   356   462 I ThermalEngine: Sensor:tsens_tz_sensor6:86000 mC
03-07 11:55:49.940   356   462 I ThermalEngine: Sensor:tsens_tz_sensor5:82000 mC
03-07 11:55:49.940  1813  1813 D BatteryMonitor: new battery level: 72
03-07 11:55:49.940  1341  1341 D BatteryMeterView: ACTION_BATTERY_CHANGED : level:72 status:3 health:2
03-07 11:55:49.960  1341  1341 D BatteryMeterView: ACTION_BATTERY_CHANGED : level:72 status:3 health:2
03-07 11:55:49.960  1341  1341 D BatteryMeterView: ACTION_BATTERY_CHANGED : level:72 status:3 health:2
03-07 11:55:50.000   356   462 I ThermalEngine: Sensor:tsens_tz_sensor8:82000 mC
03-07 11:55:50.000   356   462 I ThermalEngine: Sensor:tsens_tz_sensor6:83000 mC
03-07 11:55:50.000   356   462 I ThermalEngine: Sensor:tsens_tz_sensor5:84000 mC
03-07 11:55:50.070   356   462 I ThermalEngine: Sensor:tsens_tz_sensor8:83000 mC
03-07 11:55:50.070   356   462 I ThermalEngine: Sensor:tsens_tz_sensor6:86000 mC
03-07 11:55:50.070   356   462 I ThermalEngine: Sensor:tsens_tz_sensor5:84000 mC
03-07 11:55:50.130   356   462 I ThermalEngine: Sensor:tsens_tz_sensor8:84000 mC
03-07 11:55:50.130   356   462 I ThermalEngine: Sensor:tsens_tz_sensor6:85000 mC
03-07 11:55:50.130   356   462 I ThermalEngine: Sensor:tsens_tz_sensor5:83000 mC
03-07 11:55:50.200   356   462 I ThermalEngine: Sensor:tsens_tz_sensor8:84000 mC
03-07 11:55:50.200   356   462 I ThermalEngine: Sensor:tsens_tz_sensor6:86000 mC
03-07 11:55:50.200   356   462 I ThermalEngine: Sensor:tsens_tz_sensor5:84000 mC
03-07 11:55:50.260   356   462 I ThermalEngine: Sensor:tsens_tz_sensor8:84000 mC
03-07 11:55:50.260   356   462 I ThermalEngine: Sensor:tsens_tz_sensor6:86000 mC
03-07 11:55:50.260   356   462 I ThermalEngine: Sensor:tsens_tz_sensor5:84000 mC
03-07 11:55:50.330   356   462 I ThermalEngine: Sensor:tsens_tz_sensor8:84000 mC
03-07 11:55:50.330   356   462 I ThermalEngine: Sensor:tsens_tz_sensor6:86000 mC
03-07 11:55:50.330   356   462 I ThermalEngine: Sensor:tsens_tz_sensor5:83000 mC
03-07 11:55:50.390   356   462 I ThermalEngine: Sensor:tsens_tz_sensor8:84000 mC
03-07 11:55:50.390   356   462 I ThermalEngine: Sensor:tsens_tz_sensor6:86000 mC
03-07 11:55:50.390   356   462 I ThermalEngine: Sensor:tsens_tz_sensor5:82000 mC
03-07 11:55:50.460   356   462 I ThermalEngine: Sensor:tsens_tz_sensor8:84000 mC
03-07 11:55:50.460   356   462 I ThermalEngine: Sensor:tsens_tz_sensor6:86000 mC
03-07 11:55:50.460   356   462 I ThermalEngine: Sensor:tsens_tz_sensor5:84000 mC
03-07 11:55:50.520   356   462 I ThermalEngine: Sensor:tsens_tz_sensor8:83000 mC
03-07 11:55:50.520   356   462 I ThermalEngine: Sensor:tsens_tz_sensor6:86000 mC
03-07 11:55:50.520   356   462 I ThermalEngine: Sensor:tsens_tz_sensor5:84000 mC
03-07 11:55:50.590   356   462 I ThermalEngine: Sensor:tsens_tz_sensor8:84000 mC
03-07 11:55:50.590   356   462 I ThermalEngine: Sensor:tsens_tz_sensor6:86000 mC
03-07 11:55:50.590   356   462 I ThermalEngine: Sensor:tsens_tz_sensor5:84000 mC
03-07 11:55:50.650   356   462 I ThermalEngine: Sensor:tsens_tz_sensor8:82000 mC
03-07 11:55:50.650   356   462 I ThermalEngine: Sensor:tsens_tz_sensor6:86000 mC
03-07 11:55:50.650   356   462 I ThermalEngine: Sensor:tsens_tz_sensor5:85000 mC
03-07 11:55:50.720   356   462 I ThermalEngine: Sensor:tsens_tz_sensor8:83000 mC
03-07 11:55:50.720   356   462 I ThermalEngine: Sensor:tsens_tz_sensor6:86000 mC
03-07 11:55:50.720   356   462 I ThermalEngine: Sensor:tsens_tz_sensor5:85000 mC
03-07 11:55:50.780   356   462 I ThermalEngine: Sensor:tsens_tz_sensor8:84000 mC
03-07 11:55:50.780   356   462 I ThermalEngine: Sensor:tsens_tz_sensor6:86000 mC
03-07 11:55:50.780   356   462 I ThermalEngine: Sensor:tsens_tz_sensor5:85000 mC
03-07 11:55:50.850   356   462 I ThermalEngine: Sensor:tsens_tz_sensor8:84000 mC
03-07 11:55:50.850   356   462 I ThermalEngine: Sensor:tsens_tz_sensor6:86000 mC
03-07 11:55:50.850   356   462 I ThermalEngine: Sensor:tsens_tz_sensor5:84000 mC
03-07 11:55:50.910   356   462 I ThermalEngine: Sensor:tsens_tz_sensor8:84000 mC
03-07 11:55:50.910   356   462 I ThermalEngine: Sensor:tsens_tz_sensor6:86000 mC
03-07 11:55:50.910   356   462 I ThermalEngine: Sensor:tsens_tz_sensor5:83000 mC
03-07 11:55:50.980   356   462 I ThermalEngine: Sensor:tsens_tz_sensor8:84000 mC
03-07 11:55:50.980   356   462 I ThermalEngine: Sensor:tsens_tz_sensor6:86000 mC
03-07 11:55:50.980   356   462 I ThermalEngine: Sensor:tsens_tz_sensor5:83000 mC
03-07 11:55:51.040   356   462 I ThermalEngine: Sensor:tsens_tz_sensor8:84000 mC
03-07 11:55:51.050   356   462 I ThermalEngine: Sensor:tsens_tz_sensor6:86000 mC
03-07 11:55:51.050   356   462 I ThermalEngine: Sensor:tsens_tz_sensor5:83000 mC
03-07 11:55:51.110   356   462 I ThermalEngine: Sensor:tsens_tz_sensor8:84000 mC
03-07 11:55:51.110   356   462 I ThermalEngine: Sensor:tsens_tz_sensor6:86000 mC
03-07 11:55:51.110   356   462 I ThermalEngine: Sensor:tsens_tz_sensor5:83000 mC
03-07 11:55:51.180   356   462 I ThermalEngine: Sensor:tsens_tz_sensor8:84000 mC
03-07 11:55:51.180   356   462 I ThermalEngine: Sensor:tsens_tz_sensor6:86000 mC
03-07 11:55:51.180   356   462 I ThermalEngine: Sensor:tsens_tz_sensor5:83000 mC
03-07 11:55:51.240   356   462 I ThermalEngine: Sensor:tsens_tz_sensor8:84000 mC
03-07 11:55:51.240   356   462 I ThermalEngine: Sensor:tsens_tz_sensor6:86000 mC
03-07 11:55:51.240   356   462 I ThermalEngine: Sensor:tsens_tz_sensor5:83000 mC
03-07 11:55:51.310   356   462 I ThermalEngine: Sensor:tsens_tz_sensor8:84000 mC
03-07 11:55:51.310   356   462 I ThermalEngine: Sensor:tsens_tz_sensor6:86000 mC
03-07 11:55:51.310   356   462 I ThermalEngine: Sensor:tsens_tz_sensor5:84000 mC
03-07 11:55:51.370   356   462 I ThermalEngine: Sensor:tsens_tz_sensor8:84000 mC
03-07 11:55:51.370   356   462 I ThermalEngine: Sensor:tsens_tz_sensor6:85000 mC
03-07 11:55:51.370   356   462 I ThermalEngine: Sensor:tsens_tz_sensor5:84000 mC
03-07 11:55:51.440   356   462 I ThermalEngine: Sensor:tsens_tz_sensor8:84000 mC
03-07 11:55:51.440   356   462 I ThermalEngine: Sensor:tsens_tz_sensor6:83000 mC
03-07 11:55:51.440   356   462 I ThermalEngine: Sensor:tsens_tz_sensor5:85000 mC
03-07 11:55:51.500   356   462 I ThermalEngine: Sensor:tsens_tz_sensor8:84000 mC
03-07 11:55:51.500   356   462 I ThermalEngine: Sensor:tsens_tz_sensor6:86000 mC
03-07 11:55:51.500   356   462 I ThermalEngine: Sensor:tsens_tz_sensor5:85000 mC
03-07 11:55:51.570   356   462 I ThermalEngine: Sensor:tsens_tz_sensor8:81000 mC
03-07 11:55:51.570   356   462 I ThermalEngine: Sensor:tsens_tz_sensor6:85000 mC
03-07 11:55:51.570   356   462 I ThermalEngine: Sensor:tsens_tz_sensor5:85000 mC
03-07 11:55:51.630   356   462 I ThermalEngine: Sensor:tsens_tz_sensor8:84000 mC
03-07 11:55:51.630   356   462 I ThermalEngine: Sensor:tsens_tz_sensor6:82000 mC
03-07 11:55:51.630   356   462 I ThermalEngine: Sensor:tsens_tz_sensor5:85000 mC
03-07 11:55:51.700   356   462 I ThermalEngine: Sensor:tsens_tz_sensor8:84000 mC
03-07 11:55:51.700   356   462 I ThermalEngine: Sensor:tsens_tz_sensor6:83000 mC
03-07 11:55:51.700   356   462 I ThermalEngine: Sensor:tsens_tz_sensor5:85000 mC
03-07 11:55:51.760   356   462 I ThermalEngine: Sensor:tsens_tz_sensor8:84000 mC
03-07 11:55:51.760   356   462 I ThermalEngine: Sensor:tsens_tz_sensor6:84000 mC
03-07 11:55:51.760   356   462 I ThermalEngine: Sensor:tsens_tz_sensor5:83000 mC
03-07 11:55:51.830   356   462 I ThermalEngine: Sensor:tsens_tz_sensor8:84000 mC
03-07 11:55:51.830   356   462 I ThermalEngine: Sensor:tsens_tz_sensor6:85000 mC
03-07 11:55:51.830   356   462 I ThermalEngine: Sensor:tsens_tz_sensor5:84000 mC
03-07 11:55:51.890   356   462 I ThermalEngine: Sensor:tsens_tz_sensor8:84000 mC
03-07 11:55:51.890   356   462 I ThermalEngine: Sensor:tsens_tz_sensor6:86000 mC
03-07 11:55:51.890   356   462 I ThermalEngine: Sensor:tsens_tz_sensor5:83000 mC
03-07 11:55:51.960   356   462 I ThermalEngine: Sensor:tsens_tz_sensor8:84000 mC
03-07 11:55:51.960   356   462 I ThermalEngine: Sensor:tsens_tz_sensor6:86000 mC
03-07 11:55:51.960   356   462 I ThermalEngine: Sensor:tsens_tz_sensor5:84000 mC
03-07 11:55:52.020   356   462 I ThermalEngine: Sensor:tsens_tz_sensor8:84000 mC
03-07 11:55:52.020   356   462 I ThermalEngine: Sensor:tsens_tz_sensor6:86000 mC
03-07 11:55:52.020   356   462 I ThermalEngine: Sensor:tsens_tz_sensor5:84000 mC
03-07 11:55:52.090   356   462 I ThermalEngine: Sensor:tsens_tz_sensor8:84000 mC
03-07 11:55:52.090   356   462 I ThermalEngine: Sensor:tsens_tz_sensor6:86000 mC
03-07 11:55:52.090   356   462 I ThermalEngine: Sensor:tsens_tz_sensor5:83000 mC
03-07 11:55:52.150   356   462 I ThermalEngine: Sensor:tsens_tz_sensor8:84000 mC
03-07 11:55:52.150   356   462 I ThermalEngine: Sensor:tsens_tz_sensor6:86000 mC
03-07 11:55:52.150   356   462 I ThermalEngine: Sensor:tsens_tz_sensor5:83000 mC
03-07 11:55:52.220   356   462 I ThermalEngine: Sensor:tsens_tz_sensor8:84000 mC
03-07 11:55:52.220   356   462 I ThermalEngine: Sensor:tsens_tz_sensor6:86000 mC
03-07 11:55:52.220   356   462 I ThermalEngine: Sensor:tsens_tz_sensor5:83000 mC
03-07 11:55:52.280   356   462 I ThermalEngine: Sensor:tsens_tz_sensor8:84000 mC
03-07 11:55:52.280   356   462 I ThermalEngine: Sensor:tsens_tz_sensor6:86000 mC
03-07 11:55:52.280   356   462 I ThermalEngine: Sensor:tsens_tz_sensor5:83000 mC
03-07 11:55:52.340  1582  3936 D SensorManager: unregisterListener ::   
03-07 11:55:52.350   356   462 I ThermalEngine: Sensor:tsens_tz_sensor8:84000 mC
03-07 11:55:52.350   356   462 I ThermalEngine: Sensor:tsens_tz_sensor6:86000 mC
03-07 11:55:52.350   356   462 I ThermalEngine: Sensor:tsens_tz_sensor5:84000 mC
03-07 11:55:52.420   356   462 I ThermalEngine: Sensor:tsens_tz_sensor8:86000 mC
03-07 11:55:52.420   356   462 I ThermalEngine: Sensor:tsens_tz_sensor6:86000 mC
03-07 11:55:52.420   356   462 I ThermalEngine: Sensor:tsens_tz_sensor5:85000 mC
03-07 11:55:52.480   356   462 I ThermalEngine: Sensor:tsens_tz_sensor8:85000 mC
03-07 11:55:52.480   356   462 I ThermalEngine: Sensor:tsens_tz_sensor6:86000 mC
03-07 11:55:52.480   356   462 I ThermalEngine: Sensor:tsens_tz_sensor5:86000 mC
03-07 11:55:52.550   356   462 I ThermalEngine: Sensor:tsens_tz_sensor8:85000 mC
03-07 11:55:52.550   356   462 I ThermalEngine: Sensor:tsens_tz_sensor6:86000 mC
03-07 11:55:52.550   356   462 I ThermalEngine: Sensor:tsens_tz_sensor5:86000 mC
03-07 11:55:52.610   356   462 I ThermalEngine: Sensor:tsens_tz_sensor8:84000 mC
03-07 11:55:52.610   356   462 I ThermalEngine: Sensor:tsens_tz_sensor6:86000 mC
03-07 11:55:52.610   356   462 I ThermalEngine: Sensor:tsens_tz_sensor5:84000 mC
03-07 11:55:52.680   356   462 I ThermalEngine: Sensor:tsens_tz_sensor8:84000 mC
03-07 11:55:52.680   356   462 I ThermalEngine: Sensor:tsens_tz_sensor6:86000 mC
03-07 11:55:52.680   356   462 I ThermalEngine: Sensor:tsens_tz_sensor5:84000 mC
03-07 11:55:52.740   356   462 I ThermalEngine: Sensor:tsens_tz_sensor8:85000 mC
03-07 11:55:52.740   356   462 I ThermalEngine: Sensor:tsens_tz_sensor6:86000 mC
03-07 11:55:52.740   356   462 I ThermalEngine: Sensor:tsens_tz_sensor5:86000 mC
03-07 11:55:52.810   356   462 I ThermalEngine: Sensor:tsens_tz_sensor8:85000 mC
03-07 11:55:52.810   356   462 I ThermalEngine: Sensor:tsens_tz_sensor6:86000 mC
03-07 11:55:52.810   356   462 I ThermalEngine: Sensor:tsens_tz_sensor5:85000 mC
03-07 11:55:52.870   356   462 I ThermalEngine: Sensor:tsens_tz_sensor8:82000 mC
03-07 11:55:52.870   356   462 I ThermalEngine: Sensor:tsens_tz_sensor6:86000 mC
03-07 11:55:52.870   356   462 I ThermalEngine: Sensor:tsens_tz_sensor5:86000 mC
03-07 11:55:52.940   356   462 I ThermalEngine: Sensor:tsens_tz_sensor8:83000 mC
03-07 11:55:52.940   356   462 I ThermalEngine: Sensor:tsens_tz_sensor6:86000 mC
03-07 11:55:52.940   356   462 I ThermalEngine: Sensor:tsens_tz_sensor5:86000 mC
03-07 11:55:53.000   356   462 I ThermalEngine: Sensor:tsens_tz_sensor8:84000 mC
03-07 11:55:53.000   356   462 I ThermalEngine: Sensor:tsens_tz_sensor6:86000 mC
03-07 11:55:53.000   356   462 I ThermalEngine: Sensor:tsens_tz_sensor5:85000 mC
03-07 11:55:53.070   356   462 I ThermalEngine: Sensor:tsens_tz_sensor8:84000 mC
03-07 11:55:53.070   356   462 I ThermalEngine: Sensor:tsens_tz_sensor6:86000 mC
03-07 11:55:53.070   356   462 I ThermalEngine: Sensor:tsens_tz_sensor5:84000 mC
03-07 11:55:53.130   356   462 I ThermalEngine: Sensor:tsens_tz_sensor8:84000 mC
03-07 11:55:53.130   356   462 I ThermalEngine: Sensor:tsens_tz_sensor6:86000 mC
03-07 11:55:53.130   356   462 I ThermalEngine: Sensor:tsens_tz_sensor5:85000 mC
03-07 11:55:53.200   356   462 I ThermalEngine: Sensor:tsens_tz_sensor8:84000 mC
03-07 11:55:53.200   356   462 I ThermalEngine: Sensor:tsens_tz_sensor6:86000 mC
03-07 11:55:53.200   356   462 I ThermalEngine: Sensor:tsens_tz_sensor5:85000 mC
03-07 11:55:53.260   356   462 I ThermalEngine: Sensor:tsens_tz_sensor8:84000 mC
03-07 11:55:53.260   356   462 I ThermalEngine: Sensor:tsens_tz_sensor6:86000 mC
03-07 11:55:53.260   356   462 I ThermalEngine: Sensor:tsens_tz_sensor5:86000 mC
03-07 11:55:53.330   356   462 I ThermalEngine: Sensor:tsens_tz_sensor8:85000 mC
03-07 11:55:53.330   356   462 I ThermalEngine: Sensor:tsens_tz_sensor6:86000 mC
03-07 11:55:53.330   356   462 I ThermalEngine: Sensor:tsens_tz_sensor5:86000 mC
03-07 11:55:53.390   356   462 I ThermalEngine: Sensor:tsens_tz_sensor8:84000 mC
03-07 11:55:53.390   356   462 I ThermalEngine: Sensor:tsens_tz_sensor6:86000 mC
03-07 11:55:53.390   356   462 I ThermalEngine: Sensor:tsens_tz_sensor5:84000 mC
03-07 11:55:53.460   356   462 I ThermalEngine: Sensor:tsens_tz_sensor8:84000 mC
03-07 11:55:53.460   356   462 I ThermalEngine: Sensor:tsens_tz_sensor6:83000 mC
03-07 11:55:53.460   356   462 I ThermalEngine: Sensor:tsens_tz_sensor5:84000 mC
03-07 11:55:53.480   934  1230 V AlarmManager: Expired Alarm result :4
03-07 11:55:53.520   356   462 I ThermalEngine: Sensor:tsens_tz_sensor8:84000 mC
03-07 11:55:53.520   356   462 I ThermalEngine: Sensor:tsens_tz_sensor6:86000 mC
03-07 11:55:53.520   356   462 I ThermalEngine: Sensor:tsens_tz_sensor5:84000 mC
03-07 11:55:53.530   934  1760 D SensorService: SensorEventConnection::SocketBufferSize, SystemSocketBufferSize - 102400, 2097152
03-07 11:55:53.550  1582  3949 D SensorManager: registerListener :: 0, MPU6500 Acceleration Sensor, 20000, 0,  
03-07 11:55:53.590   356   462 I ThermalEngine: Sensor:tsens_tz_sensor8:85000 mC
03-07 11:55:53.590   356   462 I ThermalEngine: Sensor:tsens_tz_sensor6:86000 mC
03-07 11:55:53.590   356   462 I ThermalEngine: Sensor:tsens_tz_sensor5:84000 mC
03-07 11:55:53.650   356   462 I ThermalEngine: Sensor:tsens_tz_sensor8:85000 mC
03-07 11:55:53.650   356   462 I ThermalEngine: Sensor:tsens_tz_sensor6:85000 mC
03-07 11:55:53.650   356   462 I ThermalEngine: Sensor:tsens_tz_sensor5:86000 mC
03-07 11:55:53.720   356   462 I ThermalEngine: Sensor:tsens_tz_sensor8:86000 mC
03-07 11:55:53.720   356   462 I ThermalEngine: Sensor:tsens_tz_sensor6:87000 mC
03-07 11:55:53.720   356   462 I ThermalEngine: Sensor:tsens_tz_sensor5:84000 mC
03-07 11:55:53.780   356   462 I ThermalEngine: Sensor:tsens_tz_sensor8:87000 mC
03-07 11:55:53.780   356   462 I ThermalEngine: Sensor:tsens_tz_sensor6:86000 mC
03-07 11:55:53.780   356   462 I ThermalEngine: Sensor:tsens_tz_sensor5:84000 mC
03-07 11:55:53.850   356   462 I ThermalEngine: Sensor:tsens_tz_sensor8:85000 mC
03-07 11:55:53.850   356   462 I ThermalEngine: Sensor:tsens_tz_sensor6:86000 mC
03-07 11:55:53.850   356   462 I ThermalEngine: Sensor:tsens_tz_sensor5:84000 mC
03-07 11:55:53.920   356   462 I ThermalEngine: Sensor:tsens_tz_sensor8:81000 mC
03-07 11:55:53.920   356   462 I ThermalEngine: Sensor:tsens_tz_sensor6:87000 mC
03-07 11:55:53.920   356   462 I ThermalEngine: Sensor:tsens_tz_sensor5:84000 mC
03-07 11:55:53.980   356   462 I ThermalEngine: Sensor:tsens_tz_sensor8:85000 mC
03-07 11:55:53.980   356   462 I ThermalEngine: Sensor:tsens_tz_sensor6:83000 mC
03-07 11:55:53.980   356   462 I ThermalEngine: Sensor:tsens_tz_sensor5:88000 mC
03-07 11:55:54.050   356   462 I ThermalEngine: Sensor:tsens_tz_sensor8:85000 mC
03-07 11:55:54.050   356   462 I ThermalEngine: Sensor:tsens_tz_sensor6:88000 mC
03-07 11:55:54.050   356   462 I ThermalEngine: Sensor:tsens_tz_sensor5:86000 mC
03-07 11:55:54.070  2387  2397 I art     : Background sticky concurrent mark sweep GC freed 575906(15MB) AllocSpace objects, 0(0B) LOS objects, 13% free, 96MB/111MB, paused 820us total 105.831ms
03-07 11:55:54.110   356   462 I ThermalEngine: Sensor:tsens_tz_sensor8:85000 mC
03-07 11:55:54.110   356   462 I ThermalEngine: Sensor:tsens_tz_sensor6:89000 mC
03-07 11:55:54.110   356   462 I ThermalEngine: Sensor:tsens_tz_sensor5:84000 mC
03-07 11:55:54.180   356   462 I ThermalEngine: Sensor:tsens_tz_sensor8:85000 mC
03-07 11:55:54.180   356   462 I ThermalEngine: Sensor:tsens_tz_sensor6:87000 mC
03-07 11:55:54.180   356   462 I ThermalEngine: Sensor:tsens_tz_sensor5:86000 mC
03-07 11:55:54.240   356   462 I ThermalEngine: Sensor:tsens_tz_sensor8:85000 mC
03-07 11:55:54.240   356   462 I ThermalEngine: Sensor:tsens_tz_sensor6:87000 mC
03-07 11:55:54.240   356   462 I ThermalEngine: Sensor:tsens_tz_sensor5:86000 mC
03-07 11:55:54.310   356   462 I ThermalEngine: Sensor:tsens_tz_sensor8:85000 mC
03-07 11:55:54.310   356   462 I ThermalEngine: Sensor:tsens_tz_sensor6:87000 mC
03-07 11:55:54.310   356   462 I ThermalEngine: Sensor:tsens_tz_sensor5:85000 mC
03-07 11:55:54.370   356   462 I ThermalEngine: Sensor:tsens_tz_sensor8:85000 mC
03-07 11:55:54.370   356   462 I ThermalEngine: Sensor:tsens_tz_sensor6:87000 mC
03-07 11:55:54.370   356   462 I ThermalEngine: Sensor:tsens_tz_sensor5:85000 mC
03-07 11:55:54.440   356   462 I ThermalEngine: Sensor:tsens_tz_sensor8:85000 mC
03-07 11:55:54.440   356   462 I ThermalEngine: Sensor:tsens_tz_sensor6:87000 mC
03-07 11:55:54.440   356   462 I ThermalEngine: Sensor:tsens_tz_sensor5:86000 mC
03-07 11:55:54.500   356   462 I ThermalEngine: Sensor:tsens_tz_sensor8:85000 mC
03-07 11:55:54.500   356   462 I ThermalEngine: Sensor:tsens_tz_sensor6:87000 mC
03-07 11:55:54.500   356   462 I ThermalEngine: Sensor:tsens_tz_sensor5:87000 mC
03-07 11:55:54.570   356   462 I ThermalEngine: Sensor:tsens_tz_sensor8:85000 mC
03-07 11:55:54.570   356   462 I ThermalEngine: Sensor:tsens_tz_sensor6:87000 mC
03-07 11:55:54.570   356   462 I ThermalEngine: Sensor:tsens_tz_sensor5:87000 mC
03-07 11:55:54.630   356   462 I ThermalEngine: Sensor:tsens_tz_sensor8:85000 mC
03-07 11:55:54.630   356   462 I ThermalEngine: Sensor:tsens_tz_sensor6:87000 mC
03-07 11:55:54.630   356   462 I ThermalEngine: Sensor:tsens_tz_sensor5:86000 mC
03-07 11:55:54.700   356   462 I ThermalEngine: Sensor:tsens_tz_sensor8:84000 mC
03-07 11:55:54.700   356   462 I ThermalEngine: Sensor:tsens_tz_sensor6:87000 mC
03-07 11:55:54.700   356   462 I ThermalEngine: Sensor:tsens_tz_sensor5:86000 mC
03-07 11:55:54.760   356   462 I ThermalEngine: Sensor:tsens_tz_sensor8:85000 mC
03-07 11:55:54.760   356   462 I ThermalEngine: Sensor:tsens_tz_sensor6:87000 mC
03-07 11:55:54.760   356   462 I ThermalEngine: Sensor:tsens_tz_sensor5:85000 mC
03-07 11:55:54.830   356   462 I ThermalEngine: Sensor:tsens_tz_sensor8:85000 mC
03-07 11:55:54.830   356   462 I ThermalEngine: Sensor:tsens_tz_sensor6:87000 mC
03-07 11:55:54.830   356   462 I ThermalEngine: Sensor:tsens_tz_sensor5:84000 mC
03-07 11:55:54.890   356   462 I ThermalEngine: Sensor:tsens_tz_sensor8:85000 mC
03-07 11:55:54.890   356   462 I ThermalEngine: Sensor:tsens_tz_sensor6:87000 mC
03-07 11:55:54.890   356   462 I ThermalEngine: Sensor:tsens_tz_sensor5:85000 mC
03-07 11:55:54.960   356   462 I ThermalEngine: Sensor:tsens_tz_sensor8:85000 mC
03-07 11:55:54.960   356   462 I ThermalEngine: Sensor:tsens_tz_sensor6:87000 mC
03-07 11:55:54.960   356   462 I ThermalEngine: Sensor:tsens_tz_sensor5:84000 mC
03-07 11:55:55.020   356   462 I ThermalEngine: Sensor:tsens_tz_sensor8:84000 mC
03-07 11:55:55.020   356   462 I ThermalEngine: Sensor:tsens_tz_sensor6:86000 mC
03-07 11:55:55.020   356   462 I ThermalEngine: Sensor:tsens_tz_sensor5:86000 mC
03-07 11:55:55.090   356   462 I ThermalEngine: Sensor:tsens_tz_sensor8:84000 mC
03-07 11:55:55.090   356   462 I ThermalEngine: Sensor:tsens_tz_sensor6:84000 mC
03-07 11:55:55.090   356   462 I ThermalEngine: Sensor:tsens_tz_sensor5:86000 mC
03-07 11:55:55.160   356   462 I ThermalEngine: Sensor:tsens_tz_sensor8:83000 mC
03-07 11:55:55.160   356   462 I ThermalEngine: Sensor:tsens_tz_sensor6:86000 mC
03-07 11:55:55.160   356   462 I ThermalEngine: Sensor:tsens_tz_sensor5:85000 mC
03-07 11:55:55.220   356   462 I ThermalEngine: Sensor:tsens_tz_sensor8:85000 mC
03-07 11:55:55.220   356   462 I ThermalEngine: Sensor:tsens_tz_sensor6:86000 mC
03-07 11:55:55.220   356   462 I ThermalEngine: Sensor:tsens_tz_sensor5:85000 mC
03-07 11:55:55.290   356   462 I ThermalEngine: Sensor:tsens_tz_sensor8:85000 mC
03-07 11:55:55.290   356   462 I ThermalEngine: Sensor:tsens_tz_sensor6:87000 mC
03-07 11:55:55.290   356   462 I ThermalEngine: Sensor:tsens_tz_sensor5:86000 mC
03-07 11:55:55.350   356   462 I ThermalEngine: Sensor:tsens_tz_sensor8:84000 mC
03-07 11:55:55.350   356   462 I ThermalEngine: Sensor:tsens_tz_sensor6:87000 mC
03-07 11:55:55.350   356   462 I ThermalEngine: Sensor:tsens_tz_sensor5:86000 mC
03-07 11:55:55.350   934  4943 D SSRM:s  : SIOP:: AP = 540, PST = 494, CP = 87, LCD = 69
03-07 11:55:55.350   934  4943 D ConnectivityService: returning getNetworkInfo for network type 1 : [type: WIFI[] - WIFI, state: CONNECTED/CONNECTED, reason: (unspecified), extra: "LauFamily-guest", roaming: false, failover: false, isAvailable: true]
03-07 11:55:55.420   356   462 I ThermalEngine: Sensor:tsens_tz_sensor8:85000 mC
03-07 11:55:55.420   356   462 I ThermalEngine: Sensor:tsens_tz_sensor6:87000 mC
03-07 11:55:55.420   356   462 I ThermalEngine: Sensor:tsens_tz_sensor5:85000 mC
03-07 11:55:55.480   356   462 I ThermalEngine: Sensor:tsens_tz_sensor8:85000 mC
03-07 11:55:55.480   356   462 I ThermalEngine: Sensor:tsens_tz_sensor6:87000 mC
03-07 11:55:55.480   356   462 I ThermalEngine: Sensor:tsens_tz_sensor5:85000 mC
03-07 11:55:55.550   356   462 I ThermalEngine: Sensor:tsens_tz_sensor8:84000 mC
03-07 11:55:55.550   356   462 I ThermalEngine: Sensor:tsens_tz_sensor6:87000 mC
03-07 11:55:55.550   356   462 I ThermalEngine: Sensor:tsens_tz_sensor5:85000 mC
03-07 11:55:55.610   356   462 I ThermalEngine: Sensor:tsens_tz_sensor8:83000 mC
03-07 11:55:55.610   356   462 I ThermalEngine: Sensor:tsens_tz_sensor6:87000 mC
03-07 11:55:55.610   356   462 I ThermalEngine: Sensor:tsens_tz_sensor5:86000 mC
03-07 11:55:55.680   356   462 I ThermalEngine: Sensor:tsens_tz_sensor8:84000 mC
03-07 11:55:55.680   356   462 I ThermalEngine: Sensor:tsens_tz_sensor6:85000 mC
03-07 11:55:55.680   356   462 I ThermalEngine: Sensor:tsens_tz_sensor5:87000 mC
03-07 11:55:55.740   356   462 I ThermalEngine: Sensor:tsens_tz_sensor8:82000 mC
03-07 11:55:55.740   356   462 I ThermalEngine: Sensor:tsens_tz_sensor6:86000 mC
03-07 11:55:55.740   356   462 I ThermalEngine: Sensor:tsens_tz_sensor5:87000 mC
03-07 11:55:55.810   356   462 I ThermalEngine: Sensor:tsens_tz_sensor8:83000 mC
03-07 11:55:55.810   356   462 I ThermalEngine: Sensor:tsens_tz_sensor6:87000 mC
03-07 11:55:55.810   356   462 I ThermalEngine: Sensor:tsens_tz_sensor5:85000 mC
03-07 11:55:55.870   356   462 I ThermalEngine: Sensor:tsens_tz_sensor8:84000 mC
03-07 11:55:55.870   356   462 I ThermalEngine: Sensor:tsens_tz_sensor6:87000 mC
03-07 11:55:55.870   356   462 I ThermalEngine: Sensor:tsens_tz_sensor5:85000 mC
03-07 11:55:55.940   356   462 I ThermalEngine: Sensor:tsens_tz_sensor8:85000 mC
03-07 11:55:55.940   356   462 I ThermalEngine: Sensor:tsens_tz_sensor6:87000 mC
03-07 11:55:55.940   356   462 I ThermalEngine: Sensor:tsens_tz_sensor5:85000 mC
03-07 11:55:56.000   356   462 I ThermalEngine: Sensor:tsens_tz_sensor8:85000 mC
03-07 11:55:56.000   356   462 I ThermalEngine: Sensor:tsens_tz_sensor6:87000 mC
03-07 11:55:56.000   356   462 I ThermalEngine: Sensor:tsens_tz_sensor5:85000 mC
03-07 11:55:56.070   356   462 I ThermalEngine: Sensor:tsens_tz_sensor8:85000 mC
03-07 11:55:56.070   356   462 I ThermalEngine: Sensor:tsens_tz_sensor6:83000 mC
03-07 11:55:56.070   356   462 I ThermalEngine: Sensor:tsens_tz_sensor5:84000 mC
03-07 11:55:56.130   356   462 I ThermalEngine: Sensor:tsens_tz_sensor8:85000 mC
03-07 11:55:56.130   356   462 I ThermalEngine: Sensor:tsens_tz_sensor6:84000 mC
03-07 11:55:56.130   356   462 I ThermalEngine: Sensor:tsens_tz_sensor5:86000 mC
03-07 11:55:56.200   356   462 I ThermalEngine: Sensor:tsens_tz_sensor8:85000 mC
03-07 11:55:56.200   356   462 I ThermalEngine: Sensor:tsens_tz_sensor6:83000 mC
03-07 11:55:56.200   356   462 I ThermalEngine: Sensor:tsens_tz_sensor5:86000 mC
03-07 11:55:56.260   356   462 I ThermalEngine: Sensor:tsens_tz_sensor8:85000 mC
03-07 11:55:56.260   356   462 I ThermalEngine: Sensor:tsens_tz_sensor6:84000 mC
03-07 11:55:56.260   356   462 I ThermalEngine: Sensor:tsens_tz_sensor5:86000 mC
03-07 11:55:56.330   356   462 I ThermalEngine: Sensor:tsens_tz_sensor8:86000 mC
03-07 11:55:56.330   356   462 I ThermalEngine: Sensor:tsens_tz_sensor6:85000 mC
03-07 11:55:56.330   356   462 I ThermalEngine: Sensor:tsens_tz_sensor5:85000 mC
03-07 11:55:56.390   356   462 I ThermalEngine: Sensor:tsens_tz_sensor8:81000 mC
03-07 11:55:56.390   356   462 I ThermalEngine: Sensor:tsens_tz_sensor6:85000 mC
03-07 11:55:56.390   356   462 I ThermalEngine: Sensor:tsens_tz_sensor5:86000 mC
03-07 11:55:56.460   356   462 I ThermalEngine: Sensor:tsens_tz_sensor8:81000 mC
03-07 11:55:56.460   356   462 I ThermalEngine: Sensor:tsens_tz_sensor6:86000 mC
03-07 11:55:56.460   356   462 I ThermalEngine: Sensor:tsens_tz_sensor5:86000 mC
03-07 11:55:56.520   356   462 I ThermalEngine: Sensor:tsens_tz_sensor8:81000 mC
03-07 11:55:56.520   356   462 I ThermalEngine: Sensor:tsens_tz_sensor6:86000 mC
03-07 11:55:56.520   356   462 I ThermalEngine: Sensor:tsens_tz_sensor5:87000 mC
03-07 11:55:56.590   356   462 I ThermalEngine: Sensor:tsens_tz_sensor8:81000 mC
03-07 11:55:56.590   356   462 I ThermalEngine: Sensor:tsens_tz_sensor6:84000 mC
03-07 11:55:56.590   356   462 I ThermalEngine: Sensor:tsens_tz_sensor5:87000 mC
03-07 11:55:56.660   356   462 I ThermalEngine: Sensor:tsens_tz_sensor8:83000 mC
03-07 11:55:56.660   356   462 I ThermalEngine: Sensor:tsens_tz_sensor6:86000 mC
03-07 11:55:56.660   356   462 I ThermalEngine: Sensor:tsens_tz_sensor5:85000 mC
03-07 11:55:56.720   356   462 I ThermalEngine: Sensor:tsens_tz_sensor8:84000 mC
03-07 11:55:56.720   356   462 I ThermalEngine: Sensor:tsens_tz_sensor6:86000 mC
03-07 11:55:56.720   356   462 I ThermalEngine: Sensor:tsens_tz_sensor5:84000 mC
03-07 11:55:56.790   356   462 I ThermalEngine: Sensor:tsens_tz_sensor8:85000 mC
03-07 11:55:56.790   356   462 I ThermalEngine: Sensor:tsens_tz_sensor6:86000 mC
03-07 11:55:56.790   356   462 I ThermalEngine: Sensor:tsens_tz_sensor5:85000 mC
03-07 11:55:56.850   356   462 I ThermalEngine: Sensor:tsens_tz_sensor8:85000 mC
03-07 11:55:56.850   356   462 I ThermalEngine: Sensor:tsens_tz_sensor6:87000 mC
03-07 11:55:56.850   356   462 I ThermalEngine: Sensor:tsens_tz_sensor5:84000 mC
03-07 11:55:56.920   356   462 I ThermalEngine: Sensor:tsens_tz_sensor8:81000 mC
03-07 11:55:56.920   356   462 I ThermalEngine: Sensor:tsens_tz_sensor6:87000 mC
03-07 11:55:56.920   356   462 I ThermalEngine: Sensor:tsens_tz_sensor5:86000 mC
03-07 11:55:56.970  1582  3949 D SensorManager: unregisterListener ::   
03-07 11:55:56.980   356   462 I ThermalEngine: Sensor:tsens_tz_sensor8:81000 mC
03-07 11:55:56.980   356   462 I ThermalEngine: Sensor:tsens_tz_sensor6:87000 mC
03-07 11:55:56.980   356   462 I ThermalEngine: Sensor:tsens_tz_sensor5:87000 mC
03-07 11:55:57.050   356   462 I ThermalEngine: Sensor:tsens_tz_sensor8:84000 mC
03-07 11:55:57.050   356   462 I ThermalEngine: Sensor:tsens_tz_sensor6:87000 mC
03-07 11:55:57.050   356   462 I ThermalEngine: Sensor:tsens_tz_sensor5:87000 mC
03-07 11:55:57.110   356   462 I ThermalEngine: Sensor:tsens_tz_sensor8:84000 mC
03-07 11:55:57.110   356   462 I ThermalEngine: Sensor:tsens_tz_sensor6:86000 mC
03-07 11:55:57.110   356   462 I ThermalEngine: Sensor:tsens_tz_sensor5:87000 mC
03-07 11:55:57.180   356   462 I ThermalEngine: Sensor:tsens_tz_sensor8:85000 mC
03-07 11:55:57.180   356   462 I ThermalEngine: Sensor:tsens_tz_sensor6:87000 mC
03-07 11:55:57.180   356   462 I ThermalEngine: Sensor:tsens_tz_sensor5:85000 mC
03-07 11:55:57.240   356   462 I ThermalEngine: Sensor:tsens_tz_sensor8:85000 mC
03-07 11:55:57.240   356   462 I ThermalEngine: Sensor:tsens_tz_sensor6:87000 mC
03-07 11:55:57.240   356   462 I ThermalEngine: Sensor:tsens_tz_sensor5:85000 mC
03-07 11:55:57.310   356   462 I ThermalEngine: Sensor:tsens_tz_sensor8:85000 mC
03-07 11:55:57.310   356   462 I ThermalEngine: Sensor:tsens_tz_sensor6:87000 mC
03-07 11:55:57.310   356   462 I ThermalEngine: Sensor:tsens_tz_sensor5:85000 mC
03-07 11:55:57.370   356   462 I ThermalEngine: Sensor:tsens_tz_sensor8:85000 mC
03-07 11:55:57.370   356   462 I ThermalEngine: Sensor:tsens_tz_sensor6:87000 mC
03-07 11:55:57.370   356   462 I ThermalEngine: Sensor:tsens_tz_sensor5:85000 mC
03-07 11:55:57.440   356   462 I ThermalEngine: Sensor:tsens_tz_sensor8:85000 mC
03-07 11:55:57.440   356   462 I ThermalEngine: Sensor:tsens_tz_sensor6:87000 mC
03-07 11:55:57.440   356   462 I ThermalEngine: Sensor:tsens_tz_sensor5:84000 mC
03-07 11:55:57.500   356   462 I ThermalEngine: Sensor:tsens_tz_sensor8:85000 mC
03-07 11:55:57.500   356   462 I ThermalEngine: Sensor:tsens_tz_sensor6:87000 mC
03-07 11:55:57.500   356   462 I ThermalEngine: Sensor:tsens_tz_sensor5:84000 mC
03-07 11:55:57.570   356   462 I ThermalEngine: Sensor:tsens_tz_sensor8:84000 mC
03-07 11:55:57.570   356   462 I ThermalEngine: Sensor:tsens_tz_sensor6:87000 mC
03-07 11:55:57.570   356   462 I ThermalEngine: Sensor:tsens_tz_sensor5:86000 mC
03-07 11:55:57.630   356   462 I ThermalEngine: Sensor:tsens_tz_sensor8:81000 mC
03-07 11:55:57.630   356   462 I ThermalEngine: Sensor:tsens_tz_sensor6:87000 mC
03-07 11:55:57.630   356   462 I ThermalEngine: Sensor:tsens_tz_sensor5:84000 mC
03-07 11:55:57.700   356   462 I ThermalEngine: Sensor:tsens_tz_sensor8:84000 mC
03-07 11:55:57.700   356   462 I ThermalEngine: Sensor:tsens_tz_sensor6:87000 mC
03-07 11:55:57.700   356   462 I ThermalEngine: Sensor:tsens_tz_sensor5:84000 mC
03-07 11:55:57.760   356   462 I ThermalEngine: Sensor:tsens_tz_sensor8:85000 mC
03-07 11:55:57.760   356   462 I ThermalEngine: Sensor:tsens_tz_sensor6:87000 mC
03-07 11:55:57.760   356   462 I ThermalEngine: Sensor:tsens_tz_sensor5:85000 mC
03-07 11:55:57.830   356   462 I ThermalEngine: Sensor:tsens_tz_sensor8:85000 mC
03-07 11:55:57.830   356   462 I ThermalEngine: Sensor:tsens_tz_sensor6:87000 mC
03-07 11:55:57.830   356   462 I ThermalEngine: Sensor:tsens_tz_sensor5:84000 mC
03-07 11:55:57.900   356   462 I ThermalEngine: Sensor:tsens_tz_sensor8:85000 mC
03-07 11:55:57.900   356   462 I ThermalEngine: Sensor:tsens_tz_sensor6:87000 mC
03-07 11:55:57.900   356   462 I ThermalEngine: Sensor:tsens_tz_sensor5:84000 mC
03-07 11:55:57.960   356   462 I ThermalEngine: Sensor:tsens_tz_sensor8:85000 mC
03-07 11:55:57.960   356   462 I ThermalEngine: Sensor:tsens_tz_sensor6:87000 mC
03-07 11:55:57.960   356   462 I ThermalEngine: Sensor:tsens_tz_sensor5:85000 mC
03-07 11:55:58.030   356   462 I ThermalEngine: Sensor:tsens_tz_sensor8:85000 mC
03-07 11:55:58.030   356   462 I ThermalEngine: Sensor:tsens_tz_sensor6:87000 mC
03-07 11:55:58.030   356   462 I ThermalEngine: Sensor:tsens_tz_sensor5:84000 mC
03-07 11:55:58.090   356   462 I ThermalEngine: Sensor:tsens_tz_sensor8:85000 mC
03-07 11:55:58.090   356   462 I ThermalEngine: Sensor:tsens_tz_sensor6:87000 mC
03-07 11:55:58.090   356   462 I ThermalEngine: Sensor:tsens_tz_sensor5:85000 mC
03-07 11:55:58.110   934  1230 V AlarmManager: Expired Alarm result :4
03-07 11:55:58.150   934  1377 D SensorService: SensorEventConnection::SocketBufferSize, SystemSocketBufferSize - 102400, 2097152
03-07 11:55:58.160   356   462 I ThermalEngine: Sensor:tsens_tz_sensor8:85000 mC
03-07 11:55:58.160   356   462 I ThermalEngine: Sensor:tsens_tz_sensor6:87000 mC
03-07 11:55:58.160   356   462 I ThermalEngine: Sensor:tsens_tz_sensor5:85000 mC
03-07 11:55:58.170  1582  3977 D SensorManager: registerListener :: 0, MPU6500 Acceleration Sensor, 20000, 0,  
03-07 11:55:58.220   356   462 I ThermalEngine: Sensor:tsens_tz_sensor8:85000 mC
03-07 11:55:58.220   356   462 I ThermalEngine: Sensor:tsens_tz_sensor6:87000 mC
03-07 11:55:58.220   356   462 I ThermalEngine: Sensor:tsens_tz_sensor5:84000 mC
03-07 11:55:58.290   356   462 I ThermalEngine: Sensor:tsens_tz_sensor8:85000 mC
03-07 11:55:58.290   356   462 I ThermalEngine: Sensor:tsens_tz_sensor6:88000 mC
03-07 11:55:58.290   356   462 I ThermalEngine: Sensor:tsens_tz_sensor5:85000 mC
03-07 11:55:58.350   356   462 I ThermalEngine: Sensor:tsens_tz_sensor8:85000 mC
03-07 11:55:58.350   356   462 I ThermalEngine: Sensor:tsens_tz_sensor6:87000 mC
03-07 11:55:58.350   356   462 I ThermalEngine: Sensor:tsens_tz_sensor5:84000 mC
03-07 11:55:58.420   356   462 I ThermalEngine: Sensor:tsens_tz_sensor8:85000 mC
03-07 11:55:58.420   356   462 I ThermalEngine: Sensor:tsens_tz_sensor6:87000 mC
03-07 11:55:58.420   356   462 I ThermalEngine: Sensor:tsens_tz_sensor5:84000 mC
03-07 11:55:58.480   356   462 I ThermalEngine: Sensor:tsens_tz_sensor8:85000 mC
03-07 11:55:58.480   356   462 I ThermalEngine: Sensor:tsens_tz_sensor6:87000 mC
03-07 11:55:58.480   356   462 I ThermalEngine: Sensor:tsens_tz_sensor5:84000 mC
03-07 11:55:58.550   356   462 I ThermalEngine: Sensor:tsens_tz_sensor8:85000 mC
03-07 11:55:58.550   356   462 I ThermalEngine: Sensor:tsens_tz_sensor6:87000 mC
03-07 11:55:58.550   356   462 I ThermalEngine: Sensor:tsens_tz_sensor5:85000 mC
03-07 11:55:58.610   356   462 I ThermalEngine: Sensor:tsens_tz_sensor8:85000 mC
03-07 11:55:58.610   356   462 I ThermalEngine: Sensor:tsens_tz_sensor6:87000 mC
03-07 11:55:58.610   356   462 I ThermalEngine: Sensor:tsens_tz_sensor5:84000 mC
03-07 11:55:58.680   356   462 I ThermalEngine: Sensor:tsens_tz_sensor8:85000 mC
03-07 11:55:58.680   356   462 I ThermalEngine: Sensor:tsens_tz_sensor6:87000 mC
03-07 11:55:58.680   356   462 I ThermalEngine: Sensor:tsens_tz_sensor5:84000 mC
03-07 11:55:58.740   356   462 I ThermalEngine: Sensor:tsens_tz_sensor8:85000 mC
03-07 11:55:58.740   356   462 I ThermalEngine: Sensor:tsens_tz_sensor6:87000 mC
03-07 11:55:58.740   356   462 I ThermalEngine: Sensor:tsens_tz_sensor5:84000 mC
03-07 11:55:58.810   356   462 I ThermalEngine: Sensor:tsens_tz_sensor8:85000 mC
03-07 11:55:58.810   356   462 I ThermalEngine: Sensor:tsens_tz_sensor6:87000 mC
03-07 11:55:58.810   356   462 I ThermalEngine: Sensor:tsens_tz_sensor5:84000 mC
03-07 11:55:58.870   356   462 I ThermalEngine: Sensor:tsens_tz_sensor8:85000 mC
03-07 11:55:58.870   356   462 I ThermalEngine: Sensor:tsens_tz_sensor6:87000 mC
03-07 11:55:58.870   356   462 I ThermalEngine: Sensor:tsens_tz_sensor5:84000 mC
03-07 11:55:58.940   356   462 I ThermalEngine: Sensor:tsens_tz_sensor8:85000 mC
03-07 11:55:58.940   356   462 I ThermalEngine: Sensor:tsens_tz_sensor6:87000 mC
03-07 11:55:58.940   356   462 I ThermalEngine: Sensor:tsens_tz_sensor5:85000 mC
03-07 11:55:59.000   356   462 I ThermalEngine: Sensor:tsens_tz_sensor8:85000 mC
03-07 11:55:59.000   356   462 I ThermalEngine: Sensor:tsens_tz_sensor6:87000 mC
03-07 11:55:59.000   356   462 I ThermalEngine: Sensor:tsens_tz_sensor5:85000 mC
03-07 11:55:59.070   356   462 I ThermalEngine: Sensor:tsens_tz_sensor8:83000 mC
03-07 11:55:59.070   356   462 I ThermalEngine: Sensor:tsens_tz_sensor6:87000 mC
03-07 11:55:59.070   356   462 I ThermalEngine: Sensor:tsens_tz_sensor5:86000 mC
03-07 11:55:59.130   356   462 I ThermalEngine: Sensor:tsens_tz_sensor8:86000 mC
03-07 11:55:59.130   356   462 I ThermalEngine: Sensor:tsens_tz_sensor6:87000 mC
03-07 11:55:59.130   356   462 I ThermalEngine: Sensor:tsens_tz_sensor5:86000 mC
03-07 11:55:59.200   356   462 I ThermalEngine: Sensor:tsens_tz_sensor8:84000 mC
03-07 11:55:59.200   356   462 I ThermalEngine: Sensor:tsens_tz_sensor6:87000 mC
03-07 11:55:59.200   356   462 I ThermalEngine: Sensor:tsens_tz_sensor5:84000 mC
03-07 11:55:59.260   356   462 I ThermalEngine: Sensor:tsens_tz_sensor8:85000 mC
03-07 11:55:59.260   356   462 I ThermalEngine: Sensor:tsens_tz_sensor6:87000 mC
03-07 11:55:59.260   356   462 I ThermalEngine: Sensor:tsens_tz_sensor5:85000 mC
03-07 11:55:59.330   356   462 I ThermalEngine: Sensor:tsens_tz_sensor8:85000 mC
03-07 11:55:59.330   356   462 I ThermalEngine: Sensor:tsens_tz_sensor6:87000 mC
03-07 11:55:59.330   356   462 I ThermalEngine: Sensor:tsens_tz_sensor5:85000 mC
03-07 11:55:59.390   356   462 I ThermalEngine: Sensor:tsens_tz_sensor8:85000 mC
03-07 11:55:59.390   356   462 I ThermalEngine: Sensor:tsens_tz_sensor6:87000 mC
03-07 11:55:59.400   356   462 I ThermalEngine: Sensor:tsens_tz_sensor5:86000 mC
03-07 11:55:59.460   356   462 I ThermalEngine: Sensor:tsens_tz_sensor8:85000 mC
03-07 11:55:59.460   356   462 I ThermalEngine: Sensor:tsens_tz_sensor6:86000 mC
03-07 11:55:59.460   356   462 I ThermalEngine: Sensor:tsens_tz_sensor5:86000 mC
03-07 11:55:59.530   356   462 I ThermalEngine: Sensor:tsens_tz_sensor8:85000 mC
03-07 11:55:59.530   356   462 I ThermalEngine: Sensor:tsens_tz_sensor6:87000 mC
03-07 11:55:59.530   356   462 I ThermalEngine: Sensor:tsens_tz_sensor5:86000 mC
03-07 11:55:59.590   356   462 I ThermalEngine: Sensor:tsens_tz_sensor8:84000 mC
03-07 11:55:59.590   356   462 I ThermalEngine: Sensor:tsens_tz_sensor6:87000 mC
03-07 11:55:59.590   356   462 I ThermalEngine: Sensor:tsens_tz_sensor5:87000 mC
03-07 11:55:59.660   356   462 I ThermalEngine: Sensor:tsens_tz_sensor8:82000 mC
03-07 11:55:59.660   356   462 I ThermalEngine: Sensor:tsens_tz_sensor6:88000 mC
03-07 11:55:59.660   356   462 I ThermalEngine: Sensor:tsens_tz_sensor5:87000 mC
03-07 11:55:59.720   356   462 I ThermalEngine: Sensor:tsens_tz_sensor8:85000 mC
03-07 11:55:59.720   356   462 I ThermalEngine: Sensor:tsens_tz_sensor6:87000 mC
03-07 11:55:59.720   356   462 I ThermalEngine: Sensor:tsens_tz_sensor5:87000 mC
03-07 11:55:59.790   356   462 I ThermalEngine: Sensor:tsens_tz_sensor8:85000 mC
03-07 11:55:59.790   356   462 I ThermalEngine: Sensor:tsens_tz_sensor6:87000 mC
03-07 11:55:59.790   356   462 I ThermalEngine: Sensor:tsens_tz_sensor5:87000 mC
03-07 11:55:59.850   356   462 I ThermalEngine: Sensor:tsens_tz_sensor8:85000 mC
03-07 11:55:59.850   356   462 I ThermalEngine: Sensor:tsens_tz_sensor6:87000 mC
03-07 11:55:59.850   356   462 I ThermalEngine: Sensor:tsens_tz_sensor5:87000 mC
03-07 11:55:59.920   356   462 I ThermalEngine: Sensor:tsens_tz_sensor8:85000 mC
03-07 11:55:59.920   356   462 I ThermalEngine: Sensor:tsens_tz_sensor6:88000 mC
03-07 11:55:59.920   356   462 I ThermalEngine: Sensor:tsens_tz_sensor5:87000 mC
03-07 11:55:59.980   356   462 I ThermalEngine: Sensor:tsens_tz_sensor8:85000 mC
03-07 11:55:59.980   356   462 I ThermalEngine: Sensor:tsens_tz_sensor6:88000 mC
03-07 11:55:59.980   356   462 I ThermalEngine: Sensor:tsens_tz_sensor5:86000 mC
03-07 11:55:59.990   934  1230 V AlarmManager: Expired Alarm result :8
03-07 11:55:59.990   934   934 V AlarmManager: ___SyncScheduler (v3) ACTIVATED___
03-07 11:56:00.000  1341  1341 D KeyguardUpdateMonitor: received broadcast android.intent.action.TIME_TICK
03-07 11:56:00.000  1341  1341 I PERF    : received broadcast android.intent.action.TIME_TICK
03-07 11:56:00.000  1341  1341 D KeyguardUpdateMonitor: handleTimeUpdate
03-07 11:56:00.000   934   934 V AlarmManagerEXT: <AppSync3 Whitelist>
03-07 11:56:00.000   934   934 V AlarmManagerEXT: (AppSync) ### 0 added ###
03-07 11:56:00.020  1341  1341 D SecKeyguardClockView: onTimeChanged() : mShouldShowDualClock - false, isDualClockSet() -false
03-07 11:56:00.020  1341  1341 D SecKeyguardClockView: HomeTimezone(): 1
03-07 11:56:00.020  1341  1341 D DateView: regionalDateFormat = Mdy isRTLlanguage = false returnDateFormat = E, MMM d
03-07 11:56:00.020  1341  1341 D DateView: regionalDateFormat = Mdy isRTLlanguage = false returnDateFormat = E, MMM d
03-07 11:56:00.020  1341  1341 D DateView: regionalDateFormat = Mdy isRTLlanguage = false returnDateFormat = E, MMM d
03-07 11:56:00.020  1341  1341 D DateView: regionalDateFormat = Mdy isRTLlanguage = false returnDateFormat = E, MMM d
03-07 11:56:00.020  1341  1341 D DateView: regionalDateFormat = Mdy isRTLlanguage = false returnDateFormat = E, MMM d
03-07 11:56:00.030  1341  1341 D DateView: regionalDateFormat = Mdy isRTLlanguage = false returnDateFormat = E, MMM d
03-07 11:56:00.030  1341  1341 D SecKeyguardStatusUtils: regionalDateFormat = Mdy isRTLlanguage = false returnDateFormat = E, MMM d
03-07 11:56:00.050   356   462 I ThermalEngine: Sensor:tsens_tz_sensor8:83000 mC
03-07 11:56:00.050   356   462 I ThermalEngine: Sensor:tsens_tz_sensor6:88000 mC
03-07 11:56:00.050   356   462 I ThermalEngine: Sensor:tsens_tz_sensor5:87000 mC
03-07 11:56:00.080  1341  1341 D SecKeyguardStatusUtils: regionalDateFormat = Mdy isRTLlanguage = false returnDateFormat = E, MMM d
03-07 11:56:00.110   356   462 I ThermalEngine: Sensor:tsens_tz_sensor8:86000 mC
03-07 11:56:00.110   356   462 I ThermalEngine: Sensor:tsens_tz_sensor6:86000 mC
03-07 11:56:00.110   356   462 I ThermalEngine: Sensor:tsens_tz_sensor5:87000 mC
03-07 11:56:00.160  2658  3126 W ResourcesManager: getTopLevelResources: /data/app/com.google.android.gms-2/base.apk / 1.0 running in com.lookout rsrc of package null
03-07 11:56:00.180   356   462 I ThermalEngine: Sensor:tsens_tz_sensor8:85000 mC
03-07 11:56:00.180   356   462 I ThermalEngine: Sensor:tsens_tz_sensor6:87000 mC
03-07 11:56:00.180   356   462 I ThermalEngine: Sensor:tsens_tz_sensor5:87000 mC
03-07 11:56:00.210  2658  3126 I System.out: (HTTPLog)-Static: isSBSettingEnabled false
03-07 11:56:00.210  2658  3126 I System.out: (HTTPLog)-Static: isSBSettingEnabled false
03-07 11:56:00.240   356   462 I ThermalEngine: Sensor:tsens_tz_sensor8:86000 mC
03-07 11:56:00.240   356   462 I ThermalEngine: Sensor:tsens_tz_sensor6:88000 mC
03-07 11:56:00.240   356   462 I ThermalEngine: Sensor:tsens_tz_sensor5:87000 mC
03-07 11:56:00.310   356   462 I ThermalEngine: Sensor:tsens_tz_sensor8:88000 mC
03-07 11:56:00.310   356   462 I ThermalEngine: Sensor:tsens_tz_sensor6:88000 mC
03-07 11:56:00.310   356   462 I ThermalEngine: Sensor:tsens_tz_sensor5:87000 mC
03-07 11:56:00.370   356   462 I ThermalEngine: Sensor:tsens_tz_sensor8:85000 mC
03-07 11:56:00.370   356   462 I ThermalEngine: Sensor:tsens_tz_sensor6:87000 mC
03-07 11:56:00.370   356   462 I ThermalEngine: Sensor:tsens_tz_sensor5:87000 mC
03-07 11:56:00.440   356   462 I ThermalEngine: Sensor:tsens_tz_sensor8:85000 mC
03-07 11:56:00.440   356   462 I ThermalEngine: Sensor:tsens_tz_sensor6:85000 mC
03-07 11:56:00.440   356   462 I ThermalEngine: Sensor:tsens_tz_sensor5:87000 mC
03-07 11:56:00.500   356   462 I ThermalEngine: Sensor:tsens_tz_sensor8:81000 mC
03-07 11:56:00.500   356   462 I ThermalEngine: Sensor:tsens_tz_sensor6:85000 mC
03-07 11:56:00.500   356   462 I ThermalEngine: Sensor:tsens_tz_sensor5:87000 mC
03-07 11:56:00.570   356   462 I ThermalEngine: Sensor:tsens_tz_sensor8:84000 mC
