03-07 11:56:28.650   934   934 D WifiService: mActivityTrackerListener: onSContextChanged(): 25
03-07 11:56:28.650   934   934 D WifiService: ACTIVITY_STATUS_STATIONARY 
03-07 11:56:28.660  2387  3862 D backLeftVelocity: : 1500.0
03-07 11:56:28.660  2387  3862 D backRightVelocity: : 1580.0
03-07 11:56:28.670  2387  3862 D fontLeftVelocity: : 1380.0
03-07 11:56:28.670  2387  3862 D frontRightVelocity: : 1380.0
03-07 11:56:28.680   356   462 I ThermalEngine: Sensor:tsens_tz_sensor8:89000 mC
03-07 11:56:28.680   356   462 I ThermalEngine: Sensor:tsens_tz_sensor6:89000 mC
03-07 11:56:28.680   356   462 I ThermalEngine: Sensor:tsens_tz_sensor5:86000 mC
03-07 11:56:28.720  2387  3862 D backLeftPower: : 0.0
03-07 11:56:28.720  2387  3862 D backRightPower: : 0.0
03-07 11:56:28.720  2387  3862 D frontLeftPower: : 0.0
03-07 11:56:28.720  2387  3862 D frontRightPower: : 0.0
03-07 11:56:28.730  2387  3862 D backLeftVelocity: : 1280.0
03-07 11:56:28.730  2387  3862 D backRightVelocity: : 1100.0
03-07 11:56:28.740  2387  3862 D fontLeftVelocity: : 1220.0
03-07 11:56:28.740  2387  3862 D frontRightVelocity: : 1060.0
03-07 11:56:28.750   356   462 I ThermalEngine: Sensor:tsens_tz_sensor8:89000 mC
03-07 11:56:28.750   356   462 I ThermalEngine: Sensor:tsens_tz_sensor6:84000 mC
03-07 11:56:28.750   356   462 I ThermalEngine: Sensor:tsens_tz_sensor5:86000 mC
03-07 11:56:28.780  2387  3862 D backLeftPower: : 0.0
03-07 11:56:28.780  2387  3862 D backRightPower: : 0.0
03-07 11:56:28.780  2387  3862 D frontLeftPower: : 0.0
03-07 11:56:28.780  2387  3862 D frontRightPower: : -0.3295111634021437
03-07 11:56:28.780  2387  3862 D backLeftVelocity: : 400.0
03-07 11:56:28.790  2387  3862 D backRightVelocity: : 300.0
03-07 11:56:28.800  2387  3862 D fontLeftVelocity: : 980.0
03-07 11:56:28.800  2387  3862 D frontRightVelocity: : 720.0
03-07 11:56:28.810   356   462 I ThermalEngine: Sensor:tsens_tz_sensor8:89000 mC
03-07 11:56:28.810   356   462 I ThermalEngine: Sensor:tsens_tz_sensor6:84000 mC
03-07 11:56:28.810   356   462 I ThermalEngine: Sensor:tsens_tz_sensor5:88000 mC
03-07 11:56:28.840  2387  3862 D backLeftPower: : -0.7071067811865477
03-07 11:56:28.840  2387  3862 D backRightPower: : -0.7071067811865475
03-07 11:56:28.840  2387  3862 D frontLeftPower: : -0.7071067811865475
03-07 11:56:28.840  2387  3862 D frontRightPower: : -0.7071067811865477
03-07 11:56:28.840  2387  3862 D backLeftVelocity: : 520.0
03-07 11:56:28.850  2387  3862 D backRightVelocity: : 420.0
03-07 11:56:28.850  2387  3862 D fontLeftVelocity: : 300.0
03-07 11:56:28.860  2387  3862 D frontRightVelocity: : 100.0
03-07 11:56:28.880   356   462 I ThermalEngine: Sensor:tsens_tz_sensor8:89000 mC
03-07 11:56:28.880   356   462 I ThermalEngine: Sensor:tsens_tz_sensor6:85000 mC
03-07 11:56:28.880   356   462 I ThermalEngine: Sensor:tsens_tz_sensor5:87000 mC
03-07 11:56:28.880  2387  3862 D backLeftPower: : -0.7071067811865477
03-07 11:56:28.880  2387  3862 D backRightPower: : -0.7071067811865475
03-07 11:56:28.880  2387  3862 D frontLeftPower: : -0.7071067811865475
03-07 11:56:28.880  2387  3862 D frontRightPower: : -0.7071067811865477
03-07 11:56:28.890  2387  3862 D backLeftVelocity: : -80.0
03-07 11:56:28.890  2387  3862 D backRightVelocity: : -220.0
03-07 11:56:28.900  2387  3862 D fontLeftVelocity: : 20.0
03-07 11:56:28.900  2387  3862 D frontRightVelocity: : -220.0
03-07 11:56:28.930  2387  3862 D backLeftPower: : -0.7071067811865477
03-07 11:56:28.930  2387  3862 D backRightPower: : -0.7071067811865475
03-07 11:56:28.930  2387  3862 D frontLeftPower: : -0.7071067811865475
03-07 11:56:28.930  2387  3862 D frontRightPower: : -0.7071067811865477
03-07 11:56:28.930  2387  3862 D backLeftVelocity: : -880.0
03-07 11:56:28.940  2387  3862 D backRightVelocity: : -760.0
03-07 11:56:28.940  2387  3862 D fontLeftVelocity: : -0.0
03-07 11:56:28.940   356   462 I ThermalEngine: Sensor:tsens_tz_sensor8:89000 mC
03-07 11:56:28.940   356   462 I ThermalEngine: Sensor:tsens_tz_sensor6:88000 mC
03-07 11:56:28.940   356   462 I ThermalEngine: Sensor:tsens_tz_sensor5:86000 mC
03-07 11:56:28.950  2387  3862 D frontRightVelocity: : -280.0
03-07 11:56:28.970  2387  3862 D backLeftPower: : -0.7071067811865477
03-07 11:56:28.970  2387  3862 D backRightPower: : -0.7071067811865475
03-07 11:56:28.970  2387  3862 D frontLeftPower: : -0.7071067811865475
03-07 11:56:28.970  2387  3862 D frontRightPower: : -0.7071067811865477
03-07 11:56:28.970  2387  3862 D backLeftVelocity: : -1000.0
03-07 11:56:28.980  2387  3862 D backRightVelocity: : -820.0
03-07 11:56:28.980  2387  3862 D fontLeftVelocity: : -0.0
03-07 11:56:28.990  2387  3862 D frontRightVelocity: : -260.0
03-07 11:56:29.010   356   462 I ThermalEngine: Sensor:tsens_tz_sensor8:85000 mC
03-07 11:56:29.010   356   462 I ThermalEngine: Sensor:tsens_tz_sensor6:85000 mC
03-07 11:56:29.010   356   462 I ThermalEngine: Sensor:tsens_tz_sensor5:89000 mC
03-07 11:56:29.020  2387  3862 D backLeftPower: : -0.7071067811865477
03-07 11:56:29.020  2387  3862 D backRightPower: : -0.7071067811865475
03-07 11:56:29.020  2387  3862 D frontLeftPower: : -0.7071067811865475
03-07 11:56:29.020  2387  3862 D frontRightPower: : -0.7071067811865477
03-07 11:56:29.030  2387  3862 D backLeftVelocity: : -1040.0
03-07 11:56:29.030  2387  3862 D backRightVelocity: : -640.0
03-07 11:56:29.030  2387  3862 D fontLeftVelocity: : -80.0
03-07 11:56:29.040  2387  3862 D frontRightVelocity: : -440.0
03-07 11:56:29.070  2387  3862 D backLeftPower: : -0.7071067811865477
03-07 11:56:29.070  2387  3862 D backRightPower: : -0.7071067811865475
03-07 11:56:29.070  2387  3862 D frontLeftPower: : -0.7071067811865475
03-07 11:56:29.070  2387  3862 D frontRightPower: : -0.7071067811865477
03-07 11:56:29.070   356   462 I ThermalEngine: Sensor:tsens_tz_sensor8:83000 mC
03-07 11:56:29.070   356   462 I ThermalEngine: Sensor:tsens_tz_sensor6:88000 mC
03-07 11:56:29.070   356   462 I ThermalEngine: Sensor:tsens_tz_sensor5:89000 mC
03-07 11:56:29.080  2387  3862 D backLeftVelocity: : -1080.0
03-07 11:56:29.080  2387  3862 D backRightVelocity: : -740.0
03-07 11:56:29.080  2387  3862 D fontLeftVelocity: : -320.0
03-07 11:56:29.090  2387  3862 D frontRightVelocity: : -320.0
03-07 11:56:29.130  2387  3862 D backLeftPower: : -0.7071067811865477
03-07 11:56:29.130  2387  3862 D backRightPower: : -0.7071067811865475
03-07 11:56:29.130  2387  3862 D frontLeftPower: : -0.7071067811865475
03-07 11:56:29.130  2387  3862 D frontRightPower: : -0.7071067811865477
03-07 11:56:29.140  2387  3862 D backLeftVelocity: : -960.0
03-07 11:56:29.140   356   462 I ThermalEngine: Sensor:tsens_tz_sensor8:88000 mC
03-07 11:56:29.140   356   462 I ThermalEngine: Sensor:tsens_tz_sensor6:87000 mC
03-07 11:56:29.140   356   462 I ThermalEngine: Sensor:tsens_tz_sensor5:86000 mC
03-07 11:56:29.140  2387  3862 D backRightVelocity: : -800.0
03-07 11:56:29.140  2387  3862 D fontLeftVelocity: : -420.0
03-07 11:56:29.150  2387  3862 D frontRightVelocity: : -600.0
03-07 11:56:29.180  2387  3862 D backLeftPower: : -0.7071067811865477
03-07 11:56:29.180  2387  3862 D backRightPower: : -0.7071067811865475
03-07 11:56:29.180  2387  3862 D frontLeftPower: : -0.7071067811865475
03-07 11:56:29.180  2387  3862 D frontRightPower: : -0.7071067811865477
03-07 11:56:29.180  2387  3862 D backLeftVelocity: : -1000.0
03-07 11:56:29.180  2387  3862 D backRightVelocity: : -900.0
03-07 11:56:29.190  2387  3862 D fontLeftVelocity: : -620.0
03-07 11:56:29.190  2387  3862 D frontRightVelocity: : -760.0
03-07 11:56:29.200   356   462 I ThermalEngine: Sensor:tsens_tz_sensor8:88000 mC
03-07 11:56:29.200   356   462 I ThermalEngine: Sensor:tsens_tz_sensor6:89000 mC
03-07 11:56:29.200   356   462 I ThermalEngine: Sensor:tsens_tz_sensor5:87000 mC
03-07 11:56:29.250  2387  3862 D backLeftPower: : -0.7276950152535109
03-07 11:56:29.250  2387  3862 D backRightPower: : -0.6865185471195843
03-07 11:56:29.250  2387  3862 D frontLeftPower: : -0.7276950152535107
03-07 11:56:29.250  2387  3862 D frontRightPower: : -0.6865185471195845
03-07 11:56:29.260  2387  3862 D backLeftVelocity: : -1000.0
03-07 11:56:29.260  2387  3862 D backRightVelocity: : -1000.0
03-07 11:56:29.270  2387  3862 D fontLeftVelocity: : -860.0
03-07 11:56:29.270   356   462 I ThermalEngine: Sensor:tsens_tz_sensor8:89000 mC
03-07 11:56:29.270   356   462 I ThermalEngine: Sensor:tsens_tz_sensor6:85000 mC
03-07 11:56:29.270   356   462 I ThermalEngine: Sensor:tsens_tz_sensor5:87000 mC
03-07 11:56:29.270  2387  3862 D frontRightVelocity: : -940.0
03-07 11:56:29.330  2387  3862 D backLeftPower: : -0.7600479545015959
03-07 11:56:29.330  2387  3862 D backRightPower: : -0.6571067841667797
03-07 11:56:29.330  2387  3862 D frontLeftPower: : -0.7571067782063152
03-07 11:56:29.330  2387  3862 D frontRightPower: : -0.6571067841667799
03-07 11:56:29.330   356   462 I ThermalEngine: Sensor:tsens_tz_sensor8:89000 mC
03-07 11:56:29.330   356   462 I ThermalEngine: Sensor:tsens_tz_sensor6:87000 mC
03-07 11:56:29.340   356   462 I ThermalEngine: Sensor:tsens_tz_sensor5:86000 mC
03-07 11:56:29.340  2387  3862 D backLeftVelocity: : -1180.0
03-07 11:56:29.340  2387  3862 D backRightVelocity: : -1040.0
03-07 11:56:29.350  2387  3862 D fontLeftVelocity: : -1060.0
03-07 11:56:29.350  2387  3862 D frontRightVelocity: : -1060.0
03-07 11:56:29.380  2387  3862 D backLeftPower: : -0.7571067782063154
03-07 11:56:29.380  2387  3862 D backRightPower: : -0.6571067841667797
03-07 11:56:29.380  2387  3862 D frontLeftPower: : -0.7571067782063152
03-07 11:56:29.380  2387  3862 D frontRightPower: : -0.6571067841667799
03-07 11:56:29.390  2387  3862 D backLeftVelocity: : -1180.0
03-07 11:56:29.390  2387  3862 D backRightVelocity: : -1060.0
03-07 11:56:29.400  2387  3862 D fontLeftVelocity: : -1160.0
03-07 11:56:29.400   356   462 I ThermalEngine: Sensor:tsens_tz_sensor8:89000 mC
03-07 11:56:29.400   356   462 I ThermalEngine: Sensor:tsens_tz_sensor6:89000 mC
03-07 11:56:29.400   356   462 I ThermalEngine: Sensor:tsens_tz_sensor5:87000 mC
03-07 11:56:29.400  2387  3862 D frontRightVelocity: : -1160.0
03-07 11:56:29.440  2387  3862 D backLeftPower: : -1.0
03-07 11:56:29.440  2387  3862 D backRightPower: : -0.19240088480898399
03-07 11:56:29.440  2387  3862 D frontLeftPower: : -1.0
03-07 11:56:29.440  2387  3862 D frontRightPower: : -0.1924008848089842
03-07 11:56:29.450  2387  3862 D backLeftVelocity: : -1320.0
03-07 11:56:29.450  2387  3862 D backRightVelocity: : -1120.0
03-07 11:56:29.450  2387  3862 D fontLeftVelocity: : -1300.0
03-07 11:56:29.460  2387  3862 D frontRightVelocity: : -800.0
03-07 11:56:29.470   356   462 I ThermalEngine: Sensor:tsens_tz_sensor8:89000 mC
03-07 11:56:29.470   356   462 I ThermalEngine: Sensor:tsens_tz_sensor6:89000 mC
03-07 11:56:29.470   356   462 I ThermalEngine: Sensor:tsens_tz_sensor5:87000 mC
03-07 11:56:29.490  2387  3862 D backLeftPower: : -1.0
03-07 11:56:29.490  2387  3862 D backRightPower: : -0.19240088480898399
03-07 11:56:29.490  2387  3862 D frontLeftPower: : -1.0
03-07 11:56:29.490  2387  3862 D frontRightPower: : -0.1924008848089842
03-07 11:56:29.490  2387  3862 D backLeftVelocity: : -1500.0
03-07 11:56:29.490  2387  3862 D backRightVelocity: : -880.0
03-07 11:56:29.500  2387  3862 D fontLeftVelocity: : -1540.0
03-07 11:56:29.500  2387  3862 D frontRightVelocity: : -860.0
03-07 11:56:29.530   356   462 I ThermalEngine: Sensor:tsens_tz_sensor8:89000 mC
03-07 11:56:29.530   356   462 I ThermalEngine: Sensor:tsens_tz_sensor6:89000 mC
03-07 11:56:29.530   356   462 I ThermalEngine: Sensor:tsens_tz_sensor5:86000 mC
03-07 11:56:29.550   345   557 D Sensorhubs: readContextData: 1, 1, 26, 1, 4, 71, 115, -81, 4, 0
03-07 11:56:29.550   934  1233 D SensorHubManager: onGetSensorHubDataLocked: library(10) = 1, 1, 26, 1, 4, 71, 115, -81, 4, 0
03-07 11:56:29.550   934  1232 D CAE     : onGetSensorHubData(SensorHubParserProvider.java:92) - onGetSensorHubData Event [event buffer len :10], AP_WAKEUP
03-07 11:56:29.550   934  1232 I CAE     : parse(SensorHubParserProvider.java:188) - buffer size = 10
03-07 11:56:29.550   934  1232 I CAE     : parse(SensorHubParserProvider.java:199) - 1, 1, 26, 1, 4, 71, 115, -81, 4, 0,
03-07 11:56:29.550   934  1232 D CAE     : display(ContextProvider.java:375) - ================= ACTIVITY_TRACKER =================
03-07 11:56:29.550   934  1232 I CAE     : display(ContextProvider.java:391) - Accuracy=[0], OperationMode=[0], ActivityType=[4], TimeStamp=[1583610989561]
03-07 11:56:29.550   934  1236 D SContextService: updateSContext() : event = Activity Tracker
03-07 11:56:29.550   934   934 D WifiService: mActivityTrackerListener: onSContextChanged(): 25
03-07 11:56:29.550   934   934 D WifiService: [ACTIVITY_STATUS_VEHICLE] LOW
03-07 11:56:29.560  2387  3862 D backLeftPower: : -0.7071067811865477
03-07 11:56:29.560  2387  3862 D backRightPower: : -0.7071067811865475
03-07 11:56:29.560  2387  3862 D frontLeftPower: : -0.7071067811865475
03-07 11:56:29.560  2387  3862 D frontRightPower: : -0.7071067811865477
03-07 11:56:29.560  2387  3862 D backLeftVelocity: : -1700.0
03-07 11:56:29.570  2387  3862 D backRightVelocity: : -1040.0
03-07 11:56:29.570  2387  3862 D fontLeftVelocity: : -1780.0
03-07 11:56:29.580  2387  3862 D frontRightVelocity: : -960.0
03-07 11:56:29.600   356   462 I ThermalEngine: Sensor:tsens_tz_sensor8:89000 mC
03-07 11:56:29.600   356   462 I ThermalEngine: Sensor:tsens_tz_sensor6:89000 mC
03-07 11:56:29.600   356   462 I ThermalEngine: Sensor:tsens_tz_sensor5:86000 mC
03-07 11:56:29.630  2387  3862 D backLeftPower: : -0.580636200489488
03-07 11:56:29.630  2387  3862 D backRightPower: : -1.0
03-07 11:56:29.630  2387  3862 D frontLeftPower: : -0.3865185202974941
03-07 11:56:29.630  2387  3862 D frontRightPower: : -1.0
03-07 11:56:29.640  2387  3862 D backLeftVelocity: : -1540.0
03-07 11:56:29.640  2387  3862 D backRightVelocity: : -1300.0
03-07 11:56:29.650  2387  3862 D fontLeftVelocity: : -1660.0
03-07 11:56:29.650  2387  3862 D frontRightVelocity: : -1220.0
03-07 11:56:29.660   356   462 I ThermalEngine: Sensor:tsens_tz_sensor8:89000 mC
03-07 11:56:29.660   356   462 I ThermalEngine: Sensor:tsens_tz_sensor6:89000 mC
03-07 11:56:29.660   356   462 I ThermalEngine: Sensor:tsens_tz_sensor5:88000 mC
03-07 11:56:29.680  2387  3862 D backLeftPower: : -0.38651852029749434
03-07 11:56:29.680  2387  3862 D backRightPower: : -1.0
03-07 11:56:29.680  2387  3862 D frontLeftPower: : -0.3865185202974941
03-07 11:56:29.680  2387  3862 D frontRightPower: : -1.0
03-07 11:56:29.690  2387  3862 D backLeftVelocity: : -1420.0
03-07 11:56:29.690  2387  3862 D backRightVelocity: : -1640.0
03-07 11:56:29.700  2387  3862 D fontLeftVelocity: : -1460.0
03-07 11:56:29.710  2387  3862 D frontRightVelocity: : -1540.0
03-07 11:56:29.730   356   462 I ThermalEngine: Sensor:tsens_tz_sensor8:89000 mC
03-07 11:56:29.730   356   462 I ThermalEngine: Sensor:tsens_tz_sensor6:88000 mC
03-07 11:56:29.730   356   462 I ThermalEngine: Sensor:tsens_tz_sensor5:87000 mC
03-07 11:56:29.750  2387  3862 D backLeftPower: : 0.0
03-07 11:56:29.750  2387  3862 D backRightPower: : -1.0
03-07 11:56:29.750  2387  3862 D frontLeftPower: : 0.0
03-07 11:56:29.750  2387  3862 D frontRightPower: : -1.0
03-07 11:56:29.750  2387  3862 D backLeftVelocity: : -1320.0
03-07 11:56:29.760  2387  3862 D backRightVelocity: : -1800.0
03-07 11:56:29.760  2387  3862 D fontLeftVelocity: : -1300.0
03-07 11:56:29.770  2387  3862 D frontRightVelocity: : -1780.0
03-07 11:56:29.790   356   462 I ThermalEngine: Sensor:tsens_tz_sensor8:89000 mC
03-07 11:56:29.790   356   462 I ThermalEngine: Sensor:tsens_tz_sensor6:85000 mC
03-07 11:56:29.790   356   462 I ThermalEngine: Sensor:tsens_tz_sensor5:86000 mC
03-07 11:56:29.800  2387  3862 D backLeftPower: : 0.0
03-07 11:56:29.800  2387  3862 D backRightPower: : -1.0
03-07 11:56:29.810  2387  3862 D frontLeftPower: : 0.0
03-07 11:56:29.810  2387  3862 D frontRightPower: : -1.0
03-07 11:56:29.810  2387  3862 D backLeftVelocity: : -820.0
03-07 11:56:29.810  2387  3862 D backRightVelocity: : -1900.0
03-07 11:56:29.820  2387  3862 D fontLeftVelocity: : -500.0
03-07 11:56:29.820  2387  3862 D frontRightVelocity: : -1920.0
03-07 11:56:29.860  2387  3862 D backLeftPower: : 0.0
03-07 11:56:29.860  2387  3862 D backRightPower: : -1.0
03-07 11:56:29.860  2387  3862 D frontLeftPower: : 0.0
03-07 11:56:29.860  2387  3862 D frontRightPower: : -1.0
03-07 11:56:29.860   356   462 I ThermalEngine: Sensor:tsens_tz_sensor8:89000 mC
03-07 11:56:29.860   356   462 I ThermalEngine: Sensor:tsens_tz_sensor6:86000 mC
03-07 11:56:29.860   356   462 I ThermalEngine: Sensor:tsens_tz_sensor5:86000 mC
03-07 11:56:29.860  2387  3862 D backLeftVelocity: : -780.0
03-07 11:56:29.870  2387  3862 D backRightVelocity: : -2120.0
03-07 11:56:29.870  2387  3862 D fontLeftVelocity: : -380.0
03-07 11:56:29.880  2387  3862 D frontRightVelocity: : -2180.0
03-07 11:56:29.900  2387  3862 D backLeftPower: : 0.0
03-07 11:56:29.900  2387  3862 D backRightPower: : -1.0
03-07 11:56:29.900  2387  3862 D frontLeftPower: : 0.0
03-07 11:56:29.900  2387  3862 D frontRightPower: : -1.0
03-07 11:56:29.910  2387  3862 D backLeftVelocity: : -600.0
03-07 11:56:29.910  2387  3862 D backRightVelocity: : -2140.0
03-07 11:56:29.920  2387  3862 D fontLeftVelocity: : -300.0
03-07 11:56:29.920   356   462 I ThermalEngine: Sensor:tsens_tz_sensor8:89000 mC
03-07 11:56:29.920   356   462 I ThermalEngine: Sensor:tsens_tz_sensor6:87000 mC
03-07 11:56:29.920   356   462 I ThermalEngine: Sensor:tsens_tz_sensor5:85000 mC
03-07 11:56:29.930  2387  3862 D frontRightVelocity: : -2380.0
03-07 11:56:29.990  2387  3862 D backLeftPower: : -0.6394597263950972
03-07 11:56:29.990  2387  3862 D backRightPower: : -0.774753835977998
03-07 11:56:29.990  2387  3862 D frontLeftPower: : -0.639459726395097
03-07 11:56:29.990   356   462 I ThermalEngine: Sensor:tsens_tz_sensor8:89000 mC
03-07 11:56:29.990   356   462 I ThermalEngine: Sensor:tsens_tz_sensor6:85000 mC
03-07 11:56:29.990   356   462 I ThermalEngine: Sensor:tsens_tz_sensor5:86000 mC
03-07 11:56:29.990  2387  3862 D frontRightPower: : -0.7747538359779982
03-07 11:56:30.000  2387  3862 D backLeftVelocity: : -480.0
03-07 11:56:30.000  2387  3862 D backRightVelocity: : -2080.0
03-07 11:56:30.010  2387  3862 D fontLeftVelocity: : -80.0
03-07 11:56:30.020  2387  3862 D frontRightVelocity: : -2320.0
03-07 11:56:30.050   356   462 I ThermalEngine: Sensor:tsens_tz_sensor8:89000 mC
03-07 11:56:30.050   356   462 I ThermalEngine: Sensor:tsens_tz_sensor6:88000 mC
03-07 11:56:30.050   356   462 I ThermalEngine: Sensor:tsens_tz_sensor5:86000 mC
03-07 11:56:30.080  2387  3862 D backLeftPower: : -0.7071067811865477
03-07 11:56:30.080  2387  3862 D backRightPower: : -0.7071067811865475
03-07 11:56:30.080  2387  3862 D frontLeftPower: : -0.7071067811865475
03-07 11:56:30.080  2387  3862 D frontRightPower: : -0.7071067811865477
03-07 11:56:30.080  2387  3862 D backLeftVelocity: : -980.0
03-07 11:56:30.090  2387  3862 D backRightVelocity: : -1660.0
03-07 11:56:30.090  2387  3862 D fontLeftVelocity: : -600.0
03-07 11:56:30.100  2387  3862 D frontRightVelocity: : -2200.0
03-07 11:56:30.120   356   462 I ThermalEngine: Sensor:tsens_tz_sensor8:89000 mC
03-07 11:56:30.120   356   462 I ThermalEngine: Sensor:tsens_tz_sensor6:89000 mC
03-07 11:56:30.120   356   462 I ThermalEngine: Sensor:tsens_tz_sensor5:87000 mC
03-07 11:56:30.130  2387  3862 D backLeftPower: : -0.7071067811865477
03-07 11:56:30.130  2387  3862 D backRightPower: : -0.7071067811865475
03-07 11:56:30.130  2387  3862 D frontLeftPower: : -0.7071067811865475
03-07 11:56:30.130  2387  3862 D frontRightPower: : -0.7071067811865477
03-07 11:56:30.130  2387  3862 D backLeftVelocity: : -1180.0
03-07 11:56:30.130  2387  3862 D backRightVelocity: : -1520.0
03-07 11:56:30.140  2387  3862 D fontLeftVelocity: : -760.0
03-07 11:56:30.140  2387  3862 D frontRightVelocity: : -1980.0
03-07 11:56:30.170  2387  3862 D backLeftPower: : -0.7071067811865477
03-07 11:56:30.170  2387  3862 D backRightPower: : -0.7071067811865475
03-07 11:56:30.170  2387  3862 D frontLeftPower: : -0.7071067811865475
03-07 11:56:30.170  2387  3862 D frontRightPower: : -0.7071067811865477
03-07 11:56:30.170  2387  3862 D backLeftVelocity: : -1100.0
03-07 11:56:30.180  2387  3862 D backRightVelocity: : -1500.0
03-07 11:56:30.180  2387  3862 D fontLeftVelocity: : -940.0
03-07 11:56:30.180   356   462 I ThermalEngine: Sensor:tsens_tz_sensor8:89000 mC
03-07 11:56:30.180   356   462 I ThermalEngine: Sensor:tsens_tz_sensor6:89000 mC
03-07 11:56:30.180   356   462 I ThermalEngine: Sensor:tsens_tz_sensor5:88000 mC
03-07 11:56:30.190  2387  3862 D frontRightVelocity: : -1920.0
03-07 11:56:30.220  2387  3862 D backLeftPower: : -0.7071067811865477
03-07 11:56:30.220  2387  3862 D backRightPower: : -0.7071067811865475
03-07 11:56:30.220  2387  3862 D frontLeftPower: : -0.7071067811865475
03-07 11:56:30.220  2387  3862 D frontRightPower: : -0.7071067811865477
03-07 11:56:30.220  2387  3862 D backLeftVelocity: : -1140.0
03-07 11:56:30.230  2387  3862 D backRightVelocity: : -1520.0
03-07 11:56:30.240  2387  3862 D fontLeftVelocity: : -1160.0
03-07 11:56:30.240  2387  3862 D frontRightVelocity: : -1940.0
03-07 11:56:30.250   356   462 I ThermalEngine: Sensor:tsens_tz_sensor8:88000 mC
03-07 11:56:30.250   356   462 I ThermalEngine: Sensor:tsens_tz_sensor6:89000 mC
03-07 11:56:30.250   356   462 I ThermalEngine: Sensor:tsens_tz_sensor5:87000 mC
03-07 11:56:30.270  2387  3862 D backLeftPower: : -0.7071067811865477
03-07 11:56:30.270  2387  3862 D backRightPower: : -0.7071067811865475
03-07 11:56:30.270  2387  3862 D frontLeftPower: : -0.7071067811865475
03-07 11:56:30.270  2387  3862 D frontRightPower: : -0.7071067811865477
03-07 11:56:30.280  2387  3862 D backLeftVelocity: : -1220.0
03-07 11:56:30.280  2387  3862 D backRightVelocity: : -1500.0
03-07 11:56:30.290  2387  3862 D fontLeftVelocity: : -1240.0
03-07 11:56:30.300  2387  3862 D frontRightVelocity: : -1880.0
03-07 11:56:30.310   356   462 I ThermalEngine: Sensor:tsens_tz_sensor8:89000 mC
03-07 11:56:30.310   356   462 I ThermalEngine: Sensor:tsens_tz_sensor6:90000 mC
03-07 11:56:30.310   356   462 I ThermalEngine: Sensor:tsens_tz_sensor5:87000 mC
03-07 11:56:30.330  2387  3862 D backLeftPower: : -0.7071067811865477
03-07 11:56:30.330  2387  3862 D backRightPower: : -0.7071067811865475
03-07 11:56:30.330  2387  3862 D frontLeftPower: : -0.7071067811865475
03-07 11:56:30.330  2387  3862 D frontRightPower: : -0.7071067811865477
03-07 11:56:30.340  2387  3862 D backLeftVelocity: : -1260.0
03-07 11:56:30.340  2387  3862 D backRightVelocity: : -1500.0
03-07 11:56:30.350  2387  3862 D fontLeftVelocity: : -1440.0
03-07 11:56:30.360  2387  3862 D frontRightVelocity: : -1840.0
03-07 11:56:30.380   356   462 I ThermalEngine: Sensor:tsens_tz_sensor8:89000 mC
03-07 11:56:30.380   356   462 I ThermalEngine: Sensor:tsens_tz_sensor6:90000 mC
03-07 11:56:30.380   356   462 I ThermalEngine: Sensor:tsens_tz_sensor5:87000 mC
03-07 11:56:30.390  2387  3862 D backLeftPower: : -0.7806361885685591
03-07 11:56:30.390  2387  3862 D backRightPower: : -0.633577373804536
03-07 11:56:30.390  2387  3862 D frontLeftPower: : -0.7806361885685589
03-07 11:56:30.390  2387  3862 D frontRightPower: : -0.6335773738045363
03-07 11:56:30.390  2387  3862 D backLeftVelocity: : -1340.0
03-07 11:56:30.400  2387  3862 D backRightVelocity: : -1640.0
03-07 11:56:30.400  2387  3862 D fontLeftVelocity: : -1220.0
03-07 11:56:30.410  2387  3862 D frontRightVelocity: : -1600.0
03-07 11:56:30.440  2387  3862 D backLeftPower: : -1.0
03-07 11:56:30.440  2387  3862 D backRightPower: : 0.0
03-07 11:56:30.440  2387  3862 D frontLeftPower: : -1.0
03-07 11:56:30.440  2387  3862 D frontRightPower: : 0.0
03-07 11:56:30.440   356   462 I ThermalEngine: Sensor:tsens_tz_sensor8:89000 mC
03-07 11:56:30.440   356   462 I ThermalEngine: Sensor:tsens_tz_sensor6:90000 mC
03-07 11:56:30.440   356   462 I ThermalEngine: Sensor:tsens_tz_sensor5:87000 mC
03-07 11:56:30.450  2387  3862 D backLeftVelocity: : -1500.0
03-07 11:56:30.450  2387  3862 D backRightVelocity: : -1460.0
03-07 11:56:30.460  2387  3862 D fontLeftVelocity: : -1420.0
03-07 11:56:30.470  2387  3862 D frontRightVelocity: : -1480.0
03-07 11:56:30.490  2387  3862 D backLeftPower: : -1.0
03-07 11:56:30.490  2387  3862 D backRightPower: : 0.0
03-07 11:56:30.490  2387  3862 D frontLeftPower: : -1.0
03-07 11:56:30.490  2387  3862 D frontRightPower: : 0.0
03-07 11:56:30.500  2387  3862 D backLeftVelocity: : -1640.0
03-07 11:56:30.500  2387  3862 D backRightVelocity: : -720.0
03-07 11:56:30.500  2387  3862 D fontLeftVelocity: : -1700.0
03-07 11:56:30.510  2387  3862 D frontRightVelocity: : -780.0
03-07 11:56:30.510   356   462 I ThermalEngine: Sensor:tsens_tz_sensor8:89000 mC
03-07 11:56:30.510   356   462 I ThermalEngine: Sensor:tsens_tz_sensor6:88000 mC
03-07 11:56:30.510   356   462 I ThermalEngine: Sensor:tsens_tz_sensor5:88000 mC
03-07 11:56:30.520   345   557 D Sensorhubs: readContextData: 1, 1, 26, 1, 4, 71, 119, 127, 4, 1
03-07 11:56:30.520   934  1233 D SensorHubManager: onGetSensorHubDataLocked: library(10) = 1, 1, 26, 1, 4, 71, 119, 127, 4, 1
03-07 11:56:30.520   934  1232 D CAE     : onGetSensorHubData(SensorHubParserProvider.java:92) - onGetSensorHubData Event [event buffer len :10], AP_WAKEUP
03-07 11:56:30.520   934  1232 I CAE     : parse(SensorHubParserProvider.java:188) - buffer size = 10
03-07 11:56:30.530   934  1232 I CAE     : parse(SensorHubParserProvider.java:199) - 1, 1, 26, 1, 4, 71, 119, 127, 4, 1,
03-07 11:56:30.530   934  1232 D CAE     : display(ContextProvider.java:375) - ================= ACTIVITY_TRACKER =================
03-07 11:56:30.530   934  1232 I CAE     : display(ContextProvider.java:391) - Accuracy=[1], OperationMode=[0], ActivityType=[4], TimeStamp=[1583610990539]
03-07 11:56:30.530   934  1236 D SContextService: updateSContext() : event = Activity Tracker
03-07 11:56:30.530   934   934 D WifiStateMachine: setWifiScanMove bMove = 3
03-07 11:56:30.530   934   934 I WifiStateMachine: sendMessageDelayed CMD_SET_SCAN_MOVE after 5 mins with 3
03-07 11:56:30.530   934   934 D WifiService: mActivityTrackerListener: onSContextChanged(): 25
03-07 11:56:30.530   934   934 D WifiService: [ACTIVITY_STATUS_VEHICLE] MID or HIGH
03-07 11:56:30.530   934   934 D WifiService: startMs : 1583610990540
03-07 11:56:30.530   934   934 D WifiService: setWifiScanWithSensor bMove = 3
03-07 11:56:30.570  2387  3862 D backLeftPower: : -1.0
03-07 11:56:30.570  2387  3862 D backRightPower: : -0.7071067811865475
03-07 11:56:30.570   356   462 I ThermalEngine: Sensor:tsens_tz_sensor8:89000 mC
03-07 11:56:30.570   356   462 I ThermalEngine: Sensor:tsens_tz_sensor6:86000 mC
03-07 11:56:30.570   356   462 I ThermalEngine: Sensor:tsens_tz_sensor5:88000 mC
03-07 11:56:30.580  2387  3862 D frontLeftPower: : -0.7071067811865475
03-07 11:56:30.590  2387  3862 D frontRightPower: : -0.7071067811865477
03-07 11:56:30.590  2387  3862 D backLeftVelocity: : -1940.0
03-07 11:56:30.600  2387  3862 D backRightVelocity: : -840.0
03-07 11:56:30.600  2387  3862 D fontLeftVelocity: : -2160.0
03-07 11:56:30.610  2387  3862 D frontRightVelocity: : -800.0
03-07 11:56:30.640  2387  3862 D backLeftPower: : -0.7071067811865477
03-07 11:56:30.640  2387  3862 D backRightPower: : -0.7071067811865475
03-07 11:56:30.640  2387  3862 D frontLeftPower: : -0.7071067811865475
03-07 11:56:30.640  2387  3862 D frontRightPower: : -0.7071067811865477
03-07 11:56:30.640   356   462 I ThermalEngine: Sensor:tsens_tz_sensor8:89000 mC
03-07 11:56:30.640   356   462 I ThermalEngine: Sensor:tsens_tz_sensor6:86000 mC
03-07 11:56:30.640   356   462 I ThermalEngine: Sensor:tsens_tz_sensor5:86000 mC
03-07 11:56:30.640  2387  3862 D backLeftVelocity: : -1760.0
03-07 11:56:30.650  2387  3862 D backRightVelocity: : -1180.0
03-07 11:56:30.650  2387  3862 D fontLeftVelocity: : -1960.0
03-07 11:56:30.660  2387  3862 D frontRightVelocity: : -940.0
03-07 11:56:30.680  2387  3862 D backLeftPower: : -0.7071067811865477
03-07 11:56:30.680  2387  3862 D backRightPower: : -0.7071067811865475
03-07 11:56:30.680  2387  3862 D frontLeftPower: : -0.7071067811865475
03-07 11:56:30.680  2387  3862 D frontRightPower: : -0.7071067811865477
03-07 11:56:30.690  2387  3862 D backLeftVelocity: : -1660.0
03-07 11:56:30.690  2387  3862 D backRightVelocity: : -1260.0
03-07 11:56:30.700  2387  3862 D fontLeftVelocity: : -1780.0
03-07 11:56:30.700  2387  3862 D frontRightVelocity: : -1140.0
03-07 11:56:30.700   356   462 I ThermalEngine: Sensor:tsens_tz_sensor8:89000 mC
03-07 11:56:30.700   356   462 I ThermalEngine: Sensor:tsens_tz_sensor6:87000 mC
03-07 11:56:30.700   356   462 I ThermalEngine: Sensor:tsens_tz_sensor5:86000 mC
03-07 11:56:30.740  2387  3862 D backLeftPower: : -0.7071067811865477
03-07 11:56:30.740  2387  3862 D backRightPower: : -0.7071067811865475
03-07 11:56:30.740  2387  3862 D frontLeftPower: : -0.7071067811865475
03-07 11:56:30.740  2387  3862 D frontRightPower: : -0.7071067811865477
03-07 11:56:30.750  2387  3862 D backLeftVelocity: : -1520.0
03-07 11:56:30.750  2387  3862 D backRightVelocity: : -1400.0
03-07 11:56:30.760  2387  3862 D fontLeftVelocity: : -1700.0
03-07 11:56:30.770  2387  3862 D frontRightVelocity: : -1220.0
03-07 11:56:30.770   356   462 I ThermalEngine: Sensor:tsens_tz_sensor8:89000 mC
03-07 11:56:30.770   356   462 I ThermalEngine: Sensor:tsens_tz_sensor6:87000 mC
03-07 11:56:30.770   356   462 I ThermalEngine: Sensor:tsens_tz_sensor5:87000 mC
03-07 11:56:30.800  2387  3862 D backLeftPower: : -0.7071067811865477
03-07 11:56:30.800  2387  3862 D backRightPower: : -0.7071067811865475
03-07 11:56:30.800  2387  3862 D frontLeftPower: : -0.7071067811865475
03-07 11:56:30.800  2387  3862 D frontRightPower: : -0.7071067811865477
03-07 11:56:30.810  2387  3862 D backLeftVelocity: : -1480.0
03-07 11:56:30.810  2387  3862 D backRightVelocity: : -1380.0
03-07 11:56:30.820  2387  3862 D fontLeftVelocity: : -1640.0
03-07 11:56:30.820  2387  3862 D frontRightVelocity: : -1240.0
03-07 11:56:30.840   356   462 I ThermalEngine: Sensor:tsens_tz_sensor8:89000 mC
03-07 11:56:30.840   356   462 I ThermalEngine: Sensor:tsens_tz_sensor6:89000 mC
03-07 11:56:30.840   356   462 I ThermalEngine: Sensor:tsens_tz_sensor5:88000 mC
03-07 11:56:30.840  2387  3862 D backLeftPower: : -0.7071067811865477
03-07 11:56:30.840  2387  3862 D backRightPower: : -0.7071067811865475
03-07 11:56:30.840  2387  3862 D frontLeftPower: : -0.7071067811865475
03-07 11:56:30.850  2387  3862 D frontRightPower: : -0.7071067811865477
03-07 11:56:30.850  2387  3862 D backLeftVelocity: : -1540.0
03-07 11:56:30.850  2387  3862 D backRightVelocity: : -1400.0
03-07 11:56:30.860  2387  3862 D fontLeftVelocity: : -1680.0
03-07 11:56:30.860  2387  3862 D frontRightVelocity: : -1280.0
03-07 11:56:30.900  2387  3862 D backLeftPower: : -0.8541656183023123
03-07 11:56:30.900  2387  3862 D backRightPower: : -0.5600479440707828
03-07 11:56:30.900  2387  3862 D frontLeftPower: : -0.8541656183023121
03-07 11:56:30.900  2387  3862 D frontRightPower: : -0.5600479440707831
03-07 11:56:30.900   356   462 I ThermalEngine: Sensor:tsens_tz_sensor8:89000 mC
03-07 11:56:30.900   356   462 I ThermalEngine: Sensor:tsens_tz_sensor6:89000 mC
03-07 11:56:30.900   356   462 I ThermalEngine: Sensor:tsens_tz_sensor5:87000 mC
03-07 11:56:30.900  2387  3862 D backLeftVelocity: : -1580.0
03-07 11:56:30.910  2387  3862 D backRightVelocity: : -1400.0
03-07 11:56:30.910  2387  3862 D fontLeftVelocity: : -1640.0
03-07 11:56:30.920  2387  3862 D frontRightVelocity: : -1300.0
03-07 11:56:30.960  2387  3862 D backLeftPower: : -1.0
03-07 11:56:30.960  2387  3862 D backRightPower: : 0.0
03-07 11:56:30.960  2387  3862 D frontLeftPower: : -1.0
03-07 11:56:30.960  2387  3862 D frontRightPower: : 0.0
03-07 11:56:30.960  2387  3862 D backLeftVelocity: : -1660.0
03-07 11:56:30.960  2387  3862 D backRightVelocity: : -1140.0
03-07 11:56:30.970   356   462 I ThermalEngine: Sensor:tsens_tz_sensor8:89000 mC
03-07 11:56:30.970   356   462 I ThermalEngine: Sensor:tsens_tz_sensor6:89000 mC
03-07 11:56:30.970   356   462 I ThermalEngine: Sensor:tsens_tz_sensor5:87000 mC
03-07 11:56:30.970  2387  3862 D fontLeftVelocity: : -1820.0
03-07 11:56:30.980  2387  3862 D frontRightVelocity: : -1040.0
03-07 11:56:31.000  2387  3862 D backLeftPower: : -1.0
03-07 11:56:31.000  2387  3862 D backRightPower: : 0.0
03-07 11:56:31.000  2387  3862 D frontLeftPower: : -1.0
03-07 11:56:31.000  2387  3862 D frontRightPower: : 0.0
03-07 11:56:31.010  2387  3862 D backLeftVelocity: : -1700.0
03-07 11:56:31.010  2387  3862 D backRightVelocity: : -660.0
03-07 11:56:31.010  2387  3862 D fontLeftVelocity: : -1980.0
03-07 11:56:31.020  2387  3862 D frontRightVelocity: : -520.0
03-07 11:56:31.030   356   462 I ThermalEngine: Sensor:tsens_tz_sensor8:89000 mC
03-07 11:56:31.030   356   462 I ThermalEngine: Sensor:tsens_tz_sensor6:88000 mC
03-07 11:56:31.030   356   462 I ThermalEngine: Sensor:tsens_tz_sensor5:87000 mC
03-07 11:56:31.080  2387  3862 D backLeftPower: : -0.7071067811865477
03-07 11:56:31.080  2387  3862 D backRightPower: : -0.7071067811865475
03-07 11:56:31.080  2387  3862 D frontLeftPower: : -0.7071067811865475
03-07 11:56:31.080  2387  3862 D frontRightPower: : -0.7071067811865477
03-07 11:56:31.080  2387  3862 D backLeftVelocity: : -2000.0
03-07 11:56:31.090  2387  3862 D backRightVelocity: : -500.0
03-07 11:56:31.090  2387  3862 D fontLeftVelocity: : -2220.0
03-07 11:56:31.100   356   462 I ThermalEngine: Sensor:tsens_tz_sensor8:89000 mC
03-07 11:56:31.100   356   462 I ThermalEngine: Sensor:tsens_tz_sensor6:85000 mC
03-07 11:56:31.100   356   462 I ThermalEngine: Sensor:tsens_tz_sensor5:87000 mC
03-07 11:56:31.100  2387  3862 D frontRightVelocity: : -380.0
03-07 11:56:31.140  2387  3862 D backLeftPower: : -0.7071067811865477
03-07 11:56:31.140  2387  3862 D backRightPower: : -0.7071067811865475
03-07 11:56:31.140  2387  3862 D frontLeftPower: : -0.7071067811865475
03-07 11:56:31.140  2387  3862 D frontRightPower: : -0.7071067811865477
03-07 11:56:31.140  2387  3862 D backLeftVelocity: : -1840.0
03-07 11:56:31.140  2387  3862 D backRightVelocity: : -1100.0
03-07 11:56:31.150  2387  3862 D fontLeftVelocity: : -2140.0
03-07 11:56:31.150  2387  3862 D frontRightVelocity: : -1000.0
03-07 11:56:31.160   356   462 I ThermalEngine: Sensor:tsens_tz_sensor8:89000 mC
03-07 11:56:31.160   356   462 I ThermalEngine: Sensor:tsens_tz_sensor6:83000 mC
03-07 11:56:31.160   356   462 I ThermalEngine: Sensor:tsens_tz_sensor5:86000 mC
03-07 11:56:31.180  2387  3862 D backLeftPower: : -0.7071067811865477
03-07 11:56:31.180  2387  3862 D backRightPower: : -0.7071067811865475
03-07 11:56:31.190  2387  3862 D frontLeftPower: : -0.7071067811865475
03-07 11:56:31.190  2387  3862 D frontRightPower: : -0.7071067811865477
03-07 11:56:31.190  2387  3862 D backLeftVelocity: : -1740.0
03-07 11:56:31.190  2387  3862 D backRightVelocity: : -1240.0
03-07 11:56:31.200  2387  3862 D fontLeftVelocity: : -1960.0
03-07 11:56:31.210  2387  3862 D frontRightVelocity: : -940.0
03-07 11:56:31.230   356   462 I ThermalEngine: Sensor:tsens_tz_sensor8:89000 mC
03-07 11:56:31.230   356   462 I ThermalEngine: Sensor:tsens_tz_sensor6:86000 mC
03-07 11:56:31.230   356   462 I ThermalEngine: Sensor:tsens_tz_sensor5:86000 mC
03-07 11:56:31.250  2387  3862 D backLeftPower: : -0.7071067811865477
03-07 11:56:31.250  2387  3862 D backRightPower: : -0.7071067811865475
03-07 11:56:31.250  2387  3862 D frontLeftPower: : -0.7071067811865475
03-07 11:56:31.250  2387  3862 D frontRightPower: : -0.7071067811865477
03-07 11:56:31.250  2387  3862 D backLeftVelocity: : -1480.0
03-07 11:56:31.260  2387  3862 D backRightVelocity: : -1320.0
03-07 11:56:31.260  2387  3862 D fontLeftVelocity: : -1740.0
03-07 11:56:31.270  2387  3862 D frontRightVelocity: : -1140.0
03-07 11:56:31.290   356   462 I ThermalEngine: Sensor:tsens_tz_sensor8:89000 mC
03-07 11:56:31.290   356   462 I ThermalEngine: Sensor:tsens_tz_sensor6:85000 mC
03-07 11:56:31.290   356   462 I ThermalEngine: Sensor:tsens_tz_sensor5:85000 mC
03-07 11:56:31.300  2387  3862 D backLeftPower: : -0.7071067811865477
03-07 11:56:31.300  2387  3862 D backRightPower: : -0.7071067811865475
03-07 11:56:31.300  2387  3862 D frontLeftPower: : -0.7071067811865475
03-07 11:56:31.300  2387  3862 D frontRightPower: : -0.7071067811865477
03-07 11:56:31.300  2387  3862 D backLeftVelocity: : -1540.0
03-07 11:56:31.310  2387  3862 D backRightVelocity: : -1300.0
03-07 11:56:31.310  2387  3862 D fontLeftVelocity: : -1700.0
03-07 11:56:31.320  2387  3862 D frontRightVelocity: : -1140.0
03-07 11:56:31.350  2387  3862 D backLeftPower: : -0.7071067811865477
03-07 11:56:31.350  2387  3862 D backRightPower: : -0.25710676330515403
03-07 11:56:31.360   356   462 I ThermalEngine: Sensor:tsens_tz_sensor8:89000 mC
03-07 11:56:31.360   356   462 I ThermalEngine: Sensor:tsens_tz_sensor6:86000 mC
03-07 11:56:31.360   356   462 I ThermalEngine: Sensor:tsens_tz_sensor5:85000 mC
03-07 11:56:31.360  2387  3862 D frontLeftPower: : -1.0
03-07 11:56:31.360  2387  3862 D frontRightPower: : -0.25710676330515425
03-07 11:56:31.360  2387  3862 D backLeftVelocity: : -1580.0
03-07 11:56:31.370  2387  3862 D backRightVelocity: : -1360.0
03-07 11:56:31.370  2387  3862 D fontLeftVelocity: : -1860.0
03-07 11:56:31.370  2387  3862 D frontRightVelocity: : -1140.0
03-07 11:56:31.390  2387  3862 D backLeftPower: : -1.0
03-07 11:56:31.400  2387  3862 D backRightPower: : -0.25710676330515403
03-07 11:56:31.400  2387  3862 D frontLeftPower: : -1.0
03-07 11:56:31.400  2387  3862 D frontRightPower: : -0.25710676330515425
03-07 11:56:31.400  2387  3862 D backLeftVelocity: : -1580.0
03-07 11:56:31.400  2387  3862 D backRightVelocity: : -1380.0
03-07 11:56:31.410  2387  3862 D fontLeftVelocity: : -2100.0
03-07 11:56:31.410  2387  3862 D frontRightVelocity: : -880.0
03-07 11:56:31.420   356   462 I ThermalEngine: Sensor:tsens_tz_sensor8:89000 mC
03-07 11:56:31.420   356   462 I ThermalEngine: Sensor:tsens_tz_sensor6:88000 mC
03-07 11:56:31.420   356   462 I ThermalEngine: Sensor:tsens_tz_sensor5:85000 mC
03-07 11:56:31.450  2387  3862 D backLeftPower: : -1.0
03-07 11:56:31.450  2387  3862 D backRightPower: : -0.8306362079400684
03-07 11:56:31.460  2387  3862 D frontLeftPower: : -0.5835773544330265
03-07 11:56:31.460  2387  3862 D frontRightPower: : -0.8306362079400686
03-07 11:56:31.460  2387  3862 D backLeftVelocity: : -1740.0
03-07 11:56:31.470  2387  3862 D backRightVelocity: : -1200.0
03-07 11:56:31.470  2387  3862 D fontLeftVelocity: : -2000.0
03-07 11:56:31.490  2387  3862 D frontRightVelocity: : -1280.0
03-07 11:56:31.490   356   462 I ThermalEngine: Sensor:tsens_tz_sensor8:89000 mC
03-07 11:56:31.490   356   462 I ThermalEngine: Sensor:tsens_tz_sensor6:88000 mC
03-07 11:56:31.490   356   462 I ThermalEngine: Sensor:tsens_tz_sensor5:86000 mC
03-07 11:56:31.510  2387  3862 D backLeftPower: : 0.0
03-07 11:56:31.510  2387  3862 D backRightPower: : -1.0
03-07 11:56:31.510  2387  3862 D frontLeftPower: : 0.0
03-07 11:56:31.510  2387  3862 D frontRightPower: : -1.0
03-07 11:56:31.520  2387  3862 D backLeftVelocity: : -1500.0
03-07 11:56:31.520  2387  3862 D backRightVelocity: : -1420.0
03-07 11:56:31.530  2387  3862 D fontLeftVelocity: : -1420.0
03-07 11:56:31.530  2387  3862 D frontRightVelocity: : -1320.0
03-07 11:56:31.550   356   462 I ThermalEngine: Sensor:tsens_tz_sensor8:89000 mC
03-07 11:56:31.550   356   462 I ThermalEngine: Sensor:tsens_tz_sensor6:86000 mC
03-07 11:56:31.550   356   462 I ThermalEngine: Sensor:tsens_tz_sensor5:86000 mC
03-07 11:56:31.570  2387  3862 D backLeftPower: : 0.0
03-07 11:56:31.570  2387  3862 D backRightPower: : -1.0
03-07 11:56:31.570  2387  3862 D frontLeftPower: : 0.0
03-07 11:56:31.570  2387  3862 D frontRightPower: : -1.0
03-07 11:56:31.580  2387  3862 D backLeftVelocity: : -980.0
03-07 11:56:31.590  2387  3862 D backRightVelocity: : -1820.0
03-07 11:56:31.600  2387  3862 D fontLeftVelocity: : -360.0
03-07 11:56:31.600  2387  3862 D frontRightVelocity: : -1820.0
03-07 11:56:31.620   356   462 I ThermalEngine: Sensor:tsens_tz_sensor8:89000 mC
03-07 11:56:31.620   356   462 I ThermalEngine: Sensor:tsens_tz_sensor6:86000 mC
03-07 11:56:31.620   356   462 I ThermalEngine: Sensor:tsens_tz_sensor5:86000 mC
03-07 11:56:31.650  2387  3862 D backLeftPower: : 0.0
03-07 11:56:31.650  2387  3862 D backRightPower: : -1.0
03-07 11:56:31.650  2387  3862 D frontLeftPower: : -0.483577360393491
03-07 11:56:31.650  2387  3862 D frontRightPower: : -0.9306362019796042
03-07 11:56:31.660  2387  3862 D backLeftVelocity: : -640.0
03-07 11:56:31.670  2387  3862 D backRightVelocity: : -1960.0
03-07 11:56:31.670  2387  3862 D fontLeftVelocity: : -400.0
03-07 11:56:31.680  2387  3862 D frontRightVelocity: : -2140.0
03-07 11:56:31.680   356   462 I ThermalEngine: Sensor:tsens_tz_sensor8:89000 mC
03-07 11:56:31.680   356   462 I ThermalEngine: Sensor:tsens_tz_sensor6:85000 mC
03-07 11:56:31.680   356   462 I ThermalEngine: Sensor:tsens_tz_sensor5:85000 mC
03-07 11:56:31.720  2387  3862 D backLeftPower: : -0.7071067811865477
03-07 11:56:31.720  2387  3862 D backRightPower: : -0.7071067811865475
03-07 11:56:31.720  2387  3862 D frontLeftPower: : -0.7071067811865475
03-07 11:56:31.720  2387  3862 D frontRightPower: : -0.7071067811865477
03-07 11:56:31.720  2387  3862 D backLeftVelocity: : -640.0
03-07 11:56:31.730  2387  3862 D backRightVelocity: : -1980.0
03-07 11:56:31.730  2387  3862 D fontLeftVelocity: : -760.0
03-07 11:56:31.740  2387  3862 D frontRightVelocity: : -2040.0
03-07 11:56:31.750   356   462 I ThermalEngine: Sensor:tsens_tz_sensor8:89000 mC
03-07 11:56:31.750   356   462 I ThermalEngine: Sensor:tsens_tz_sensor6:87000 mC
03-07 11:56:31.750   356   462 I ThermalEngine: Sensor:tsens_tz_sensor5:86000 mC
03-07 11:56:31.780  2387  3862 D backLeftPower: : 0.0
03-07 11:56:31.780  2387  3862 D backRightPower: : 0.0
03-07 11:56:31.780  2387  3862 D frontLeftPower: : 0.0
03-07 11:56:31.780  2387  3862 D frontRightPower: : 0.0
03-07 11:56:31.790  2387  3862 D backLeftVelocity: : -980.0
03-07 11:56:31.790  2387  3862 D backRightVelocity: : -1680.0
03-07 11:56:31.790  2387  3862 D fontLeftVelocity: : -940.0
03-07 11:56:31.800  2387  3862 D frontRightVelocity: : -1880.0
03-07 11:56:31.810   356   462 I ThermalEngine: Sensor:tsens_tz_sensor8:89000 mC
03-07 11:56:31.810   356   462 I ThermalEngine: Sensor:tsens_tz_sensor6:84000 mC
03-07 11:56:31.810   356   462 I ThermalEngine: Sensor:tsens_tz_sensor5:87000 mC
03-07 11:56:31.830  2387  3862 D backLeftPower: : 0.0
03-07 11:56:31.830  2387  3862 D backRightPower: : 0.0
03-07 11:56:31.830  2387  3862 D frontLeftPower: : 0.0
03-07 11:56:31.830  2387  3862 D frontRightPower: : 0.0
03-07 11:56:31.830  2387  3862 D backLeftVelocity: : -740.0
03-07 11:56:31.830  2387  3862 D backRightVelocity: : -1200.0
03-07 11:56:31.840  2387  3862 D fontLeftVelocity: : -600.0
03-07 11:56:31.840  2387  3862 D frontRightVelocity: : -1040.0
03-07 11:56:31.880   356   462 I ThermalEngine: Sensor:tsens_tz_sensor8:89000 mC
03-07 11:56:31.880   356   462 I ThermalEngine: Sensor:tsens_tz_sensor6:88000 mC
03-07 11:56:31.880   356   462 I ThermalEngine: Sensor:tsens_tz_sensor5:88000 mC
03-07 11:56:31.890  2387  3862 D backLeftPower: : 0.671707179506914
03-07 11:56:31.890  2387  3862 D backRightPower: : 0.6717071795069139
03-07 11:56:31.890  2387  3862 D frontLeftPower: : 0.6717071795069139
03-07 11:56:31.890  2387  3862 D frontRightPower: : 0.671707179506914
03-07 11:56:31.900  2387  3862 D backLeftVelocity: : -780.0
03-07 11:56:31.900  2387  3862 D backRightVelocity: : -960.0
03-07 11:56:31.900  2387  3862 D fontLeftVelocity: : -280.0
03-07 11:56:31.910  2387  3862 D frontRightVelocity: : -160.0
03-07 11:56:31.940  2387  3862 D backLeftPower: : 0.671707179506914
03-07 11:56:31.940  2387  3862 D backRightPower: : 0.6717071795069139
03-07 11:56:31.940  2387  3862 D frontLeftPower: : 0.6717071795069139
03-07 11:56:31.940  2387  3862 D frontRightPower: : 0.671707179506914
03-07 11:56:31.940  2387  3862 D backLeftVelocity: : -220.0
03-07 11:56:31.940  2387  3862 D backRightVelocity: : -120.0
03-07 11:56:31.940   356   462 I ThermalEngine: Sensor:tsens_tz_sensor8:86000 mC
03-07 11:56:31.940   356   462 I ThermalEngine: Sensor:tsens_tz_sensor6:89000 mC
03-07 11:56:31.940   356   462 I ThermalEngine: Sensor:tsens_tz_sensor5:89000 mC
03-07 11:56:31.950  2387  3862 D fontLeftVelocity: : 460.0
03-07 11:56:31.950  2387  3862 D frontRightVelocity: : 380.0
03-07 11:56:31.990  2387  3862 D backLeftPower: : 0.7071067811865476
03-07 11:56:31.990  2387  3862 D backRightPower: : 0.7071067811865475
03-07 11:56:31.990  2387  3862 D frontLeftPower: : 0.7071067811865475
03-07 11:56:31.990  2387  3862 D frontRightPower: : 0.7071067811865476
03-07 11:56:31.990  2387  3862 D backLeftVelocity: : -0.0
03-07 11:56:31.990  2387  3862 D backRightVelocity: : 20.0
03-07 11:56:32.000  2387  3862 D fontLeftVelocity: : 800.0
03-07 11:56:32.000  2387  3862 D frontRightVelocity: : 800.0
03-07 11:56:32.010   356   462 I ThermalEngine: Sensor:tsens_tz_sensor8:86000 mC
03-07 11:56:32.010   356   462 I ThermalEngine: Sensor:tsens_tz_sensor6:89000 mC
03-07 11:56:32.010   356   462 I ThermalEngine: Sensor:tsens_tz_sensor5:89000 mC
03-07 11:56:32.030  2387  3862 D backLeftPower: : 0.7071067811865476
03-07 11:56:32.030  2387  3862 D backRightPower: : 0.7071067811865475
03-07 11:56:32.030  2387  3862 D frontLeftPower: : 0.7071067811865475
03-07 11:56:32.030  2387  3862 D frontRightPower: : 0.7071067811865476
03-07 11:56:32.040  2387  3862 D backLeftVelocity: : -0.0
03-07 11:56:32.050  2387  3862 D backRightVelocity: : 20.0
03-07 11:56:32.050  2387  3862 D fontLeftVelocity: : 1000.0
03-07 11:56:32.060  2387  3862 D frontRightVelocity: : 1040.0
03-07 11:56:32.070   356   462 I ThermalEngine: Sensor:tsens_tz_sensor8:87000 mC
03-07 11:56:32.070   356   462 I ThermalEngine: Sensor:tsens_tz_sensor6:86000 mC
03-07 11:56:32.080   356   462 I ThermalEngine: Sensor:tsens_tz_sensor5:88000 mC
03-07 11:56:32.110  2387  3862 D backLeftPower: : 0.7071067811865476
03-07 11:56:32.110  2387  3862 D backRightPower: : 0.7071067811865475
03-07 11:56:32.110  2387  3862 D frontLeftPower: : 0.7071067811865475
03-07 11:56:32.110  2387  3862 D frontRightPower: : 0.7071067811865476
03-07 11:56:32.120  2387  3862 D backLeftVelocity: : 240.0
03-07 11:56:32.130  2387  3862 D backRightVelocity: : 120.0
03-07 11:56:32.130  2387  3862 D fontLeftVelocity: : 760.0
03-07 11:56:32.140   356   462 I ThermalEngine: Sensor:tsens_tz_sensor8:88000 mC
03-07 11:56:32.140   356   462 I ThermalEngine: Sensor:tsens_tz_sensor6:85000 mC
03-07 11:56:32.140   356   462 I ThermalEngine: Sensor:tsens_tz_sensor5:87000 mC
03-07 11:56:32.140  2387  3862 D frontRightVelocity: : 900.0
03-07 11:56:32.170  2387  3862 D backLeftPower: : 0.7071067811865476
03-07 11:56:32.170  2387  3862 D backRightPower: : 0.7071067811865475
03-07 11:56:32.170  2387  3862 D frontLeftPower: : 0.7071067811865475
03-07 11:56:32.170  2387  3862 D frontRightPower: : 0.7071067811865476
03-07 11:56:32.170  2387  3862 D backLeftVelocity: : 480.0
03-07 11:56:32.190  2387  3862 D backRightVelocity: : 340.0
03-07 11:56:32.200  2387  3862 D fontLeftVelocity: : 960.0
03-07 11:56:32.200  2387  3862 D frontRightVelocity: : 980.0
03-07 11:56:32.210   356   462 I ThermalEngine: Sensor:tsens_tz_sensor8:88000 mC
03-07 11:56:32.210   356   462 I ThermalEngine: Sensor:tsens_tz_sensor6:86000 mC
03-07 11:56:32.210   356   462 I ThermalEngine: Sensor:tsens_tz_sensor5:87000 mC
03-07 11:56:32.240  2387  3862 D backLeftPower: : 0.7071067811865476
03-07 11:56:32.240  2387  3862 D backRightPower: : 0.7071067811865475
03-07 11:56:32.240  2387  3862 D frontLeftPower: : 0.7071067811865475
03-07 11:56:32.240  2387  3862 D frontRightPower: : 0.7071067811865476
03-07 11:56:32.240  2387  3862 D backLeftVelocity: : 740.0
03-07 11:56:32.250  2387  3862 D backRightVelocity: : 680.0
03-07 11:56:32.250  2387  3862 D fontLeftVelocity: : 900.0
03-07 11:56:32.260  2387  3862 D frontRightVelocity: : 900.0
03-07 11:56:32.270   356   462 I ThermalEngine: Sensor:tsens_tz_sensor8:88000 mC
03-07 11:56:32.270   356   462 I ThermalEngine: Sensor:tsens_tz_sensor6:89000 mC
03-07 11:56:32.270   356   462 I ThermalEngine: Sensor:tsens_tz_sensor5:87000 mC
03-07 11:56:32.290  2387  3862 D backLeftPower: : 0.7071067811865476
03-07 11:56:32.290  2387  3862 D backRightPower: : 0.7071067811865475
03-07 11:56:32.290  2387  3862 D frontLeftPower: : 0.7071067811865475
03-07 11:56:32.290  2387  3862 D frontRightPower: : 0.7071067811865476
03-07 11:56:32.300  2387  3862 D backLeftVelocity: : 840.0
03-07 11:56:32.300  2387  3862 D backRightVelocity: : 800.0
03-07 11:56:32.310  2387  3862 D fontLeftVelocity: : 1080.0
03-07 11:56:32.320  2387  3862 D frontRightVelocity: : 940.0
03-07 11:56:32.340   356   462 I ThermalEngine: Sensor:tsens_tz_sensor8:89000 mC
03-07 11:56:32.340   356   462 I ThermalEngine: Sensor:tsens_tz_sensor6:89000 mC
03-07 11:56:32.340   356   462 I ThermalEngine: Sensor:tsens_tz_sensor5:88000 mC
03-07 11:56:32.350  2387  3862 D backLeftPower: : 0.7071067811865476
03-07 11:56:32.350  2387  3862 D backRightPower: : 0.7071067811865475
