03-07 11:56:00.570   356   462 I ThermalEngine: Sensor:tsens_tz_sensor6:83000 mC
03-07 11:56:00.570   356   462 I ThermalEngine: Sensor:tsens_tz_sensor5:87000 mC
03-07 11:56:00.630   356   462 I ThermalEngine: Sensor:tsens_tz_sensor8:83000 mC
03-07 11:56:00.630   356   462 I ThermalEngine: Sensor:tsens_tz_sensor6:87000 mC
03-07 11:56:00.630   356   462 I ThermalEngine: Sensor:tsens_tz_sensor5:87000 mC
03-07 11:56:00.700   356   462 I ThermalEngine: Sensor:tsens_tz_sensor8:84000 mC
03-07 11:56:00.700   356   462 I ThermalEngine: Sensor:tsens_tz_sensor6:83000 mC
03-07 11:56:00.700   356   462 I ThermalEngine: Sensor:tsens_tz_sensor5:87000 mC
03-07 11:56:00.760   356   462 I ThermalEngine: Sensor:tsens_tz_sensor8:81000 mC
03-07 11:56:00.760   356   462 I ThermalEngine: Sensor:tsens_tz_sensor6:83000 mC
03-07 11:56:00.760   356   462 I ThermalEngine: Sensor:tsens_tz_sensor5:87000 mC
03-07 11:56:00.800  7156  7156 W dnsmasq : no address range available for DHCP request via wlan0
03-07 11:56:00.810  7156  7156 I dnsmasq : icmp6_packet
03-07 11:56:00.810  7156  7156 I dnsmasq : modify_from_route : system/bin/ip -6 route add  fe80::4b2:885:1fe1:e743 dev wlan0 table 97
03-07 11:56:00.810  7156  7156 I dnsmasq : system/bin/ip -6 route add  fe80::4b2:885:1fe1:e743 dev wlan0 table 97
03-07 11:56:00.830   356   462 I ThermalEngine: Sensor:tsens_tz_sensor8:83000 mC
03-07 11:56:00.830   356   462 I ThermalEngine: Sensor:tsens_tz_sensor6:84000 mC
03-07 11:56:00.830   356   462 I ThermalEngine: Sensor:tsens_tz_sensor5:87000 mC
03-07 11:56:00.840  7156  7156 I dnsmasq : RTR-SOLICIT(wlan0) 
03-07 11:56:00.840  7156  7156 I dnsmasq : update_ra count:0
03-07 11:56:00.840  7156  7156 I dnsmasq : link local address:wlan0
03-07 11:56:00.840  7156  7156 I dnsmasq : failed to send_ra: face_enumerate, parm.found_context
03-07 11:56:00.840  7156  7156 I dnsmasq : failed to update ra:send_ra
03-07 11:56:00.900   356   462 I ThermalEngine: Sensor:tsens_tz_sensor8:85000 mC
03-07 11:56:00.900   356   462 I ThermalEngine: Sensor:tsens_tz_sensor6:86000 mC
03-07 11:56:00.900   356   462 I ThermalEngine: Sensor:tsens_tz_sensor5:85000 mC
03-07 11:56:00.960   356   462 I ThermalEngine: Sensor:tsens_tz_sensor8:85000 mC
03-07 11:56:00.960   356   462 I ThermalEngine: Sensor:tsens_tz_sensor6:86000 mC
03-07 11:56:00.960   356   462 I ThermalEngine: Sensor:tsens_tz_sensor5:85000 mC
03-07 11:56:01.030   356   462 I ThermalEngine: Sensor:tsens_tz_sensor8:83000 mC
03-07 11:56:01.030   356   462 I ThermalEngine: Sensor:tsens_tz_sensor6:87000 mC
03-07 11:56:01.030   356   462 I ThermalEngine: Sensor:tsens_tz_sensor5:85000 mC
03-07 11:56:01.090   356   462 I ThermalEngine: Sensor:tsens_tz_sensor8:84000 mC
03-07 11:56:01.090   356   462 I ThermalEngine: Sensor:tsens_tz_sensor6:82000 mC
03-07 11:56:01.090   356   462 I ThermalEngine: Sensor:tsens_tz_sensor5:84000 mC
03-07 11:56:01.160   356   462 I ThermalEngine: Sensor:tsens_tz_sensor8:84000 mC
03-07 11:56:01.160   356   462 I ThermalEngine: Sensor:tsens_tz_sensor6:82000 mC
03-07 11:56:01.160   356   462 I ThermalEngine: Sensor:tsens_tz_sensor5:85000 mC
03-07 11:56:01.220   356   462 I ThermalEngine: Sensor:tsens_tz_sensor8:85000 mC
03-07 11:56:01.220   356   462 I ThermalEngine: Sensor:tsens_tz_sensor6:85000 mC
03-07 11:56:01.220   356   462 I ThermalEngine: Sensor:tsens_tz_sensor5:84000 mC
03-07 11:56:01.290   356   462 I ThermalEngine: Sensor:tsens_tz_sensor8:85000 mC
03-07 11:56:01.290   356   462 I ThermalEngine: Sensor:tsens_tz_sensor6:86000 mC
03-07 11:56:01.290   356   462 I ThermalEngine: Sensor:tsens_tz_sensor5:86000 mC
03-07 11:56:01.350   356   462 I ThermalEngine: Sensor:tsens_tz_sensor8:86000 mC
03-07 11:56:01.350   356   462 I ThermalEngine: Sensor:tsens_tz_sensor6:86000 mC
03-07 11:56:01.350   356   462 I ThermalEngine: Sensor:tsens_tz_sensor5:85000 mC
03-07 11:56:01.420   356   462 I ThermalEngine: Sensor:tsens_tz_sensor8:85000 mC
03-07 11:56:01.420   356   462 I ThermalEngine: Sensor:tsens_tz_sensor6:87000 mC
03-07 11:56:01.420   356   462 I ThermalEngine: Sensor:tsens_tz_sensor5:85000 mC
03-07 11:56:01.480   356   462 I ThermalEngine: Sensor:tsens_tz_sensor8:84000 mC
03-07 11:56:01.480   356   462 I ThermalEngine: Sensor:tsens_tz_sensor6:83000 mC
03-07 11:56:01.480   356   462 I ThermalEngine: Sensor:tsens_tz_sensor5:87000 mC
03-07 11:56:01.550   356   462 I ThermalEngine: Sensor:tsens_tz_sensor8:86000 mC
03-07 11:56:01.550   356   462 I ThermalEngine: Sensor:tsens_tz_sensor6:85000 mC
03-07 11:56:01.550   356   462 I ThermalEngine: Sensor:tsens_tz_sensor5:87000 mC
03-07 11:56:01.600  1582  3977 D SensorManager: unregisterListener ::   
03-07 11:56:01.610   356   462 I ThermalEngine: Sensor:tsens_tz_sensor8:84000 mC
03-07 11:56:01.610   356   462 I ThermalEngine: Sensor:tsens_tz_sensor6:87000 mC
03-07 11:56:01.610   356   462 I ThermalEngine: Sensor:tsens_tz_sensor5:85000 mC
03-07 11:56:01.680   356   462 I ThermalEngine: Sensor:tsens_tz_sensor8:85000 mC
03-07 11:56:01.680   356   462 I ThermalEngine: Sensor:tsens_tz_sensor6:87000 mC
03-07 11:56:01.680   356   462 I ThermalEngine: Sensor:tsens_tz_sensor5:86000 mC
03-07 11:56:01.740   356   462 I ThermalEngine: Sensor:tsens_tz_sensor8:86000 mC
03-07 11:56:01.740   356   462 I ThermalEngine: Sensor:tsens_tz_sensor6:87000 mC
03-07 11:56:01.740   356   462 I ThermalEngine: Sensor:tsens_tz_sensor5:87000 mC
03-07 11:56:01.810   356   462 I ThermalEngine: Sensor:tsens_tz_sensor8:86000 mC
03-07 11:56:01.810   356   462 I ThermalEngine: Sensor:tsens_tz_sensor6:87000 mC
03-07 11:56:01.810   356   462 I ThermalEngine: Sensor:tsens_tz_sensor5:87000 mC
03-07 11:56:01.870   356   462 I ThermalEngine: Sensor:tsens_tz_sensor8:86000 mC
03-07 11:56:01.870   356   462 I ThermalEngine: Sensor:tsens_tz_sensor6:88000 mC
03-07 11:56:01.870   356   462 I ThermalEngine: Sensor:tsens_tz_sensor5:87000 mC
03-07 11:56:01.930   934  1712 D SensorService: SensorEventConnection::SocketBufferSize, SystemSocketBufferSize - 102400, 2097152
03-07 11:56:01.930   934  1230 V AlarmManager: Expired Alarm result :4
03-07 11:56:01.930   934  1738 V AlarmManager:  remove PendingIntent] PendingIntent{a57b513: PendingIntentRecord{cb917bf com.google.android.gms broadcastIntent}}
03-07 11:56:01.940   356   462 I ThermalEngine: Sensor:tsens_tz_sensor8:85000 mC
03-07 11:56:01.940   356   462 I ThermalEngine: Sensor:tsens_tz_sensor6:87000 mC
03-07 11:56:01.940   356   462 I ThermalEngine: Sensor:tsens_tz_sensor5:87000 mC
03-07 11:56:01.950  1582  4003 D SensorManager: registerListener :: 0, MPU6500 Acceleration Sensor, 20000, 0,  
03-07 11:56:02.000   356   462 I ThermalEngine: Sensor:tsens_tz_sensor8:83000 mC
03-07 11:56:02.000   356   462 I ThermalEngine: Sensor:tsens_tz_sensor6:88000 mC
03-07 11:56:02.000   356   462 I ThermalEngine: Sensor:tsens_tz_sensor5:87000 mC
03-07 11:56:02.070   356   462 I ThermalEngine: Sensor:tsens_tz_sensor8:85000 mC
03-07 11:56:02.070   356   462 I ThermalEngine: Sensor:tsens_tz_sensor6:85000 mC
03-07 11:56:02.070   356   462 I ThermalEngine: Sensor:tsens_tz_sensor5:87000 mC
03-07 11:56:02.130   356   462 I ThermalEngine: Sensor:tsens_tz_sensor8:85000 mC
03-07 11:56:02.130   356   462 I ThermalEngine: Sensor:tsens_tz_sensor6:88000 mC
03-07 11:56:02.130   356   462 I ThermalEngine: Sensor:tsens_tz_sensor5:85000 mC
03-07 11:56:02.200   356   462 I ThermalEngine: Sensor:tsens_tz_sensor8:85000 mC
03-07 11:56:02.200   356   462 I ThermalEngine: Sensor:tsens_tz_sensor6:88000 mC
03-07 11:56:02.200   356   462 I ThermalEngine: Sensor:tsens_tz_sensor5:85000 mC
03-07 11:56:02.260   356   462 I ThermalEngine: Sensor:tsens_tz_sensor8:86000 mC
03-07 11:56:02.260   356   462 I ThermalEngine: Sensor:tsens_tz_sensor6:88000 mC
03-07 11:56:02.260   356   462 I ThermalEngine: Sensor:tsens_tz_sensor5:86000 mC
03-07 11:56:02.330   356   462 I ThermalEngine: Sensor:tsens_tz_sensor8:85000 mC
03-07 11:56:02.330   356   462 I ThermalEngine: Sensor:tsens_tz_sensor6:88000 mC
03-07 11:56:02.330   356   462 I ThermalEngine: Sensor:tsens_tz_sensor5:84000 mC
03-07 11:56:02.400   356   462 I ThermalEngine: Sensor:tsens_tz_sensor8:85000 mC
03-07 11:56:02.400   356   462 I ThermalEngine: Sensor:tsens_tz_sensor6:89000 mC
03-07 11:56:02.400   356   462 I ThermalEngine: Sensor:tsens_tz_sensor5:85000 mC
03-07 11:56:02.460   356   462 I ThermalEngine: Sensor:tsens_tz_sensor8:86000 mC
03-07 11:56:02.460   356   462 I ThermalEngine: Sensor:tsens_tz_sensor6:88000 mC
03-07 11:56:02.460   356   462 I ThermalEngine: Sensor:tsens_tz_sensor5:86000 mC
03-07 11:56:02.530   356   462 I ThermalEngine: Sensor:tsens_tz_sensor8:86000 mC
03-07 11:56:02.530   356   462 I ThermalEngine: Sensor:tsens_tz_sensor6:88000 mC
03-07 11:56:02.530   356   462 I ThermalEngine: Sensor:tsens_tz_sensor5:84000 mC
03-07 11:56:02.590   356   462 I ThermalEngine: Sensor:tsens_tz_sensor8:86000 mC
03-07 11:56:02.590   356   462 I ThermalEngine: Sensor:tsens_tz_sensor6:88000 mC
03-07 11:56:02.590   356   462 I ThermalEngine: Sensor:tsens_tz_sensor5:85000 mC
03-07 11:56:02.660   356   462 I ThermalEngine: Sensor:tsens_tz_sensor8:86000 mC
03-07 11:56:02.660   356   462 I ThermalEngine: Sensor:tsens_tz_sensor6:88000 mC
03-07 11:56:02.660   356   462 I ThermalEngine: Sensor:tsens_tz_sensor5:86000 mC
03-07 11:56:02.720   356   462 I ThermalEngine: Sensor:tsens_tz_sensor8:86000 mC
03-07 11:56:02.720   356   462 I ThermalEngine: Sensor:tsens_tz_sensor6:86000 mC
03-07 11:56:02.720   356   462 I ThermalEngine: Sensor:tsens_tz_sensor5:86000 mC
03-07 11:56:02.790   356   462 I ThermalEngine: Sensor:tsens_tz_sensor8:86000 mC
03-07 11:56:02.790   356   462 I ThermalEngine: Sensor:tsens_tz_sensor6:82000 mC
03-07 11:56:02.790   356   462 I ThermalEngine: Sensor:tsens_tz_sensor5:84000 mC
03-07 11:56:02.850   356   462 I ThermalEngine: Sensor:tsens_tz_sensor8:86000 mC
03-07 11:56:02.850   356   462 I ThermalEngine: Sensor:tsens_tz_sensor6:82000 mC
03-07 11:56:02.850   356   462 I ThermalEngine: Sensor:tsens_tz_sensor5:85000 mC
03-07 11:56:02.920   356   462 I ThermalEngine: Sensor:tsens_tz_sensor8:86000 mC
03-07 11:56:02.920   356   462 I ThermalEngine: Sensor:tsens_tz_sensor6:84000 mC
03-07 11:56:02.920   356   462 I ThermalEngine: Sensor:tsens_tz_sensor5:86000 mC
03-07 11:56:02.980   356   462 I ThermalEngine: Sensor:tsens_tz_sensor8:86000 mC
03-07 11:56:02.980   356   462 I ThermalEngine: Sensor:tsens_tz_sensor6:85000 mC
03-07 11:56:02.980   356   462 I ThermalEngine: Sensor:tsens_tz_sensor5:86000 mC
03-07 11:56:03.050   356   462 I ThermalEngine: Sensor:tsens_tz_sensor8:84000 mC
03-07 11:56:03.050   356   462 I ThermalEngine: Sensor:tsens_tz_sensor6:86000 mC
03-07 11:56:03.050   356   462 I ThermalEngine: Sensor:tsens_tz_sensor5:87000 mC
03-07 11:56:03.110   356   462 I ThermalEngine: Sensor:tsens_tz_sensor8:83000 mC
03-07 11:56:03.110   356   462 I ThermalEngine: Sensor:tsens_tz_sensor6:85000 mC
03-07 11:56:03.110   356   462 I ThermalEngine: Sensor:tsens_tz_sensor5:87000 mC
03-07 11:56:03.180   356   462 I ThermalEngine: Sensor:tsens_tz_sensor8:84000 mC
03-07 11:56:03.180   356   462 I ThermalEngine: Sensor:tsens_tz_sensor6:84000 mC
03-07 11:56:03.180   356   462 I ThermalEngine: Sensor:tsens_tz_sensor5:87000 mC
03-07 11:56:03.240   356   462 I ThermalEngine: Sensor:tsens_tz_sensor8:82000 mC
03-07 11:56:03.240   356   462 I ThermalEngine: Sensor:tsens_tz_sensor6:87000 mC
03-07 11:56:03.240   356   462 I ThermalEngine: Sensor:tsens_tz_sensor5:86000 mC
03-07 11:56:03.310   356   462 I ThermalEngine: Sensor:tsens_tz_sensor8:81000 mC
03-07 11:56:03.310   356   462 I ThermalEngine: Sensor:tsens_tz_sensor6:87000 mC
03-07 11:56:03.310   356   462 I ThermalEngine: Sensor:tsens_tz_sensor5:84000 mC
03-07 11:56:03.370   356   462 I ThermalEngine: Sensor:tsens_tz_sensor8:80000 mC
03-07 11:56:03.370   356   462 I ThermalEngine: Sensor:tsens_tz_sensor6:87000 mC
03-07 11:56:03.370   356   462 I ThermalEngine: Sensor:tsens_tz_sensor5:84000 mC
03-07 11:56:03.410  1341  1341 D StatusBar.NetworkController: onSignalStrengthsChanged signalStrength=SignalStrength: 28 99 -120 -160 -120 -1 -1 99 2147483647 2147483647 2147483647 -1 2147483647 0x5 gsm|lte level=5
03-07 11:56:03.410  1341  1341 D StatusBar.NetworkController: updateTelephonySignalStrength: hasService=true ss=SignalStrength: 28 99 -120 -160 -120 -1 -1 99 2147483647 2147483647 2147483647 -1 2147483647 0x5 gsm|lte
03-07 11:56:03.410  1341  1341 D StatusBar.NetworkController: updateTelephonySignalStrength: iconLevel=5
03-07 11:56:03.410  1341  1341 D StatusBar.NetworkController: updateTelephonySignalStrength, No signal level. mPhoneSignalIconId = com.android.systemui:drawable/tw_stat_sys_5_level_signal_5_auto_rotate mDataSignalIconId = com.android.systemui:drawable/tw_stat_sys_5_level_signal_5_auto_rotate mQSPhoneSignalIconId = com.android.systemui:drawable/ic_qs_signal_4 mContentDescriptionPhoneSignal = Full phone signal
03-07 11:56:03.440   356   462 I ThermalEngine: Sensor:tsens_tz_sensor8:85000 mC
03-07 11:56:03.440   356   462 I ThermalEngine: Sensor:tsens_tz_sensor6:87000 mC
03-07 11:56:03.440   356   462 I ThermalEngine: Sensor:tsens_tz_sensor5:86000 mC
03-07 11:56:03.500   356   462 I ThermalEngine: Sensor:tsens_tz_sensor8:85000 mC
03-07 11:56:03.500   356   462 I ThermalEngine: Sensor:tsens_tz_sensor6:87000 mC
03-07 11:56:03.500   356   462 I ThermalEngine: Sensor:tsens_tz_sensor5:85000 mC
03-07 11:56:03.510  1341  1341 D StatusBar.NetworkController: refreshViews connected={ wifi } level=5 combinedSignalIconId=0x7f02064e/com.android.systemui:drawable/stat_sys_wifi_signal_4 mobileLabel=Emergency calls only wifiLabel="LauFamily-guest" emergencyOnly=true combinedLabel="LauFamily-guest" mAirplaneMode=false mDataActivity=0 mPhoneSignalIconId=0x7f020783/com.android.systemui:drawable/tw_stat_sys_5_level_signal_5_auto_rotate mQSPhoneSignalIconId=0x7f02015e/com.android.systemui:drawable/ic_qs_signal_4 mDataDirectionIconId=0x0/(null) mDataSignalIconId=0x7f020783/com.android.systemui:drawable/tw_stat_sys_5_level_signal_5_auto_rotate mDataTypeIconId=0x0/(null) mQSDataTypeIconId=0x0/(null) mNoSimIconId=0x0/(null) mWifiIconId=0x7f02064e/com.android.systemui:drawable/stat_sys_wifi_signal_4 mQSWifiIconId=0x7f02032b/com.android.systemui:drawable/qs_tile_wifi_signal_4 mWifiActivityIconId=0x7f0205fc/com.android.systemui:drawable/stat_sys_signal_inout mBluetoothTetherIconId=0x7f020625/com.android.systemui:drawable/stat_sys_tether_bluetooth
03-07 11:56:03.510  1341  1341 D StatusBar.NetworkController: refreshNwBoosterIndicator - setNWBoosterIndicators(false)
03-07 11:56:03.510  1341  1341 D StatusBar.NetworkController: refreshNwBoosterIndicator - setNWBoosterIndicators(false)
03-07 11:56:03.510  1341  1341 D StatusBar.NetworkController: refreshNwBoosterIndicator - setNWBoosterIndicators(false)
03-07 11:56:03.510  1341  1341 D StatusBar.NetworkController: refreshNwBoosterIndicator - setNWBoosterIndicators(false)
03-07 11:56:03.570   356   462 I ThermalEngine: Sensor:tsens_tz_sensor8:85000 mC
03-07 11:56:03.570   356   462 I ThermalEngine: Sensor:tsens_tz_sensor6:87000 mC
03-07 11:56:03.570   356   462 I ThermalEngine: Sensor:tsens_tz_sensor5:86000 mC
03-07 11:56:03.630   356   462 I ThermalEngine: Sensor:tsens_tz_sensor8:80000 mC
03-07 11:56:03.630   356   462 I ThermalEngine: Sensor:tsens_tz_sensor6:88000 mC
03-07 11:56:03.630   356   462 I ThermalEngine: Sensor:tsens_tz_sensor5:86000 mC
03-07 11:56:03.700   356   462 I ThermalEngine: Sensor:tsens_tz_sensor8:82000 mC
03-07 11:56:03.700   356   462 I ThermalEngine: Sensor:tsens_tz_sensor6:87000 mC
03-07 11:56:03.700   356   462 I ThermalEngine: Sensor:tsens_tz_sensor5:85000 mC
03-07 11:56:03.760   356   462 I ThermalEngine: Sensor:tsens_tz_sensor8:85000 mC
03-07 11:56:03.760   356   462 I ThermalEngine: Sensor:tsens_tz_sensor6:87000 mC
03-07 11:56:03.760   356   462 I ThermalEngine: Sensor:tsens_tz_sensor5:86000 mC
03-07 11:56:03.830   356   462 I ThermalEngine: Sensor:tsens_tz_sensor8:83000 mC
03-07 11:56:03.830   356   462 I ThermalEngine: Sensor:tsens_tz_sensor6:87000 mC
03-07 11:56:03.830   356   462 I ThermalEngine: Sensor:tsens_tz_sensor5:87000 mC
03-07 11:56:03.890   356   462 I ThermalEngine: Sensor:tsens_tz_sensor8:84000 mC
03-07 11:56:03.900   356   462 I ThermalEngine: Sensor:tsens_tz_sensor6:86000 mC
03-07 11:56:03.900   356   462 I ThermalEngine: Sensor:tsens_tz_sensor5:87000 mC
03-07 11:56:03.960   356   462 I ThermalEngine: Sensor:tsens_tz_sensor8:84000 mC
03-07 11:56:03.960   356   462 I ThermalEngine: Sensor:tsens_tz_sensor6:86000 mC
03-07 11:56:03.960   356   462 I ThermalEngine: Sensor:tsens_tz_sensor5:87000 mC
03-07 11:56:04.030   356   462 I ThermalEngine: Sensor:tsens_tz_sensor8:85000 mC
03-07 11:56:04.030   356   462 I ThermalEngine: Sensor:tsens_tz_sensor6:87000 mC
03-07 11:56:04.030   356   462 I ThermalEngine: Sensor:tsens_tz_sensor5:86000 mC
03-07 11:56:04.090   356   462 I ThermalEngine: Sensor:tsens_tz_sensor8:86000 mC
03-07 11:56:04.090   356   462 I ThermalEngine: Sensor:tsens_tz_sensor6:87000 mC
03-07 11:56:04.090   356   462 I ThermalEngine: Sensor:tsens_tz_sensor5:86000 mC
03-07 11:56:04.160   356   462 I ThermalEngine: Sensor:tsens_tz_sensor8:84000 mC
03-07 11:56:04.160   356   462 I ThermalEngine: Sensor:tsens_tz_sensor6:88000 mC
03-07 11:56:04.160   356   462 I ThermalEngine: Sensor:tsens_tz_sensor5:85000 mC
03-07 11:56:04.220   356   462 I ThermalEngine: Sensor:tsens_tz_sensor8:83000 mC
03-07 11:56:04.220   356   462 I ThermalEngine: Sensor:tsens_tz_sensor6:88000 mC
03-07 11:56:04.220   356   462 I ThermalEngine: Sensor:tsens_tz_sensor5:85000 mC
03-07 11:56:04.290   356   462 I ThermalEngine: Sensor:tsens_tz_sensor8:85000 mC
03-07 11:56:04.290   356   462 I ThermalEngine: Sensor:tsens_tz_sensor6:87000 mC
03-07 11:56:04.290   356   462 I ThermalEngine: Sensor:tsens_tz_sensor5:84000 mC
03-07 11:56:04.350   356   462 I ThermalEngine: Sensor:tsens_tz_sensor8:85000 mC
03-07 11:56:04.350   356   462 I ThermalEngine: Sensor:tsens_tz_sensor6:87000 mC
03-07 11:56:04.350   356   462 I ThermalEngine: Sensor:tsens_tz_sensor5:85000 mC
03-07 11:56:04.420   356   462 I ThermalEngine: Sensor:tsens_tz_sensor8:83000 mC
03-07 11:56:04.420   356   462 I ThermalEngine: Sensor:tsens_tz_sensor6:87000 mC
03-07 11:56:04.420   356   462 I ThermalEngine: Sensor:tsens_tz_sensor5:87000 mC
03-07 11:56:04.480   356   462 I ThermalEngine: Sensor:tsens_tz_sensor8:81000 mC
03-07 11:56:04.480   356   462 I ThermalEngine: Sensor:tsens_tz_sensor6:88000 mC
03-07 11:56:04.480   356   462 I ThermalEngine: Sensor:tsens_tz_sensor5:86000 mC
03-07 11:56:04.550   356   462 I ThermalEngine: Sensor:tsens_tz_sensor8:85000 mC
03-07 11:56:04.550   356   462 I ThermalEngine: Sensor:tsens_tz_sensor6:87000 mC
03-07 11:56:04.550   356   462 I ThermalEngine: Sensor:tsens_tz_sensor5:85000 mC
03-07 11:56:04.610   356   462 I ThermalEngine: Sensor:tsens_tz_sensor8:85000 mC
03-07 11:56:04.610   356   462 I ThermalEngine: Sensor:tsens_tz_sensor6:87000 mC
03-07 11:56:04.610   356   462 I ThermalEngine: Sensor:tsens_tz_sensor5:85000 mC
03-07 11:56:04.680   356   462 I ThermalEngine: Sensor:tsens_tz_sensor8:85000 mC
03-07 11:56:04.680   356   462 I ThermalEngine: Sensor:tsens_tz_sensor6:88000 mC
03-07 11:56:04.680   356   462 I ThermalEngine: Sensor:tsens_tz_sensor5:84000 mC
03-07 11:56:04.690   934  1268 D NtpTrustedTime: currentTimeMillis() cache hit
03-07 11:56:04.690   934  1268 V NetworkStats: performPollLocked(flags=0x1)
03-07 11:56:04.700   934  1268 D NetworkStatsRecorder: entry.iface is null
03-07 11:56:04.700   934  1268 D NetworkStatsRecorder: entry.iface is null
03-07 11:56:04.700   934  1268 D NetworkStatsRecorder: entry.iface is null
03-07 11:56:04.700   934  1268 D NetworkStatsRecorder: entry.iface is null
03-07 11:56:04.700   934  1268 D NetworkStatsRecorder: entry.iface is null
03-07 11:56:04.700   934  1268 D NetworkStatsRecorder: entry.iface is null
03-07 11:56:04.710   934  1268 D NtpTrustedTime: currentTimeMillis() cache hit
03-07 11:56:04.710   934  1268 V NetworkStats: performPollLocked() took 29ms
03-07 11:56:04.720   934  1269 D NtpTrustedTime: currentTimeMillis() cache hit
03-07 11:56:04.720   934  1269 D NtpTrustedTime: currentTimeMillis() cache hit
03-07 11:56:04.720   934  1269 D NtpTrustedTime: currentTimeMillis() cache hit
03-07 11:56:04.740   356   462 I ThermalEngine: Sensor:tsens_tz_sensor8:83000 mC
03-07 11:56:04.740   356   462 I ThermalEngine: Sensor:tsens_tz_sensor6:88000 mC
03-07 11:56:04.740   356   462 I ThermalEngine: Sensor:tsens_tz_sensor5:85000 mC
03-07 11:56:04.810   356   462 I ThermalEngine: Sensor:tsens_tz_sensor8:85000 mC
03-07 11:56:04.810   356   462 I ThermalEngine: Sensor:tsens_tz_sensor6:88000 mC
03-07 11:56:04.810   356   462 I ThermalEngine: Sensor:tsens_tz_sensor5:84000 mC
03-07 11:56:04.870   356   462 I ThermalEngine: Sensor:tsens_tz_sensor8:85000 mC
03-07 11:56:04.870   356   462 I ThermalEngine: Sensor:tsens_tz_sensor6:88000 mC
03-07 11:56:04.870   356   462 I ThermalEngine: Sensor:tsens_tz_sensor5:87000 mC
03-07 11:56:04.940   356   462 I ThermalEngine: Sensor:tsens_tz_sensor8:85000 mC
03-07 11:56:04.940   356   462 I ThermalEngine: Sensor:tsens_tz_sensor6:88000 mC
03-07 11:56:04.940   356   462 I ThermalEngine: Sensor:tsens_tz_sensor5:86000 mC
03-07 11:56:05.000   356   462 I ThermalEngine: Sensor:tsens_tz_sensor8:85000 mC
03-07 11:56:05.000   356   462 I ThermalEngine: Sensor:tsens_tz_sensor6:88000 mC
03-07 11:56:05.000   356   462 I ThermalEngine: Sensor:tsens_tz_sensor5:85000 mC
03-07 11:56:05.070   356   462 I ThermalEngine: Sensor:tsens_tz_sensor8:85000 mC
03-07 11:56:05.070   356   462 I ThermalEngine: Sensor:tsens_tz_sensor6:88000 mC
03-07 11:56:05.070   356   462 I ThermalEngine: Sensor:tsens_tz_sensor5:87000 mC
03-07 11:56:05.130   356   462 I ThermalEngine: Sensor:tsens_tz_sensor8:85000 mC
03-07 11:56:05.130   356   462 I ThermalEngine: Sensor:tsens_tz_sensor6:88000 mC
03-07 11:56:05.130   356   462 I ThermalEngine: Sensor:tsens_tz_sensor5:87000 mC
03-07 11:56:05.200   356   462 I ThermalEngine: Sensor:tsens_tz_sensor8:84000 mC
03-07 11:56:05.200   356   462 I ThermalEngine: Sensor:tsens_tz_sensor6:88000 mC
03-07 11:56:05.200   356   462 I ThermalEngine: Sensor:tsens_tz_sensor5:87000 mC
03-07 11:56:05.260   356   462 I ThermalEngine: Sensor:tsens_tz_sensor8:85000 mC
03-07 11:56:05.260   356   462 I ThermalEngine: Sensor:tsens_tz_sensor6:87000 mC
03-07 11:56:05.260   356   462 I ThermalEngine: Sensor:tsens_tz_sensor5:87000 mC
03-07 11:56:05.330   356   462 I ThermalEngine: Sensor:tsens_tz_sensor8:85000 mC
03-07 11:56:05.330   356   462 I ThermalEngine: Sensor:tsens_tz_sensor6:88000 mC
03-07 11:56:05.330   356   462 I ThermalEngine: Sensor:tsens_tz_sensor5:87000 mC
03-07 11:56:05.380  1582  4003 D SensorManager: unregisterListener ::   
03-07 11:56:05.390   356   462 I ThermalEngine: Sensor:tsens_tz_sensor8:85000 mC
03-07 11:56:05.390   356   462 I ThermalEngine: Sensor:tsens_tz_sensor6:88000 mC
03-07 11:56:05.400   356   462 I ThermalEngine: Sensor:tsens_tz_sensor5:87000 mC
03-07 11:56:05.400   934  4943 D SSRM:s  : SIOP:: AP = 540, PST = 498, CP = 88, LCD = 69
03-07 11:56:05.400   934  4943 D ConnectivityService: returning getNetworkInfo for network type 1 : [type: WIFI[] - WIFI, state: CONNECTED/CONNECTED, reason: (unspecified), extra: "LauFamily-guest", roaming: false, failover: false, isAvailable: true]
03-07 11:56:05.460   356   462 I ThermalEngine: Sensor:tsens_tz_sensor8:90000 mC
03-07 11:56:05.460   356   462 I ThermalEngine: Sensor:tsens_tz_sensor6:88000 mC
03-07 11:56:05.460   356   462 I ThermalEngine: Sensor:tsens_tz_sensor5:88000 mC
03-07 11:56:05.490  7156  7156 I dnsmasq : icmp6_packet
03-07 11:56:05.490  7156  7156 I dnsmasq : modify_from_route : system/bin/ip -6 route add  fe80::4b2:885:1fe1:e743 dev wlan0 table 97
03-07 11:56:05.490  7156  7156 I dnsmasq : system/bin/ip -6 route add  fe80::4b2:885:1fe1:e743 dev wlan0 table 97
03-07 11:56:05.510  7156  7156 I dnsmasq : RTR-SOLICIT(wlan0) b0:48:1a:35:ae:80
03-07 11:56:05.510  7156  7156 I dnsmasq : update_ra count:0
03-07 11:56:05.510  7156  7156 I dnsmasq : link local address:wlan0
03-07 11:56:05.510  7156  7156 I dnsmasq : failed to send_ra: face_enumerate, parm.found_context
03-07 11:56:05.510  7156  7156 I dnsmasq : failed to update ra:send_ra
03-07 11:56:05.530   356   462 I ThermalEngine: Sensor:tsens_tz_sensor8:86000 mC
03-07 11:56:05.530   356   462 I ThermalEngine: Sensor:tsens_tz_sensor6:90000 mC
03-07 11:56:05.530   356   462 I ThermalEngine: Sensor:tsens_tz_sensor5:87000 mC
03-07 11:56:05.590   356   462 I ThermalEngine: Sensor:tsens_tz_sensor8:86000 mC
03-07 11:56:05.590   356   462 I ThermalEngine: Sensor:tsens_tz_sensor6:87000 mC
03-07 11:56:05.590   356   462 I ThermalEngine: Sensor:tsens_tz_sensor5:87000 mC
03-07 11:56:05.650   934  1601 E Watchdog: !@Sync 222 [03-07 11:56:05.661]
03-07 11:56:05.660   356   462 I ThermalEngine: Sensor:tsens_tz_sensor8:86000 mC
03-07 11:56:05.660   356   462 I ThermalEngine: Sensor:tsens_tz_sensor6:88000 mC
03-07 11:56:05.660   356   462 I ThermalEngine: Sensor:tsens_tz_sensor5:85000 mC
03-07 11:56:05.720   356   462 I ThermalEngine: Sensor:tsens_tz_sensor8:84000 mC
03-07 11:56:05.720   356   462 I ThermalEngine: Sensor:tsens_tz_sensor6:88000 mC
03-07 11:56:05.720   356   462 I ThermalEngine: Sensor:tsens_tz_sensor5:85000 mC
03-07 11:56:05.790   356   462 I ThermalEngine: Sensor:tsens_tz_sensor8:86000 mC
03-07 11:56:05.790   356   462 I ThermalEngine: Sensor:tsens_tz_sensor6:88000 mC
03-07 11:56:05.790   356   462 I ThermalEngine: Sensor:tsens_tz_sensor5:85000 mC
03-07 11:56:05.850   356   462 I ThermalEngine: Sensor:tsens_tz_sensor8:85000 mC
03-07 11:56:05.850   356   462 I ThermalEngine: Sensor:tsens_tz_sensor6:88000 mC
03-07 11:56:05.850   356   462 I ThermalEngine: Sensor:tsens_tz_sensor5:87000 mC
03-07 11:56:05.920   356   462 I ThermalEngine: Sensor:tsens_tz_sensor8:86000 mC
03-07 11:56:05.920   356   462 I ThermalEngine: Sensor:tsens_tz_sensor6:88000 mC
03-07 11:56:05.920   356   462 I ThermalEngine: Sensor:tsens_tz_sensor5:86000 mC
03-07 11:56:05.980   356   462 I ThermalEngine: Sensor:tsens_tz_sensor8:86000 mC
03-07 11:56:05.980   356   462 I ThermalEngine: Sensor:tsens_tz_sensor6:87000 mC
03-07 11:56:05.980   356   462 I ThermalEngine: Sensor:tsens_tz_sensor5:87000 mC
03-07 11:56:06.050   356   462 I ThermalEngine: Sensor:tsens_tz_sensor8:83000 mC
03-07 11:56:06.050   356   462 I ThermalEngine: Sensor:tsens_tz_sensor6:87000 mC
03-07 11:56:06.050   356   462 I ThermalEngine: Sensor:tsens_tz_sensor5:87000 mC
03-07 11:56:06.110   356   462 I ThermalEngine: Sensor:tsens_tz_sensor8:85000 mC
03-07 11:56:06.110   356   462 I ThermalEngine: Sensor:tsens_tz_sensor6:88000 mC
03-07 11:56:06.110   356   462 I ThermalEngine: Sensor:tsens_tz_sensor5:85000 mC
03-07 11:56:06.180   356   462 I ThermalEngine: Sensor:tsens_tz_sensor8:84000 mC
03-07 11:56:06.180   356   462 I ThermalEngine: Sensor:tsens_tz_sensor6:88000 mC
03-07 11:56:06.180   356   462 I ThermalEngine: Sensor:tsens_tz_sensor5:84000 mC
03-07 11:56:06.240   356   462 I ThermalEngine: Sensor:tsens_tz_sensor8:84000 mC
03-07 11:56:06.240   356   462 I ThermalEngine: Sensor:tsens_tz_sensor6:88000 mC
03-07 11:56:06.240   356   462 I ThermalEngine: Sensor:tsens_tz_sensor5:85000 mC
03-07 11:56:06.310   356   462 I ThermalEngine: Sensor:tsens_tz_sensor8:83000 mC
03-07 11:56:06.310   356   462 I ThermalEngine: Sensor:tsens_tz_sensor6:88000 mC
03-07 11:56:06.310   356   462 I ThermalEngine: Sensor:tsens_tz_sensor5:84000 mC
03-07 11:56:06.370   356   462 I ThermalEngine: Sensor:tsens_tz_sensor8:85000 mC
03-07 11:56:06.370   356   462 I ThermalEngine: Sensor:tsens_tz_sensor6:87000 mC
03-07 11:56:06.370   356   462 I ThermalEngine: Sensor:tsens_tz_sensor5:85000 mC
03-07 11:56:06.440   356   462 I ThermalEngine: Sensor:tsens_tz_sensor8:86000 mC
03-07 11:56:06.440   356   462 I ThermalEngine: Sensor:tsens_tz_sensor6:88000 mC
03-07 11:56:06.440   356   462 I ThermalEngine: Sensor:tsens_tz_sensor5:85000 mC
03-07 11:56:06.500   356   462 I ThermalEngine: Sensor:tsens_tz_sensor8:86000 mC
03-07 11:56:06.500   356   462 I ThermalEngine: Sensor:tsens_tz_sensor6:88000 mC
03-07 11:56:06.500   356   462 I ThermalEngine: Sensor:tsens_tz_sensor5:85000 mC
03-07 11:56:06.570   356   462 I ThermalEngine: Sensor:tsens_tz_sensor8:86000 mC
03-07 11:56:06.570   356   462 I ThermalEngine: Sensor:tsens_tz_sensor6:88000 mC
03-07 11:56:06.570   356   462 I ThermalEngine: Sensor:tsens_tz_sensor5:86000 mC
03-07 11:56:06.630   356   462 I ThermalEngine: Sensor:tsens_tz_sensor8:86000 mC
03-07 11:56:06.630   356   462 I ThermalEngine: Sensor:tsens_tz_sensor6:88000 mC
03-07 11:56:06.630   356   462 I ThermalEngine: Sensor:tsens_tz_sensor5:84000 mC
03-07 11:56:06.700   356   462 I ThermalEngine: Sensor:tsens_tz_sensor8:85000 mC
03-07 11:56:06.700   356   462 I ThermalEngine: Sensor:tsens_tz_sensor6:88000 mC
03-07 11:56:06.700   356   462 I ThermalEngine: Sensor:tsens_tz_sensor5:86000 mC
03-07 11:56:06.760   356   462 I ThermalEngine: Sensor:tsens_tz_sensor8:86000 mC
03-07 11:56:06.760   356   462 I ThermalEngine: Sensor:tsens_tz_sensor6:88000 mC
03-07 11:56:06.760   356   462 I ThermalEngine: Sensor:tsens_tz_sensor5:85000 mC
03-07 11:56:06.830   356   462 I ThermalEngine: Sensor:tsens_tz_sensor8:86000 mC
03-07 11:56:06.830   356   462 I ThermalEngine: Sensor:tsens_tz_sensor6:88000 mC
03-07 11:56:06.830   356   462 I ThermalEngine: Sensor:tsens_tz_sensor5:84000 mC
03-07 11:56:06.890   356   462 I ThermalEngine: Sensor:tsens_tz_sensor8:86000 mC
03-07 11:56:06.890   356   462 I ThermalEngine: Sensor:tsens_tz_sensor6:88000 mC
03-07 11:56:06.890   356   462 I ThermalEngine: Sensor:tsens_tz_sensor5:84000 mC
03-07 11:56:06.960   356   462 I ThermalEngine: Sensor:tsens_tz_sensor8:86000 mC
03-07 11:56:06.960   356   462 I ThermalEngine: Sensor:tsens_tz_sensor6:88000 mC
03-07 11:56:06.960   356   462 I ThermalEngine: Sensor:tsens_tz_sensor5:86000 mC
03-07 11:56:07.030   356   462 I ThermalEngine: Sensor:tsens_tz_sensor8:84000 mC
03-07 11:56:07.030   356   462 I ThermalEngine: Sensor:tsens_tz_sensor6:88000 mC
03-07 11:56:07.030   356   462 I ThermalEngine: Sensor:tsens_tz_sensor5:83000 mC
03-07 11:56:07.090   356   462 I ThermalEngine: Sensor:tsens_tz_sensor8:85000 mC
03-07 11:56:07.090   356   462 I ThermalEngine: Sensor:tsens_tz_sensor6:85000 mC
03-07 11:56:07.090   356   462 I ThermalEngine: Sensor:tsens_tz_sensor5:85000 mC
03-07 11:56:07.160   356   462 I ThermalEngine: Sensor:tsens_tz_sensor8:86000 mC
03-07 11:56:07.160   356   462 I ThermalEngine: Sensor:tsens_tz_sensor6:87000 mC
03-07 11:56:07.160   356   462 I ThermalEngine: Sensor:tsens_tz_sensor5:85000 mC
03-07 11:56:07.220   356   462 I ThermalEngine: Sensor:tsens_tz_sensor8:86000 mC
03-07 11:56:07.220   356   462 I ThermalEngine: Sensor:tsens_tz_sensor6:88000 mC
03-07 11:56:07.220   356   462 I ThermalEngine: Sensor:tsens_tz_sensor5:85000 mC
03-07 11:56:07.290   356   462 I ThermalEngine: Sensor:tsens_tz_sensor8:86000 mC
03-07 11:56:07.290   356   462 I ThermalEngine: Sensor:tsens_tz_sensor6:88000 mC
03-07 11:56:07.290   356   462 I ThermalEngine: Sensor:tsens_tz_sensor5:85000 mC
03-07 11:56:07.350   356   462 I ThermalEngine: Sensor:tsens_tz_sensor8:86000 mC
03-07 11:56:07.350   356   462 I ThermalEngine: Sensor:tsens_tz_sensor6:88000 mC
03-07 11:56:07.350   356   462 I ThermalEngine: Sensor:tsens_tz_sensor5:86000 mC
03-07 11:56:07.420   356   462 I ThermalEngine: Sensor:tsens_tz_sensor8:86000 mC
03-07 11:56:07.420   356   462 I ThermalEngine: Sensor:tsens_tz_sensor6:90000 mC
03-07 11:56:07.420   356   462 I ThermalEngine: Sensor:tsens_tz_sensor5:86000 mC
03-07 11:56:07.480   356   462 I ThermalEngine: Sensor:tsens_tz_sensor8:86000 mC
03-07 11:56:07.480   356   462 I ThermalEngine: Sensor:tsens_tz_sensor6:86000 mC
03-07 11:56:07.480   356   462 I ThermalEngine: Sensor:tsens_tz_sensor5:85000 mC
03-07 11:56:07.550   356   462 I ThermalEngine: Sensor:tsens_tz_sensor8:86000 mC
03-07 11:56:07.550   356   462 I ThermalEngine: Sensor:tsens_tz_sensor6:87000 mC
03-07 11:56:07.550   356   462 I ThermalEngine: Sensor:tsens_tz_sensor5:84000 mC
03-07 11:56:07.610   356   462 I ThermalEngine: Sensor:tsens_tz_sensor8:85000 mC
03-07 11:56:07.610   356   462 I ThermalEngine: Sensor:tsens_tz_sensor6:88000 mC
03-07 11:56:07.610   356   462 I ThermalEngine: Sensor:tsens_tz_sensor5:85000 mC
03-07 11:56:07.680   356   462 I ThermalEngine: Sensor:tsens_tz_sensor8:86000 mC
03-07 11:56:07.680   356   462 I ThermalEngine: Sensor:tsens_tz_sensor6:88000 mC
03-07 11:56:07.680   356   462 I ThermalEngine: Sensor:tsens_tz_sensor5:84000 mC
03-07 11:56:07.740   356   462 I ThermalEngine: Sensor:tsens_tz_sensor8:87000 mC
03-07 11:56:07.740   356   462 I ThermalEngine: Sensor:tsens_tz_sensor6:88000 mC
03-07 11:56:07.740   356   462 I ThermalEngine: Sensor:tsens_tz_sensor5:85000 mC
03-07 11:56:07.810   356   462 I ThermalEngine: Sensor:tsens_tz_sensor8:85000 mC
03-07 11:56:07.810   356   462 I ThermalEngine: Sensor:tsens_tz_sensor6:88000 mC
03-07 11:56:07.810   356   462 I ThermalEngine: Sensor:tsens_tz_sensor5:85000 mC
03-07 11:56:07.870   356   462 I ThermalEngine: Sensor:tsens_tz_sensor8:86000 mC
03-07 11:56:07.870   356   462 I ThermalEngine: Sensor:tsens_tz_sensor6:88000 mC
03-07 11:56:07.870   356   462 I ThermalEngine: Sensor:tsens_tz_sensor5:84000 mC
03-07 11:56:07.940   356   462 I ThermalEngine: Sensor:tsens_tz_sensor8:86000 mC
03-07 11:56:07.940   356   462 I ThermalEngine: Sensor:tsens_tz_sensor6:88000 mC
03-07 11:56:07.940   356   462 I ThermalEngine: Sensor:tsens_tz_sensor5:85000 mC
03-07 11:56:08.000   356   462 I ThermalEngine: Sensor:tsens_tz_sensor8:86000 mC
03-07 11:56:08.000   356   462 I ThermalEngine: Sensor:tsens_tz_sensor6:88000 mC
03-07 11:56:08.000   356   462 I ThermalEngine: Sensor:tsens_tz_sensor5:85000 mC
03-07 11:56:08.070   356   462 I ThermalEngine: Sensor:tsens_tz_sensor8:84000 mC
03-07 11:56:08.070   356   462 I ThermalEngine: Sensor:tsens_tz_sensor6:88000 mC
03-07 11:56:08.070   356   462 I ThermalEngine: Sensor:tsens_tz_sensor5:84000 mC
03-07 11:56:08.130   356   462 I ThermalEngine: Sensor:tsens_tz_sensor8:86000 mC
03-07 11:56:08.130   356   462 I ThermalEngine: Sensor:tsens_tz_sensor6:88000 mC
03-07 11:56:08.130   356   462 I ThermalEngine: Sensor:tsens_tz_sensor5:85000 mC
03-07 11:56:08.200   356   462 I ThermalEngine: Sensor:tsens_tz_sensor8:86000 mC
03-07 11:56:08.200   356   462 I ThermalEngine: Sensor:tsens_tz_sensor6:88000 mC
03-07 11:56:08.200   356   462 I ThermalEngine: Sensor:tsens_tz_sensor5:85000 mC
03-07 11:56:08.260   356   462 I ThermalEngine: Sensor:tsens_tz_sensor8:86000 mC
03-07 11:56:08.260   356   462 I ThermalEngine: Sensor:tsens_tz_sensor6:87000 mC
03-07 11:56:08.260   356   462 I ThermalEngine: Sensor:tsens_tz_sensor5:86000 mC
03-07 11:56:08.330   356   462 I ThermalEngine: Sensor:tsens_tz_sensor8:86000 mC
03-07 11:56:08.330   356   462 I ThermalEngine: Sensor:tsens_tz_sensor6:84000 mC
03-07 11:56:08.330   356   462 I ThermalEngine: Sensor:tsens_tz_sensor5:87000 mC
03-07 11:56:08.400   356   462 I ThermalEngine: Sensor:tsens_tz_sensor8:86000 mC
03-07 11:56:08.400   356   462 I ThermalEngine: Sensor:tsens_tz_sensor6:85000 mC
03-07 11:56:08.400   356   462 I ThermalEngine: Sensor:tsens_tz_sensor5:87000 mC
03-07 11:56:08.460   356   462 I ThermalEngine: Sensor:tsens_tz_sensor8:85000 mC
03-07 11:56:08.460   356   462 I ThermalEngine: Sensor:tsens_tz_sensor6:85000 mC
03-07 11:56:08.460   356   462 I ThermalEngine: Sensor:tsens_tz_sensor5:86000 mC
03-07 11:56:08.520  1341  1341 D StatusBar.NetworkController: onSignalStrengthsChanged signalStrength=SignalStrength: 28 99 -120 -160 -120 -1 -1 99 2147483647 2147483647 2147483647 -1 2147483647 0x5 gsm|lte level=5
03-07 11:56:08.520  1341  1341 D StatusBar.NetworkController: updateTelephonySignalStrength: hasService=true ss=SignalStrength: 28 99 -120 -160 -120 -1 -1 99 2147483647 2147483647 2147483647 -1 2147483647 0x5 gsm|lte
03-07 11:56:08.520  1341  1341 D StatusBar.NetworkController: updateTelephonySignalStrength: iconLevel=5
03-07 11:56:08.520  1341  1341 D StatusBar.NetworkController: updateTelephonySignalStrength, No signal level. mPhoneSignalIconId = com.android.systemui:drawable/tw_stat_sys_5_level_signal_5_auto_rotate mDataSignalIconId = com.android.systemui:drawable/tw_stat_sys_5_level_signal_5_auto_rotate mQSPhoneSignalIconId = com.android.systemui:drawable/ic_qs_signal_4 mContentDescriptionPhoneSignal = Full phone signal
03-07 11:56:08.530   356   462 I ThermalEngine: Sensor:tsens_tz_sensor8:86000 mC
03-07 11:56:08.530   356   462 I ThermalEngine: Sensor:tsens_tz_sensor6:85000 mC
03-07 11:56:08.530   356   462 I ThermalEngine: Sensor:tsens_tz_sensor5:84000 mC
03-07 11:56:08.590   356   462 I ThermalEngine: Sensor:tsens_tz_sensor8:86000 mC
03-07 11:56:08.590   356   462 I ThermalEngine: Sensor:tsens_tz_sensor6:87000 mC
03-07 11:56:08.590   356   462 I ThermalEngine: Sensor:tsens_tz_sensor5:85000 mC
03-07 11:56:08.620  1341  1341 D StatusBar.NetworkController: refreshViews connected={ wifi } level=5 combinedSignalIconId=0x7f02064e/com.android.systemui:drawable/stat_sys_wifi_signal_4 mobileLabel=Emergency calls only wifiLabel="LauFamily-guest" emergencyOnly=true combinedLabel="LauFamily-guest" mAirplaneMode=false mDataActivity=0 mPhoneSignalIconId=0x7f020783/com.android.systemui:drawable/tw_stat_sys_5_level_signal_5_auto_rotate mQSPhoneSignalIconId=0x7f02015e/com.android.systemui:drawable/ic_qs_signal_4 mDataDirectionIconId=0x0/(null) mDataSignalIconId=0x7f020783/com.android.systemui:drawable/tw_stat_sys_5_level_signal_5_auto_rotate mDataTypeIconId=0x0/(null) mQSDataTypeIconId=0x0/(null) mNoSimIconId=0x0/(null) mWifiIconId=0x7f02064e/com.android.systemui:drawable/stat_sys_wifi_signal_4 mQSWifiIconId=0x7f02032b/com.android.systemui:drawable/qs_tile_wifi_signal_4 mWifiActivityIconId=0x7f0205fc/com.android.systemui:drawable/stat_sys_signal_inout mBluetoothTetherIconId=0x7f020625/com.android.systemui:drawable/stat_sys_tether_bluetooth
03-07 11:56:08.620  1341  1341 D StatusBar.NetworkController: refreshNwBoosterIndicator - setNWBoosterIndicators(false)
03-07 11:56:08.620  1341  1341 D StatusBar.NetworkController: refreshNwBoosterIndicator - setNWBoosterIndicators(false)
03-07 11:56:08.620  1341  1341 D StatusBar.NetworkController: refreshNwBoosterIndicator - setNWBoosterIndicators(false)
03-07 11:56:08.620  1341  1341 D StatusBar.NetworkController: refreshNwBoosterIndicator - setNWBoosterIndicators(false)
03-07 11:56:08.660   356   462 I ThermalEngine: Sensor:tsens_tz_sensor8:86000 mC
03-07 11:56:08.660   356   462 I ThermalEngine: Sensor:tsens_tz_sensor6:82000 mC
03-07 11:56:08.660   356   462 I ThermalEngine: Sensor:tsens_tz_sensor5:86000 mC
03-07 11:56:08.720   356   462 I ThermalEngine: Sensor:tsens_tz_sensor8:86000 mC
03-07 11:56:08.720   356   462 I ThermalEngine: Sensor:tsens_tz_sensor6:86000 mC
03-07 11:56:08.720   356   462 I ThermalEngine: Sensor:tsens_tz_sensor5:87000 mC
03-07 11:56:08.790   356   462 I ThermalEngine: Sensor:tsens_tz_sensor8:86000 mC
03-07 11:56:08.790   356   462 I ThermalEngine: Sensor:tsens_tz_sensor6:86000 mC
03-07 11:56:08.790   356   462 I ThermalEngine: Sensor:tsens_tz_sensor5:87000 mC
03-07 11:56:08.850   356   462 I ThermalEngine: Sensor:tsens_tz_sensor8:85000 mC
03-07 11:56:08.850   356   462 I ThermalEngine: Sensor:tsens_tz_sensor6:85000 mC
03-07 11:56:08.850   356   462 I ThermalEngine: Sensor:tsens_tz_sensor5:87000 mC
03-07 11:56:08.920   356   462 I ThermalEngine: Sensor:tsens_tz_sensor8:84000 mC
03-07 11:56:08.920   356   462 I ThermalEngine: Sensor:tsens_tz_sensor6:86000 mC
03-07 11:56:08.920   356   462 I ThermalEngine: Sensor:tsens_tz_sensor5:86000 mC
03-07 11:56:08.980   356   462 I ThermalEngine: Sensor:tsens_tz_sensor8:84000 mC
03-07 11:56:08.980   356   462 I ThermalEngine: Sensor:tsens_tz_sensor6:87000 mC
03-07 11:56:08.980   356   462 I ThermalEngine: Sensor:tsens_tz_sensor5:86000 mC
03-07 11:56:09.050   356   462 I ThermalEngine: Sensor:tsens_tz_sensor8:84000 mC
03-07 11:56:09.050   356   462 I ThermalEngine: Sensor:tsens_tz_sensor6:87000 mC
03-07 11:56:09.050   356   462 I ThermalEngine: Sensor:tsens_tz_sensor5:85000 mC
03-07 11:56:09.110   356   462 I ThermalEngine: Sensor:tsens_tz_sensor8:85000 mC
03-07 11:56:09.110   356   462 I ThermalEngine: Sensor:tsens_tz_sensor6:86000 mC
03-07 11:56:09.110   356   462 I ThermalEngine: Sensor:tsens_tz_sensor5:87000 mC
03-07 11:56:09.180   356   462 I ThermalEngine: Sensor:tsens_tz_sensor8:85000 mC
03-07 11:56:09.180   356   462 I ThermalEngine: Sensor:tsens_tz_sensor6:88000 mC
03-07 11:56:09.180   356   462 I ThermalEngine: Sensor:tsens_tz_sensor5:85000 mC
03-07 11:56:09.240   356   462 I ThermalEngine: Sensor:tsens_tz_sensor8:85000 mC
03-07 11:56:09.240   356   462 I ThermalEngine: Sensor:tsens_tz_sensor6:85000 mC
03-07 11:56:09.240   356   462 I ThermalEngine: Sensor:tsens_tz_sensor5:87000 mC
03-07 11:56:09.310   356   462 I ThermalEngine: Sensor:tsens_tz_sensor8:80000 mC
03-07 11:56:09.310   356   462 I ThermalEngine: Sensor:tsens_tz_sensor6:88000 mC
03-07 11:56:09.310   356   462 I ThermalEngine: Sensor:tsens_tz_sensor5:86000 mC
03-07 11:56:09.370   356   462 I ThermalEngine: Sensor:tsens_tz_sensor8:81000 mC
03-07 11:56:09.370   356   462 I ThermalEngine: Sensor:tsens_tz_sensor6:88000 mC
03-07 11:56:09.370   356   462 I ThermalEngine: Sensor:tsens_tz_sensor5:85000 mC
03-07 11:56:09.440   356   462 I ThermalEngine: Sensor:tsens_tz_sensor8:85000 mC
03-07 11:56:09.440   356   462 I ThermalEngine: Sensor:tsens_tz_sensor6:87000 mC
03-07 11:56:09.440   356   462 I ThermalEngine: Sensor:tsens_tz_sensor5:86000 mC
03-07 11:56:09.500   356   462 I ThermalEngine: Sensor:tsens_tz_sensor8:85000 mC
03-07 11:56:09.500   356   462 I ThermalEngine: Sensor:tsens_tz_sensor6:88000 mC
03-07 11:56:09.500   356   462 I ThermalEngine: Sensor:tsens_tz_sensor5:86000 mC
03-07 11:56:09.570   356   462 I ThermalEngine: Sensor:tsens_tz_sensor8:84000 mC
03-07 11:56:09.570   356   462 I ThermalEngine: Sensor:tsens_tz_sensor6:88000 mC
03-07 11:56:09.570   356   462 I ThermalEngine: Sensor:tsens_tz_sensor5:86000 mC
03-07 11:56:09.640   356   462 I ThermalEngine: Sensor:tsens_tz_sensor8:85000 mC
03-07 11:56:09.640   356   462 I ThermalEngine: Sensor:tsens_tz_sensor6:88000 mC
03-07 11:56:09.640   356   462 I ThermalEngine: Sensor:tsens_tz_sensor5:86000 mC
03-07 11:56:09.700   356   462 I ThermalEngine: Sensor:tsens_tz_sensor8:81000 mC
03-07 11:56:09.700   356   462 I ThermalEngine: Sensor:tsens_tz_sensor6:88000 mC
03-07 11:56:09.700   356   462 I ThermalEngine: Sensor:tsens_tz_sensor5:86000 mC
03-07 11:56:09.770   356   462 I ThermalEngine: Sensor:tsens_tz_sensor8:85000 mC
03-07 11:56:09.770   356   462 I ThermalEngine: Sensor:tsens_tz_sensor6:88000 mC
03-07 11:56:09.770   356   462 I ThermalEngine: Sensor:tsens_tz_sensor5:86000 mC
03-07 11:56:09.820  7156  7156 I dnsmasq : icmp6_packet
03-07 11:56:09.820  7156  7156 I dnsmasq : modify_from_route : system/bin/ip -6 route add  fe80::4b2:885:1fe1:e743 dev wlan0 table 97
03-07 11:56:09.820  7156  7156 I dnsmasq : system/bin/ip -6 route add  fe80::4b2:885:1fe1:e743 dev wlan0 table 97
03-07 11:56:09.830   356   462 I ThermalEngine: Sensor:tsens_tz_sensor8:88000 mC
03-07 11:56:09.830   356   462 I ThermalEngine: Sensor:tsens_tz_sensor6:88000 mC
03-07 11:56:09.830   356   462 I ThermalEngine: Sensor:tsens_tz_sensor5:86000 mC
03-07 11:56:09.830  7156  7156 I dnsmasq : RTR-SOLICIT(wlan0) b0:48:1a:35:ae:80
03-07 11:56:09.830  7156  7156 I dnsmasq : update_ra count:0
03-07 11:56:09.830  7156  7156 I dnsmasq : link local address:wlan0
03-07 11:56:09.830  7156  7156 I dnsmasq : failed to send_ra: face_enumerate, parm.found_context
03-07 11:56:09.830  7156  7156 I dnsmasq : failed to update ra:send_ra
03-07 11:56:09.900   356   462 I ThermalEngine: Sensor:tsens_tz_sensor8:86000 mC
03-07 11:56:09.900   356   462 I ThermalEngine: Sensor:tsens_tz_sensor6:88000 mC
03-07 11:56:09.900   356   462 I ThermalEngine: Sensor:tsens_tz_sensor5:86000 mC
03-07 11:56:09.960   356   462 I ThermalEngine: Sensor:tsens_tz_sensor8:86000 mC
03-07 11:56:09.960   356   462 I ThermalEngine: Sensor:tsens_tz_sensor6:88000 mC
03-07 11:56:09.960   356   462 I ThermalEngine: Sensor:tsens_tz_sensor5:85000 mC
03-07 11:56:10.030   356   462 I ThermalEngine: Sensor:tsens_tz_sensor8:86000 mC
03-07 11:56:10.030   356   462 I ThermalEngine: Sensor:tsens_tz_sensor6:86000 mC
03-07 11:56:10.030   356   462 I ThermalEngine: Sensor:tsens_tz_sensor5:85000 mC
03-07 11:56:10.090   356   462 I ThermalEngine: Sensor:tsens_tz_sensor8:86000 mC
03-07 11:56:10.090   356   462 I ThermalEngine: Sensor:tsens_tz_sensor6:87000 mC
03-07 11:56:10.090   356   462 I ThermalEngine: Sensor:tsens_tz_sensor5:86000 mC
03-07 11:56:10.160   356   462 I ThermalEngine: Sensor:tsens_tz_sensor8:86000 mC
03-07 11:56:10.160   356   462 I ThermalEngine: Sensor:tsens_tz_sensor6:88000 mC
03-07 11:56:10.160   356   462 I ThermalEngine: Sensor:tsens_tz_sensor5:85000 mC
03-07 11:56:10.220   356   462 I ThermalEngine: Sensor:tsens_tz_sensor8:86000 mC
03-07 11:56:10.220   356   462 I ThermalEngine: Sensor:tsens_tz_sensor6:88000 mC
03-07 11:56:10.220   356   462 I ThermalEngine: Sensor:tsens_tz_sensor5:85000 mC
03-07 11:56:10.290   356   462 I ThermalEngine: Sensor:tsens_tz_sensor8:86000 mC
03-07 11:56:10.290   356   462 I ThermalEngine: Sensor:tsens_tz_sensor6:88000 mC
03-07 11:56:10.290   356   462 I ThermalEngine: Sensor:tsens_tz_sensor5:85000 mC
03-07 11:56:10.350   356   462 I ThermalEngine: Sensor:tsens_tz_sensor8:82000 mC
03-07 11:56:10.350   356   462 I ThermalEngine: Sensor:tsens_tz_sensor6:88000 mC
03-07 11:56:10.350   356   462 I ThermalEngine: Sensor:tsens_tz_sensor5:85000 mC
03-07 11:56:10.420   356   462 I ThermalEngine: Sensor:tsens_tz_sensor8:82000 mC
03-07 11:56:10.420   356   462 I ThermalEngine: Sensor:tsens_tz_sensor6:88000 mC
03-07 11:56:10.420   356   462 I ThermalEngine: Sensor:tsens_tz_sensor5:86000 mC
03-07 11:56:10.480   356   462 I ThermalEngine: Sensor:tsens_tz_sensor8:82000 mC
03-07 11:56:10.480   356   462 I ThermalEngine: Sensor:tsens_tz_sensor6:88000 mC
03-07 11:56:10.480   356   462 I ThermalEngine: Sensor:tsens_tz_sensor5:86000 mC
03-07 11:56:10.550   356   462 I ThermalEngine: Sensor:tsens_tz_sensor8:83000 mC
03-07 11:56:10.550   356   462 I ThermalEngine: Sensor:tsens_tz_sensor6:88000 mC
03-07 11:56:10.550   356   462 I ThermalEngine: Sensor:tsens_tz_sensor5:86000 mC
03-07 11:56:10.610   356   462 I ThermalEngine: Sensor:tsens_tz_sensor8:85000 mC
03-07 11:56:10.610   356   462 I ThermalEngine: Sensor:tsens_tz_sensor6:88000 mC
03-07 11:56:10.610   356   462 I ThermalEngine: Sensor:tsens_tz_sensor5:87000 mC
03-07 11:56:10.680   356   462 I ThermalEngine: Sensor:tsens_tz_sensor8:85000 mC
03-07 11:56:10.680   356   462 I ThermalEngine: Sensor:tsens_tz_sensor6:88000 mC
03-07 11:56:10.680   356   462 I ThermalEngine: Sensor:tsens_tz_sensor5:87000 mC
03-07 11:56:10.740   356   462 I ThermalEngine: Sensor:tsens_tz_sensor8:85000 mC
03-07 11:56:10.740   356   462 I ThermalEngine: Sensor:tsens_tz_sensor6:88000 mC
03-07 11:56:10.740   356   462 I ThermalEngine: Sensor:tsens_tz_sensor5:87000 mC
03-07 11:56:10.810   356   462 I ThermalEngine: Sensor:tsens_tz_sensor8:85000 mC
03-07 11:56:10.810   356   462 I ThermalEngine: Sensor:tsens_tz_sensor6:88000 mC
03-07 11:56:10.810   356   462 I ThermalEngine: Sensor:tsens_tz_sensor5:88000 mC
03-07 11:56:10.870   356   462 I ThermalEngine: Sensor:tsens_tz_sensor8:86000 mC
03-07 11:56:10.870   356   462 I ThermalEngine: Sensor:tsens_tz_sensor6:88000 mC
03-07 11:56:10.870   356   462 I ThermalEngine: Sensor:tsens_tz_sensor5:88000 mC
03-07 11:56:10.940   356   462 I ThermalEngine: Sensor:tsens_tz_sensor8:85000 mC
03-07 11:56:10.940   356   462 I ThermalEngine: Sensor:tsens_tz_sensor6:87000 mC
03-07 11:56:10.940   356   462 I ThermalEngine: Sensor:tsens_tz_sensor5:88000 mC
03-07 11:56:11.000   356   462 I ThermalEngine: Sensor:tsens_tz_sensor8:86000 mC
03-07 11:56:11.000   356   462 I ThermalEngine: Sensor:tsens_tz_sensor6:87000 mC
03-07 11:56:11.000   356   462 I ThermalEngine: Sensor:tsens_tz_sensor5:88000 mC
03-07 11:56:11.070   356   462 I ThermalEngine: Sensor:tsens_tz_sensor8:83000 mC
03-07 11:56:11.070   356   462 I ThermalEngine: Sensor:tsens_tz_sensor6:87000 mC
03-07 11:56:11.070   356   462 I ThermalEngine: Sensor:tsens_tz_sensor5:88000 mC
03-07 11:56:11.140   356   462 I ThermalEngine: Sensor:tsens_tz_sensor8:84000 mC
03-07 11:56:11.140   356   462 I ThermalEngine: Sensor:tsens_tz_sensor6:88000 mC
03-07 11:56:11.140   356   462 I ThermalEngine: Sensor:tsens_tz_sensor5:88000 mC
03-07 11:56:11.200   356   462 I ThermalEngine: Sensor:tsens_tz_sensor8:84000 mC
03-07 11:56:11.200   356   462 I ThermalEngine: Sensor:tsens_tz_sensor6:83000 mC
03-07 11:56:11.200   356   462 I ThermalEngine: Sensor:tsens_tz_sensor5:88000 mC
03-07 11:56:11.270   356   462 I ThermalEngine: Sensor:tsens_tz_sensor8:85000 mC
03-07 11:56:11.270   356   462 I ThermalEngine: Sensor:tsens_tz_sensor6:87000 mC
03-07 11:56:11.270   356   462 I ThermalEngine: Sensor:tsens_tz_sensor5:86000 mC
03-07 11:56:11.330   356   462 I ThermalEngine: Sensor:tsens_tz_sensor8:85000 mC
03-07 11:56:11.330   356   462 I ThermalEngine: Sensor:tsens_tz_sensor6:88000 mC
03-07 11:56:11.330   356   462 I ThermalEngine: Sensor:tsens_tz_sensor5:86000 mC
