03-07 11:56:22.680   356   462 I ThermalEngine: Sensor:tsens_tz_sensor6:89000 mC
03-07 11:56:22.680   356   462 I ThermalEngine: Sensor:tsens_tz_sensor5:87000 mC
03-07 11:56:22.750   356   462 I ThermalEngine: Sensor:tsens_tz_sensor8:87000 mC
03-07 11:56:22.750   356   462 I ThermalEngine: Sensor:tsens_tz_sensor6:89000 mC
03-07 11:56:22.750   356   462 I ThermalEngine: Sensor:tsens_tz_sensor5:87000 mC
03-07 11:56:22.810   356   462 I ThermalEngine: Sensor:tsens_tz_sensor8:88000 mC
03-07 11:56:22.810   356   462 I ThermalEngine: Sensor:tsens_tz_sensor6:89000 mC
03-07 11:56:22.810   356   462 I ThermalEngine: Sensor:tsens_tz_sensor5:88000 mC
03-07 11:56:22.880   356   462 I ThermalEngine: Sensor:tsens_tz_sensor8:88000 mC
03-07 11:56:22.880   356   462 I ThermalEngine: Sensor:tsens_tz_sensor6:89000 mC
03-07 11:56:22.880   356   462 I ThermalEngine: Sensor:tsens_tz_sensor5:88000 mC
03-07 11:56:22.940   356   462 I ThermalEngine: Sensor:tsens_tz_sensor8:88000 mC
03-07 11:56:22.940   356   462 I ThermalEngine: Sensor:tsens_tz_sensor6:89000 mC
03-07 11:56:22.940   356   462 I ThermalEngine: Sensor:tsens_tz_sensor5:87000 mC
03-07 11:56:23.010   356   462 I ThermalEngine: Sensor:tsens_tz_sensor8:88000 mC
03-07 11:56:23.010   356   462 I ThermalEngine: Sensor:tsens_tz_sensor6:89000 mC
03-07 11:56:23.010   356   462 I ThermalEngine: Sensor:tsens_tz_sensor5:86000 mC
03-07 11:56:23.070   356   462 I ThermalEngine: Sensor:tsens_tz_sensor8:88000 mC
03-07 11:56:23.070   356   462 I ThermalEngine: Sensor:tsens_tz_sensor6:89000 mC
03-07 11:56:23.070   356   462 I ThermalEngine: Sensor:tsens_tz_sensor5:87000 mC
03-07 11:56:23.140   356   462 I ThermalEngine: Sensor:tsens_tz_sensor8:86000 mC
03-07 11:56:23.140   356   462 I ThermalEngine: Sensor:tsens_tz_sensor6:89000 mC
03-07 11:56:23.140   356   462 I ThermalEngine: Sensor:tsens_tz_sensor5:86000 mC
03-07 11:56:23.200   356   462 I ThermalEngine: Sensor:tsens_tz_sensor8:86000 mC
03-07 11:56:23.200   356   462 I ThermalEngine: Sensor:tsens_tz_sensor6:89000 mC
03-07 11:56:23.200   356   462 I ThermalEngine: Sensor:tsens_tz_sensor5:87000 mC
03-07 11:56:23.270   356   462 I ThermalEngine: Sensor:tsens_tz_sensor8:87000 mC
03-07 11:56:23.270   356   462 I ThermalEngine: Sensor:tsens_tz_sensor6:89000 mC
03-07 11:56:23.270   356   462 I ThermalEngine: Sensor:tsens_tz_sensor5:86000 mC
03-07 11:56:23.330   356   462 I ThermalEngine: Sensor:tsens_tz_sensor8:87000 mC
03-07 11:56:23.330   356   462 I ThermalEngine: Sensor:tsens_tz_sensor6:89000 mC
03-07 11:56:23.330   356   462 I ThermalEngine: Sensor:tsens_tz_sensor5:88000 mC
03-07 11:56:23.400   356   462 I ThermalEngine: Sensor:tsens_tz_sensor8:87000 mC
03-07 11:56:23.400   356   462 I ThermalEngine: Sensor:tsens_tz_sensor6:87000 mC
03-07 11:56:23.400   356   462 I ThermalEngine: Sensor:tsens_tz_sensor5:87000 mC
03-07 11:56:23.460   356   462 I ThermalEngine: Sensor:tsens_tz_sensor8:88000 mC
03-07 11:56:23.460   356   462 I ThermalEngine: Sensor:tsens_tz_sensor6:86000 mC
03-07 11:56:23.460   356   462 I ThermalEngine: Sensor:tsens_tz_sensor5:86000 mC
03-07 11:56:23.530   356   462 I ThermalEngine: Sensor:tsens_tz_sensor8:88000 mC
03-07 11:56:23.530   356   462 I ThermalEngine: Sensor:tsens_tz_sensor6:86000 mC
03-07 11:56:23.530   356   462 I ThermalEngine: Sensor:tsens_tz_sensor5:87000 mC
03-07 11:56:23.590   356   462 I ThermalEngine: Sensor:tsens_tz_sensor8:88000 mC
03-07 11:56:23.590   356   462 I ThermalEngine: Sensor:tsens_tz_sensor6:85000 mC
03-07 11:56:23.590   356   462 I ThermalEngine: Sensor:tsens_tz_sensor5:84000 mC
03-07 11:56:23.660   356   462 I ThermalEngine: Sensor:tsens_tz_sensor8:88000 mC
03-07 11:56:23.660   356   462 I ThermalEngine: Sensor:tsens_tz_sensor6:86000 mC
03-07 11:56:23.660   356   462 I ThermalEngine: Sensor:tsens_tz_sensor5:86000 mC
03-07 11:56:23.720   356   462 I ThermalEngine: Sensor:tsens_tz_sensor8:85000 mC
03-07 11:56:23.720   356   462 I ThermalEngine: Sensor:tsens_tz_sensor6:86000 mC
03-07 11:56:23.720   356   462 I ThermalEngine: Sensor:tsens_tz_sensor5:85000 mC
03-07 11:56:23.790   356   462 I ThermalEngine: Sensor:tsens_tz_sensor8:85000 mC
03-07 11:56:23.790   356   462 I ThermalEngine: Sensor:tsens_tz_sensor6:88000 mC
03-07 11:56:23.790   356   462 I ThermalEngine: Sensor:tsens_tz_sensor5:88000 mC
03-07 11:56:23.860   356   462 I ThermalEngine: Sensor:tsens_tz_sensor8:85000 mC
03-07 11:56:23.860   356   462 I ThermalEngine: Sensor:tsens_tz_sensor6:88000 mC
03-07 11:56:23.860   356   462 I ThermalEngine: Sensor:tsens_tz_sensor5:88000 mC
03-07 11:56:23.920   356   462 I ThermalEngine: Sensor:tsens_tz_sensor8:84000 mC
03-07 11:56:23.920   356   462 I ThermalEngine: Sensor:tsens_tz_sensor6:89000 mC
03-07 11:56:23.920   356   462 I ThermalEngine: Sensor:tsens_tz_sensor5:88000 mC
03-07 11:56:23.990   356   462 I ThermalEngine: Sensor:tsens_tz_sensor8:82000 mC
03-07 11:56:23.990   356   462 I ThermalEngine: Sensor:tsens_tz_sensor6:89000 mC
03-07 11:56:23.990   356   462 I ThermalEngine: Sensor:tsens_tz_sensor5:89000 mC
03-07 11:56:24.050   356   462 I ThermalEngine: Sensor:tsens_tz_sensor8:86000 mC
03-07 11:56:24.050   356   462 I ThermalEngine: Sensor:tsens_tz_sensor6:85000 mC
03-07 11:56:24.050   356   462 I ThermalEngine: Sensor:tsens_tz_sensor5:89000 mC
03-07 11:56:24.120   356   462 I ThermalEngine: Sensor:tsens_tz_sensor8:84000 mC
03-07 11:56:24.120   356   462 I ThermalEngine: Sensor:tsens_tz_sensor6:85000 mC
03-07 11:56:24.120   356   462 I ThermalEngine: Sensor:tsens_tz_sensor5:88000 mC
03-07 11:56:24.180   356   462 I ThermalEngine: Sensor:tsens_tz_sensor8:87000 mC
03-07 11:56:24.180   356   462 I ThermalEngine: Sensor:tsens_tz_sensor6:92000 mC
03-07 11:56:24.180   356   462 I ThermalEngine: ACTION: CPU - Setting CPU[0] to 2265600
03-07 11:56:24.180   356   462 I ThermalEngine: ACTION: CPU - Setting CPU[1] to 2265600
03-07 11:56:24.180   356   462 I ThermalEngine: ACTION: CPU - Setting CPU[2] to 2265600
03-07 11:56:24.180   356   462 I ThermalEngine: ACTION: CPU - Setting CPU[3] to 2265600
03-07 11:56:24.180   356   462 I ThermalEngine: Sensor:tsens_tz_sensor5:89000 mC
03-07 11:56:24.250   356   462 I ThermalEngine: Sensor:tsens_tz_sensor8:86000 mC
03-07 11:56:24.250   356   462 I ThermalEngine: Sensor:tsens_tz_sensor6:83000 mC
03-07 11:56:24.250   356   462 I ThermalEngine: ACTION: CPU - Setting CPU[0] to 2457600
03-07 11:56:24.250   356   462 I ThermalEngine: ACTION: CPU - Setting CPU[1] to 2457600
03-07 11:56:24.250   356   462 I ThermalEngine: ACTION: CPU - Setting CPU[2] to 2457600
03-07 11:56:24.250   356   462 I ThermalEngine: ACTION: CPU - Setting CPU[3] to 2457600
03-07 11:56:24.250   356   462 I ThermalEngine: Sensor:tsens_tz_sensor5:87000 mC
03-07 11:56:24.310   356   462 I ThermalEngine: Sensor:tsens_tz_sensor8:87000 mC
03-07 11:56:24.310   356   462 I ThermalEngine: Sensor:tsens_tz_sensor6:84000 mC
03-07 11:56:24.310   356   462 I ThermalEngine: Sensor:tsens_tz_sensor5:86000 mC
03-07 11:56:24.380   356   462 I ThermalEngine: Sensor:tsens_tz_sensor8:87000 mC
03-07 11:56:24.380   356   462 I ThermalEngine: Sensor:tsens_tz_sensor6:87000 mC
03-07 11:56:24.380   356   462 I ThermalEngine: Sensor:tsens_tz_sensor5:87000 mC
03-07 11:56:24.440   356   462 I ThermalEngine: Sensor:tsens_tz_sensor8:88000 mC
03-07 11:56:24.440   356   462 I ThermalEngine: Sensor:tsens_tz_sensor6:89000 mC
03-07 11:56:24.440   356   462 I ThermalEngine: Sensor:tsens_tz_sensor5:87000 mC
03-07 11:56:24.510   356   462 I ThermalEngine: Sensor:tsens_tz_sensor8:87000 mC
03-07 11:56:24.510   356   462 I ThermalEngine: Sensor:tsens_tz_sensor6:84000 mC
03-07 11:56:24.510   356   462 I ThermalEngine: Sensor:tsens_tz_sensor5:86000 mC
03-07 11:56:24.570   356   462 I ThermalEngine: Sensor:tsens_tz_sensor8:87000 mC
03-07 11:56:24.570   356   462 I ThermalEngine: Sensor:tsens_tz_sensor6:87000 mC
03-07 11:56:24.570   356   462 I ThermalEngine: Sensor:tsens_tz_sensor5:87000 mC
03-07 11:56:24.640   356   462 I ThermalEngine: Sensor:tsens_tz_sensor8:88000 mC
03-07 11:56:24.640   356   462 I ThermalEngine: Sensor:tsens_tz_sensor6:88000 mC
03-07 11:56:24.640   356   462 I ThermalEngine: Sensor:tsens_tz_sensor5:86000 mC
03-07 11:56:24.700   356   462 I ThermalEngine: Sensor:tsens_tz_sensor8:87000 mC
03-07 11:56:24.700   356   462 I ThermalEngine: Sensor:tsens_tz_sensor6:86000 mC
03-07 11:56:24.700   356   462 I ThermalEngine: Sensor:tsens_tz_sensor5:86000 mC
03-07 11:56:24.770   356   462 I ThermalEngine: Sensor:tsens_tz_sensor8:88000 mC
03-07 11:56:24.770   356   462 I ThermalEngine: Sensor:tsens_tz_sensor6:83000 mC
03-07 11:56:24.770   356   462 I ThermalEngine: Sensor:tsens_tz_sensor5:87000 mC
03-07 11:56:24.830   356   462 I ThermalEngine: Sensor:tsens_tz_sensor8:87000 mC
03-07 11:56:24.830   356   462 I ThermalEngine: Sensor:tsens_tz_sensor6:84000 mC
03-07 11:56:24.830   356   462 I ThermalEngine: Sensor:tsens_tz_sensor5:87000 mC
03-07 11:56:24.900   356   462 I ThermalEngine: Sensor:tsens_tz_sensor8:88000 mC
03-07 11:56:24.900   356   462 I ThermalEngine: Sensor:tsens_tz_sensor6:86000 mC
03-07 11:56:24.900   356   462 I ThermalEngine: Sensor:tsens_tz_sensor5:85000 mC
03-07 11:56:24.970   356   462 I ThermalEngine: Sensor:tsens_tz_sensor8:82000 mC
03-07 11:56:24.970   356   462 I ThermalEngine: Sensor:tsens_tz_sensor6:88000 mC
03-07 11:56:24.970   356   462 I ThermalEngine: Sensor:tsens_tz_sensor5:86000 mC
03-07 11:56:25.030   356   462 I ThermalEngine: Sensor:tsens_tz_sensor8:87000 mC
03-07 11:56:25.030   356   462 I ThermalEngine: Sensor:tsens_tz_sensor6:88000 mC
03-07 11:56:25.030   356   462 I ThermalEngine: Sensor:tsens_tz_sensor5:86000 mC
03-07 11:56:25.100   356   462 I ThermalEngine: Sensor:tsens_tz_sensor8:87000 mC
03-07 11:56:25.100   356   462 I ThermalEngine: Sensor:tsens_tz_sensor6:88000 mC
03-07 11:56:25.100   356   462 I ThermalEngine: Sensor:tsens_tz_sensor5:87000 mC
03-07 11:56:25.160   356   462 I ThermalEngine: Sensor:tsens_tz_sensor8:87000 mC
03-07 11:56:25.160   356   462 I ThermalEngine: Sensor:tsens_tz_sensor6:89000 mC
03-07 11:56:25.160   356   462 I ThermalEngine: Sensor:tsens_tz_sensor5:88000 mC
03-07 11:56:25.230   356   462 I ThermalEngine: Sensor:tsens_tz_sensor8:85000 mC
03-07 11:56:25.230   356   462 I ThermalEngine: Sensor:tsens_tz_sensor6:89000 mC
03-07 11:56:25.230   356   462 I ThermalEngine: Sensor:tsens_tz_sensor5:87000 mC
03-07 11:56:25.290   356   462 I ThermalEngine: Sensor:tsens_tz_sensor8:87000 mC
03-07 11:56:25.290   356   462 I ThermalEngine: Sensor:tsens_tz_sensor6:89000 mC
03-07 11:56:25.290   356   462 I ThermalEngine: Sensor:tsens_tz_sensor5:87000 mC
03-07 11:56:25.360   356   462 I ThermalEngine: Sensor:tsens_tz_sensor8:87000 mC
03-07 11:56:25.360   356   462 I ThermalEngine: Sensor:tsens_tz_sensor6:89000 mC
03-07 11:56:25.360   356   462 I ThermalEngine: Sensor:tsens_tz_sensor5:87000 mC
03-07 11:56:25.420   356   462 I ThermalEngine: Sensor:tsens_tz_sensor8:88000 mC
03-07 11:56:25.420   356   462 I ThermalEngine: Sensor:tsens_tz_sensor6:89000 mC
03-07 11:56:25.420   356   462 I ThermalEngine: Sensor:tsens_tz_sensor5:86000 mC
03-07 11:56:25.490   356   462 I ThermalEngine: Sensor:tsens_tz_sensor8:88000 mC
03-07 11:56:25.490   356   462 I ThermalEngine: Sensor:tsens_tz_sensor6:86000 mC
03-07 11:56:25.490   356   462 I ThermalEngine: Sensor:tsens_tz_sensor5:89000 mC
03-07 11:56:25.530   934  4943 D SSRM:s  : SIOP:: AP = 550, PST = 503, CP = 86, LCD = 12
03-07 11:56:25.540   934  4943 D ConnectivityService: returning getNetworkInfo for network type 1 : [type: WIFI[] - WIFI, state: CONNECTED/CONNECTED, reason: (unspecified), extra: "LauFamily-guest", roaming: false, failover: false, isAvailable: true]
03-07 11:56:25.550   356   462 I ThermalEngine: Sensor:tsens_tz_sensor8:88000 mC
03-07 11:56:25.550   356   462 I ThermalEngine: Sensor:tsens_tz_sensor6:89000 mC
03-07 11:56:25.550   356   462 I ThermalEngine: Sensor:tsens_tz_sensor5:88000 mC
03-07 11:56:25.620   356   462 I ThermalEngine: Sensor:tsens_tz_sensor8:88000 mC
03-07 11:56:25.620   356   462 I ThermalEngine: Sensor:tsens_tz_sensor6:89000 mC
03-07 11:56:25.620   356   462 I ThermalEngine: Sensor:tsens_tz_sensor5:89000 mC
03-07 11:56:25.680   356   462 I ThermalEngine: Sensor:tsens_tz_sensor8:88000 mC
03-07 11:56:25.680   356   462 I ThermalEngine: Sensor:tsens_tz_sensor6:88000 mC
03-07 11:56:25.680   356   462 I ThermalEngine: Sensor:tsens_tz_sensor5:90000 mC
03-07 11:56:25.750   356   462 I ThermalEngine: Sensor:tsens_tz_sensor8:88000 mC
03-07 11:56:25.750   356   462 I ThermalEngine: Sensor:tsens_tz_sensor6:89000 mC
03-07 11:56:25.750   356   462 I ThermalEngine: Sensor:tsens_tz_sensor5:88000 mC
03-07 11:56:25.810   356   462 I ThermalEngine: Sensor:tsens_tz_sensor8:89000 mC
03-07 11:56:25.810   356   462 I ThermalEngine: Sensor:tsens_tz_sensor6:89000 mC
03-07 11:56:25.810   356   462 I ThermalEngine: Sensor:tsens_tz_sensor5:87000 mC
03-07 11:56:25.880   356   462 I ThermalEngine: Sensor:tsens_tz_sensor8:89000 mC
03-07 11:56:25.880   356   462 I ThermalEngine: Sensor:tsens_tz_sensor6:90000 mC
03-07 11:56:25.880   356   462 I ThermalEngine: Sensor:tsens_tz_sensor5:87000 mC
03-07 11:56:25.940   356   462 I ThermalEngine: Sensor:tsens_tz_sensor8:89000 mC
03-07 11:56:25.940   356   462 I ThermalEngine: Sensor:tsens_tz_sensor6:88000 mC
03-07 11:56:25.940   356   462 I ThermalEngine: Sensor:tsens_tz_sensor5:89000 mC
03-07 11:56:26.010   356   462 I ThermalEngine: Sensor:tsens_tz_sensor8:89000 mC
03-07 11:56:26.010   356   462 I ThermalEngine: Sensor:tsens_tz_sensor6:90000 mC
03-07 11:56:26.010   356   462 I ThermalEngine: Sensor:tsens_tz_sensor5:87000 mC
03-07 11:56:26.070   356   462 I ThermalEngine: Sensor:tsens_tz_sensor8:89000 mC
03-07 11:56:26.070   356   462 I ThermalEngine: Sensor:tsens_tz_sensor6:88000 mC
03-07 11:56:26.070   356   462 I ThermalEngine: Sensor:tsens_tz_sensor5:88000 mC
03-07 11:56:26.140   356   462 I ThermalEngine: Sensor:tsens_tz_sensor8:89000 mC
03-07 11:56:26.140   356   462 I ThermalEngine: Sensor:tsens_tz_sensor6:90000 mC
03-07 11:56:26.140   356   462 I ThermalEngine: Sensor:tsens_tz_sensor5:88000 mC
03-07 11:56:26.200   356   462 I ThermalEngine: Sensor:tsens_tz_sensor8:89000 mC
03-07 11:56:26.200   356   462 I ThermalEngine: Sensor:tsens_tz_sensor6:89000 mC
03-07 11:56:26.200   356   462 I ThermalEngine: Sensor:tsens_tz_sensor5:88000 mC
03-07 11:56:26.270  2387  3862 D backLeftPower: : 0.3826105659215939
03-07 11:56:26.270  2387  3862 D backRightPower: : 0.38261056592159387
03-07 11:56:26.270  2387  3862 D frontLeftPower: : 0.38261056592159387
03-07 11:56:26.270  2387  3862 D frontRightPower: : 0.3826105659215939
03-07 11:56:26.270   356   462 I ThermalEngine: Sensor:tsens_tz_sensor8:89000 mC
03-07 11:56:26.270   356   462 I ThermalEngine: Sensor:tsens_tz_sensor6:83000 mC
03-07 11:56:26.270   356   462 I ThermalEngine: Sensor:tsens_tz_sensor5:87000 mC
03-07 11:56:26.270  2387  3862 D backLeftVelocity: : -0.0
03-07 11:56:26.270  2387  3862 D backRightVelocity: : 0.0
03-07 11:56:26.280  2387  3862 D fontLeftVelocity: : -0.0
03-07 11:56:26.280  2387  3862 D frontRightVelocity: : 240.0
03-07 11:56:26.310  2387  3862 D backLeftPower: : 0.3826105659215939
03-07 11:56:26.310  2387  3862 D backRightPower: : 0.38261056592159387
03-07 11:56:26.310  2387  3862 D frontLeftPower: : 0.38261056592159387
03-07 11:56:26.310  2387  3862 D frontRightPower: : 0.3826105659215939
03-07 11:56:26.310  2387  3862 D backLeftVelocity: : 40.0
03-07 11:56:26.320  2387  3862 D backRightVelocity: : 140.0
03-07 11:56:26.320  2387  3862 D fontLeftVelocity: : 160.0
03-07 11:56:26.330  2387  3862 D frontRightVelocity: : 240.0
03-07 11:56:26.330   356   462 I ThermalEngine: Sensor:tsens_tz_sensor8:89000 mC
03-07 11:56:26.330   356   462 I ThermalEngine: Sensor:tsens_tz_sensor6:87000 mC
03-07 11:56:26.330   356   462 I ThermalEngine: Sensor:tsens_tz_sensor5:86000 mC
03-07 11:56:26.370  2387  3862 D backLeftPower: : 0.7071067811865476
03-07 11:56:26.370  2387  3862 D backRightPower: : 0.7071067811865475
03-07 11:56:26.370  2387  3862 D frontLeftPower: : 0.7071067811865475
03-07 11:56:26.370  2387  3862 D frontRightPower: : 0.7071067811865476
03-07 11:56:26.380  2387  3862 D backLeftVelocity: : 200.0
03-07 11:56:26.380  2387  3862 D backRightVelocity: : 240.0
03-07 11:56:26.390  2387  3862 D fontLeftVelocity: : 340.0
03-07 11:56:26.400  2387  3862 D frontRightVelocity: : 500.0
03-07 11:56:26.400   356   462 I ThermalEngine: Sensor:tsens_tz_sensor8:89000 mC
03-07 11:56:26.400   356   462 I ThermalEngine: Sensor:tsens_tz_sensor6:87000 mC
03-07 11:56:26.400   356   462 I ThermalEngine: Sensor:tsens_tz_sensor5:87000 mC
03-07 11:56:26.440  2387  3862 D backLeftPower: : 0.7071067811865476
03-07 11:56:26.440  2387  3862 D backRightPower: : 0.7071067811865475
03-07 11:56:26.440  2387  3862 D frontLeftPower: : 0.7071067811865475
03-07 11:56:26.440  2387  3862 D frontRightPower: : 0.7071067811865476
03-07 11:56:26.440  1341  1341 D StatusBar.NetworkController: onSignalStrengthsChanged signalStrength=SignalStrength: 28 99 -120 -160 -120 -1 -1 99 2147483647 2147483647 2147483647 -1 2147483647 0x5 gsm|lte level=5
03-07 11:56:26.440  2387  3862 D backLeftVelocity: : 400.0
03-07 11:56:26.440  1341  1341 D StatusBar.NetworkController: updateTelephonySignalStrength: hasService=true ss=SignalStrength: 28 99 -120 -160 -120 -1 -1 99 2147483647 2147483647 2147483647 -1 2147483647 0x5 gsm|lte
03-07 11:56:26.440  1341  1341 D StatusBar.NetworkController: updateTelephonySignalStrength: iconLevel=5
03-07 11:56:26.440  1341  1341 D StatusBar.NetworkController: updateTelephonySignalStrength, No signal level. mPhoneSignalIconId = com.android.systemui:drawable/tw_stat_sys_5_level_signal_5_auto_rotate mDataSignalIconId = com.android.systemui:drawable/tw_stat_sys_5_level_signal_5_auto_rotate mQSPhoneSignalIconId = com.android.systemui:drawable/ic_qs_signal_4 mContentDescriptionPhoneSignal = Full phone signal
03-07 11:56:26.440  2387  3862 D backRightVelocity: : 360.0
03-07 11:56:26.450  2387  3862 D fontLeftVelocity: : 800.0
03-07 11:56:26.450  2387  3862 D frontRightVelocity: : 1120.0
03-07 11:56:26.470   356   462 I ThermalEngine: Sensor:tsens_tz_sensor8:89000 mC
03-07 11:56:26.470   356   462 I ThermalEngine: Sensor:tsens_tz_sensor6:86000 mC
03-07 11:56:26.470   356   462 I ThermalEngine: Sensor:tsens_tz_sensor5:87000 mC
03-07 11:56:26.480  2387  3862 D backLeftPower: : 0.7071067811865476
03-07 11:56:26.480  2387  3862 D backRightPower: : 0.7071067811865475
03-07 11:56:26.480  2387  3862 D frontLeftPower: : 0.7071067811865475
03-07 11:56:26.480  2387  3862 D frontRightPower: : 0.7071067811865476
03-07 11:56:26.490  2387  3862 D backLeftVelocity: : 600.0
03-07 11:56:26.490  2387  3862 D backRightVelocity: : 600.0
03-07 11:56:26.500  2387  3862 D fontLeftVelocity: : 860.0
03-07 11:56:26.500  2387  3862 D frontRightVelocity: : 1020.0
03-07 11:56:26.530   356   462 I ThermalEngine: Sensor:tsens_tz_sensor8:89000 mC
03-07 11:56:26.530   356   462 I ThermalEngine: Sensor:tsens_tz_sensor6:87000 mC
03-07 11:56:26.530   356   462 I ThermalEngine: Sensor:tsens_tz_sensor5:86000 mC
03-07 11:56:26.540  2387  3862 D backLeftPower: : 0.7071067811865476
03-07 11:56:26.540  2387  3862 D backRightPower: : 0.7071067811865475
03-07 11:56:26.540  2387  3862 D frontLeftPower: : 0.7071067811865475
03-07 11:56:26.540  2387  3862 D frontRightPower: : 0.7071067811865476
03-07 11:56:26.540  2387  3862 D backLeftVelocity: : 700.0
03-07 11:56:26.550  1341  1341 D StatusBar.NetworkController: refreshViews connected={ wifi } level=5 combinedSignalIconId=0x7f02064e/com.android.systemui:drawable/stat_sys_wifi_signal_4 mobileLabel=Emergency calls only wifiLabel="LauFamily-guest" emergencyOnly=true combinedLabel="LauFamily-guest" mAirplaneMode=false mDataActivity=0 mPhoneSignalIconId=0x7f020783/com.android.systemui:drawable/tw_stat_sys_5_level_signal_5_auto_rotate mQSPhoneSignalIconId=0x7f02015e/com.android.systemui:drawable/ic_qs_signal_4 mDataDirectionIconId=0x0/(null) mDataSignalIconId=0x7f020783/com.android.systemui:drawable/tw_stat_sys_5_level_signal_5_auto_rotate mDataTypeIconId=0x0/(null) mQSDataTypeIconId=0x0/(null) mNoSimIconId=0x0/(null) mWifiIconId=0x7f02064e/com.android.systemui:drawable/stat_sys_wifi_signal_4 mQSWifiIconId=0x7f02032b/com.android.systemui:drawable/qs_tile_wifi_signal_4 mWifiActivityIconId=0x7f0205fc/com.android.systemui:drawable/stat_sys_signal_inout mBluetoothTetherIconId=0x7f020625/com.android.systemui:drawable/stat_sys_tether_bluetooth
03-07 11:56:26.550  1341  1341 D StatusBar.NetworkController: refreshNwBoosterIndicator - setNWBoosterIndicators(false)
03-07 11:56:26.550  1341  1341 D StatusBar.NetworkController: refreshNwBoosterIndicator - setNWBoosterIndicators(false)
03-07 11:56:26.550  1341  1341 D StatusBar.NetworkController: refreshNwBoosterIndicator - setNWBoosterIndicators(false)
03-07 11:56:26.550  1341  1341 D StatusBar.NetworkController: refreshNwBoosterIndicator - setNWBoosterIndicators(false)
03-07 11:56:26.550  2387  3862 D backRightVelocity: : 660.0
03-07 11:56:26.550  2387  3862 D fontLeftVelocity: : 940.0
03-07 11:56:26.560  2387  3862 D frontRightVelocity: : 1240.0
03-07 11:56:26.600   356   462 I ThermalEngine: Sensor:tsens_tz_sensor8:89000 mC
03-07 11:56:26.600   356   462 I ThermalEngine: Sensor:tsens_tz_sensor6:86000 mC
03-07 11:56:26.600   356   462 I ThermalEngine: Sensor:tsens_tz_sensor5:86000 mC
03-07 11:56:26.600  2387  3862 D backLeftPower: : 0.7071067811865476
03-07 11:56:26.600  2387  3862 D backRightPower: : 0.7071067811865475
03-07 11:56:26.600  2387  3862 D frontLeftPower: : 0.7071067811865475
03-07 11:56:26.600  2387  3862 D frontRightPower: : 0.7071067811865476
03-07 11:56:26.610  2387  3862 D backLeftVelocity: : 860.0
03-07 11:56:26.610  2387  3862 D backRightVelocity: : 760.0
03-07 11:56:26.620  2387  3862 D fontLeftVelocity: : 960.0
03-07 11:56:26.620  2387  3862 D frontRightVelocity: : 1220.0
03-07 11:56:26.650  2387  3862 D backLeftPower: : 0.7071067811865476
03-07 11:56:26.650  2387  3862 D backRightPower: : 0.7071067811865475
03-07 11:56:26.650  2387  3862 D frontLeftPower: : 0.7071067811865475
03-07 11:56:26.650  2387  3862 D frontRightPower: : 0.7071067811865476
03-07 11:56:26.660  2387  3862 D backLeftVelocity: : 940.0
03-07 11:56:26.660  2387  3862 D backRightVelocity: : 820.0
03-07 11:56:26.660   356   462 I ThermalEngine: Sensor:tsens_tz_sensor8:89000 mC
03-07 11:56:26.660   356   462 I ThermalEngine: Sensor:tsens_tz_sensor6:86000 mC
03-07 11:56:26.660   356   462 I ThermalEngine: Sensor:tsens_tz_sensor5:85000 mC
03-07 11:56:26.660  2387  3862 D fontLeftVelocity: : 1020.0
03-07 11:56:26.670  2387  3862 D frontRightVelocity: : 1260.0
03-07 11:56:26.700  2387  3862 D backLeftPower: : 0.7071067811865476
03-07 11:56:26.700  2387  3862 D backRightPower: : 0.7071067811865475
03-07 11:56:26.700  2387  3862 D frontLeftPower: : 0.7071067811865475
03-07 11:56:26.700  2387  3862 D frontRightPower: : 0.7071067811865476
03-07 11:56:26.710  2387  3862 D backLeftVelocity: : 1020.0
03-07 11:56:26.710  2387  3862 D backRightVelocity: : 920.0
03-07 11:56:26.710  2387  3862 D fontLeftVelocity: : 1060.0
03-07 11:56:26.720  2387  3862 D frontRightVelocity: : 1140.0
03-07 11:56:26.730   356   462 I ThermalEngine: Sensor:tsens_tz_sensor8:89000 mC
03-07 11:56:26.730   356   462 I ThermalEngine: Sensor:tsens_tz_sensor6:84000 mC
03-07 11:56:26.730   356   462 I ThermalEngine: Sensor:tsens_tz_sensor5:87000 mC
03-07 11:56:26.750  2387  3862 D backLeftPower: : 0.7071067811865476
03-07 11:56:26.750  2387  3862 D backRightPower: : 0.7071067811865475
03-07 11:56:26.750  2387  3862 D frontLeftPower: : 0.7071067811865475
03-07 11:56:26.750  2387  3862 D frontRightPower: : 0.7071067811865476
03-07 11:56:26.750  2387  3862 D backLeftVelocity: : 1060.0
03-07 11:56:26.750  2387  3862 D backRightVelocity: : 1040.0
03-07 11:56:26.760  2387  3862 D fontLeftVelocity: : 1120.0
03-07 11:56:26.760  2387  3862 D frontRightVelocity: : 1100.0
03-07 11:56:26.790  2387  3862 D backLeftPower: : 0.7071067811865476
03-07 11:56:26.790  2387  3862 D backRightPower: : 0.7071067811865475
03-07 11:56:26.790  2387  3862 D frontLeftPower: : 0.7071067811865475
03-07 11:56:26.790  2387  3862 D frontRightPower: : 0.7071067811865476
03-07 11:56:26.790   356   462 I ThermalEngine: Sensor:tsens_tz_sensor8:88000 mC
03-07 11:56:26.790   356   462 I ThermalEngine: Sensor:tsens_tz_sensor6:88000 mC
03-07 11:56:26.790   356   462 I ThermalEngine: Sensor:tsens_tz_sensor5:88000 mC
03-07 11:56:26.790  2387  3862 D backLeftVelocity: : 1140.0
03-07 11:56:26.800  2387  3862 D backRightVelocity: : 1160.0
03-07 11:56:26.810  2387  3862 D fontLeftVelocity: : 1200.0
03-07 11:56:26.810  2387  3862 D frontRightVelocity: : 1180.0
03-07 11:56:26.860   356   462 I ThermalEngine: Sensor:tsens_tz_sensor8:89000 mC
03-07 11:56:26.860   356   462 I ThermalEngine: Sensor:tsens_tz_sensor6:83000 mC
03-07 11:56:26.860   356   462 I ThermalEngine: Sensor:tsens_tz_sensor5:86000 mC
03-07 11:56:26.860  2387  3862 D backLeftPower: : 0.7071067811865476
03-07 11:56:26.860  2387  3862 D backRightPower: : 0.7071067811865475
03-07 11:56:26.860  2387  3862 D frontLeftPower: : 0.7071067811865475
03-07 11:56:26.870  2387  3862 D frontRightPower: : 0.7718126596827176
03-07 11:56:26.880  2387  3862 D backLeftVelocity: : 1280.0
03-07 11:56:26.880  2387  3862 D backRightVelocity: : 1300.0
03-07 11:56:26.890  2387  3862 D fontLeftVelocity: : 1340.0
03-07 11:56:26.900  2387  3862 D frontRightVelocity: : 1280.0
03-07 11:56:26.920   356   462 I ThermalEngine: Sensor:tsens_tz_sensor8:89000 mC
03-07 11:56:26.920   356   462 I ThermalEngine: Sensor:tsens_tz_sensor6:83000 mC
03-07 11:56:26.920   356   462 I ThermalEngine: Sensor:tsens_tz_sensor5:85000 mC
03-07 11:56:26.930  2387  3862 D backLeftPower: : 0.6424009026903775
03-07 11:56:26.930  2387  3862 D backRightPower: : 0.7718126596827175
03-07 11:56:26.930  2387  3862 D frontLeftPower: : 0.6424009026903774
03-07 11:56:26.930  2387  3862 D frontRightPower: : 0.7718126596827176
03-07 11:56:26.930  2387  3862 D backLeftVelocity: : 1340.0
03-07 11:56:26.940  2387  3862 D backRightVelocity: : 1360.0
03-07 11:56:26.940  2387  3862 D fontLeftVelocity: : 1360.0
03-07 11:56:26.950  2387  3862 D frontRightVelocity: : 1380.0
03-07 11:56:26.990   356   462 I ThermalEngine: Sensor:tsens_tz_sensor8:87000 mC
03-07 11:56:26.990   356   462 I ThermalEngine: Sensor:tsens_tz_sensor6:86000 mC
03-07 11:56:26.990   356   462 I ThermalEngine: Sensor:tsens_tz_sensor5:85000 mC
03-07 11:56:26.990  2387  3862 D backLeftPower: : 0.6571067841667798
03-07 11:56:26.990  2387  3862 D backRightPower: : 0.7571067782063152
03-07 11:56:26.990  2387  3862 D frontLeftPower: : 0.6571067841667797
03-07 11:56:26.990  2387  3862 D frontRightPower: : 0.7571067782063153
03-07 11:56:27.000  2387  3862 D backLeftVelocity: : 1360.0
03-07 11:56:27.000  2387  3862 D backRightVelocity: : 1500.0
03-07 11:56:27.010  2387  3862 D fontLeftVelocity: : 1360.0
03-07 11:56:27.020  2387  3862 D frontRightVelocity: : 1560.0
03-07 11:56:27.050   356   462 I ThermalEngine: Sensor:tsens_tz_sensor8:88000 mC
03-07 11:56:27.050   356   462 I ThermalEngine: Sensor:tsens_tz_sensor6:88000 mC
03-07 11:56:27.050   356   462 I ThermalEngine: Sensor:tsens_tz_sensor5:86000 mC
03-07 11:56:27.060  2387  3862 D backLeftPower: : 0.7071067811865476
03-07 11:56:27.060  2387  3862 D backRightPower: : 0.7071067811865475
03-07 11:56:27.060  2387  3862 D frontLeftPower: : 0.7071067811865475
03-07 11:56:27.070  2387  3862 D frontRightPower: : 0.7071067811865476
03-07 11:56:27.070  2387  3862 D backLeftVelocity: : 1340.0
03-07 11:56:27.070  2387  3862 D backRightVelocity: : 1560.0
03-07 11:56:27.080  2387  3862 D fontLeftVelocity: : 1420.0
03-07 11:56:27.080  2387  3862 D frontRightVelocity: : 1500.0
03-07 11:56:27.110  2387  3862 D backLeftPower: : 0.7071067811865476
03-07 11:56:27.110  2387  3862 D backRightPower: : 0.7071067811865475
03-07 11:56:27.110  2387  3862 D frontLeftPower: : 0.7071067811865475
03-07 11:56:27.110  2387  3862 D frontRightPower: : 0.7071067811865476
03-07 11:56:27.120   356   462 I ThermalEngine: Sensor:tsens_tz_sensor8:88000 mC
03-07 11:56:27.120   356   462 I ThermalEngine: Sensor:tsens_tz_sensor6:89000 mC
03-07 11:56:27.120   356   462 I ThermalEngine: Sensor:tsens_tz_sensor5:86000 mC
03-07 11:56:27.120  2387  3862 D backLeftVelocity: : 1420.0
03-07 11:56:27.120  2387  3862 D backRightVelocity: : 1580.0
03-07 11:56:27.130  2387  3862 D fontLeftVelocity: : 1460.0
03-07 11:56:27.130  2387  3862 D frontRightVelocity: : 1520.0
03-07 11:56:27.160  2387  3862 D backLeftPower: : 0.7071067811865476
03-07 11:56:27.160  2387  3862 D backRightPower: : 0.7071067811865475
03-07 11:56:27.160  2387  3862 D frontLeftPower: : 0.7071067811865475
03-07 11:56:27.160  2387  3862 D frontRightPower: : 0.7071067811865476
03-07 11:56:27.170  2387  3862 D backLeftVelocity: : 1500.0
03-07 11:56:27.170  2387  3862 D backRightVelocity: : 1580.0
03-07 11:56:27.170  2387  3862 D fontLeftVelocity: : 1540.0
03-07 11:56:27.180  2387  3862 D frontRightVelocity: : 1580.0
03-07 11:56:27.180   356   462 I ThermalEngine: Sensor:tsens_tz_sensor8:89000 mC
03-07 11:56:27.180   356   462 I ThermalEngine: Sensor:tsens_tz_sensor6:89000 mC
03-07 11:56:27.180   356   462 I ThermalEngine: Sensor:tsens_tz_sensor5:87000 mC
03-07 11:56:27.210  2387  3862 D backLeftPower: : 0.7071067811865476
03-07 11:56:27.210  2387  3862 D backRightPower: : 0.7071067811865475
03-07 11:56:27.210  2387  3862 D frontLeftPower: : 0.7071067811865475
03-07 11:56:27.210  2387  3862 D frontRightPower: : 0.7071067811865476
03-07 11:56:27.220  2387  3862 D backLeftVelocity: : 1540.0
03-07 11:56:27.220  2387  3862 D backRightVelocity: : 1560.0
03-07 11:56:27.220  2387  3862 D fontLeftVelocity: : 1540.0
03-07 11:56:27.230  2387  3862 D frontRightVelocity: : 1600.0
03-07 11:56:27.250   356   462 I ThermalEngine: Sensor:tsens_tz_sensor8:88000 mC
03-07 11:56:27.250   356   462 I ThermalEngine: Sensor:tsens_tz_sensor6:89000 mC
03-07 11:56:27.250   356   462 I ThermalEngine: Sensor:tsens_tz_sensor5:88000 mC
03-07 11:56:27.260  2387  3862 D backLeftPower: : 0.7071067811865476
03-07 11:56:27.260  2387  3862 D backRightPower: : 0.7071067811865475
03-07 11:56:27.260  2387  3862 D frontLeftPower: : 0.7071067811865475
03-07 11:56:27.260  2387  3862 D frontRightPower: : 0.7071067811865476
03-07 11:56:27.270  2387  3862 D backLeftVelocity: : 1580.0
03-07 11:56:27.270  2387  3862 D backRightVelocity: : 1580.0
03-07 11:56:27.270  2387  3862 D fontLeftVelocity: : 1560.0
03-07 11:56:27.280  2387  3862 D frontRightVelocity: : 1600.0
03-07 11:56:27.300  2387  3862 D backLeftPower: : 0.7071067811865476
03-07 11:56:27.300  2387  3862 D backRightPower: : 0.7071067811865475
03-07 11:56:27.300  2387  3862 D frontLeftPower: : 0.7071067811865475
03-07 11:56:27.300  2387  3862 D frontRightPower: : 0.7071067811865476
03-07 11:56:27.310  2387  3862 D backLeftVelocity: : 1580.0
03-07 11:56:27.310  2387  3862 D backRightVelocity: : 1620.0
03-07 11:56:27.310  2387  3862 D fontLeftVelocity: : 1600.0
03-07 11:56:27.310   356   462 I ThermalEngine: Sensor:tsens_tz_sensor8:89000 mC
03-07 11:56:27.310   356   462 I ThermalEngine: Sensor:tsens_tz_sensor6:89000 mC
03-07 11:56:27.310   356   462 I ThermalEngine: Sensor:tsens_tz_sensor5:89000 mC
03-07 11:56:27.320  2387  3862 D frontRightVelocity: : 1580.0
03-07 11:56:27.350  2387  3862 D backLeftPower: : 0.7071067811865476
03-07 11:56:27.360  2387  3862 D backRightPower: : 1.0
03-07 11:56:27.360  2387  3862 D frontLeftPower: : 0.2865185262579586
03-07 11:56:27.360  2387  3862 D frontRightPower: : 1.0
03-07 11:56:27.370  2387  3862 D backLeftVelocity: : 1580.0
03-07 11:56:27.370  2387  3862 D backRightVelocity: : 1600.0
03-07 11:56:27.370  2387  3862 D fontLeftVelocity: : 1580.0
03-07 11:56:27.380   356   462 I ThermalEngine: Sensor:tsens_tz_sensor8:89000 mC
03-07 11:56:27.380   356   462 I ThermalEngine: Sensor:tsens_tz_sensor6:90000 mC
03-07 11:56:27.380   356   462 I ThermalEngine: Sensor:tsens_tz_sensor5:90000 mC
03-07 11:56:27.380  2387  3862 D frontRightVelocity: : 1720.0
03-07 11:56:27.420  2387  3862 D backLeftPower: : 0.0
03-07 11:56:27.420  2387  3862 D backRightPower: : 1.0
03-07 11:56:27.420  2387  3862 D frontLeftPower: : 0.0
03-07 11:56:27.420  2387  3862 D frontRightPower: : 1.0
03-07 11:56:27.420  2387  3862 D backLeftVelocity: : 1360.0
03-07 11:56:27.420  2387  3862 D backRightVelocity: : 1740.0
03-07 11:56:27.430  2387  3862 D fontLeftVelocity: : 1080.0
03-07 11:56:27.430  2387  3862 D frontRightVelocity: : 1880.0
03-07 11:56:27.440   356   462 I ThermalEngine: Sensor:tsens_tz_sensor8:89000 mC
03-07 11:56:27.440   356   462 I ThermalEngine: Sensor:tsens_tz_sensor6:90000 mC
03-07 11:56:27.440   356   462 I ThermalEngine: Sensor:tsens_tz_sensor5:90000 mC
03-07 11:56:27.480  2387  3862 D backLeftPower: : 0.7071067811865476
03-07 11:56:27.480  2387  3862 D backRightPower: : 0.7071067811865475
03-07 11:56:27.480  2387  3862 D frontLeftPower: : 0.7071067811865475
03-07 11:56:27.480  2387  3862 D frontRightPower: : 0.7071067811865476
03-07 11:56:27.480  2387  3862 D backLeftVelocity: : 680.0
03-07 11:56:27.490  2387  3862 D backRightVelocity: : 2060.0
03-07 11:56:27.490  2387  3862 D fontLeftVelocity: : 820.0
03-07 11:56:27.500  2387  3862 D frontRightVelocity: : 2120.0
03-07 11:56:27.510   356   462 I ThermalEngine: Sensor:tsens_tz_sensor8:89000 mC
03-07 11:56:27.510   356   462 I ThermalEngine: Sensor:tsens_tz_sensor6:88000 mC
03-07 11:56:27.510   356   462 I ThermalEngine: Sensor:tsens_tz_sensor5:86000 mC
03-07 11:56:27.530  2387  3862 D backLeftPower: : 0.7071067811865476
03-07 11:56:27.530  2387  3862 D backRightPower: : 0.7071067811865475
03-07 11:56:27.530  2387  3862 D frontLeftPower: : 0.7071067811865475
03-07 11:56:27.530  2387  3862 D frontRightPower: : 0.7071067811865476
03-07 11:56:27.540  2387  3862 D backLeftVelocity: : 880.0
03-07 11:56:27.540  2387  3862 D backRightVelocity: : 2180.0
03-07 11:56:27.550  2387  3862 D fontLeftVelocity: : 1220.0
03-07 11:56:27.550  2387  3862 D frontRightVelocity: : 1940.0
03-07 11:56:27.570   356   462 I ThermalEngine: Sensor:tsens_tz_sensor8:89000 mC
03-07 11:56:27.570   356   462 I ThermalEngine: Sensor:tsens_tz_sensor6:89000 mC
03-07 11:56:27.570   356   462 I ThermalEngine: Sensor:tsens_tz_sensor5:86000 mC
03-07 11:56:27.590  2387  3862 D backLeftPower: : 0.7071067811865476
03-07 11:56:27.590  2387  3862 D backRightPower: : 0.7071067811865475
03-07 11:56:27.590  2387  3862 D frontLeftPower: : 0.7071067811865475
03-07 11:56:27.590  2387  3862 D frontRightPower: : 0.7071067811865476
03-07 11:56:27.590  2387  3862 D backLeftVelocity: : 1000.0
03-07 11:56:27.600  2387  3862 D backRightVelocity: : 2040.0
03-07 11:56:27.600  2387  3862 D fontLeftVelocity: : 1260.0
03-07 11:56:27.610  2387  3862 D frontRightVelocity: : 1720.0
03-07 11:56:27.640  2387  3862 D backLeftPower: : 0.7071067811865476
03-07 11:56:27.640  2387  3862 D backRightPower: : 0.7071067811865475
03-07 11:56:27.640  2387  3862 D frontLeftPower: : 0.7071067811865475
03-07 11:56:27.640   356   462 I ThermalEngine: Sensor:tsens_tz_sensor8:89000 mC
03-07 11:56:27.640   356   462 I ThermalEngine: Sensor:tsens_tz_sensor6:85000 mC
03-07 11:56:27.640   356   462 I ThermalEngine: Sensor:tsens_tz_sensor5:87000 mC
03-07 11:56:27.640  2387  3862 D frontRightPower: : 0.7071067811865476
03-07 11:56:27.640  2387  3862 D backLeftVelocity: : 1060.0
03-07 11:56:27.650  2387  3862 D backRightVelocity: : 1920.0
03-07 11:56:27.660  2387  3862 D fontLeftVelocity: : 1380.0
03-07 11:56:27.670  2387  3862 D frontRightVelocity: : 1620.0
03-07 11:56:27.690  2387  3862 D backLeftPower: : 0.7071067811865476
03-07 11:56:27.690  2387  3862 D backRightPower: : 0.7071067811865475
03-07 11:56:27.700  2387  3862 D frontLeftPower: : 0.7071067811865475
03-07 11:56:27.700  2387  3862 D frontRightPower: : 0.7071067811865476
03-07 11:56:27.700  2387  3862 D backLeftVelocity: : 1180.0
03-07 11:56:27.700  2387  3862 D backRightVelocity: : 1780.0
03-07 11:56:27.700   356   462 I ThermalEngine: Sensor:tsens_tz_sensor8:89000 mC
03-07 11:56:27.700   356   462 I ThermalEngine: Sensor:tsens_tz_sensor6:88000 mC
03-07 11:56:27.700   356   462 I ThermalEngine: Sensor:tsens_tz_sensor5:86000 mC
03-07 11:56:27.710  2387  3862 D fontLeftVelocity: : 1440.0
03-07 11:56:27.710  2387  3862 D frontRightVelocity: : 1580.0
03-07 11:56:27.740  2387  3862 D backLeftPower: : 0.7071067811865476
03-07 11:56:27.740  2387  3862 D backRightPower: : 0.7071067811865475
03-07 11:56:27.740  2387  3862 D frontLeftPower: : 0.7071067811865475
03-07 11:56:27.740  2387  3862 D frontRightPower: : 0.7071067811865476
03-07 11:56:27.750  2387  3862 D backLeftVelocity: : 1260.0
03-07 11:56:27.750  2387  3862 D backRightVelocity: : 1780.0
03-07 11:56:27.760  2387  3862 D fontLeftVelocity: : 1420.0
03-07 11:56:27.770   356   462 I ThermalEngine: Sensor:tsens_tz_sensor8:89000 mC
03-07 11:56:27.770   356   462 I ThermalEngine: Sensor:tsens_tz_sensor6:89000 mC
03-07 11:56:27.770   356   462 I ThermalEngine: Sensor:tsens_tz_sensor5:87000 mC
03-07 11:56:27.780  2387  3862 D frontRightVelocity: : 1600.0
03-07 11:56:27.810  2387  3862 D backLeftPower: : 1.0
03-07 11:56:27.810  2387  3862 D backRightPower: : 0.23357735294291038
03-07 11:56:27.810  2387  3862 D frontLeftPower: : 1.0
03-07 11:56:27.810  2387  3862 D frontRightPower: : 0.2335773529429105
03-07 11:56:27.810  2387  3862 D backLeftVelocity: : 1360.0
03-07 11:56:27.820  2387  3862 D backRightVelocity: : 1680.0
03-07 11:56:27.820  2387  3862 D fontLeftVelocity: : 1440.0
03-07 11:56:27.830  2387  3862 D frontRightVelocity: : 1580.0
03-07 11:56:27.830   356   462 I ThermalEngine: Sensor:tsens_tz_sensor8:85000 mC
03-07 11:56:27.830   356   462 I ThermalEngine: Sensor:tsens_tz_sensor6:89000 mC
03-07 11:56:27.830   356   462 I ThermalEngine: Sensor:tsens_tz_sensor5:86000 mC
03-07 11:56:27.860  2387  3862 D backLeftPower: : 1.0
03-07 11:56:27.870  2387  3862 D backRightPower: : 0.327694994391885
03-07 11:56:27.870  2387  3862 D frontLeftPower: : 1.0
03-07 11:56:27.870  2387  3862 D frontRightPower: : 0.3276949943918851
03-07 11:56:27.870  2387  3862 D backLeftVelocity: : 1560.0
03-07 11:56:27.880  2387  3862 D backRightVelocity: : 1480.0
03-07 11:56:27.880  2387  3862 D fontLeftVelocity: : 1780.0
03-07 11:56:27.900  2387  3862 D frontRightVelocity: : 1420.0
03-07 11:56:27.900   356   462 I ThermalEngine: Sensor:tsens_tz_sensor8:87000 mC
03-07 11:56:27.900   356   462 I ThermalEngine: Sensor:tsens_tz_sensor6:89000 mC
03-07 11:56:27.900   356   462 I ThermalEngine: Sensor:tsens_tz_sensor5:86000 mC
03-07 11:56:27.930  2387  3862 D backLeftPower: : 0.8541656183023122
03-07 11:56:27.930  2387  3862 D backRightPower: : 0.5600479440707828
03-07 11:56:27.930  2387  3862 D frontLeftPower: : 0.8541656183023121
03-07 11:56:27.930  2387  3862 D frontRightPower: : 0.560047944070783
03-07 11:56:27.940  2387  3862 D backLeftVelocity: : 1740.0
03-07 11:56:27.940  2387  3862 D backRightVelocity: : 1280.0
03-07 11:56:27.950  2387  3862 D fontLeftVelocity: : 1720.0
03-07 11:56:27.950  2387  3862 D frontRightVelocity: : 1420.0
03-07 11:56:27.970   356   462 I ThermalEngine: Sensor:tsens_tz_sensor8:85000 mC
03-07 11:56:27.970   356   462 I ThermalEngine: Sensor:tsens_tz_sensor6:89000 mC
03-07 11:56:27.970   356   462 I ThermalEngine: Sensor:tsens_tz_sensor5:87000 mC
03-07 11:56:27.990  2387  3862 D backLeftPower: : 0.7071067811865476
03-07 11:56:27.990  2387  3862 D backRightPower: : 0.7071067811865475
03-07 11:56:27.990  2387  3862 D frontLeftPower: : 0.7071067811865475
03-07 11:56:27.990  2387  3862 D frontRightPower: : 0.7071067811865476
03-07 11:56:27.990  2387  3862 D backLeftVelocity: : 1800.0
03-07 11:56:28.000  2387  3862 D backRightVelocity: : 1360.0
03-07 11:56:28.000  2387  3862 D fontLeftVelocity: : 1740.0
03-07 11:56:28.010  2387  3862 D frontRightVelocity: : 1400.0
03-07 11:56:28.030   356   462 I ThermalEngine: Sensor:tsens_tz_sensor8:88000 mC
03-07 11:56:28.030   356   462 I ThermalEngine: Sensor:tsens_tz_sensor6:89000 mC
03-07 11:56:28.030   356   462 I ThermalEngine: Sensor:tsens_tz_sensor5:87000 mC
03-07 11:56:28.050  2387  3862 D backLeftPower: : 0.7071067811865476
03-07 11:56:28.050  2387  3862 D backRightPower: : 0.7071067811865475
03-07 11:56:28.050  2387  3862 D frontLeftPower: : 0.7071067811865475
03-07 11:56:28.050  2387  3862 D frontRightPower: : 0.7071067811865476
03-07 11:56:28.050  2387  3862 D backLeftVelocity: : 1720.0
03-07 11:56:28.050  2387  3862 D backRightVelocity: : 1380.0
03-07 11:56:28.060  2387  3862 D fontLeftVelocity: : 1560.0
03-07 11:56:28.070  2387  3862 D frontRightVelocity: : 1560.0
03-07 11:56:28.100   356   462 I ThermalEngine: Sensor:tsens_tz_sensor8:88000 mC
03-07 11:56:28.100   356   462 I ThermalEngine: Sensor:tsens_tz_sensor6:85000 mC
03-07 11:56:28.100   356   462 I ThermalEngine: Sensor:tsens_tz_sensor5:88000 mC
03-07 11:56:28.110  2387  3862 D backLeftPower: : 0.7071067811865476
03-07 11:56:28.110  2387  3862 D backRightPower: : 0.7071067811865475
03-07 11:56:28.110  2387  3862 D frontLeftPower: : 0.7071067811865475
03-07 11:56:28.110  2387  3862 D frontRightPower: : 0.7071067811865476
03-07 11:56:28.110  2387  3862 D backLeftVelocity: : 1600.0
03-07 11:56:28.120  2387  3862 D backRightVelocity: : 1500.0
03-07 11:56:28.120  2387  3862 D fontLeftVelocity: : 1540.0
03-07 11:56:28.130  2387  3862 D frontRightVelocity: : 1580.0
03-07 11:56:28.150  2387  3862 D backLeftPower: : 0.7071067811865476
03-07 11:56:28.150  2387  3862 D backRightPower: : 0.7071067811865475
03-07 11:56:28.150  2387  3862 D frontLeftPower: : 0.7071067811865475
03-07 11:56:28.150  2387  3862 D frontRightPower: : 0.7071067811865476
03-07 11:56:28.160  2387  3862 D backLeftVelocity: : 1580.0
03-07 11:56:28.160   356   462 I ThermalEngine: Sensor:tsens_tz_sensor8:89000 mC
03-07 11:56:28.160   356   462 I ThermalEngine: Sensor:tsens_tz_sensor6:84000 mC
03-07 11:56:28.160   356   462 I ThermalEngine: Sensor:tsens_tz_sensor5:86000 mC
03-07 11:56:28.160  2387  3862 D backRightVelocity: : 1560.0
03-07 11:56:28.180  2387  3862 D fontLeftVelocity: : 1540.0
03-07 11:56:28.190  2387  3862 D frontRightVelocity: : 1660.0
03-07 11:56:28.230  2387  3862 D backLeftPower: : 1.0
03-07 11:56:28.230  2387  3862 D backRightPower: : 0.19534206110426444
03-07 11:56:28.230  2387  3862 D frontLeftPower: : 1.0
03-07 11:56:28.230  2387  3862 D frontRightPower: : 0.19534206110426455
03-07 11:56:28.230   356   462 I ThermalEngine: Sensor:tsens_tz_sensor8:89000 mC
03-07 11:56:28.230   356   462 I ThermalEngine: Sensor:tsens_tz_sensor6:85000 mC
03-07 11:56:28.230   356   462 I ThermalEngine: Sensor:tsens_tz_sensor5:86000 mC
03-07 11:56:28.230  2387  3862 D backLeftVelocity: : 1620.0
03-07 11:56:28.240  2387  3862 D backRightVelocity: : 1480.0
03-07 11:56:28.240  2387  3862 D fontLeftVelocity: : 1660.0
03-07 11:56:28.250  2387  3862 D frontRightVelocity: : 1480.0
03-07 11:56:28.290  2387  3862 D backLeftPower: : 0.8188714804072049
03-07 11:56:28.290  2387  3862 D backRightPower: : 0.5953420819658901
03-07 11:56:28.290  2387  3862 D frontLeftPower: : 0.8188714804072048
03-07 11:56:28.290  2387  3862 D frontRightPower: : 0.5953420819658902
03-07 11:56:28.290   356   462 I ThermalEngine: Sensor:tsens_tz_sensor8:89000 mC
03-07 11:56:28.290   356   462 I ThermalEngine: Sensor:tsens_tz_sensor6:87000 mC
03-07 11:56:28.290   356   462 I ThermalEngine: Sensor:tsens_tz_sensor5:86000 mC
03-07 11:56:28.290  2387  3862 D backLeftVelocity: : 1860.0
03-07 11:56:28.300  2387  3862 D backRightVelocity: : 1360.0
03-07 11:56:28.300  2387  3862 D fontLeftVelocity: : 1880.0
03-07 11:56:28.310  2387  3862 D frontRightVelocity: : 1360.0
03-07 11:56:28.340  2387  3862 D backLeftPower: : 0.7071067811865476
03-07 11:56:28.340  2387  3862 D backRightPower: : 0.7071067811865475
03-07 11:56:28.340  2387  3862 D frontLeftPower: : 0.7071067811865475
03-07 11:56:28.340  2387  3862 D frontRightPower: : 0.7071067811865476
03-07 11:56:28.350  2387  3862 D backLeftVelocity: : 1900.0
03-07 11:56:28.350  2387  3862 D backRightVelocity: : 1440.0
03-07 11:56:28.360   356   462 I ThermalEngine: Sensor:tsens_tz_sensor8:89000 mC
03-07 11:56:28.360   356   462 I ThermalEngine: Sensor:tsens_tz_sensor6:86000 mC
03-07 11:56:28.360   356   462 I ThermalEngine: Sensor:tsens_tz_sensor5:85000 mC
03-07 11:56:28.360  2387  3862 D fontLeftVelocity: : 1860.0
03-07 11:56:28.360  2387  3862 D frontRightVelocity: : 1460.0
03-07 11:56:28.390  2387  3862 D backLeftPower: : 0.7071067811865476
03-07 11:56:28.390  2387  3862 D backRightPower: : 0.7071067811865475
03-07 11:56:28.390  2387  3862 D frontLeftPower: : 0.7071067811865475
03-07 11:56:28.390  2387  3862 D frontRightPower: : 0.7071067811865476
03-07 11:56:28.390  2387  3862 D backLeftVelocity: : 1780.0
03-07 11:56:28.390  2387  3862 D backRightVelocity: : 1380.0
03-07 11:56:28.400  2387  3862 D fontLeftVelocity: : 1680.0
03-07 11:56:28.400  2387  3862 D frontRightVelocity: : 1540.0
03-07 11:56:28.420   356   462 I ThermalEngine: Sensor:tsens_tz_sensor8:89000 mC
03-07 11:56:28.420   356   462 I ThermalEngine: Sensor:tsens_tz_sensor6:88000 mC
03-07 11:56:28.420   356   462 I ThermalEngine: Sensor:tsens_tz_sensor5:85000 mC
03-07 11:56:28.430  2387  3862 D backLeftPower: : 0.7071067811865476
03-07 11:56:28.430  2387  3862 D backRightPower: : 0.7071067811865475
03-07 11:56:28.430  2387  3862 D frontLeftPower: : 0.7071067811865475
03-07 11:56:28.430  2387  3862 D frontRightPower: : 0.7071067811865476
03-07 11:56:28.430  2387  3862 D backLeftVelocity: : 1700.0
03-07 11:56:28.440  2387  3862 D backRightVelocity: : 1480.0
03-07 11:56:28.440  2387  3862 D fontLeftVelocity: : 1580.0
03-07 11:56:28.450  2387  3862 D frontRightVelocity: : 1620.0
03-07 11:56:28.470  2387  3862 D backLeftPower: : 0.7071067811865476
03-07 11:56:28.470  2387  3862 D backRightPower: : 0.7071067811865475
03-07 11:56:28.470  2387  3862 D frontLeftPower: : 0.7071067811865475
03-07 11:56:28.470  2387  3862 D frontRightPower: : 0.7071067811865476
03-07 11:56:28.480  2387  3862 D backLeftVelocity: : 1680.0
03-07 11:56:28.480  2387  3862 D backRightVelocity: : 1540.0
03-07 11:56:28.490  2387  3862 D fontLeftVelocity: : 1560.0
03-07 11:56:28.490   356   462 I ThermalEngine: Sensor:tsens_tz_sensor8:89000 mC
03-07 11:56:28.490   356   462 I ThermalEngine: Sensor:tsens_tz_sensor6:85000 mC
03-07 11:56:28.490   356   462 I ThermalEngine: Sensor:tsens_tz_sensor5:86000 mC
03-07 11:56:28.490  2387  3862 D frontRightVelocity: : 1640.0
03-07 11:56:28.530  2387  3862 D backLeftPower: : 0.7071067811865476
03-07 11:56:28.530  2387  3862 D backRightPower: : 0.7071067811865475
03-07 11:56:28.530  2387  3862 D frontLeftPower: : 0.7071067811865475
03-07 11:56:28.530  2387  3862 D frontRightPower: : 0.7071067811865476
03-07 11:56:28.530  2387  3862 D backLeftVelocity: : 1600.0
03-07 11:56:28.540  2387  3862 D backRightVelocity: : 1600.0
03-07 11:56:28.540  2387  3862 D fontLeftVelocity: : 1540.0
03-07 11:56:28.550  2387  3862 D frontRightVelocity: : 1600.0
03-07 11:56:28.550   356   462 I ThermalEngine: Sensor:tsens_tz_sensor8:89000 mC
03-07 11:56:28.550   356   462 I ThermalEngine: Sensor:tsens_tz_sensor6:89000 mC
03-07 11:56:28.550   356   462 I ThermalEngine: Sensor:tsens_tz_sensor5:87000 mC
03-07 11:56:28.590  2387  3862 D backLeftPower: : 0.7071067811865476
03-07 11:56:28.600  2387  3862 D backRightPower: : 0.3059114359735293
03-07 11:56:28.610  2387  3862 D frontLeftPower: : 0.3059114359735293
03-07 11:56:28.610  2387  3862 D frontRightPower: : 0.3059114359735294
03-07 11:56:28.610  2387  3862 D backLeftVelocity: : 1540.0
03-07 11:56:28.610  2387  3862 D backRightVelocity: : 1640.0
03-07 11:56:28.620   356   462 I ThermalEngine: Sensor:tsens_tz_sensor8:89000 mC
03-07 11:56:28.620   356   462 I ThermalEngine: Sensor:tsens_tz_sensor6:86000 mC
03-07 11:56:28.620   356   462 I ThermalEngine: Sensor:tsens_tz_sensor5:86000 mC
03-07 11:56:28.620  2387  3862 D fontLeftVelocity: : 1580.0
03-07 11:56:28.630  2387  3862 D frontRightVelocity: : 1580.0
03-07 11:56:28.650  2387  3862 D backLeftPower: : 0.3059114359735294
03-07 11:56:28.650  2387  3862 D backRightPower: : 0.3059114359735293
03-07 11:56:28.650  2387  3862 D frontLeftPower: : 0.3059114359735293
03-07 11:56:28.650  2387  3862 D frontRightPower: : 0.3059114359735294
03-07 11:56:28.650   345   557 D Sensorhubs: readContextData: 1, 1, 26, 1, 4, 71, 112, 44, 1, 0
03-07 11:56:28.650   934  1233 D SensorHubManager: onGetSensorHubDataLocked: library(10) = 1, 1, 26, 1, 4, 71, 112, 44, 1, 0
03-07 11:56:28.650   934  1232 D CAE     : onGetSensorHubData(SensorHubParserProvider.java:92) - onGetSensorHubData Event [event buffer len :10], AP_WAKEUP
03-07 11:56:28.650   934  1232 I CAE     : parse(SensorHubParserProvider.java:188) - buffer size = 10
03-07 11:56:28.650   934  1232 I CAE     : parse(SensorHubParserProvider.java:199) - 1, 1, 26, 1, 4, 71, 112, 44, 1, 0,
03-07 11:56:28.650   934  1232 D CAE     : display(ContextProvider.java:375) - ================= ACTIVITY_TRACKER =================
03-07 11:56:28.650   934  1232 I CAE     : display(ContextProvider.java:391) - Accuracy=[0], OperationMode=[0], ActivityType=[1], TimeStamp=[1583610988667]
03-07 11:56:28.650   934  1236 D SContextService: updateSContext() : event = Activity Tracker
